<html>
<body>
<pre>
<h1>µVision Build Log</h1>
<h2>Tool Versions:</h2>
IDE-Version: µVision V5.16a
Copyright (C) 2015 ARM Ltd and ARM Germany GmbH. All rights reserved.
License Information: Budi Ryan, HKUST, LIC=KRMKP-M1WFP-0N5AM-XE8XD-E2BWY-06LVZ
 
Tool Versions:
Toolchain:       MDK-ARM Standard  Version: 5.16a
Toolchain Path:  C:\Keil_v5\ARM\ARMCC\Bin
C Compiler:      Armcc.exe V5.06 (build 20)
Assembler:       Armasm.exe V5.06 (build 20)
Linker/Locator:  ArmLink.exe V5.06 (build 20)
Library Manager: ArmAr.exe V5.06 (build 20)
Hex Converter:   FromElf.exe V5.06 (build 20)
CPU DLL:         SARMCM3.DLL V5.16a
Dialog DLL:      DCM.DLL V1.13.2.0
Target DLL:      STLink\ST-LINKIII-KEIL_SWO.dll V2.0.17.0
Dialog DLL:      TCM.DLL V1.14.5.0
 
<h2>Project:</h2>
C:\Users\BudiRyan\Documents\GitHub\robocon-2016\hkust-robocon-mb\STM32F405_Library\stm32f405VG_template_STD\Project\project.uvprojx
Project File Date:  03/03/2016

<h2>Output:</h2>
*** Using Compiler 'V5.06 (build 20)', folder: 'C:\Keil_v5\ARM\ARMCC\Bin'
Build target 'STM32F4_ROBOCON'
compiling led.c...
.\inc\led.h(20): warning:  #1-D: last line of file ends without a newline
  #endif
src\led.c(37): warning:  #1-D: last line of file ends without a newline
  }
src\led.c: 2 warnings, 0 errors
compiling approx_math.c...
compiling main.c...
.\inc\led.h(20): warning:  #1-D: last line of file ends without a newline
  #endif
.\inc\gyro.h(61): warning:  #1-D: last line of file ends without a newline
  #endif		/* __GYRO_H */
.\inc\can_protocol.h(82): warning:  #1295-D: Deprecated declaration testing - give arg types
  void testing();
.\inc\sensor_bar.h(20): warning:  #1-D: last line of file ends without a newline
  #endif
.\inc\line_sensor.h(31): warning:  #1295-D: Deprecated declaration get_line_sensor_all - give arg types
  u8 get_line_sensor_all();
.\inc\line_sensor.h(33): warning:  #1-D: last line of file ends without a newline
  #endif
.\inc\infrared_sensor.h(22): warning:  #1-D: last line of file ends without a newline
  #endif
src\main.c(60): warning:  #188-D: enumerated type mixed with another type
              tft_prints(0,4,"Output: %d",read_infrared_sensor(
NFRARED_1_PIN));
src\main.c(60): warning:  #69-D: integer conversion resulted in truncation
              tft_prints(0,4,"Output: %d",read_infrared_sensor(
NFRARED_1_PIN));
src\main.c(65): warning:  #111-D: statement is unreachable
  	return 0;
src\main.c(72): warning:  #1-D: last line of file ends without a newline
  }
src\main.c: 11 warnings, 0 errors
compiling buzzer_song.c...
compiling buzzer.c...
src\buzzer.c(259): warning:  #1-D: last line of file ends without a newline
  	
src\buzzer.c(25): warning:  #177-D: variable "BUZZER_QUEUE_ARRAY" was declared but never referenced
  static MUSIC_NOTE BUZZER_QUEUE_ARRAY[BUZZER_QUEUE_SIZE];
src\buzzer.c: 2 warnings, 0 errors
compiling can_motor.c...
.\inc\can_protocol.h(82): warning:  #1295-D: Deprecated declaration testing - give arg types
  void testing();
.\inc\led.h(20): warning:  #1-D: last line of file ends without a newline
  #endif
src\can_motor.c: 2 warnings, 0 errors
compiling encoder.c...
compiling can_protocol.c...
.\inc\can_protocol.h(82): warning:  #1295-D: Deprecated declaration testing - give arg types
  void testing();
src\can_protocol.c(42): warning:  #177-D: variable "GPIO_InitStructure" was declared but never referenced
  	GPIO_InitTypeDef GPIO_InitStructure;
src\can_protocol.c: 2 warnings, 0 errors
compiling gyro.c...
.\inc\gyro.h(61): warning:  #1-D: last line of file ends without a newline
  #endif		/* __GYRO_H */
src\gyro.c(267): warning:  #1-D: last line of file ends without a newline
  }
src\gyro.c(14): warning:  #177-D: variable "max_state" was declared but never referenced
  static u8 max_state = 0;
src\gyro.c(16): warning:  #177-D: variable "min_command" was declared but never referenced
  static u8 min_command = 255;
src\gyro.c: 4 warnings, 0 errors
compiling infrared_sensor.c...
.\inc\infrared_sensor.h(22): warning:  #1-D: last line of file ends without a newline
  #endif
src\infrared_sensor.c(23): warning:  #1-D: last line of file ends without a newline
  }
src\infrared_sensor.c: 2 warnings, 0 errors
compiling line_sensor.c...
.\inc\line_sensor.h(31): warning:  #1295-D: Deprecated declaration get_line_sensor_all - give arg types
  u8 get_line_sensor_all();
.\inc\line_sensor.h(33): warning:  #1-D: last line of file ends without a newline
  #endif
src\line_sensor.c(33): warning:  #1-D: last line of file ends without a newline
  }
src\line_sensor.c: 3 warnings, 0 errors
compiling lcd.c...
compiling sensor_bar.c...
.\inc\can_protocol.h(82): warning:  #1295-D: Deprecated declaration testing - give arg types
  void testing();
.\inc\sensor_bar.h(20): warning:  #1-D: last line of file ends without a newline
  #endif
src\sensor_bar.c: 2 warnings, 0 errors
compiling tm_stm32f4_delay.c...
src\tm_stm32f4_delay.c(295): warning:  #1-D: last line of file ends without a newline
  }
src\tm_stm32f4_delay.c: 1 warning, 0 errors
compiling tm_stm32f4_gpio.c...
compiling tm_stm32f4_i2c.c...
compiling tm_stm32f4_pwm.c...
compiling tm_stm32f4_servo.c...
compiling tm_stm32f4_stdio.c...
compiling tm_stm32f4_timer_properties.c...
compiling usart.c...
src\usart.c(38): warning:  #177-D: variable "GPIO_InitStructure" was declared but never referenced
  	GPIO_InitTypeDef GPIO_InitStructure;
src\usart.c: 1 warning, 0 errors
compiling misc.c...
compiling stm32f4xx_adc.c...
compiling stm32f4xx_can.c...
compiling stm32f4xx_cec.c...
compiling stm32f4xx_crc.c...
compiling stm32f4xx_cryp.c...
compiling stm32f4xx_cryp_des.c...
compiling stm32f4xx_cryp_aes.c...
compiling stm32f4xx_cryp_tdes.c...
compiling stm32f4xx_dac.c...
compiling stm32f4xx_dbgmcu.c...
compiling stm32f4xx_dcmi.c...
compiling stm32f4xx_dma2d.c...
compiling stm32f4xx_dma.c...
compiling stm32f4xx_dsi.c...
compiling stm32f4xx_exti.c...
compiling stm32f4xx_flash_ramfunc.c...
compiling stm32f4xx_flash.c...
compiling stm32f4xx_fmpi2c.c...
compiling stm32f4xx_gpio.c...
compiling stm32f4xx_fsmc.c...
compiling stm32f4xx_hash_sha1.c...
compiling stm32f4xx_hash.c...
compiling stm32f4xx_hash_md5.c...
compiling stm32f4xx_iwdg.c...
compiling stm32f4xx_lptim.c...
compiling stm32f4xx_i2c.c...
compiling stm32f4xx_qspi.c...
compiling stm32f4xx_pwr.c...
compiling stm32f4xx_ltdc.c...
compiling stm32f4xx_rng.c...
compiling stm32f4xx_rcc.c...
compiling stm32f4xx_rtc.c...
compiling stm32f4xx_sai.c...
compiling stm32f4xx_spdifrx.c...
compiling stm32f4xx_sdio.c...
compiling stm32f4xx_spi.c...
compiling stm32f4xx_syscfg.c...
compiling stm32f4xx_tim.c...
compiling stm32f4xx_wwdg.c...
assembling startup_stm32f405xx.s...
compiling stm32f4xx_usart.c...
compiling system_stm32f4xx.c...
linking...
Program Size: Code=23184 RO-data=1048 RW-data=2104 ZI-data=36192  
FromELF: creating hex file...
".\Output\project.hex" - 0 Error(s), 32 Warning(s).

<h2>Software Packages used:</h2>

Package Vendor: ARM
                http://www.keil.com/pack/ARM.CMSIS.4.5.0.pack
                ARM::CMSIS:CORE:4.3.0
                CMSIS (Cortex Microcontroller Software Interface Standard)
   * Component: CORE Version: 4.3.0

Package Vendor: Keil
                http://www.keil.com/pack/Keil.STM32F4xx_DFP.2.7.0.pack
                Keil::Device:Startup:2.4.2
                STMicroelectronics STM32F4 Series Device Support, Drivers and Examples
   * Component: Startup Version: 2.4.2

<h2>Collection of Component include folders:</h2>
  C:\Users\BudiRyan\Documents\GitHub\robocon-2016\hkust-robocon-mb\STM32F405_Library\stm32f405VG_template_STD\Project\RTE
  C:\Keil_v5\ARM\PACK\ARM\CMSIS\4.5.0\CMSIS\Include
  C:\Keil_v5\ARM\PACK\Keil\STM32F4xx_DFP\2.7.0\Drivers\CMSIS\Device\ST\STM32F4xx\Include

<h2>Collection of Component Files used:</h2>

   * Component: ARM::CMSIS:CORE:4.3.0

   * Component: Keil::Device:Startup:2.4.2
      Source file:   MDK\Device\Source\ARM\STM32F4xx_OTP.s
      Include file:  Drivers\CMSIS\Device\ST\STM32F4xx\Include\stm32f4xx.h
      Source file:   MDK\Device\Source\ARM\STM32F40xxx_41xxx_OPT.s
      Source file:   Drivers\CMSIS\Device\ST\STM32F4xx\Source\Templates\arm\startup_stm32f405xx.s
      Source file:   Drivers\CMSIS\Device\ST\STM32F4xx\Source\Templates\system_stm32f4xx.c
Build Time Elapsed:  00:00:30
</pre>
</body>
</html>
