<html>
<body>
<pre>
<h1>µVision Build Log</h1>
<h2>Tool Versions:</h2>
IDE-Version: £gVision V5.16a
Copyright (C) 2015 ARM Ltd and ARM Germany GmbH. All rights reserved.
License Information: Yui Ting Mok, Ust ELEC, LIC=IK19U-S5JTG-62SLB-2LCVY-42UW1-3JLP9
 
Tool Versions:
Toolchain:       MDK-ARM Standard  Version: 5.16a
Toolchain Path:  C:\Keil_v5\ARM\ARMCC\Bin
C Compiler:      Armcc.exe V5.06 (build 20)
Assembler:       Armasm.exe V5.06 (build 20)
Linker/Locator:  ArmLink.exe V5.06 (build 20)
Library Manager: ArmAr.exe V5.06 (build 20)
Hex Converter:   FromElf.exe V5.06 (build 20)
CPU DLL:         SARMCM3.DLL V5.16a
Dialog DLL:      DCM.DLL V1.13.2.0
Target DLL:      STLink\ST-LINKIII-KEIL_SWO.dll V2.0.17.0
Dialog DLL:      TCM.DLL V1.14.5.0
 
<h2>Project:</h2>
C:\Users\mokjj\Desktop\ultrasonic\Project.uvprojx
Project File Date:  02/29/2016

<h2>Output:</h2>
*** Using Compiler 'V5.06 (build 20)', folder: 'C:\Keil_v5\ARM\ARMCC\Bin'
Rebuild target 'stm32_template'
compiling buzzer_song.c...
compiling main.c...
compiling robocon.c...
compiling wheel_base_pid.c...
compiling wheel_base.c...
src\user\wheel_base.c(5): warning:  #177-D: variable "wheel_base_close_loop_flag" was declared but never referenced
  static const CLOSE_LOOP_FLAG wheel_base_close_loop_flag = CLOSE_LOOP;
src\user\wheel_base.c(7): warning:  #550-D: variable "wheel_base_bluetooth_vel_last_update" was set but never used
  static u32 wheel_base_bluetooth_vel_last_update = 0;
src\user\wheel_base.c(9): warning:  #550-D: variable "wheel_base_last_can_tx" was set but never used
  static u32 wheel_base_last_can_tx = 0;
src\user\wheel_base.c(14): warning:  #550-D: variable "wheel_base_pid" was set but never used
  static PID wheel_base_pid = {0, 0, 0};
src\user\wheel_base.c: 4 warnings, 0 errors
compiling us_proc.c...
compiling bluetooth_xbc_mb.c...
compiling approx_math.c...
compiling bluetooth.c...
compiling buzzer.c...
compiling button.c...
compiling can_motor.c...
compiling crc.c...
compiling can_protocol.c...
compiling delay.c...
compiling encoder.c...
compiling gpio.c...
compiling gyro.c...
compiling led.c...
compiling motor_pwm.c...
compiling interface.c...
compiling servo.c...
compiling ticks.c...
compiling tft.c...
compiling system_test.c...
compiling usart.c...
compiling ultrasonic.c...
src\ustrobo_min_system\src\ultrasonic.c(295): warning:  #1-D: last line of file ends without a newline
  }
src\ustrobo_min_system\src\ultrasonic.c: 1 warning, 0 errors
compiling xbc_mb.c...
compiling nec_remote.c...
compiling nec.c...
src\ustrobo_min_system\src\nec.c(21): warning:  #69-D: integer conversion resulted in truncation
  static NEC_Data_TypeDef nec_last_data = (u16)-1;
src\ustrobo_min_system\src\nec.c: 1 warning, 0 errors
compiling can_xbc_mb.c...
src\ustrobo_min_system\src\can_xbc_mb.c(188): warning:  #177-D: variable "data_prev" was declared but never referenced
        XBC_LCD_DATA* data_prev = &xbc_lcd_data_prev[x][y];
src\ustrobo_min_system\src\can_xbc_mb.c(152): warning:  #177-D: function "xbc_lcd_data_diff" was declared but never referenced
  static u8 xbc_lcd_data_diff(XBC_LCD_DATA* data1, XBC_LCD_DATA* data2) 
src\ustrobo_min_system\src\can_xbc_mb.c: 2 warnings, 0 errors
compiling core_cm3.c...
compiling adc.c...
compiling adc_app.c...
compiling misc.c...
compiling stm32f10x_bkp.c...
compiling stm32f10x_adc.c...
compiling stm32f10x_can.c...
compiling stm32f10x_cec.c...
compiling stm32f10x_crc.c...
compiling stm32f10x_dac.c...
compiling stm32f10x_dbgmcu.c...
compiling stm32f10x_dma.c...
compiling stm32f10x_exti.c...
compiling stm32f10x_fsmc.c...
compiling stm32f10x_flash.c...
compiling stm32f10x_gpio.c...
compiling stm32f10x_iwdg.c...
compiling stm32f10x_i2c.c...
compiling stm32f10x_pwr.c...
compiling stm32f10x_rtc.c...
compiling stm32f10x_rcc.c...
compiling stm32f10x_sdio.c...
compiling stm32f10x_spi.c...
compiling stm32f10x_tim.c...
compiling stm32f10x_usart.c...
compiling stm32f10x_wwdg.c...
assembling startup_stm32f10x_xl.s...
compiling system_stm32f10x.c...
linking...
Program Size: Code=28252 RO-data=1200 RW-data=5260 ZI-data=43252  
FromELF: creating hex file...
".\output\stm32_template.axf" - 0 Error(s), 8 Warning(s).

<h2>Collection of Component include folders:</h2>
  C:\Users\mokjj\Desktop\ultrasonic\RTE
  C:\Keil_v5\ARM\PACK\Keil\STM32F1xx_DFP\1.1.0\Device\Include

<h2>Collection of Component Files used:</h2>
Build Time Elapsed:  00:00:24
</pre>
</body>
</html>
