<html>
<body>
<pre>
<h1>µVision Build Log</h1>
<h2>Tool Versions:</h2>
IDE-Version: µVision V5.16a
Copyright (C) 2015 ARM Ltd and ARM Germany GmbH. All rights reserved.
License Information: Rex Cheng, HKUST, LIC=8VRKP-M50WX-45FT5-G7R8Y-EZBPK-K7WBI
 
Tool Versions:
Toolchain:       MDK-ARM Standard  Version: 5.16a
Toolchain Path:  C:\WorkBench\IDE\Keil_v5\ARM\ARMCC\Bin
C Compiler:      Armcc.exe V5.06 (build 20)
Assembler:       Armasm.exe V5.06 (build 20)
Linker/Locator:  ArmLink.exe V5.06 (build 20)
Library Manager: ArmAr.exe V5.06 (build 20)
Hex Converter:   FromElf.exe V5.06 (build 20)
CPU DLL:         SARMCM3.DLL V5.16a
Dialog DLL:      DCM.DLL V1.13.2.0
Target DLL:      STLink\ST-LINKIII-KEIL_SWO.dll V2.0.17.0
Dialog DLL:      TCM.DLL V1.14.5.0
 
<h2>Project:</h2>
C:\WorkBench\Robo\robocon-2016\Eco\develop\Eco_Lemon_3.2\STM32F405VG\Project\MDK-ARM\Project.uvprojx
Project File Date:  06/23/2016

<h2>Output:</h2>
*** Using Compiler 'V5.06 (build 20)', folder: 'C:\WorkBench\IDE\Keil_v5\ARM\ARMCC\Bin'
Build target 'STM32F40_41xxx'
compiling stm32f4xx_syscfg.c...
compiling stm32f4xx_dcmi.c...
compiling stm32f4xx_rcc.c...
compiling stm32f4xx_cryp_tdes.c...
compiling stm32f4xx_sdio.c...
compiling stm32f4xx_dma2d.c...
compiling stm32f4xx_cryp_des.c...
compiling stm32f4xx_wwdg.c...
compiling stm32f4xx_cryp_aes.c...
compiling stm32f4xx_crc.c...
compiling stm32f4xx_sai.c...
compiling stm32f4xx_exti.c...
compiling stm32f4xx_dbgmcu.c...
compiling stm32f4xx_hash_sha1.c...
compiling stm32f4xx_fmpi2c.c...
compiling stm32f4xx_rng.c...
compiling stm32f4xx_hash.c...
compiling stm32f4xx_pwr.c...
compiling misc.c...
compiling stm32f4xx_flash.c...
compiling stm32f4xx_usart.c...
compiling stm32f4xx_lptim.c...
compiling stm32f4xx_cryp.c...
compiling stm32f4xx_dac.c...
compiling stm32f4xx_adc.c...
compiling stm32f4xx_can.c...
compiling stm32f4xx_i2c.c...
compiling stm32f4xx_hash_md5.c...
compiling stm32f4xx_ltdc.c...
compiling stm32f4xx_dma.c...
compiling stm32f4xx_gpio.c...
compiling stm32f4xx_tim.c...
compiling stm32f4xx_rtc.c...
compiling stm32f4xx_spi.c...
compiling stm32f4xx_iwdg.c...
compiling stm32f4xx_fsmc.c...
assembling startup_stm32f40_41xxx.s...
compiling stm32f4xx_spdifrx.c...
compiling system_stm32f4xx.c...
compiling stm32f4xx_it.c...
compiling main.c...
compiling sensor_bar.c...
compiling imu_targeting.c...
compiling buzzer_song.c...
compiling servo_interface.c...
compiling menu.c...
compiling sb_cali.c...
compiling coord.c...
compiling MTi_adp.c...
compiling adc.c...
compiling velocity.c...
compiling comm.c...
compiling adc_ir.c...
compiling approx_math.c...
compiling MTi-1_UART.c...
compiling encoder.c...
compiling can_protocol.c...
compiling button.c...
compiling led.c...
compiling tm_stm32f4_gpio.c...
compiling lcd_main.c...
compiling tm_stm32f4_stdio.c...
compiling tm_stm32f4_i2c.c...
compiling usart.c...
compiling quick_math.c...
compiling buzzer.c...
compiling servo.c...
compiling ticks.c...
compiling tm_stm32f4_timer_properties.c...
compiling angle_range.c...
compiling vector_math.c...
compiling path_station.c...
compiling path_downslope.c...
compiling path_down_imu.c...
compiling path_upslope_imu.c...
compiling path_river_new.c...
compiling path_river.c...
compiling path_upslope_sb.c...
linking...
Program Size: Code=27376 RO-data=640 RW-data=2388 ZI-data=36052  
FromELF: creating hex file...
"STM32F40_41xxx\STM32F40_41xxx.axf" - 0 Error(s), 0 Warning(s).

<h2>Software Packages used:</h2>

Package Vendor: ARM
                http://www.keil.com/pack/ARM.CMSIS.4.4.0.pack
                ARM::CMSIS:CORE:4.2.0
                CMSIS (Cortex Microcontroller Software Interface Standard)
   * Component: CORE Version: 4.2.0

<h2>Collection of Component include folders:</h2>
  C:\WorkBench\Robo\robocon-2016\Eco\develop\Eco_Lemon_3.2\STM32F405VG\Project\MDK-ARM\RTE
  C:\WorkBench\IDE\Keil_v5\ARM\PACK\ARM\CMSIS\4.4.0\CMSIS\Include
  C:\WorkBench\IDE\Keil_v5\ARM\PACK\Keil\STM32F4xx_DFP\2.6.0\Drivers\CMSIS\Device\ST\STM32F4xx\Include

<h2>Collection of Component Files used:</h2>

   * Component: ARM::CMSIS:CORE:4.2.0
Build Time Elapsed:  00:00:42
</pre>
</body>
</html>
