Component: ARM Compiler 5.06 update 1 (build 61) Tool: armlink [4d35a8]

==============================================================================

Section Cross References

    stm32f4xx_adc.o(i.ADC_DeInit) refers to stm32f4xx_rcc.o(i.RCC_APB2PeriphResetCmd) for RCC_APB2PeriphResetCmd
    stm32f4xx_can.o(i.CAN_DeInit) refers to stm32f4xx_rcc.o(i.RCC_APB1PeriphResetCmd) for RCC_APB1PeriphResetCmd
    stm32f4xx_can.o(i.CAN_GetITStatus) refers to stm32f4xx_can.o(i.CheckITStatus) for CheckITStatus
    stm32f4xx_cryp.o(i.CRYP_DeInit) refers to stm32f4xx_rcc.o(i.RCC_AHB2PeriphResetCmd) for RCC_AHB2PeriphResetCmd
    stm32f4xx_cryp_aes.o(i.CRYP_AES_CBC) refers to stm32f4xx_cryp.o(i.CRYP_KeyStructInit) for CRYP_KeyStructInit
    stm32f4xx_cryp_aes.o(i.CRYP_AES_CBC) refers to stm32f4xx_cryp.o(i.CRYP_KeyInit) for CRYP_KeyInit
    stm32f4xx_cryp_aes.o(i.CRYP_AES_CBC) refers to stm32f4xx_cryp.o(i.CRYP_Init) for CRYP_Init
    stm32f4xx_cryp_aes.o(i.CRYP_AES_CBC) refers to stm32f4xx_cryp.o(i.CRYP_IVInit) for CRYP_IVInit
    stm32f4xx_cryp_aes.o(i.CRYP_AES_CBC) refers to stm32f4xx_cryp.o(i.CRYP_FIFOFlush) for CRYP_FIFOFlush
    stm32f4xx_cryp_aes.o(i.CRYP_AES_CBC) refers to stm32f4xx_cryp.o(i.CRYP_Cmd) for CRYP_Cmd
    stm32f4xx_cryp_aes.o(i.CRYP_AES_CBC) refers to stm32f4xx_cryp.o(i.CRYP_GetCmdStatus) for CRYP_GetCmdStatus
    stm32f4xx_cryp_aes.o(i.CRYP_AES_CBC) refers to stm32f4xx_cryp.o(i.CRYP_GetFlagStatus) for CRYP_GetFlagStatus
    stm32f4xx_cryp_aes.o(i.CRYP_AES_CBC) refers to stm32f4xx_cryp.o(i.CRYP_DataIn) for CRYP_DataIn
    stm32f4xx_cryp_aes.o(i.CRYP_AES_CBC) refers to stm32f4xx_cryp.o(i.CRYP_DataOut) for CRYP_DataOut
    stm32f4xx_cryp_aes.o(i.CRYP_AES_CCM) refers to stm32f4xx_cryp.o(i.CRYP_KeyStructInit) for CRYP_KeyStructInit
    stm32f4xx_cryp_aes.o(i.CRYP_AES_CCM) refers to stm32f4xx_cryp.o(i.CRYP_FIFOFlush) for CRYP_FIFOFlush
    stm32f4xx_cryp_aes.o(i.CRYP_AES_CCM) refers to stm32f4xx_cryp.o(i.CRYP_KeyInit) for CRYP_KeyInit
    stm32f4xx_cryp_aes.o(i.CRYP_AES_CCM) refers to stm32f4xx_cryp.o(i.CRYP_IVInit) for CRYP_IVInit
    stm32f4xx_cryp_aes.o(i.CRYP_AES_CCM) refers to stm32f4xx_cryp.o(i.CRYP_Init) for CRYP_Init
    stm32f4xx_cryp_aes.o(i.CRYP_AES_CCM) refers to stm32f4xx_cryp.o(i.CRYP_PhaseConfig) for CRYP_PhaseConfig
    stm32f4xx_cryp_aes.o(i.CRYP_AES_CCM) refers to stm32f4xx_cryp.o(i.CRYP_DataIn) for CRYP_DataIn
    stm32f4xx_cryp_aes.o(i.CRYP_AES_CCM) refers to stm32f4xx_cryp.o(i.CRYP_Cmd) for CRYP_Cmd
    stm32f4xx_cryp_aes.o(i.CRYP_AES_CCM) refers to stm32f4xx_cryp.o(i.CRYP_GetCmdStatus) for CRYP_GetCmdStatus
    stm32f4xx_cryp_aes.o(i.CRYP_AES_CCM) refers to stm32f4xx_cryp.o(i.CRYP_GetFlagStatus) for CRYP_GetFlagStatus
    stm32f4xx_cryp_aes.o(i.CRYP_AES_CCM) refers to stm32f4xx_cryp.o(i.CRYP_DataOut) for CRYP_DataOut
    stm32f4xx_cryp_aes.o(i.CRYP_AES_CTR) refers to stm32f4xx_cryp.o(i.CRYP_KeyStructInit) for CRYP_KeyStructInit
    stm32f4xx_cryp_aes.o(i.CRYP_AES_CTR) refers to stm32f4xx_cryp.o(i.CRYP_KeyInit) for CRYP_KeyInit
    stm32f4xx_cryp_aes.o(i.CRYP_AES_CTR) refers to stm32f4xx_cryp.o(i.CRYP_Init) for CRYP_Init
    stm32f4xx_cryp_aes.o(i.CRYP_AES_CTR) refers to stm32f4xx_cryp.o(i.CRYP_IVInit) for CRYP_IVInit
    stm32f4xx_cryp_aes.o(i.CRYP_AES_CTR) refers to stm32f4xx_cryp.o(i.CRYP_FIFOFlush) for CRYP_FIFOFlush
    stm32f4xx_cryp_aes.o(i.CRYP_AES_CTR) refers to stm32f4xx_cryp.o(i.CRYP_Cmd) for CRYP_Cmd
    stm32f4xx_cryp_aes.o(i.CRYP_AES_CTR) refers to stm32f4xx_cryp.o(i.CRYP_GetCmdStatus) for CRYP_GetCmdStatus
    stm32f4xx_cryp_aes.o(i.CRYP_AES_CTR) refers to stm32f4xx_cryp.o(i.CRYP_DataIn) for CRYP_DataIn
    stm32f4xx_cryp_aes.o(i.CRYP_AES_CTR) refers to stm32f4xx_cryp.o(i.CRYP_GetFlagStatus) for CRYP_GetFlagStatus
    stm32f4xx_cryp_aes.o(i.CRYP_AES_CTR) refers to stm32f4xx_cryp.o(i.CRYP_DataOut) for CRYP_DataOut
    stm32f4xx_cryp_aes.o(i.CRYP_AES_ECB) refers to stm32f4xx_cryp.o(i.CRYP_KeyStructInit) for CRYP_KeyStructInit
    stm32f4xx_cryp_aes.o(i.CRYP_AES_ECB) refers to stm32f4xx_cryp.o(i.CRYP_KeyInit) for CRYP_KeyInit
    stm32f4xx_cryp_aes.o(i.CRYP_AES_ECB) refers to stm32f4xx_cryp.o(i.CRYP_Init) for CRYP_Init
    stm32f4xx_cryp_aes.o(i.CRYP_AES_ECB) refers to stm32f4xx_cryp.o(i.CRYP_FIFOFlush) for CRYP_FIFOFlush
    stm32f4xx_cryp_aes.o(i.CRYP_AES_ECB) refers to stm32f4xx_cryp.o(i.CRYP_Cmd) for CRYP_Cmd
    stm32f4xx_cryp_aes.o(i.CRYP_AES_ECB) refers to stm32f4xx_cryp.o(i.CRYP_GetCmdStatus) for CRYP_GetCmdStatus
    stm32f4xx_cryp_aes.o(i.CRYP_AES_ECB) refers to stm32f4xx_cryp.o(i.CRYP_GetFlagStatus) for CRYP_GetFlagStatus
    stm32f4xx_cryp_aes.o(i.CRYP_AES_ECB) refers to stm32f4xx_cryp.o(i.CRYP_DataIn) for CRYP_DataIn
    stm32f4xx_cryp_aes.o(i.CRYP_AES_ECB) refers to stm32f4xx_cryp.o(i.CRYP_DataOut) for CRYP_DataOut
    stm32f4xx_cryp_aes.o(i.CRYP_AES_GCM) refers to stm32f4xx_cryp.o(i.CRYP_KeyStructInit) for CRYP_KeyStructInit
[...]
    Libraries\\STM32F4xx_StdPeriph_Driver\\src\\stm32f4xx_spi.c 0x00000000   Number         0  stm32f4xx_spi.o ABSOLUTE
    Libraries\\STM32F4xx_StdPeriph_Driver\\src\\stm32f4xx_syscfg.c 0x00000000   Number         0  stm32f4xx_syscfg.o ABSOLUTE
    Libraries\\STM32F4xx_StdPeriph_Driver\\src\\stm32f4xx_tim.c 0x00000000   Number         0  stm32f4xx_tim.o ABSOLUTE
    Libraries\\STM32F4xx_StdPeriph_Driver\\src\\stm32f4xx_usart.c 0x00000000   Number         0  stm32f4xx_usart.o ABSOLUTE
    Libraries\\STM32F4xx_StdPeriph_Driver\\src\\stm32f4xx_wwdg.c 0x00000000   Number         0  stm32f4xx_wwdg.o ABSOLUTE
    Libraries\\STM32F4xx_StdPeriph_Driver\\stm32f4xx_it.c 0x00000000   Number         0  stm32f4xx_it.o ABSOLUTE
    cdrcmple.s                               0x00000000   Number         0  cdrcmple.o ABSOLUTE
    dc.s                                     0x00000000   Number         0  dc.o ABSOLUTE
    handlers.s                               0x00000000   Number         0  handlers.o ABSOLUTE
    init.s                                   0x00000000   Number         0  init.o ABSOLUTE
    src\\approx_math.c                       0x00000000   Number         0  approx_math.o ABSOLUTE
    src\\ardu_imu.c                          0x00000000   Number         0  ardu_imu.o ABSOLUTE
    src\\bajaj.c                             0x00000000   Number         0  bajaj.o ABSOLUTE
    src\\button.c                            0x00000000   Number         0  button.o ABSOLUTE
    src\\buzzer.c                            0x00000000   Number         0  buzzer.o ABSOLUTE
    src\\buzzer_song.c                       0x00000000   Number         0  buzzer_song.o ABSOLUTE
    src\\can_motor.c                         0x00000000   Number         0  can_motor.o ABSOLUTE
    src\\can_protocol.c                      0x00000000   Number         0  can_protocol.o ABSOLUTE
    src\\encoder.c                           0x00000000   Number         0  encoder.o ABSOLUTE
    src\\imu_math.c                          0x00000000   Number         0  imu_math.o ABSOLUTE
    src\\infrared_sensor.c                   0x00000000   Number         0  infrared_sensor.o ABSOLUTE
    src\\led.c                               0x00000000   Number         0  led.o ABSOLUTE
    src\\line_sensor.c                       0x00000000   Number         0  line_sensor.o ABSOLUTE
    src\\main.c                              0x00000000   Number         0  main.o ABSOLUTE
    src\\servo.c                             0x00000000   Number         0  servo.o ABSOLUTE
    src\\tft_display.c                       0x00000000   Number         0  tft_display.o ABSOLUTE
    src\\ticks.c                             0x00000000   Number         0  ticks.o ABSOLUTE
    src\\usart.c                             0x00000000   Number         0  usart.o ABSOLUTE
    src\approx_math.c                        0x00000000   Number         0  approx_math.o ABSOLUTE
    src\ardu_imu.c                           0x00000000   Number         0  ardu_imu.o ABSOLUTE
    src\bajaj.c                              0x00000000   Number         0  bajaj.o ABSOLUTE
    src\button.c                             0x00000000   Number         0  button.o ABSOLUTE
    src\buzzer.c                             0x00000000   Number         0  buzzer.o ABSOLUTE
    src\buzzer_song.c                        0x00000000   Number         0  buzzer_song.o ABSOLUTE
    src\can_motor.c                          0x00000000   Number         0  can_motor.o ABSOLUTE
    src\can_protocol.c                       0x00000000   Number         0  can_protocol.o ABSOLUTE
    src\encoder.c                            0x00000000   Number         0  encoder.o ABSOLUTE
    src\imu_math.c                           0x00000000   Number         0  imu_math.o ABSOLUTE
    src\infrared_sensor.c                    0x00000000   Number         0  infrared_sensor.o ABSOLUTE
    src\led.c                                0x00000000   Number         0  led.o ABSOLUTE
    src\line_sensor.c                        0x00000000   Number         0  line_sensor.o ABSOLUTE
    src\main.c                               0x00000000   Number         0  main.o ABSOLUTE
    src\servo.c                              0x00000000   Number         0  servo.o ABSOLUTE
    src\tft_display.c                        0x00000000   Number         0  tft_display.o ABSOLUTE
    src\ticks.c                              0x00000000   Number         0  ticks.o ABSOLUTE
    src\usart.c                              0x00000000   Number         0  usart.o ABSOLUTE
    RESET                                    0x08000000   Section      392  startup_stm32f40_41xxx.o(RESET)
    .ARM.Collect$$$$00000000                 0x08000188   Section        0  entry.o(.ARM.Collect$$$$00000000)
    .ARM.Collect$$$$00000001                 0x08000188   Section        4  entry2.o(.ARM.Collect$$$$00000001)
    .ARM.Collect$$$$00000004                 0x0800018c   Section        4  entry5.o(.ARM.Collect$$$$00000004)
    .ARM.Collect$$$$00000008                 0x08000190   Section        0  entry7b.o(.ARM.Collect$$$$00000008)
    .ARM.Collect$$$$0000000A                 0x08000190   Section        0  entry8b.o(.ARM.Collect$$$$0000000A)
    .ARM.Collect$$$$0000000B                 0x08000190   Section        8  entry9a.o(.ARM.Collect$$$$0000000B)
    .ARM.Collect$$$$0000000D                 0x08000198   Section        0  entry10a.o(.ARM.Collect$$$$0000000D)
    .ARM.Collect$$$$0000000F                 0x08000198   Section        0  entry11a.o(.ARM.Collect$$$$0000000F)
    .ARM.Collect$$$$00002712                 0x08000198   Section        4  entry2.o(.ARM.Collect$$$$00002712)
    __lit__00000000                          0x08000198   Data           4  entry2.o(.ARM.Collect$$$$00002712)
    .emb_text                                0x0800019c   Section       14  ticks.o(.emb_text)
    $v0                                      0x0800019c   Number         0  ticks.o(.emb_text)
    .text                                    0x080001ac   Section       36  startup_stm32f40_41xxx.o(.text)
    $v0                                      0x080001ac   Number         0  startup_stm32f40_41xxx.o(.text)
    .text                                    0x080001d0   Section        0  memcpya.o(.text)
    .text                                    0x080001f4   Section        0  strcpy.o(.text)
    .text                                    0x08000206   Section        0  f2d.o(.text)
    .text                                    0x0800022c   Section        0  uidiv.o(.text)
    .text                                    0x08000258   Section        0  uldiv.o(.text)
    .text                                    0x080002ba   Section        0  dadd.o(.text)
    .text                                    0x080002ba   Section        0  iusefp.o(.text)
    .text                                    0x08000408   Section        0  dmul.o(.text)
    .text                                    0x080004ec   Section        0  ddiv.o(.text)
    .text                                    0x080005ca   Section        0  dfixul.o(.text)
    .text                                    0x080005fc   Section       48  cdrcmple.o(.text)
    .text                                    0x0800062c   Section       36  init.o(.text)
    .text                                    0x08000650   Section        0  llshl.o(.text)
    .text                                    0x0800066e   Section        0  llushr.o(.text)
    .text                                    0x0800068e   Section        0  llsshr.o(.text)
    .text                                    0x080006b2   Section        0  depilogue.o(.text)
    .text                                    0x0800076c   Section        0  __dczerorl2.o(.text)
    i.BusFault_Handler                       0x080007c2   Section        0  stm32f4xx_it.o(i.BusFault_Handler)
    i.CAN1_RX0_IRQHandler                    0x080007c4   Section        0  can_protocol.o(i.CAN1_RX0_IRQHandler)
    i.CAN1_TX_IRQHandler                     0x08000854   Section        0  can_protocol.o(i.CAN1_TX_IRQHandler)
    i.CAN_ClearITPendingBit                  0x0800087c   Section        0  stm32f4xx_can.o(i.CAN_ClearITPendingBit)
    i.CAN_DeInit                             0x080008f4   Section        0  stm32f4xx_can.o(i.CAN_DeInit)
    i.CAN_FilterInit                         0x08000920   Section        0  stm32f4xx_can.o(i.CAN_FilterInit)
    i.CAN_GetITStatus                        0x080009ec   Section        0  stm32f4xx_can.o(i.CAN_GetITStatus)
    i.CAN_ITConfig                           0x08000a94   Section        0  stm32f4xx_can.o(i.CAN_ITConfig)
    i.CAN_Init                               0x08000aa4   Section        0  stm32f4xx_can.o(i.CAN_Init)
    i.CAN_Receive                            0x08000b8c   Section        0  stm32f4xx_can.o(i.CAN_Receive)
    i.CAN_StructInit                         0x08000c1c   Section        0  stm32f4xx_can.o(i.CAN_StructInit)
    i.CAN_Transmit                           0x08000c3c   Section        0  stm32f4xx_can.o(i.CAN_Transmit)
    i.CheckITStatus                          0x08000ce0   Section        0  stm32f4xx_can.o(i.CheckITStatus)
    CheckITStatus                            0x08000ce1   Thumb Code    12  stm32f4xx_can.o(i.CheckITStatus)
    i.DebugMon_Handler                       0x08000cec   Section        0  stm32f4xx_it.o(i.DebugMon_Handler)
    i.GPIO_Init                              0x08000cee   Section        0  stm32f4xx_gpio.o(i.GPIO_Init)
    i.GPIO_PinAFConfig                       0x08000d90   Section        0  stm32f4xx_gpio.o(i.GPIO_PinAFConfig)
    i.GPIO_ReadInputDataBit                  0x08000db0   Section        0  stm32f4xx_gpio.o(i.GPIO_ReadInputDataBit)
    i.GPIO_ResetBits                         0x08000dbe   Section        0  stm32f4xx_gpio.o(i.GPIO_ResetBits)
    i.GPIO_SetBits                           0x08000dc2   Section        0  stm32f4xx_gpio.o(i.GPIO_SetBits)
    i.GPIO_StructInit                        0x08000dc6   Section        0  stm32f4xx_gpio.o(i.GPIO_StructInit)
    i.HardFault_Handler                      0x08000dd8   Section        0  stm32f4xx_it.o(i.HardFault_Handler)
    i.LED_OFF                                0x08000ddc   Section        0  led.o(i.LED_OFF)
    i.MemManage_Handler                      0x08000de8   Section        0  stm32f4xx_it.o(i.MemManage_Handler)
    i.NMI_Handler                            0x08000dea   Section        0  stm32f4xx_it.o(i.NMI_Handler)
    i.NVIC_Init                              0x08000dec   Section        0  misc.o(i.NVIC_Init)
    i.NVIC_SetVectorTable                    0x08000e50   Section        0  misc.o(i.NVIC_SetVectorTable)
    i.PendSV_Handler                         0x08000e64   Section        0  stm32f4xx_it.o(i.PendSV_Handler)
    i.RCC_AHB1PeriphClockCmd                 0x08000e68   Section        0  stm32f4xx_rcc.o(i.RCC_AHB1PeriphClockCmd)
    i.RCC_APB1PeriphClockCmd                 0x08000e80   Section        0  stm32f4xx_rcc.o(i.RCC_APB1PeriphClockCmd)
    i.RCC_APB1PeriphClockLPModeCmd           0x08000e98   Section        0  stm32f4xx_rcc.o(i.RCC_APB1PeriphClockLPModeCmd)
    i.RCC_APB1PeriphResetCmd                 0x08000eb0   Section        0  stm32f4xx_rcc.o(i.RCC_APB1PeriphResetCmd)
    i.RCC_APB2PeriphClockCmd                 0x08000ec8   Section        0  stm32f4xx_rcc.o(i.RCC_APB2PeriphClockCmd)
    i.RCC_APB2PeriphResetCmd                 0x08000ee0   Section        0  stm32f4xx_rcc.o(i.RCC_APB2PeriphResetCmd)
    i.RCC_GetClocksFreq                      0x08000ef8   Section        0  stm32f4xx_rcc.o(i.RCC_GetClocksFreq)
    i.SPI_CalculateCRC                       0x08000f88   Section        0  stm32f4xx_spi.o(i.SPI_CalculateCRC)
    i.SPI_Cmd                                0x08000f9c   Section        0  stm32f4xx_spi.o(i.SPI_Cmd)
    i.SPI_I2S_GetFlagStatus                  0x08000fb0   Section        0  stm32f4xx_spi.o(i.SPI_I2S_GetFlagStatus)
    i.SPI_I2S_ReceiveData                    0x08000fbe   Section        0  stm32f4xx_spi.o(i.SPI_I2S_ReceiveData)
    i.SPI_I2S_SendData                       0x08000fc2   Section        0  stm32f4xx_spi.o(i.SPI_I2S_SendData)
    i.SPI_Init                               0x08000fc6   Section        0  stm32f4xx_spi.o(i.SPI_Init)
    i.SPI_SSOutputCmd                        0x08000ffe   Section        0  stm32f4xx_spi.o(i.SPI_SSOutputCmd)
    i.SVC_Handler                            0x08001012   Section        0  stm32f4xx_it.o(i.SVC_Handler)
    i.SetSysClock                            0x08001014   Section        0  system_stm32f4xx.o(i.SetSysClock)
    SetSysClock                              0x08001015   Thumb Code   168  system_stm32f4xx.o(i.SetSysClock)
    i.SysTick_Handler                        0x080010d0   Section        0  stm32f4xx_it.o(i.SysTick_Handler)
    i.SystemInit                             0x080010d4   Section        0  system_stm32f4xx.o(i.SystemInit)
    i.TIM5_IRQHandler                        0x08001130   Section        0  ticks.o(i.TIM5_IRQHandler)
    i.TIM_ARRPreloadConfig                   0x08001170   Section        0  stm32f4xx_tim.o(i.TIM_ARRPreloadConfig)
    i.TIM_ClearFlag                          0x08001184   Section        0  stm32f4xx_tim.o(i.TIM_ClearFlag)
    i.TIM_ClearITPendingBit                  0x0800118a   Section        0  stm32f4xx_tim.o(i.TIM_ClearITPendingBit)
    i.TIM_Cmd                                0x08001190   Section        0  stm32f4xx_tim.o(i.TIM_Cmd)
    i.TIM_CtrlPWMOutputs                     0x080011a4   Section        0  stm32f4xx_tim.o(i.TIM_CtrlPWMOutputs)
    i.TIM_DeInit                             0x080011bc   Section        0  stm32f4xx_tim.o(i.TIM_DeInit)
    i.TIM_EncoderInterfaceConfig             0x0800130c   Section        0  stm32f4xx_tim.o(i.TIM_EncoderInterfaceConfig)
    i.TIM_GetCounter                         0x0800133e   Section        0  stm32f4xx_tim.o(i.TIM_GetCounter)
    i.TIM_GetITStatus                        0x08001342   Section        0  stm32f4xx_tim.o(i.TIM_GetITStatus)
    i.TIM_ITConfig                           0x0800135a   Section        0  stm32f4xx_tim.o(i.TIM_ITConfig)
    i.TIM_OC1Init                            0x0800136c   Section        0  stm32f4xx_tim.o(i.TIM_OC1Init)
    i.TIM_OC1PreloadConfig                   0x080013cc   Section        0  stm32f4xx_tim.o(i.TIM_OC1PreloadConfig)
    i.TIM_SetAutoreload                      0x080013d8   Section        0  stm32f4xx_tim.o(i.TIM_SetAutoreload)
    i.TIM_SetCompare1                        0x080013dc   Section        0  stm32f4xx_tim.o(i.TIM_SetCompare1)
    i.TIM_SetCounter                         0x080013e0   Section        0  stm32f4xx_tim.o(i.TIM_SetCounter)
    i.TIM_TimeBaseInit                       0x080013e4   Section        0  stm32f4xx_tim.o(i.TIM_TimeBaseInit)
    i.USART1_IRQHandler                      0x08001460   Section        0  usart.o(i.USART1_IRQHandler)
    i.USART2_IRQHandler                      0x0800149c   Section        0  usart.o(i.USART2_IRQHandler)
    i.USART_ClearITPendingBit                0x080014d8   Section        0  stm32f4xx_usart.o(i.USART_ClearITPendingBit)
    i.USART_Cmd                              0x080014e4   Section        0  stm32f4xx_usart.o(i.USART_Cmd)
    i.USART_GetFlagStatus                    0x080014f8   Section        0  stm32f4xx_usart.o(i.USART_GetFlagStatus)
    i.USART_GetITStatus                      0x08001506   Section        0  stm32f4xx_usart.o(i.USART_GetITStatus)
    i.USART_ITConfig                         0x08001544   Section        0  stm32f4xx_usart.o(i.USART_ITConfig)
    i.USART_Init                             0x08001574   Section        0  stm32f4xx_usart.o(i.USART_Init)
    i.USART_ReceiveData                      0x08001620   Section        0  stm32f4xx_usart.o(i.USART_ReceiveData)
    i.USART_SendData                         0x08001628   Section        0  stm32f4xx_usart.o(i.USART_SendData)
    i.UsageFault_Handler                     0x08001630   Section        0  stm32f4xx_it.o(i.UsageFault_Handler)
    i.__0vsprintf                            0x08001634   Section        0  printfa.o(i.__0vsprintf)
    i.__scatterload_copy                     0x08001658   Section       14  handlers.o(i.__scatterload_copy)
    i.__scatterload_null                     0x08001666   Section        2  handlers.o(i.__scatterload_null)
    i.__scatterload_zeroinit                 0x08001668   Section       14  handlers.o(i.__scatterload_zeroinit)
    i._delay_ms                              0x08001678   Section        0  ticks.o(i._delay_ms)
    i._fp_digits                             0x080016dc   Section        0  printfa.o(i._fp_digits)
    _fp_digits                               0x080016dd   Thumb Code   334  printfa.o(i._fp_digits)
    i._printf_core                           0x08001840   Section        0  printfa.o(i._printf_core)
    _printf_core                             0x08001841   Thumb Code  1744  printfa.o(i._printf_core)
    i._printf_post_padding                   0x08001f1c   Section        0  printfa.o(i._printf_post_padding)
    _printf_post_padding                     0x08001f1d   Thumb Code    36  printfa.o(i._printf_post_padding)
    i._printf_pre_padding                    0x08001f40   Section        0  printfa.o(i._printf_pre_padding)
    _printf_pre_padding                      0x08001f41   Thumb Code    46  printfa.o(i._printf_pre_padding)
    i._sputc                                 0x08001f6e   Section        0  printfa.o(i._sputc)
    _sputc                                   0x08001f6f   Thumb Code    10  printfa.o(i._sputc)
    i.ardu_imu_init                          0x08001f78   Section        0  ardu_imu.o(i.ardu_imu_init)
    i.ardu_imu_receiver                      0x08001fb4   Section        0  ardu_imu.o(i.ardu_imu_receiver)
    i.ardu_imu_try_sync                      0x08002060   Section        0  ardu_imu.o(i.ardu_imu_try_sync)
    i.ardu_imu_value_update                  0x08002070   Section        0  ardu_imu.o(i.ardu_imu_value_update)
    i.button_init                            0x0800214c   Section        0  button.o(i.button_init)
    i.button_pressed                         0x08002178   Section        0  button.o(i.button_pressed)
    i.buzzer_check                           0x08002190   Section        0  buzzer.o(i.buzzer_check)
    i.buzzer_init                            0x08002258   Section        0  buzzer.o(i.buzzer_init)
    i.buzzer_off                             0x08002360   Section        0  buzzer.o(i.buzzer_off)
    i.buzzer_on                              0x0800236c   Section        0  buzzer.o(i.buzzer_on)
    i.buzzer_play_song                       0x08002390   Section        0  buzzer.o(i.buzzer_play_song)
    i.buzzer_set_note_period                 0x080023cc   Section        0  buzzer.o(i.buzzer_set_note_period)
    i.can_empty_mailbox                      0x080023e8   Section        0  can_protocol.o(i.can_empty_mailbox)
    i.can_init                               0x08002408   Section        0  can_protocol.o(i.can_init)
    i.can_rx_add_filter                      0x080024dc   Section        0  can_protocol.o(i.can_rx_add_filter)
    i.can_rx_init                            0x08002538   Section        0  can_protocol.o(i.can_rx_init)
    i.can_tx_dequeue                         0x08002568   Section        0  can_protocol.o(i.can_tx_dequeue)
    i.can_tx_queue_empty                     0x080025fc   Section        0  can_protocol.o(i.can_tx_queue_empty)
    i.determineZone                          0x08002614   Section        0  bajaj.o(i.determineZone)
    i.encoder_init                           0x080026dc   Section        0  encoder.o(i.encoder_init)
    i.fabs_diff                              0x08002818   Section        0  imu_math.o(i.fabs_diff)
    i.fill_sensorbar_array                   0x08002860   Section        0  bajaj.o(i.fill_sensorbar_array)
    i.get_count                              0x080028bc   Section        0  encoder.o(i.get_count)
    i.get_full_count                         0x080028d0   Section        0  encoder.o(i.get_full_count)
    i.get_full_ticks                         0x080028e0   Section        0  ticks.o(i.get_full_ticks)
    i.get_note_period                        0x080028f8   Section        0  buzzer.o(i.get_note_period)
    i.get_ticks                              0x0800291c   Section        0  ticks.o(i.get_ticks)
    i.goNinety                               0x08002928   Section        0  bajaj.o(i.goNinety)
    i.goNormal                               0x08002994   Section        0  bajaj.o(i.goNormal)
    i.goStraightLittleBit                    0x08002a6c   Section        0  bajaj.o(i.goStraightLittleBit)
    i.goUsingImu                             0x08002aa8   Section        0  bajaj.o(i.goUsingImu)
    i.infrared_sensor_init                   0x08002b20   Section        0  infrared_sensor.o(i.infrared_sensor_init)
    i.initializeValues                       0x08002b68   Section        0  bajaj.o(i.initializeValues)
    i.led_init                               0x08002c54   Section        0  led.o(i.led_init)
    i.main                                   0x08002c8c   Section        0  main.o(i.main)
    i.printSystemOff                         0x08002ee8   Section        0  bajaj.o(i.printSystemOff)
    i.print_data                             0x0800302c   Section        0  bajaj.o(i.print_data)
    i.process_array                          0x08003198   Section        0  bajaj.o(i.process_array)
    i.read_infrared_sensor                   0x080031e8   Section        0  infrared_sensor.o(i.read_infrared_sensor)
    i.receive                                0x0800320c   Section        0  bajaj.o(i.receive)
    i.receive2                               0x08003228   Section        0  bajaj.o(i.receive2)
    i.receive3                               0x08003244   Section        0  bajaj.o(i.receive3)
    i.reset_encoder_1                        0x08003250   Section        0  encoder.o(i.reset_encoder_1)
    i.runUserInterface                       0x0800325c   Section        0  bajaj.o(i.runUserInterface)
    i.servo_control                          0x0800338c   Section        0  servo.o(i.servo_control)
    i.servo_init                             0x080033a4   Section        0  servo.o(i.servo_init)
    i.simple_delay1_ms                       0x08003474   Section        0  ticks.o(i.simple_delay1_ms)
    i.systemInit                             0x08003488   Section        0  bajaj.o(i.systemInit)
    i.tft_char_is_changed                    0x080034f4   Section        0  tft_display.o(i.tft_char_is_changed)
    i.tft_clear                              0x08003564   Section        0  tft_display.o(i.tft_clear)
    i.tft_clear_line                         0x08003578   Section        0  tft_display.o(i.tft_clear_line)
    i.tft_config                             0x080035c0   Section        0  tft_display.o(i.tft_config)
    i.tft_fill_color                         0x080037c4   Section        0  tft_display.o(i.tft_fill_color)
    i.tft_init                               0x0800382c   Section        0  tft_display.o(i.tft_init)
    i.tft_prints                             0x080038d0   Section        0  tft_display.o(i.tft_prints)
    i.tft_reset                              0x080039a4   Section        0  tft_display.o(i.tft_reset)
    i.tft_set_char_pos                       0x080039d0   Section        0  tft_display.o(i.tft_set_char_pos)
    i.tft_spi_init                           0x08003a24   Section        0  tft_display.o(i.tft_spi_init)
    i.tft_update                             0x08003b34   Section        0  tft_display.o(i.tft_update)
    i.tft_write_command                      0x08003f74   Section        0  tft_display.o(i.tft_write_command)
    i.tft_write_data                         0x08003fcc   Section        0  tft_display.o(i.tft_write_data)
    i.ticks_init                             0x08004024   Section        0  ticks.o(i.ticks_init)
    i.uart_init                              0x0800408c   Section        0  usart.o(i.uart_init)
    i.uart_interrupt                         0x08004164   Section        0  usart.o(i.uart_interrupt)
    i.uart_interrupt_init                    0x080041ac   Section        0  usart.o(i.uart_interrupt_init)
    i.uart_tx                                0x080041d4   Section        0  usart.o(i.uart_tx)
    i.uart_tx_byte                           0x08004200   Section        0  usart.o(i.uart_tx_byte)
    .constdata                               0x08004228   Section       12  buzzer_song.o(.constdata)
    .constdata                               0x08004234   Section       56  buzzer_song.o(.constdata)
    .constdata                               0x0800426c   Section       56  usart.o(.constdata)
    .data                                    0x20000000   Section       16  stm32f4xx_rcc.o(.data)
    APBAHBPrescTable                         0x20000000   Data          16  stm32f4xx_rcc.o(.data)
    .data                                    0x20000010   Section       20  system_stm32f4xx.o(.data)
    .data                                    0x20000024   Section        1  main.o(.data)
    .data                                    0x20000028   Section       16  main.o(.data)
    .data                                    0x20000038   Section        4  main.o(.data)
    .data                                    0x2000003c   Section        4  main.o(.data)
    .data                                    0x20000040   Section        4  main.o(.data)
    .data                                    0x20000044   Section        4  main.o(.data)
    .data                                    0x20000048   Section        8  main.o(.data)
    .data                                    0x20000050   Section        8  main.o(.data)
    .data                                    0x20000058   Section        4  main.o(.data)
    .data                                    0x2000005c   Section       36  buzzer.o(.data)
    buzzer_on_flag                           0x2000005c   Data           1  buzzer.o(.data)
    buzzer_count                             0x2000005d   Data           1  buzzer.o(.data)
    buzzer_volume                            0x2000005e   Data           1  buzzer.o(.data)
    buzzer_song_flag                         0x2000005f   Data           1  buzzer.o(.data)
    buzzer_song_note_break_flag              0x20000060   Data           1  buzzer.o(.data)
    buzzer_period                            0x20000062   Data           2  buzzer.o(.data)
    buzzer_time_ms                           0x20000064   Data           2  buzzer.o(.data)
    buzzer_note_period                       0x20000066   Data           2  buzzer.o(.data)
    buzzer_current_song_note_id              0x20000068   Data           2  buzzer.o(.data)
    buzzer_song_note_length                  0x2000006a   Data           2  buzzer.o(.data)
    buzzer_song_note_length_left             0x2000006c   Data           2  buzzer.o(.data)
    buzzer_song_note_break                   0x2000006e   Data           2  buzzer.o(.data)
    buzzer_current_song                      0x20000070   Data           4  buzzer.o(.data)
    .data                                    0x20000080   Section       20  can_protocol.o(.data)
    can_rx_count                             0x20000084   Data           4  can_protocol.o(.data)
    .data                                    0x20000094   Section       40  encoder.o(.data)
    encoder                                  0x20000094   Data          40  encoder.o(.data)
    .data                                    0x200000bc   Section        8  infrared_sensor.o(.data)
    .data                                    0x200000c4   Section       24  servo.o(.data)
    servo_pwm                                0x200000c4   Data          24  servo.o(.data)
    .data                                    0x200000dc   Section        6  ticks.o(.data)
    .data                                    0x200000e4   Section       36  usart.o(.data)
    .data                                    0x20000108   Section     4106  tft_display.o(.data)
    ascii_8x16                               0x20000112   Data        4096  tft_display.o(.data)
    .data                                    0x20001114   Section       98  bajaj.o(.data)
    .data                                    0x20001178   Section       12  ardu_imu.o(.data)
    sync_progress                            0x20001178   Data           1  ardu_imu.o(.data)
    ardu_imu_buffer_pointer                  0x20001179   Data           1  ardu_imu.o(.data)
    sample_size                              0x2000117e   Data           1  ardu_imu.o(.data)
    sync_count                               0x2000117f   Data           1  ardu_imu.o(.data)
    yaw_bias                                 0x20001180   Data           4  ardu_imu.o(.data)
    .bss                                     0x20001184   Section       16  main.o(.bss)
    .bss                                     0x20001194   Section       26  buzzer.o(.bss)
    NOTE0_PERIOD                             0x20001194   Data          26  buzzer.o(.bss)
    .bss                                     0x200011ae   Section       24  buzzer.o(.bss)
    BUZZER_QUEUE_ARRAY                       0x200011ae   Data          24  buzzer.o(.bss)
    .bss                                     0x200011c8   Section    32000  can_protocol.o(.bss)
    .bss                                     0x20008ec8   Section      128  can_protocol.o(.bss)
    can_recent_rx                            0x20008ec8   Data          16  can_protocol.o(.bss)
    .bss                                     0x20008f48   Section     2200  tft_display.o(.bss)
    .bss                                     0x200097e0   Section      336  ardu_imu.o(.bss)
    ardu_imu_buffer                          0x200097e0   Data          12  ardu_imu.o(.bss)
    yaw_samples                              0x20009804   Data         300  ardu_imu.o(.bss)
    STACK                                    0x20009930   Section     1024  startup_stm32f40_41xxx.o(STACK)

    Global Symbols

    Symbol Name                              Value     Ov Type        Size  Object(Section)

    BuildAttributes$$THM_ISAv4$E$P$D$K$B$S$7EM$VFPi3$EXTD16$VFPS$VFMA$PE$A:L22UL41UL21$X:L11$S22US41US21$IEEE1$IW$USESV6$~STKCKD$USESV7$~SHL$OSPACE$ROPI$EBA8$MICROLIB$REQ8$PRES8$EABIv2 0x00000000   Number         0  anon$$obj.o ABSOLUTE
    __ARM_use_no_argv                        0x00000000   Number         0  main.o ABSOLUTE
    __cpp_initialize__aeabi_                  - Undefined Weak Reference
    __cxa_finalize                            - Undefined Weak Reference
    _clock_init                               - Undefined Weak Reference
    _microlib_exit                            - Undefined Weak Reference
    __Vectors_Size                           0x00000188   Number         0  startup_stm32f40_41xxx.o ABSOLUTE
    __Vectors                                0x08000000   Data           4  startup_stm32f40_41xxx.o(RESET)
    __Vectors_End                            0x08000188   Data           0  startup_stm32f40_41xxx.o(RESET)
    __main                                   0x08000189   Thumb Code     0  entry.o(.ARM.Collect$$$$00000000)
    _main_stk                                0x08000189   Thumb Code     0  entry2.o(.ARM.Collect$$$$00000001)
    _main_scatterload                        0x0800018d   Thumb Code     0  entry5.o(.ARM.Collect$$$$00000004)
    __main_after_scatterload                 0x08000191   Thumb Code     0  entry5.o(.ARM.Collect$$$$00000004)
    _main_clock                              0x08000191   Thumb Code     0  entry7b.o(.ARM.Collect$$$$00000008)
    _main_cpp_init                           0x08000191   Thumb Code     0  entry8b.o(.ARM.Collect$$$$0000000A)
    _main_init                               0x08000191   Thumb Code     0  entry9a.o(.ARM.Collect$$$$0000000B)
    __rt_final_cpp                           0x08000199   Thumb Code     0  entry10a.o(.ARM.Collect$$$$0000000D)
    __rt_final_exit                          0x08000199   Thumb Code     0  entry11a.o(.ARM.Collect$$$$0000000F)
    simple_delay10_us                        0x0800019d   Thumb Code    14  ticks.o(.emb_text)
    Reset_Handler                            0x080001ad   Thumb Code     8  startup_stm32f40_41xxx.o(.text)
    ADC_IRQHandler                           0x080001c7   Thumb Code     0  startup_stm32f40_41xxx.o(.text)
    CAN1_RX1_IRQHandler                      0x080001c7   Thumb Code     0  startup_stm32f40_41xxx.o(.text)
    CAN1_SCE_IRQHandler                      0x080001c7   Thumb Code     0  startup_stm32f40_41xxx.o(.text)
    CAN2_RX0_IRQHandler                      0x080001c7   Thumb Code     0  startup_stm32f40_41xxx.o(.text)
    CAN2_RX1_IRQHandler                      0x080001c7   Thumb Code     0  startup_stm32f40_41xxx.o(.text)
    CAN2_SCE_IRQHandler                      0x080001c7   Thumb Code     0  startup_stm32f40_41xxx.o(.text)
    CAN2_TX_IRQHandler                       0x080001c7   Thumb Code     0  startup_stm32f40_41xxx.o(.text)
    CRYP_IRQHandler                          0x080001c7   Thumb Code     0  startup_stm32f40_41xxx.o(.text)
    DCMI_IRQHandler                          0x080001c7   Thumb Code     0  startup_stm32f40_41xxx.o(.text)
    DMA1_Stream0_IRQHandler                  0x080001c7   Thumb Code     0  startup_stm32f40_41xxx.o(.text)
    DMA1_Stream1_IRQHandler                  0x080001c7   Thumb Code     0  startup_stm32f40_41xxx.o(.text)
    DMA1_Stream2_IRQHandler                  0x080001c7   Thumb Code     0  startup_stm32f40_41xxx.o(.text)
    DMA1_Stream3_IRQHandler                  0x080001c7   Thumb Code     0  startup_stm32f40_41xxx.o(.text)
    DMA1_Stream4_IRQHandler                  0x080001c7   Thumb Code     0  startup_stm32f40_41xxx.o(.text)
    DMA1_Stream5_IRQHandler                  0x080001c7   Thumb Code     0  startup_stm32f40_41xxx.o(.text)
    DMA1_Stream6_IRQHandler                  0x080001c7   Thumb Code     0  startup_stm32f40_41xxx.o(.text)
    DMA1_Stream7_IRQHandler                  0x080001c7   Thumb Code     0  startup_stm32f40_41xxx.o(.text)
    DMA2_Stream0_IRQHandler                  0x080001c7   Thumb Code     0  startup_stm32f40_41xxx.o(.text)
    DMA2_Stream1_IRQHandler                  0x080001c7   Thumb Code     0  startup_stm32f40_41xxx.o(.text)
    DMA2_Stream2_IRQHandler                  0x080001c7   Thumb Code     0  startup_stm32f40_41xxx.o(.text)
    DMA2_Stream3_IRQHandler                  0x080001c7   Thumb Code     0  startup_stm32f40_41xxx.o(.text)
    DMA2_Stream4_IRQHandler                  0x080001c7   Thumb Code     0  startup_stm32f40_41xxx.o(.text)
    DMA2_Stream5_IRQHandler                  0x080001c7   Thumb Code     0  startup_stm32f40_41xxx.o(.text)
    DMA2_Stream6_IRQHandler                  0x080001c7   Thumb Code     0  startup_stm32f40_41xxx.o(.text)
    DMA2_Stream7_IRQHandler                  0x080001c7   Thumb Code     0  startup_stm32f40_41xxx.o(.text)
    ETH_IRQHandler                           0x080001c7   Thumb Code     0  startup_stm32f40_41xxx.o(.text)
    ETH_WKUP_IRQHandler                      0x080001c7   Thumb Code     0  startup_stm32f40_41xxx.o(.text)
    EXTI0_IRQHandler                         0x080001c7   Thumb Code     0  startup_stm32f40_41xxx.o(.text)
    EXTI15_10_IRQHandler                     0x080001c7   Thumb Code     0  startup_stm32f40_41xxx.o(.text)
    EXTI1_IRQHandler                         0x080001c7   Thumb Code     0  startup_stm32f40_41xxx.o(.text)
    EXTI2_IRQHandler                         0x080001c7   Thumb Code     0  startup_stm32f40_41xxx.o(.text)
    EXTI3_IRQHandler                         0x080001c7   Thumb Code     0  startup_stm32f40_41xxx.o(.text)
    EXTI4_IRQHandler                         0x080001c7   Thumb Code     0  startup_stm32f40_41xxx.o(.text)
    EXTI9_5_IRQHandler                       0x080001c7   Thumb Code     0  startup_stm32f40_41xxx.o(.text)
    FLASH_IRQHandler                         0x080001c7   Thumb Code     0  startup_stm32f40_41xxx.o(.text)
    FPU_IRQHandler                           0x080001c7   Thumb Code     0  startup_stm32f40_41xxx.o(.text)
    FSMC_IRQHandler                          0x080001c7   Thumb Code     0  startup_stm32f40_41xxx.o(.text)
    HASH_RNG_IRQHandler                      0x080001c7   Thumb Code     0  startup_stm32f40_41xxx.o(.text)
    I2C1_ER_IRQHandler                       0x080001c7   Thumb Code     0  startup_stm32f40_41xxx.o(.text)
    I2C1_EV_IRQHandler                       0x080001c7   Thumb Code     0  startup_stm32f40_41xxx.o(.text)
    I2C2_ER_IRQHandler                       0x080001c7   Thumb Code     0  startup_stm32f40_41xxx.o(.text)
    I2C2_EV_IRQHandler                       0x080001c7   Thumb Code     0  startup_stm32f40_41xxx.o(.text)
    I2C3_ER_IRQHandler                       0x080001c7   Thumb Code     0  startup_stm32f40_41xxx.o(.text)
    I2C3_EV_IRQHandler                       0x080001c7   Thumb Code     0  startup_stm32f40_41xxx.o(.text)
    OTG_FS_IRQHandler                        0x080001c7   Thumb Code     0  startup_stm32f40_41xxx.o(.text)
    OTG_FS_WKUP_IRQHandler                   0x080001c7   Thumb Code     0  startup_stm32f40_41xxx.o(.text)
    OTG_HS_EP1_IN_IRQHandler                 0x080001c7   Thumb Code     0  startup_stm32f40_41xxx.o(.text)
    OTG_HS_EP1_OUT_IRQHandler                0x080001c7   Thumb Code     0  startup_stm32f40_41xxx.o(.text)
    OTG_HS_IRQHandler                        0x080001c7   Thumb Code     0  startup_stm32f40_41xxx.o(.text)
    OTG_HS_WKUP_IRQHandler                   0x080001c7   Thumb Code     0  startup_stm32f40_41xxx.o(.text)
    PVD_IRQHandler                           0x080001c7   Thumb Code     0  startup_stm32f40_41xxx.o(.text)
    RCC_IRQHandler                           0x080001c7   Thumb Code     0  startup_stm32f40_41xxx.o(.text)
    RTC_Alarm_IRQHandler                     0x080001c7   Thumb Code     0  startup_stm32f40_41xxx.o(.text)
    RTC_WKUP_IRQHandler                      0x080001c7   Thumb Code     0  startup_stm32f40_41xxx.o(.text)
    SDIO_IRQHandler                          0x080001c7   Thumb Code     0  startup_stm32f40_41xxx.o(.text)
    SPI1_IRQHandler                          0x080001c7   Thumb Code     0  startup_stm32f40_41xxx.o(.text)
    SPI2_IRQHandler                          0x080001c7   Thumb Code     0  startup_stm32f40_41xxx.o(.text)
    SPI3_IRQHandler                          0x080001c7   Thumb Code     0  startup_stm32f40_41xxx.o(.text)
    TAMP_STAMP_IRQHandler                    0x080001c7   Thumb Code     0  startup_stm32f40_41xxx.o(.text)
    TIM1_BRK_TIM9_IRQHandler                 0x080001c7   Thumb Code     0  startup_stm32f40_41xxx.o(.text)
    TIM1_CC_IRQHandler                       0x080001c7   Thumb Code     0  startup_stm32f40_41xxx.o(.text)
    TIM1_TRG_COM_TIM11_IRQHandler            0x080001c7   Thumb Code     0  startup_stm32f40_41xxx.o(.text)
    TIM1_UP_TIM10_IRQHandler                 0x080001c7   Thumb Code     0  startup_stm32f40_41xxx.o(.text)
    TIM2_IRQHandler                          0x080001c7   Thumb Code     0  startup_stm32f40_41xxx.o(.text)
    TIM3_IRQHandler                          0x080001c7   Thumb Code     0  startup_stm32f40_41xxx.o(.text)
    TIM4_IRQHandler                          0x080001c7   Thumb Code     0  startup_stm32f40_41xxx.o(.text)
    TIM6_DAC_IRQHandler                      0x080001c7   Thumb Code     0  startup_stm32f40_41xxx.o(.text)
    TIM7_IRQHandler                          0x080001c7   Thumb Code     0  startup_stm32f40_41xxx.o(.text)
    TIM8_BRK_TIM12_IRQHandler                0x080001c7   Thumb Code     0  startup_stm32f40_41xxx.o(.text)
    TIM8_CC_IRQHandler                       0x080001c7   Thumb Code     0  startup_stm32f40_41xxx.o(.text)
    TIM8_TRG_COM_TIM14_IRQHandler            0x080001c7   Thumb Code     0  startup_stm32f40_41xxx.o(.text)
    TIM8_UP_TIM13_IRQHandler                 0x080001c7   Thumb Code     0  startup_stm32f40_41xxx.o(.text)
    UART4_IRQHandler                         0x080001c7   Thumb Code     0  startup_stm32f40_41xxx.o(.text)
    UART5_IRQHandler                         0x080001c7   Thumb Code     0  startup_stm32f40_41xxx.o(.text)
    USART3_IRQHandler                        0x080001c7   Thumb Code     0  startup_stm32f40_41xxx.o(.text)
    USART6_IRQHandler                        0x080001c7   Thumb Code     0  startup_stm32f40_41xxx.o(.text)
    WWDG_IRQHandler                          0x080001c7   Thumb Code     0  startup_stm32f40_41xxx.o(.text)
    __aeabi_memcpy                           0x080001d1   Thumb Code    36  memcpya.o(.text)
    __aeabi_memcpy4                          0x080001d1   Thumb Code     0  memcpya.o(.text)
    __aeabi_memcpy8                          0x080001d1   Thumb Code     0  memcpya.o(.text)
    strcpy                                   0x080001f5   Thumb Code    18  strcpy.o(.text)
    __aeabi_f2d                              0x08000207   Thumb Code    38  f2d.o(.text)
    __aeabi_uidiv                            0x0800022d   Thumb Code     0  uidiv.o(.text)
    __aeabi_uidivmod                         0x0800022d   Thumb Code    44  uidiv.o(.text)
    __aeabi_uldivmod                         0x08000259   Thumb Code    98  uldiv.o(.text)
    __I$use$fp                               0x080002bb   Thumb Code     0  iusefp.o(.text)
    __aeabi_dadd                             0x080002bb   Thumb Code   322  dadd.o(.text)
    __aeabi_dsub                             0x080003fd   Thumb Code     6  dadd.o(.text)
    __aeabi_drsub                            0x08000403   Thumb Code     6  dadd.o(.text)
    __aeabi_dmul                             0x08000409   Thumb Code   228  dmul.o(.text)
    __aeabi_ddiv                             0x080004ed   Thumb Code   222  ddiv.o(.text)
    __aeabi_d2ulz                            0x080005cb   Thumb Code    48  dfixul.o(.text)
    __aeabi_cdrcmple                         0x080005fd   Thumb Code    48  cdrcmple.o(.text)
    __scatterload                            0x0800062d   Thumb Code    28  init.o(.text)
    __scatterload_rt2                        0x0800062d   Thumb Code     0  init.o(.text)
    __aeabi_llsl                             0x08000651   Thumb Code    30  llshl.o(.text)
    _ll_shift_l                              0x08000651   Thumb Code     0  llshl.o(.text)
    __aeabi_llsr                             0x0800066f   Thumb Code    32  llushr.o(.text)
    _ll_ushift_r                             0x0800066f   Thumb Code     0  llushr.o(.text)
    __aeabi_lasr                             0x0800068f   Thumb Code    36  llsshr.o(.text)
    _ll_sshift_r                             0x0800068f   Thumb Code     0  llsshr.o(.text)
    _double_round                            0x080006b3   Thumb Code    30  depilogue.o(.text)
    _double_epilogue                         0x080006d1   Thumb Code   156  depilogue.o(.text)
    __decompress                             0x0800076d   Thumb Code     0  __dczerorl2.o(.text)
    __decompress1                            0x0800076d   Thumb Code    86  __dczerorl2.o(.text)
    BusFault_Handler                         0x080007c3   Thumb Code     2  stm32f4xx_it.o(i.BusFault_Handler)
    CAN1_RX0_IRQHandler                      0x080007c5   Thumb Code   130  can_protocol.o(i.CAN1_RX0_IRQHandler)
    CAN1_TX_IRQHandler                       0x08000855   Thumb Code    34  can_protocol.o(i.CAN1_TX_IRQHandler)
    CAN_ClearITPendingBit                    0x0800087d   Thumb Code   116  stm32f4xx_can.o(i.CAN_ClearITPendingBit)
    CAN_DeInit                               0x080008f5   Thumb Code    38  stm32f4xx_can.o(i.CAN_DeInit)
    CAN_FilterInit                           0x08000921   Thumb Code   194  stm32f4xx_can.o(i.CAN_FilterInit)
    CAN_GetITStatus                          0x080009ed   Thumb Code   162  stm32f4xx_can.o(i.CAN_GetITStatus)
    CAN_ITConfig                             0x08000a95   Thumb Code    16  stm32f4xx_can.o(i.CAN_ITConfig)
    CAN_Init                                 0x08000aa5   Thumb Code   232  stm32f4xx_can.o(i.CAN_Init)
    CAN_Receive                              0x08000b8d   Thumb Code   144  stm32f4xx_can.o(i.CAN_Receive)
    CAN_StructInit                           0x08000c1d   Thumb Code    32  stm32f4xx_can.o(i.CAN_StructInit)
    CAN_Transmit                             0x08000c3d   Thumb Code   164  stm32f4xx_can.o(i.CAN_Transmit)
    DebugMon_Handler                         0x08000ced   Thumb Code     2  stm32f4xx_it.o(i.DebugMon_Handler)
    GPIO_Init                                0x08000cef   Thumb Code   162  stm32f4xx_gpio.o(i.GPIO_Init)
    GPIO_PinAFConfig                         0x08000d91   Thumb Code    32  stm32f4xx_gpio.o(i.GPIO_PinAFConfig)
    GPIO_ReadInputDataBit                    0x08000db1   Thumb Code    14  stm32f4xx_gpio.o(i.GPIO_ReadInputDataBit)
    GPIO_ResetBits                           0x08000dbf   Thumb Code     4  stm32f4xx_gpio.o(i.GPIO_ResetBits)
    GPIO_SetBits                             0x08000dc3   Thumb Code     4  stm32f4xx_gpio.o(i.GPIO_SetBits)
    GPIO_StructInit                          0x08000dc7   Thumb Code    18  stm32f4xx_gpio.o(i.GPIO_StructInit)
    HardFault_Handler                        0x08000dd9   Thumb Code     2  stm32f4xx_it.o(i.HardFault_Handler)
    LED_OFF                                  0x08000ddd   Thumb Code     8  led.o(i.LED_OFF)
    MemManage_Handler                        0x08000de9   Thumb Code     2  stm32f4xx_it.o(i.MemManage_Handler)
    NMI_Handler                              0x08000deb   Thumb Code     2  stm32f4xx_it.o(i.NMI_Handler)
    NVIC_Init                                0x08000ded   Thumb Code    96  misc.o(i.NVIC_Init)
    NVIC_SetVectorTable                      0x08000e51   Thumb Code    12  misc.o(i.NVIC_SetVectorTable)
    PendSV_Handler                           0x08000e65   Thumb Code     2  stm32f4xx_it.o(i.PendSV_Handler)
    RCC_AHB1PeriphClockCmd                   0x08000e69   Thumb Code    18  stm32f4xx_rcc.o(i.RCC_AHB1PeriphClockCmd)
    RCC_APB1PeriphClockCmd                   0x08000e81   Thumb Code    18  stm32f4xx_rcc.o(i.RCC_APB1PeriphClockCmd)
    RCC_APB1PeriphClockLPModeCmd             0x08000e99   Thumb Code    18  stm32f4xx_rcc.o(i.RCC_APB1PeriphClockLPModeCmd)
    RCC_APB1PeriphResetCmd                   0x08000eb1   Thumb Code    18  stm32f4xx_rcc.o(i.RCC_APB1PeriphResetCmd)
    RCC_APB2PeriphClockCmd                   0x08000ec9   Thumb Code    18  stm32f4xx_rcc.o(i.RCC_APB2PeriphClockCmd)
    RCC_APB2PeriphResetCmd                   0x08000ee1   Thumb Code    18  stm32f4xx_rcc.o(i.RCC_APB2PeriphResetCmd)
    RCC_GetClocksFreq                        0x08000ef9   Thumb Code   132  stm32f4xx_rcc.o(i.RCC_GetClocksFreq)
    SPI_CalculateCRC                         0x08000f89   Thumb Code    20  stm32f4xx_spi.o(i.SPI_CalculateCRC)
    SPI_Cmd                                  0x08000f9d   Thumb Code    20  stm32f4xx_spi.o(i.SPI_Cmd)
    SPI_I2S_GetFlagStatus                    0x08000fb1   Thumb Code    14  stm32f4xx_spi.o(i.SPI_I2S_GetFlagStatus)
    SPI_I2S_ReceiveData                      0x08000fbf   Thumb Code     4  stm32f4xx_spi.o(i.SPI_I2S_ReceiveData)
    SPI_I2S_SendData                         0x08000fc3   Thumb Code     4  stm32f4xx_spi.o(i.SPI_I2S_SendData)
    SPI_Init                                 0x08000fc7   Thumb Code    56  stm32f4xx_spi.o(i.SPI_Init)
    SPI_SSOutputCmd                          0x08000fff   Thumb Code    20  stm32f4xx_spi.o(i.SPI_SSOutputCmd)
    SVC_Handler                              0x08001013   Thumb Code     2  stm32f4xx_it.o(i.SVC_Handler)
    SysTick_Handler                          0x080010d1   Thumb Code     2  stm32f4xx_it.o(i.SysTick_Handler)
    SystemInit                               0x080010d5   Thumb Code    74  system_stm32f4xx.o(i.SystemInit)
    TIM5_IRQHandler                          0x08001131   Thumb Code    56  ticks.o(i.TIM5_IRQHandler)
    TIM_ARRPreloadConfig                     0x08001171   Thumb Code    20  stm32f4xx_tim.o(i.TIM_ARRPreloadConfig)
    TIM_ClearFlag                            0x08001185   Thumb Code     6  stm32f4xx_tim.o(i.TIM_ClearFlag)
    TIM_ClearITPendingBit                    0x0800118b   Thumb Code     6  stm32f4xx_tim.o(i.TIM_ClearITPendingBit)
    TIM_Cmd                                  0x08001191   Thumb Code    20  stm32f4xx_tim.o(i.TIM_Cmd)
    TIM_CtrlPWMOutputs                       0x080011a5   Thumb Code    22  stm32f4xx_tim.o(i.TIM_CtrlPWMOutputs)
    TIM_DeInit                               0x080011bd   Thumb Code   284  stm32f4xx_tim.o(i.TIM_DeInit)
    TIM_EncoderInterfaceConfig               0x0800130d   Thumb Code    50  stm32f4xx_tim.o(i.TIM_EncoderInterfaceConfig)
    TIM_GetCounter                           0x0800133f   Thumb Code     4  stm32f4xx_tim.o(i.TIM_GetCounter)
    TIM_GetITStatus                          0x08001343   Thumb Code    24  stm32f4xx_tim.o(i.TIM_GetITStatus)
    TIM_ITConfig                             0x0800135b   Thumb Code    16  stm32f4xx_tim.o(i.TIM_ITConfig)
    TIM_OC1Init                              0x0800136d   Thumb Code    88  stm32f4xx_tim.o(i.TIM_OC1Init)
    TIM_OC1PreloadConfig                     0x080013cd   Thumb Code    12  stm32f4xx_tim.o(i.TIM_OC1PreloadConfig)
    TIM_SetAutoreload                        0x080013d9   Thumb Code     4  stm32f4xx_tim.o(i.TIM_SetAutoreload)
    TIM_SetCompare1                          0x080013dd   Thumb Code     4  stm32f4xx_tim.o(i.TIM_SetCompare1)
    TIM_SetCounter                           0x080013e1   Thumb Code     4  stm32f4xx_tim.o(i.TIM_SetCounter)
    TIM_TimeBaseInit                         0x080013e5   Thumb Code    96  stm32f4xx_tim.o(i.TIM_TimeBaseInit)
    USART1_IRQHandler                        0x08001461   Thumb Code    52  usart.o(i.USART1_IRQHandler)
    USART2_IRQHandler                        0x0800149d   Thumb Code    52  usart.o(i.USART2_IRQHandler)
    USART_ClearITPendingBit                  0x080014d9   Thumb Code    12  stm32f4xx_usart.o(i.USART_ClearITPendingBit)
    USART_Cmd                                0x080014e5   Thumb Code    20  stm32f4xx_usart.o(i.USART_Cmd)
    USART_GetFlagStatus                      0x080014f9   Thumb Code    14  stm32f4xx_usart.o(i.USART_GetFlagStatus)
    USART_GetITStatus                        0x08001507   Thumb Code    62  stm32f4xx_usart.o(i.USART_GetITStatus)
    USART_ITConfig                           0x08001545   Thumb Code    48  stm32f4xx_usart.o(i.USART_ITConfig)
    USART_Init                               0x08001575   Thumb Code   164  stm32f4xx_usart.o(i.USART_Init)
    USART_ReceiveData                        0x08001621   Thumb Code     8  stm32f4xx_usart.o(i.USART_ReceiveData)
    USART_SendData                           0x08001629   Thumb Code     8  stm32f4xx_usart.o(i.USART_SendData)
    UsageFault_Handler                       0x08001631   Thumb Code     2  stm32f4xx_it.o(i.UsageFault_Handler)
    __0vsprintf                              0x08001635   Thumb Code    30  printfa.o(i.__0vsprintf)
    __1vsprintf                              0x08001635   Thumb Code     0  printfa.o(i.__0vsprintf)
    __2vsprintf                              0x08001635   Thumb Code     0  printfa.o(i.__0vsprintf)
    __c89vsprintf                            0x08001635   Thumb Code     0  printfa.o(i.__0vsprintf)
    vsprintf                                 0x08001635   Thumb Code     0  printfa.o(i.__0vsprintf)
    __scatterload_copy                       0x08001659   Thumb Code    14  handlers.o(i.__scatterload_copy)
    __scatterload_null                       0x08001667   Thumb Code     2  handlers.o(i.__scatterload_null)
    __scatterload_zeroinit                   0x08001669   Thumb Code    14  handlers.o(i.__scatterload_zeroinit)
    _delay_ms                                0x08001679   Thumb Code    96  ticks.o(i._delay_ms)
    ardu_imu_init                            0x08001f79   Thumb Code    46  ardu_imu.o(i.ardu_imu_init)
    ardu_imu_receiver                        0x08001fb5   Thumb Code   152  ardu_imu.o(i.ardu_imu_receiver)
    ardu_imu_try_sync                        0x08002061   Thumb Code     8  ardu_imu.o(i.ardu_imu_try_sync)
    ardu_imu_value_update                    0x08002071   Thumb Code   208  ardu_imu.o(i.ardu_imu_value_update)
    button_init                              0x0800214d   Thumb Code    38  button.o(i.button_init)
    button_pressed                           0x08002179   Thumb Code    20  button.o(i.button_pressed)
    buzzer_check                             0x08002191   Thumb Code   194  buzzer.o(i.buzzer_check)
    buzzer_init                              0x08002259   Thumb Code   240  buzzer.o(i.buzzer_init)
    buzzer_off                               0x08002361   Thumb Code     8  buzzer.o(i.buzzer_off)
    buzzer_on                                0x0800236d   Thumb Code    26  buzzer.o(i.buzzer_on)
    buzzer_play_song                         0x08002391   Thumb Code    54  buzzer.o(i.buzzer_play_song)
    buzzer_set_note_period                   0x080023cd   Thumb Code    18  buzzer.o(i.buzzer_set_note_period)
    can_empty_mailbox                        0x080023e9   Thumb Code    26  can_protocol.o(i.can_empty_mailbox)
    can_init                                 0x08002409   Thumb Code   202  can_protocol.o(i.can_init)
    can_rx_add_filter                        0x080024dd   Thumb Code    82  can_protocol.o(i.can_rx_add_filter)
    can_rx_init                              0x08002539   Thumb Code    44  can_protocol.o(i.can_rx_init)
    can_tx_dequeue                           0x08002569   Thumb Code   138  can_protocol.o(i.can_tx_dequeue)
    can_tx_queue_empty                       0x080025fd   Thumb Code    18  can_protocol.o(i.can_tx_queue_empty)
    determineZone                            0x08002615   Thumb Code   110  bajaj.o(i.determineZone)
    encoder_init                             0x080026dd   Thumb Code   300  encoder.o(i.encoder_init)
    fabs_diff                                0x08002819   Thumb Code    58  imu_math.o(i.fabs_diff)
    fill_sensorbar_array                     0x08002861   Thumb Code    76  bajaj.o(i.fill_sensorbar_array)
    get_count                                0x080028bd   Thumb Code    14  encoder.o(i.get_count)
    get_full_count                           0x080028d1   Thumb Code    16  encoder.o(i.get_full_count)
    get_full_ticks                           0x080028e1   Thumb Code    20  ticks.o(i.get_full_ticks)
    get_note_period                          0x080028f9   Thumb Code    32  buzzer.o(i.get_note_period)
    get_ticks                                0x0800291d   Thumb Code     6  ticks.o(i.get_ticks)
    goNinety                                 0x08002929   Thumb Code    84  bajaj.o(i.goNinety)
    goNormal                                 0x08002995   Thumb Code   176  bajaj.o(i.goNormal)
    goStraightLittleBit                      0x08002a6d   Thumb Code    48  bajaj.o(i.goStraightLittleBit)
    goUsingImu                               0x08002aa9   Thumb Code    92  bajaj.o(i.goUsingImu)
    infrared_sensor_init                     0x08002b21   Thumb Code    64  infrared_sensor.o(i.infrared_sensor_init)
    initializeValues                         0x08002b69   Thumb Code   218  bajaj.o(i.initializeValues)
    led_init                                 0x08002c55   Thumb Code    50  led.o(i.led_init)
    main                                     0x08002c8d   Thumb Code   486  main.o(i.main)
    printSystemOff                           0x08002ee9   Thumb Code   188  bajaj.o(i.printSystemOff)
    print_data                               0x0800302d   Thumb Code   222  bajaj.o(i.print_data)
    process_array                            0x08003199   Thumb Code    62  bajaj.o(i.process_array)
    read_infrared_sensor                     0x080031e9   Thumb Code    22  infrared_sensor.o(i.read_infrared_sensor)
    receive                                  0x0800320d   Thumb Code    24  bajaj.o(i.receive)
    receive2                                 0x08003229   Thumb Code    24  bajaj.o(i.receive2)
    receive3                                 0x08003245   Thumb Code     8  bajaj.o(i.receive3)
    reset_encoder_1                          0x08003251   Thumb Code     8  encoder.o(i.reset_encoder_1)
    runUserInterface                         0x0800325d   Thumb Code   210  bajaj.o(i.runUserInterface)
    servo_control                            0x0800338d   Thumb Code    14  servo.o(i.servo_control)
    servo_init                               0x080033a5   Thumb Code   200  servo.o(i.servo_init)
    simple_delay1_ms                         0x08003475   Thumb Code    18  ticks.o(i.simple_delay1_ms)
    systemInit                               0x08003489   Thumb Code    96  bajaj.o(i.systemInit)
    tft_char_is_changed                      0x080034f5   Thumb Code    96  tft_display.o(i.tft_char_is_changed)
    tft_clear                                0x08003565   Thumb Code    20  tft_display.o(i.tft_clear)
    tft_clear_line                           0x08003579   Thumb Code    62  tft_display.o(i.tft_clear_line)
    tft_config                               0x080035c1   Thumb Code   516  tft_display.o(i.tft_config)
    tft_fill_color                           0x080037c5   Thumb Code   104  tft_display.o(i.tft_fill_color)
    tft_init                                 0x0800382d   Thumb Code   152  tft_display.o(i.tft_init)
    tft_prints                               0x080038d1   Thumb Code   194  tft_display.o(i.tft_prints)
    tft_reset                                0x080039a5   Thumb Code    40  tft_display.o(i.tft_reset)
    tft_set_char_pos                         0x080039d1   Thumb Code    82  tft_display.o(i.tft_set_char_pos)
    tft_spi_init                             0x08003a25   Thumb Code   260  tft_display.o(i.tft_spi_init)
    tft_update                               0x08003b35   Thumb Code  1088  tft_display.o(i.tft_update)
    tft_write_command                        0x08003f75   Thumb Code    80  tft_display.o(i.tft_write_command)
    tft_write_data                           0x08003fcd   Thumb Code    80  tft_display.o(i.tft_write_data)
    ticks_init                               0x08004025   Thumb Code    94  ticks.o(i.ticks_init)
    uart_init                                0x0800408d   Thumb Code   202  usart.o(i.uart_init)
    uart_interrupt                           0x08004165   Thumb Code    62  usart.o(i.uart_interrupt)
    uart_interrupt_init                      0x080041ad   Thumb Code    34  usart.o(i.uart_interrupt_init)
    uart_tx                                  0x080041d5   Thumb Code    44  usart.o(i.uart_tx)
    uart_tx_byte                             0x08004201   Thumb Code    36  usart.o(i.uart_tx_byte)
    START_UP                                 0x08004228   Data          12  buzzer_song.o(.constdata)
    MARIO_BEGIN                              0x08004234   Data          56  buzzer_song.o(.constdata)
    COM_TX_PIN                               0x0800426c   Data           6  usart.o(.constdata)
    COM_RX_PIN                               0x08004272   Data           6  usart.o(.constdata)
    COM_IRQ                                  0x08004278   Data           6  usart.o(.constdata)
    COM_USART_CLK                            0x08004280   Data          12  usart.o(.constdata)
    COM_TX_PORT_CLK                          0x0800428c   Data          12  usart.o(.constdata)
    COM_RX_PORT_CLK                          0x08004298   Data          12  usart.o(.constdata)
    Region$$Table$$Base                      0x080042a4   Number         0  anon$$obj.o(Region$$Table)
    Region$$Table$$Limit                     0x080042c4   Number         0  anon$$obj.o(Region$$Table)
    SystemCoreClock                          0x20000010   Data           4  system_stm32f4xx.o(.data)
    AHBPrescTable                            0x20000014   Data          16  system_stm32f4xx.o(.data)
    sensorIsFlipped                          0x20000024   Data           1  main.o(.data)
    globalState                              0x20000028   Data           1  main.o(.data)
    river                                    0x20000029   Data           1  main.o(.data)
    length                                   0x2000002c   Data           4  main.o(.data)
    fullWhite                                0x20000030   Data           4  main.o(.data)
    systemOn                                 0x20000034   Data           4  main.o(.data)
    begin                                    0x20000038   Data           4  main.o(.data)
    end                                      0x2000003c   Data           4  main.o(.data)
    lastTurn                                 0x20000040   Data           4  main.o(.data)
    lastMovement                             0x20000044   Data           4  main.o(.data)
    data1                                    0x20000048   Data           8  main.o(.data)
    data2                                    0x20000050   Data           8  main.o(.data)
    hueAvg                                   0x20000058   Data           4  main.o(.data)
    Buzzer_Queue                             0x20000074   Data          12  buzzer.o(.data)
    CAN_FilterCount                          0x20000080   Data           1  can_protocol.o(.data)
    CAN_Tx_Queue                             0x20000088   Data          12  can_protocol.o(.data)
    infrared_gpio_pins                       0x200000bc   Data           8  infrared_sensor.o(.data)
    using_delay                              0x200000dc   Data           1  ticks.o(.data)
    ticks                                    0x200000de   Data           2  ticks.o(.data)
    seconds                                  0x200000e0   Data           2  ticks.o(.data)
    uart1_listener_empty                     0x200000e4   Data           1  usart.o(.data)
    uart2_listener_empty                     0x200000e5   Data           1  usart.o(.data)
    printf_COMx                              0x200000e6   Data           1  usart.o(.data)
    uart1_rx_listener                        0x200000e8   Data           4  usart.o(.data)
    uart2_rx_listener                        0x200000ec   Data           4  usart.o(.data)
    COM_USART                                0x200000f0   Data          12  usart.o(.data)
    COM_TX_PORT                              0x200000fc   Data          12  usart.o(.data)
    tft_orientation                          0x20000108   Data           1  tft_display.o(.data)
    tft_enabled                              0x20000109   Data           1  tft_display.o(.data)
    prints_enabled                           0x2000010a   Data           1  tft_display.o(.data)
    curr_bg_color                            0x2000010c   Data           2  tft_display.o(.data)
    curr_text_color                          0x2000010e   Data           2  tft_display.o(.data)
    curr_text_color_sp                       0x20000110   Data           2  tft_display.o(.data)
    currentSlopeZone                         0x20001114   Data           1  bajaj.o(.data)
    side                                     0x20001115   Data           1  bajaj.o(.data)
    infrared1                                0x20001116   Data           1  bajaj.o(.data)
    infrared2                                0x20001117   Data           1  bajaj.o(.data)
    gameZone                                 0x20001118   Data           1  bajaj.o(.data)
    buttonWhiteCount                         0x2000111c   Data           4  bajaj.o(.data)
    buttonRedCount                           0x20001120   Data           4  bajaj.o(.data)
    passedRiver                              0x20001124   Data           4  bajaj.o(.data)
    passedDownSlope                          0x20001128   Data           4  bajaj.o(.data)
    encoder_revolution                       0x2000112c   Data           4  bajaj.o(.data)
    IMU_ANGLE1                               0x20001130   Data           4  bajaj.o(.data)
    IMU_ANGLE2                               0x20001134   Data           4  bajaj.o(.data)
    IMU_ANGLE3                               0x20001138   Data           4  bajaj.o(.data)
    NINETY_IMU                               0x2000113c   Data           4  bajaj.o(.data)
    LESSER_TURNING                           0x20001140   Data           4  bajaj.o(.data)
    NINETY_TURNING                           0x20001144   Data           4  bajaj.o(.data)
    SLOPE_TURNING_RIGHT                      0x20001148   Data           4  bajaj.o(.data)
    SLOPE_TURNING_LEFT                       0x2000114c   Data           4  bajaj.o(.data)
    SLOPE_ENCODER                            0x20001150   Data           4  bajaj.o(.data)
    DELAY                                    0x20001154   Data           4  bajaj.o(.data)
    imuFactor                                0x20001158   Data           4  bajaj.o(.data)
    imuMovement                              0x2000115c   Data           4  bajaj.o(.data)
    gameZoneString                           0x20001160   Data          12  bajaj.o(.data)
    currentSlopeZoneString                   0x2000116c   Data          10  bajaj.o(.data)
    ardu_imu_synced                          0x2000117a   Data           1  ardu_imu.o(.data)
    ardu_imu_staged                          0x2000117b   Data           1  ardu_imu.o(.data)
    ardu_imu_pre_staged                      0x2000117c   Data           1  ardu_imu.o(.data)
    ardu_imu_calibrated                      0x2000117d   Data           1  ardu_imu.o(.data)
    sensorbar_result                         0x20001184   Data          16  main.o(.bss)
    CAN_Tx_Queue_Array                       0x200011c8   Data       32000  can_protocol.o(.bss)
    CAN_Rx_Handlers                          0x20008ed8   Data         112  can_protocol.o(.bss)
    text                                     0x20008f48   Data         200  tft_display.o(.bss)
    text_prev                                0x20009010   Data         200  tft_display.o(.bss)
    text_color                               0x200090d8   Data         400  tft_display.o(.bss)
    text_color_prev                          0x20009268   Data         400  tft_display.o(.bss)
    bg_color                                 0x200093f8   Data         400  tft_display.o(.bss)
    bg_color_prev                            0x20009588   Data         400  tft_display.o(.bss)
    text_bg_color_prev                       0x20009718   Data         200  tft_display.o(.bss)
    ardu_out_ypr                             0x200097ec   Data          12  ardu_imu.o(.bss)
    ardu_cal_ypr                             0x200097f8   Data          12  ardu_imu.o(.bss)
    __initial_sp                             0x20009d30   Data           0  startup_stm32f40_41xxx.o(STACK)



==============================================================================

Memory Map of the image

  Image Entry point : 0x08000189

  Load Region LR_IROM1 (Base: 0x08000000, Size: 0x00005448, Max: 0x00100000, ABSOLUTE, COMPRESSED[0x000049d4])

    Execution Region ER_IROM1 (Base: 0x08000000, Size: 0x000042c4, Max: 0x00100000, ABSOLUTE)

    Base Addr    Size         Type   Attr      Idx    E Section Name        Object

    0x08000000   0x00000188   Data   RO         5424    RESET               startup_stm32f40_41xxx.o
    0x08000188   0x00000000   Code   RO         6751  * .ARM.Collect$$$$00000000  mc_w.l(entry.o)
    0x08000188   0x00000004   Code   RO         6792    .ARM.Collect$$$$00000001  mc_w.l(entry2.o)
    0x0800018c   0x00000004   Code   RO         6795    .ARM.Collect$$$$00000004  mc_w.l(entry5.o)
    0x08000190   0x00000000   Code   RO         6797    .ARM.Collect$$$$00000008  mc_w.l(entry7b.o)
    0x08000190   0x00000000   Code   RO         6799    .ARM.Collect$$$$0000000A  mc_w.l(entry8b.o)
    0x08000190   0x00000008   Code   RO         6800    .ARM.Collect$$$$0000000B  mc_w.l(entry9a.o)
    0x08000198   0x00000000   Code   RO         6802    .ARM.Collect$$$$0000000D  mc_w.l(entry10a.o)
    0x08000198   0x00000000   Code   RO         6804    .ARM.Collect$$$$0000000F  mc_w.l(entry11a.o)
    0x08000198   0x00000004   Code   RO         6793    .ARM.Collect$$$$00002712  mc_w.l(entry2.o)
    0x0800019c   0x0000000e   Code   RO         6120    .emb_text           ticks.o
    0x080001aa   0x00000002   PAD
    0x080001ac   0x00000024   Code   RO         5425    .text               startup_stm32f40_41xxx.o
    0x080001d0   0x00000024   Code   RO         6756    .text               mc_w.l(memcpya.o)
    0x080001f4   0x00000012   Code   RO         6758    .text               mc_w.l(strcpy.o)
    0x08000206   0x00000026   Code   RO         6790    .text               mf_w.l(f2d.o)
    0x0800022c   0x0000002c   Code   RO         6809    .text               mc_w.l(uidiv.o)
    0x08000258   0x00000062   Code   RO         6811    .text               mc_w.l(uldiv.o)
    0x080002ba   0x00000000   Code   RO         6813    .text               mc_w.l(iusefp.o)
    0x080002ba   0x0000014e   Code   RO         6814    .text               mf_w.l(dadd.o)
    0x08000408   0x000000e4   Code   RO         6816    .text               mf_w.l(dmul.o)
    0x080004ec   0x000000de   Code   RO         6818    .text               mf_w.l(ddiv.o)
    0x080005ca   0x00000030   Code   RO         6820    .text               mf_w.l(dfixul.o)
    0x080005fa   0x00000002   PAD
    0x080005fc   0x00000030   Code   RO         6822    .text               mf_w.l(cdrcmple.o)
    0x0800062c   0x00000024   Code   RO         6824    .text               mc_w.l(init.o)
    0x08000650   0x0000001e   Code   RO         6827    .text               mc_w.l(llshl.o)
    0x0800066e   0x00000020   Code   RO         6829    .text               mc_w.l(llushr.o)
    0x0800068e   0x00000024   Code   RO         6831    .text               mc_w.l(llsshr.o)
    0x080006b2   0x000000ba   Code   RO         6834    .text               mf_w.l(depilogue.o)
    0x0800076c   0x00000056   Code   RO         6844    .text               mc_w.l(__dczerorl2.o)
    0x080007c2   0x00000002   Code   RO         5161    i.BusFault_Handler  stm32f4xx_it.o
    0x080007c4   0x00000090   Code   RO         5798    i.CAN1_RX0_IRQHandler  can_protocol.o
    0x08000854   0x00000028   Code   RO         5799    i.CAN1_TX_IRQHandler  can_protocol.o
    0x0800087c   0x00000078   Code   RO          416    i.CAN_ClearITPendingBit  stm32f4xx_can.o
    0x080008f4   0x0000002c   Code   RO          418    i.CAN_DeInit        stm32f4xx_can.o
    0x08000920   0x000000cc   Code   RO          420    i.CAN_FilterInit    stm32f4xx_can.o
    0x080009ec   0x000000a8   Code   RO          422    i.CAN_GetITStatus   stm32f4xx_can.o
    0x08000a94   0x00000010   Code   RO          426    i.CAN_ITConfig      stm32f4xx_can.o
    0x08000aa4   0x000000e8   Code   RO          427    i.CAN_Init          stm32f4xx_can.o
    0x08000b8c   0x00000090   Code   RO          430    i.CAN_Receive       stm32f4xx_can.o
    0x08000c1c   0x00000020   Code   RO          433    i.CAN_StructInit    stm32f4xx_can.o
    0x08000c3c   0x000000a4   Code   RO          435    i.CAN_Transmit      stm32f4xx_can.o
    0x08000ce0   0x0000000c   Code   RO          438    i.CheckITStatus     stm32f4xx_can.o
    0x08000cec   0x00000002   Code   RO         5162    i.DebugMon_Handler  stm32f4xx_it.o
    0x08000cee   0x000000a2   Code   RO         2004    i.GPIO_Init         stm32f4xx_gpio.o
    0x08000d90   0x00000020   Code   RO         2005    i.GPIO_PinAFConfig  stm32f4xx_gpio.o
    0x08000db0   0x0000000e   Code   RO         2008    i.GPIO_ReadInputDataBit  stm32f4xx_gpio.o
    0x08000dbe   0x00000004   Code   RO         2011    i.GPIO_ResetBits    stm32f4xx_gpio.o
    0x08000dc2   0x00000004   Code   RO         2012    i.GPIO_SetBits      stm32f4xx_gpio.o
    0x08000dc6   0x00000012   Code   RO         2013    i.GPIO_StructInit   stm32f4xx_gpio.o
    0x08000dd8   0x00000002   Code   RO         5163    i.HardFault_Handler  stm32f4xx_it.o
    0x08000dda   0x00000002   PAD
    0x08000ddc   0x0000000c   Code   RO         6013    i.LED_OFF           led.o
    0x08000de8   0x00000002   Code   RO         5164    i.MemManage_Handler  stm32f4xx_it.o
    0x08000dea   0x00000002   Code   RO         5165    i.NMI_Handler       stm32f4xx_it.o
    0x08000dec   0x00000064   Code   RO            4    i.NVIC_Init         misc.o
    0x08000e50   0x00000014   Code   RO            6    i.NVIC_SetVectorTable  misc.o
    0x08000e64   0x00000002   Code   RO         5166    i.PendSV_Handler    stm32f4xx_it.o
    0x08000e66   0x00000002   PAD
    0x08000e68   0x00000018   Code   RO         2945    i.RCC_AHB1PeriphClockCmd  stm32f4xx_rcc.o
    0x08000e80   0x00000018   Code   RO         2954    i.RCC_APB1PeriphClockCmd  stm32f4xx_rcc.o
    0x08000e98   0x00000018   Code   RO         2955    i.RCC_APB1PeriphClockLPModeCmd  stm32f4xx_rcc.o
    0x08000eb0   0x00000018   Code   RO         2956    i.RCC_APB1PeriphResetCmd  stm32f4xx_rcc.o
    0x08000ec8   0x00000018   Code   RO         2957    i.RCC_APB2PeriphClockCmd  stm32f4xx_rcc.o
    0x08000ee0   0x00000018   Code   RO         2959    i.RCC_APB2PeriphResetCmd  stm32f4xx_rcc.o
    0x08000ef8   0x00000090   Code   RO         2966    i.RCC_GetClocksFreq  stm32f4xx_rcc.o
    0x08000f88   0x00000014   Code   RO         4114    i.SPI_CalculateCRC  stm32f4xx_spi.o
    0x08000f9c   0x00000014   Code   RO         4115    i.SPI_Cmd           stm32f4xx_spi.o
    0x08000fb0   0x0000000e   Code   RO         4123    i.SPI_I2S_GetFlagStatus  stm32f4xx_spi.o
    0x08000fbe   0x00000004   Code   RO         4126    i.SPI_I2S_ReceiveData  stm32f4xx_spi.o
    0x08000fc2   0x00000004   Code   RO         4127    i.SPI_I2S_SendData  stm32f4xx_spi.o
    0x08000fc6   0x00000038   Code   RO         4128    i.SPI_Init          stm32f4xx_spi.o
    0x08000ffe   0x00000014   Code   RO         4130    i.SPI_SSOutputCmd   stm32f4xx_spi.o
    0x08001012   0x00000002   Code   RO         5167    i.SVC_Handler       stm32f4xx_it.o
    0x08001014   0x000000bc   Code   RO         5384    i.SetSysClock       system_stm32f4xx.o
    0x080010d0   0x00000002   Code   RO         5168    i.SysTick_Handler   stm32f4xx_it.o
    0x080010d2   0x00000002   PAD
    0x080010d4   0x0000005c   Code   RO         5386    i.SystemInit        system_stm32f4xx.o
    0x08001130   0x00000040   Code   RO         6121    i.TIM5_IRQHandler   ticks.o
    0x08001170   0x00000014   Code   RO         4345    i.TIM_ARRPreloadConfig  stm32f4xx_tim.o
    0x08001184   0x00000006   Code   RO         4351    i.TIM_ClearFlag     stm32f4xx_tim.o
    0x0800118a   0x00000006   Code   RO         4352    i.TIM_ClearITPendingBit  stm32f4xx_tim.o
    0x08001190   0x00000014   Code   RO         4357    i.TIM_Cmd           stm32f4xx_tim.o
    0x080011a4   0x00000016   Code   RO         4359    i.TIM_CtrlPWMOutputs  stm32f4xx_tim.o
    0x080011ba   0x00000002   PAD
    0x080011bc   0x00000150   Code   RO         4362    i.TIM_DeInit        stm32f4xx_tim.o
    0x0800130c   0x00000032   Code   RO         4366    i.TIM_EncoderInterfaceConfig  stm32f4xx_tim.o
    0x0800133e   0x00000004   Code   RO         4376    i.TIM_GetCounter    stm32f4xx_tim.o
    0x08001342   0x00000018   Code   RO         4378    i.TIM_GetITStatus   stm32f4xx_tim.o
    0x0800135a   0x00000010   Code   RO         4382    i.TIM_ITConfig      stm32f4xx_tim.o
    0x0800136a   0x00000002   PAD
    0x0800136c   0x00000060   Code   RO         4386    i.TIM_OC1Init       stm32f4xx_tim.o
    0x080013cc   0x0000000c   Code   RO         4389    i.TIM_OC1PreloadConfig  stm32f4xx_tim.o
    0x080013d8   0x00000004   Code   RO         4417    i.TIM_SetAutoreload  stm32f4xx_tim.o
    0x080013dc   0x00000004   Code   RO         4419    i.TIM_SetCompare1   stm32f4xx_tim.o
    0x080013e0   0x00000004   Code   RO         4423    i.TIM_SetCounter    stm32f4xx_tim.o
    0x080013e4   0x0000007c   Code   RO         4429    i.TIM_TimeBaseInit  stm32f4xx_tim.o
    0x08001460   0x0000003c   Code   RO         6193    i.USART1_IRQHandler  usart.o
    0x0800149c   0x0000003c   Code   RO         6194    i.USART2_IRQHandler  usart.o
    0x080014d8   0x0000000c   Code   RO         4898    i.USART_ClearITPendingBit  stm32f4xx_usart.o
    0x080014e4   0x00000014   Code   RO         4901    i.USART_Cmd         stm32f4xx_usart.o
    0x080014f8   0x0000000e   Code   RO         4904    i.USART_GetFlagStatus  stm32f4xx_usart.o
    0x08001506   0x0000003e   Code   RO         4905    i.USART_GetITStatus  stm32f4xx_usart.o
    0x08001544   0x00000030   Code   RO         4907    i.USART_ITConfig    stm32f4xx_usart.o
    0x08001574   0x000000ac   Code   RO         4908    i.USART_Init        stm32f4xx_usart.o
    0x08001620   0x00000008   Code   RO         4915    i.USART_ReceiveData  stm32f4xx_usart.o
    0x08001628   0x00000008   Code   RO         4918    i.USART_SendData    stm32f4xx_usart.o
    0x08001630   0x00000002   Code   RO         5169    i.UsageFault_Handler  stm32f4xx_it.o
    0x08001632   0x00000002   PAD
    0x08001634   0x00000024   Code   RO         6769    i.__0vsprintf       mc_w.l(printfa.o)
    0x08001658   0x0000000e   Code   RO         6838    i.__scatterload_copy  mc_w.l(handlers.o)
    0x08001666   0x00000002   Code   RO         6839    i.__scatterload_null  mc_w.l(handlers.o)
    0x08001668   0x0000000e   Code   RO         6840    i.__scatterload_zeroinit  mc_w.l(handlers.o)
    0x08001676   0x00000002   PAD
    0x08001678   0x00000064   Code   RO         6122    i._delay_ms         ticks.o
    0x080016dc   0x00000164   Code   RO         6770    i._fp_digits        mc_w.l(printfa.o)
    0x08001840   0x000006dc   Code   RO         6771    i._printf_core      mc_w.l(printfa.o)
    0x08001f1c   0x00000024   Code   RO         6772    i._printf_post_padding  mc_w.l(printfa.o)
    0x08001f40   0x0000002e   Code   RO         6773    i._printf_pre_padding  mc_w.l(printfa.o)
    0x08001f6e   0x0000000a   Code   RO         6775    i._sputc            mc_w.l(printfa.o)
    0x08001f78   0x0000003c   Code   RO         6669    i.ardu_imu_init     ardu_imu.o
    0x08001fb4   0x000000ac   Code   RO         6670    i.ardu_imu_receiver  ardu_imu.o
    0x08002060   0x00000010   Code   RO         6671    i.ardu_imu_try_sync  ardu_imu.o
    0x08002070   0x000000dc   Code   RO         6672    i.ardu_imu_value_update  ardu_imu.o
    0x0800214c   0x0000002c   Code   RO         6639    i.button_init       button.o
    0x08002178   0x00000018   Code   RO         6640    i.button_pressed    button.o
    0x08002190   0x000000c8   Code   RO         5568    i.buzzer_check      buzzer.o
    0x08002258   0x00000108   Code   RO         5573    i.buzzer_init       buzzer.o
    0x08002360   0x0000000c   Code   RO         5574    i.buzzer_off        buzzer.o
    0x0800236c   0x00000024   Code   RO         5575    i.buzzer_on         buzzer.o
    0x08002390   0x0000003c   Code   RO         5576    i.buzzer_play_song  buzzer.o
    0x080023cc   0x0000001c   Code   RO         5577    i.buzzer_set_note_period  buzzer.o
    0x080023e8   0x00000020   Code   RO         5800    i.can_empty_mailbox  can_protocol.o
    0x08002408   0x000000d4   Code   RO         5803    i.can_init          can_protocol.o
    0x080024dc   0x0000005c   Code   RO         5804    i.can_rx_add_filter  can_protocol.o
    0x08002538   0x00000030   Code   RO         5805    i.can_rx_init       can_protocol.o
    0x08002568   0x00000094   Code   RO         5806    i.can_tx_dequeue    can_protocol.o
    0x080025fc   0x00000018   Code   RO         5809    i.can_tx_queue_empty  can_protocol.o
    0x08002614   0x000000c8   Code   RO         6505    i.determineZone     bajaj.o
    0x080026dc   0x0000013c   Code   RO         5924    i.encoder_init      encoder.o
    0x08002818   0x00000048   Code   RO         6719    i.fabs_diff         imu_math.o
    0x08002860   0x0000005c   Code   RO         6506    i.fill_sensorbar_array  bajaj.o
    0x080028bc   0x00000014   Code   RO         5925    i.get_count         encoder.o
    0x080028d0   0x00000010   Code   RO         5926    i.get_full_count    encoder.o
    0x080028e0   0x00000018   Code   RO         6124    i.get_full_ticks    ticks.o
    0x080028f8   0x00000024   Code   RO         5580    i.get_note_period   buzzer.o
    0x0800291c   0x0000000c   Code   RO         6126    i.get_ticks         ticks.o
    0x08002928   0x0000006c   Code   RO         6507    i.goNinety          bajaj.o
    0x08002994   0x000000d8   Code   RO         6508    i.goNormal          bajaj.o
    0x08002a6c   0x0000003c   Code   RO         6509    i.goStraightLittleBit  bajaj.o
    0x08002aa8   0x00000078   Code   RO         6510    i.goUsingImu        bajaj.o
    0x08002b20   0x00000048   Code   RO         5980    i.infrared_sensor_init  infrared_sensor.o
    0x08002b68   0x000000ec   Code   RO         6513    i.initializeValues  bajaj.o
    0x08002c54   0x00000038   Code   RO         6015    i.led_init          led.o
    0x08002c8c   0x0000025c   Code   RO         5432    i.main              main.o
    0x08002ee8   0x00000144   Code   RO         6514    i.printSystemOff    bajaj.o
    0x0800302c   0x0000016c   Code   RO         6515    i.print_data        bajaj.o
    0x08003198   0x00000050   Code   RO         6516    i.process_array     bajaj.o
    0x080031e8   0x00000024   Code   RO         5981    i.read_infrared_sensor  infrared_sensor.o
    0x0800320c   0x0000001c   Code   RO         6517    i.receive           bajaj.o
    0x08003228   0x0000001c   Code   RO         6518    i.receive2          bajaj.o
    0x08003244   0x0000000c   Code   RO         6519    i.receive3          bajaj.o
    0x08003250   0x0000000c   Code   RO         5928    i.reset_encoder_1   encoder.o
    0x0800325c   0x00000130   Code   RO         6520    i.runUserInterface  bajaj.o
    0x0800338c   0x00000018   Code   RO         6088    i.servo_control     servo.o
    0x080033a4   0x000000d0   Code   RO         6089    i.servo_init        servo.o
    0x08003474   0x00000012   Code   RO         6127    i.simple_delay1_ms  ticks.o
    0x08003486   0x00000002   PAD
    0x08003488   0x0000006c   Code   RO         6521    i.systemInit        bajaj.o
    0x080034f4   0x00000070   Code   RO         6288    i.tft_char_is_changed  tft_display.o
    0x08003564   0x00000014   Code   RO         6289    i.tft_clear         tft_display.o
    0x08003578   0x00000048   Code   RO         6290    i.tft_clear_line    tft_display.o
    0x080035c0   0x00000204   Code   RO         6292    i.tft_config        tft_display.o
    0x080037c4   0x00000068   Code   RO         6295    i.tft_fill_color    tft_display.o
    0x0800382c   0x000000a4   Code   RO         6303    i.tft_init          tft_display.o
    0x080038d0   0x000000d4   Code   RO         6304    i.tft_prints        tft_display.o
    0x080039a4   0x0000002c   Code   RO         6308    i.tft_reset         tft_display.o
    0x080039d0   0x00000052   Code   RO         6310    i.tft_set_char_pos  tft_display.o
    0x08003a22   0x00000002   PAD
    0x08003a24   0x00000110   Code   RO         6315    i.tft_spi_init      tft_display.o
    0x08003b34   0x00000440   Code   RO         6317    i.tft_update        tft_display.o
    0x08003f74   0x00000058   Code   RO         6318    i.tft_write_command  tft_display.o
    0x08003fcc   0x00000058   Code   RO         6319    i.tft_write_data    tft_display.o
    0x08004024   0x00000068   Code   RO         6128    i.ticks_init        ticks.o
    0x0800408c   0x000000d8   Code   RO         6195    i.uart_init         usart.o
    0x08004164   0x00000048   Code   RO         6196    i.uart_interrupt    usart.o
    0x080041ac   0x00000028   Code   RO         6197    i.uart_interrupt_init  usart.o
    0x080041d4   0x0000002c   Code   RO         6201    i.uart_tx           usart.o
    0x08004200   0x00000028   Code   RO         6202    i.uart_tx_byte      usart.o
    0x08004228   0x0000000c   Data   RO         5666    .constdata          buzzer_song.o
    0x08004234   0x00000038   Data   RO         5671    .constdata          buzzer_song.o
    0x0800426c   0x00000038   Data   RO         6204    .constdata          usart.o
    0x080042a4   0x00000020   Data   RO         6836    Region$$Table       anon$$obj.o


    Execution Region RW_IRAM1 (Base: 0x20000000, Size: 0x00009d30, Max: 0x00020000, ABSOLUTE, COMPRESSED[0x00000710])

    Base Addr    Size         Type   Attr      Idx    E Section Name        Object

    0x20000000   0x00000010   Data   RW         2998    .data               stm32f4xx_rcc.o
    0x20000010   0x00000014   Data   RW         5387    .data               system_stm32f4xx.o
    0x20000024   0x00000001   Data   RW         5434    .data               main.o
    0x20000025   0x00000003   PAD
    0x20000028   0x00000010   Data   RW         5435    .data               main.o
    0x20000038   0x00000004   Data   RW         5436    .data               main.o
    0x2000003c   0x00000004   Data   RW         5437    .data               main.o
    0x20000040   0x00000004   Data   RW         5438    .data               main.o
    0x20000044   0x00000004   Data   RW         5442    .data               main.o
    0x20000048   0x00000008   Data   RW         5443    .data               main.o
    0x20000050   0x00000008   Data   RW         5444    .data               main.o
    0x20000058   0x00000004   Data   RW         5445    .data               main.o
    0x2000005c   0x00000024   Data   RW         5584    .data               buzzer.o
    0x20000080   0x00000014   Data   RW         5817    .data               can_protocol.o
    0x20000094   0x00000028   Data   RW         5930    .data               encoder.o
    0x200000bc   0x00000008   Data   RW         5982    .data               infrared_sensor.o
    0x200000c4   0x00000018   Data   RW         6090    .data               servo.o
    0x200000dc   0x00000006   Data   RW         6129    .data               ticks.o
    0x200000e2   0x00000002   PAD
    0x200000e4   0x00000024   Data   RW         6206    .data               usart.o
    0x20000108   0x0000100a   Data   RW         6321    .data               tft_display.o
    0x20001112   0x00000002   PAD
    0x20001114   0x00000062   Data   RW         6523    .data               bajaj.o
    0x20001176   0x00000002   PAD
    0x20001178   0x0000000c   Data   RW         6674    .data               ardu_imu.o
    0x20001184   0x00000010   Zero   RW         5433    .bss                main.o
    0x20001194   0x0000001a   Zero   RW         5581    .bss                buzzer.o
    0x200011ae   0x00000018   Zero   RW         5582    .bss                buzzer.o
    0x200011c6   0x00000002   PAD
    0x200011c8   0x00007d00   Zero   RW         5815    .bss                can_protocol.o
    0x20008ec8   0x00000080   Zero   RW         5816    .bss                can_protocol.o
    0x20008f48   0x00000898   Zero   RW         6320    .bss                tft_display.o
    0x200097e0   0x00000150   Zero   RW         6673    .bss                ardu_imu.o
    0x20009930   0x00000400   Zero   RW         5422    STACK               startup_stm32f40_41xxx.o


==============================================================================

Image component sizes


      Code (inc. data)   RO Data    RW Data    ZI Data      Debug   Object Name

       468         54          0         12        336       4280   ardu_imu.o
      2280        654          0         98          0      11538   bajaj.o
        68         10          0          0          0       1151   button.o
       636         64          0         36         50       5538   buzzer.o
         0          0         68          0          0        984   buzzer_song.o
       740         66          0         20      32128       6436   can_protocol.o
       364         26          0         40          0       2918   encoder.o
        72         14          0          0          0        680   imu_math.o
       108         22          0          8          0       1815   infrared_sensor.o
        68         10          0          0          0       1273   led.o
       604        126          0         53         16       2824   main.o
       120         12          0          0          0     279566   misc.o
       232         18          0         24          0       1925   servo.o
        36          8        392          0       1024        972   startup_stm32f40_41xxx.o
         0          0          0          0          0       1776   stm32f4xx_adc.o
      1136         26          0          0          0      17396   stm32f4xx_can.o
       234          0          0          0          0      11965   stm32f4xx_gpio.o
        18          0          0          0          0      57450   stm32f4xx_it.o
       288         48          0         16          0      22876   stm32f4xx_rcc.o
       138          0          0          0          0      13799   stm32f4xx_spi.o
       748         88          0          0          0      33148   stm32f4xx_tim.o
       344          8          0          0          0      13115   stm32f4xx_usart.o
       280         38          0         20          0       2353   system_stm32f4xx.o
      2862        104          0       4106       2200      12109   tft_display.o
       336         32          0          6          0       4447   ticks.o
       532         50         56         36          0       7492   usart.o

    ----------------------------------------------------------------------
     12730       1478        548       4484      35756     519826   Object Totals
         0          0         32          0          0          0   (incl. Generated)
        18          0          0          9          2          0   (incl. Padding)

    ----------------------------------------------------------------------

      Code (inc. data)   RO Data    RW Data    ZI Data      Debug   Library Member Name

        86          0          0          0          0          0   __dczerorl2.o
         0          0          0          0          0          0   entry.o
         0          0          0          0          0          0   entry10a.o
         0          0          0          0          0          0   entry11a.o
         8          4          0          0          0          0   entry2.o
         4          0          0          0          0          0   entry5.o
         0          0          0          0          0          0   entry7b.o
         0          0          0          0          0          0   entry8b.o
         8          4          0          0          0          0   entry9a.o
        30          0          0          0          0          0   handlers.o
        36          8          0          0          0         68   init.o
         0          0          0          0          0          0   iusefp.o
        30          0          0          0          0         68   llshl.o
        36          0          0          0          0         68   llsshr.o
        32          0          0          0          0         68   llushr.o
        36          0          0          0          0         68   memcpya.o
      2240         86          0          0          0        508   printfa.o
        18          0          0          0          0         68   strcpy.o
        44          0          0          0          0         80   uidiv.o
        98          0          0          0          0         92   uldiv.o
        48          0          0          0          0         68   cdrcmple.o
       334          0          0          0          0        148   dadd.o
       222          0          0          0          0        100   ddiv.o
       186          0          0          0          0        176   depilogue.o
        48          0          0          0          0         68   dfixul.o
       228          0          0          0          0         96   dmul.o
        38          0          0          0          0         68   f2d.o

    ----------------------------------------------------------------------
      3814        102          0          0          0       1812   Library Totals
         4          0          0          0          0          0   (incl. Padding)

    ----------------------------------------------------------------------

      Code (inc. data)   RO Data    RW Data    ZI Data      Debug   Library Name

      2706        102          0          0          0       1088   mc_w.l
      1104          0          0          0          0        724   mf_w.l

    ----------------------------------------------------------------------
      3814        102          0          0          0       1812   Library Totals

    ----------------------------------------------------------------------

==============================================================================


      Code (inc. data)   RO Data    RW Data    ZI Data      Debug   

     16544       1580        548       4484      35756     507586   Grand Totals
     16544       1580        548       1808      35756     507586   ELF Image Totals (compressed)
     16544       1580        548       1808          0          0   ROM Totals

==============================================================================

    Total RO  Size (Code + RO Data)                17092 (  16.69kB)
    Total RW  Size (RW Data + ZI Data)             40240 (  39.30kB)
    Total ROM Size (Code + RO Data + RW Data)      18900 (  18.46kB)

==============================================================================

