<html>
<body>
<pre>
<h1>µVision Build Log</h1>
<h2>Tool Versions:</h2>
IDE-Version: £gVision V5.20.0.0
Copyright (C) 2016 ARM Ltd and ARM Germany GmbH. All rights reserved.
License Information: YUI TING MOK, HKUST ROBOTICS, LIC=X9663-AQ36H-GJP6P-M9GU4-RE7BA-XNHD5
 
Tool Versions:
Toolchain:       MDK-ARM Plus  Version: 5.20
Toolchain Path:  C:\Keil_v5\ARM\ARMCC\Bin
C Compiler:      Armcc.exe V5.06 update 2 (build 183)
Assembler:       Armasm.exe V5.06 update 2 (build 183)
Linker/Locator:  ArmLink.exe V5.06 update 2 (build 183)
Library Manager: ArmAr.exe V5.06 update 2 (build 183)
Hex Converter:   FromElf.exe V5.06 update 2 (build 183)
CPU DLL:         SARMCM3.DLL V5.20
Dialog DLL:      DCM.DLL V1.13.7.0
Target DLL:      UL2CM3.DLL V1.157.18.0
Dialog DLL:      TCM.DLL V1.14.9.0
 
<h2>Project:</h2>
C:\Users\Cherry\Desktop\STM32F103_4_2_MAINBOARD\Project.uvprojx
Project File Date:  06/08/2016

<h2>Output:</h2>
*** Using Compiler 'V5.06 update 2 (build 183)', folder: 'C:\Keil_v5\ARM\ARMCC\Bin'
Build target 'stm32_template'
compiling system.c...
.\src\ustrobo_min_system\inc\led.h(38): warning:  #1295-D: Deprecated declaration get_led_state - give arg types
  u8 get_led_state();
src\user\can_motor.h(52): warning:  #1-D: last line of file ends without a newline
  #endif
.\src\ustrobo_min_system\inc\gyro.h(44): warning:  #1-D: last line of file ends without a newline
  #endif		/* __GYRO_H */
src\user\MPU6050.h(394): warning:  #1295-D: Deprecated declaration MPU6050_Initialize - give arg types
  void MPU6050_Initialize();
src\user\MPU6050.h(395): warning:  #1295-D: Deprecated declaration MPU6050_TestConnection - give arg types
  u8 MPU6050_TestConnection();
src\user\MPU6050.h(398): warning:  #1295-D: Deprecated declaration MPU6050_GetFullScaleGyroRange - give arg types
  uint8_t MPU6050_GetFullScaleGyroRange();
src\user\MPU6050.h(401): warning:  #1295-D: Deprecated declaration MPU6050_GetFullScaleAccelRange - give arg types
  uint8_t MPU6050_GetFullScaleAccelRange();
src\user\MPU6050.h(405): warning:  #1295-D: Deprecated declaration MPU6050_GetSleepModeStatus - give arg types
  u8 MPU6050_GetSleepModeStatus();
src\user\MPU6050.h(409): warning:  #1295-D: Deprecated declaration MPU6050_GetDeviceID - give arg types
  uint8_t MPU6050_GetDeviceID();
src\user\MPU6050.h(418): warning:  #1295-D: Deprecated declaration MPU6050_I2C_Init - give arg types
  void MPU6050_I2C_Init();
src\user\system.c(5): warning:  #188-D: enumerated type mixed with another type
  	tft_init(2, 
LUE, 
ELLOW, 
ED);
src\user\system.c(45): warning:  #1-D: last line of file ends without a newline
  }
src\user\system.c: 12 warnings, 0 errors
linking...
Program Size: Code=30976 RO-data=540 RW-data=2360 ZI-data=38752  
FromELF: creating hex file...
".\output\stm32_template.axf" - 0 Error(s), 12 Warning(s).

<h2>Collection of Component include folders:</h2>
  C:\Users\Cherry\Desktop\STM32F103_4_2_MAINBOARD\RTE
  C:\Keil_v5\ARM\PACK\Keil\STM32F1xx_DFP\2.1.0\Device\Include

<h2>Collection of Component Files used:</h2>
Build Time Elapsed:  00:00:02
</pre>
</body>
</html>
