<html>
<body>
<pre>
<h1>µVision Build Log</h1>
<h2>Project:</h2>
C:\Users\cktse\Desktop\Light Sensor Bar - India ver - CAN cali\USER\STM32-DEMO.uvproj
Project File Date:  07/20/2014

<h2>Output:</h2>
Build target 'Target 1'
compiling main.c...
compiling can.c...
compiling can_protocol.c...
compiling lightsensor.c...
lightsensor.c(53): warning:  #940-D: missing return statement at end of non-void function "resultColour"
lightsensor.c(31): warning:  #177-D: variable "i" was declared but never referenced
lightsensor.c(300): warning:  #177-D: variable "id_array" was declared but never referenced
lightsensor.c(304): warning:  #177-D: variable "timer" was declared but never referenced
linking...
Program Size: Code=22928 RO-data=336 RW-data=436 ZI-data=6932  
FromELF: creating hex file...
User command #1: C:\Program Files\STMicroelectronics\Software\Flash Loader Demonstrator\STMFlashLoader.exe -c --pn 30 --br 115200 -i STM32_High-density_512K -e --all -p --dwp --drp -d --a 8000000 --fn .\Output\STM32-DEMO.hex --v
--- Error: User Command terminated, Exit-Code = 1
"..\Output\STM32-DEMO.axf" - 1 Error(s), 4 Warning(s).
Build target 'Target 1'
compiling can_protocol.c...
compiling lightsensor.c...
lightsensor.c(55): warning:  #940-D: missing return statement at end of non-void function "resultColour"
lightsensor.c(33): warning:  #177-D: variable "i" was declared but never referenced
lightsensor.c(302): warning:  #177-D: variable "id_array" was declared but never referenced
lightsensor.c(306): warning:  #177-D: variable "timer" was declared but never referenced
linking...
Program Size: Code=22936 RO-data=336 RW-data=436 ZI-data=6932  
FromELF: creating hex file...
User command #1: C:\Program Files\STMicroelectronics\Software\Flash Loader Demonstrator\STMFlashLoader.exe -c --pn 30 --br 115200 -i STM32_High-density_512K -e --all -p --dwp --drp -d --a 8000000 --fn .\Output\STM32-DEMO.hex --v
--- Error: User Command terminated, Exit-Code = 1
"..\Output\STM32-DEMO.axf" - 1 Error(s), 4 Warning(s).
Build target 'Target 1'
linking...
Program Size: Code=22936 RO-data=336 RW-data=436 ZI-data=6932  
FromELF: creating hex file...
User command #1: C:\Program Files\STMicroelectronics\Software\Flash Loader Demonstrator\STMFlashLoader.exe -c --pn 30 --br 115200 -i STM32_High-density_512K -e --all -p --dwp --drp -d --a 8000000 --fn .\Output\STM32-DEMO.hex --v
--- Error: User Command terminated, Exit-Code = 1
"..\Output\STM32-DEMO.axf" - 1 Error(s), 0 Warning(s).
Build target 'Target 1'
compiling lightsensor.c...
lightsensor.c(55): warning:  #940-D: missing return statement at end of non-void function "resultColour"
lightsensor.c(33): warning:  #177-D: variable "i" was declared but never referenced
lightsensor.c(302): warning:  #177-D: variable "id_array" was declared but never referenced
lightsensor.c(306): warning:  #177-D: variable "timer" was declared but never referenced
linking...
Program Size: Code=22976 RO-data=336 RW-data=436 ZI-data=6932  
FromELF: creating hex file...
User command #1: C:\Program Files\STMicroelectronics\Software\Flash Loader Demonstrator\STMFlashLoader.exe -c --pn 30 --br 115200 -i STM32_High-density_512K -e --all -p --dwp --drp -d --a 8000000 --fn .\Output\STM32-DEMO.hex --v
--- Error: User Command terminated, Exit-Code = 1
"..\Output\STM32-DEMO.axf" - 1 Error(s), 4 Warning(s).
Build target 'Target 1'
linking...
Program Size: Code=22976 RO-data=336 RW-data=436 ZI-data=6932  
FromELF: creating hex file...
User command #1: C:\Program Files\STMicroelectronics\Software\Flash Loader Demonstrator\STMFlashLoader.exe -c --pn 30 --br 115200 -i STM32_High-density_512K -e --all -p --dwp --drp -d --a 8000000 --fn .\Output\STM32-DEMO.hex --v
--- Error: User Command terminated, Exit-Code = 1
"..\Output\STM32-DEMO.axf" - 1 Error(s), 0 Warning(s).
Build target 'Target 1'
compiling lightsensor.c...
lightsensor.c(55): warning:  #940-D: missing return statement at end of non-void function "resultColour"
lightsensor.c(33): warning:  #177-D: variable "i" was declared but never referenced
lightsensor.c(302): warning:  #177-D: variable "id_array" was declared but never referenced
lightsensor.c(306): warning:  #177-D: variable "timer" was declared but never referenced
linking...
Program Size: Code=22992 RO-data=336 RW-data=436 ZI-data=6932  
FromELF: creating hex file...
User command #1: C:\Program Files\STMicroelectronics\Software\Flash Loader Demonstrator\STMFlashLoader.exe -c --pn 30 --br 115200 -i STM32_High-density_512K -e --all -p --dwp --drp -d --a 8000000 --fn .\Output\STM32-DEMO.hex --v
--- Error: User Command terminated, Exit-Code = 1
"..\Output\STM32-DEMO.axf" - 1 Error(s), 4 Warning(s).
Build target 'Target 1'
linking...
Program Size: Code=22992 RO-data=336 RW-data=436 ZI-data=6932  
FromELF: creating hex file...
User command #1: C:\Program Files\STMicroelectronics\Software\Flash Loader Demonstrator\STMFlashLoader.exe -c --pn 30 --br 115200 -i STM32_High-density_512K -e --all -p --dwp --drp -d --a 8000000 --fn .\Output\STM32-DEMO.hex --v
--- Error: User Command terminated, Exit-Code = 1
"..\Output\STM32-DEMO.axf" - 1 Error(s), 0 Warning(s).
Build target 'Target 1'
compiling can_protocol.c...
compiling lightsensor.c...
lightsensor.c(55): warning:  #940-D: missing return statement at end of non-void function "resultColour"
lightsensor.c(33): warning:  #177-D: variable "i" was declared but never referenced
lightsensor.c(302): warning:  #177-D: variable "id_array" was declared but never referenced
lightsensor.c(306): warning:  #177-D: variable "timer" was declared but never referenced
linking...
Program Size: Code=23020 RO-data=336 RW-data=436 ZI-data=6932  
FromELF: creating hex file...
User command #1: C:\Program Files\STMicroelectronics\Software\Flash Loader Demonstrator\STMFlashLoader.exe -c --pn 30 --br 115200 -i STM32_High-density_512K -e --all -p --dwp --drp -d --a 8000000 --fn .\Output\STM32-DEMO.hex --v
--- Error: User Command terminated, Exit-Code = 1
"..\Output\STM32-DEMO.axf" - 1 Error(s), 4 Warning(s).
Build target 'Target 1'
compiling main.c...
compiling can_protocol.c...
compiling lightsensor.c...
lightsensor.c(55): warning:  #940-D: missing return statement at end of non-void function "resultColour"
lightsensor.c(33): warning:  #177-D: variable "i" was declared but never referenced
lightsensor.c(419): warning:  #111-D: statement is unreachable
lightsensor.c(304): warning:  #177-D: variable "id_array" was declared but never referenced
lightsensor.c(308): warning:  #177-D: variable "timer" was declared but never referenced
linking...
Program Size: Code=23096 RO-data=336 RW-data=436 ZI-data=6932  
FromELF: creating hex file...
User command #1: C:\Program Files\STMicroelectronics\Software\Flash Loader Demonstrator\STMFlashLoader.exe -c --pn 30 --br 115200 -i STM32_High-density_512K -e --all -p --dwp --drp -d --a 8000000 --fn .\Output\STM32-DEMO.hex --v
--- Error: User Command terminated, Exit-Code = 1
"..\Output\STM32-DEMO.axf" - 1 Error(s), 5 Warning(s).
Build target 'Target 1'
compiling can_protocol.c...
compiling lightsensor.c...
lightsensor.c(55): warning:  #940-D: missing return statement at end of non-void function "resultColour"
lightsensor.c(33): warning:  #177-D: variable "i" was declared but never referenced
lightsensor.c(420): warning:  #111-D: statement is unreachable
lightsensor.c(304): warning:  #177-D: variable "id_array" was declared but never referenced
lightsensor.c(308): warning:  #177-D: variable "timer" was declared but never referenced
linking...
Program Size: Code=23088 RO-data=336 RW-data=436 ZI-data=6932  
FromELF: creating hex file...
User command #1: C:\Program Files\STMicroelectronics\Software\Flash Loader Demonstrator\STMFlashLoader.exe -c --pn 30 --br 115200 -i STM32_High-density_512K -e --all -p --dwp --drp -d --a 8000000 --fn .\Output\STM32-DEMO.hex --v
--- Error: User Command terminated, Exit-Code = 1
"..\Output\STM32-DEMO.axf" - 1 Error(s), 5 Warning(s).
Build target 'Target 1'
linking...
Program Size: Code=23088 RO-data=336 RW-data=436 ZI-data=6932  
FromELF: creating hex file...
User command #1: C:\Program Files\STMicroelectronics\Software\Flash Loader Demonstrator\STMFlashLoader.exe -c --pn 30 --br 115200 -i STM32_High-density_512K -e --all -p --dwp --drp -d --a 8000000 --fn .\Output\STM32-DEMO.hex --v
--- Error: User Command terminated, Exit-Code = 1
"..\Output\STM32-DEMO.axf" - 1 Error(s), 0 Warning(s).
Build target 'Target 1'
linking...
Program Size: Code=23088 RO-data=336 RW-data=436 ZI-data=6932  
FromELF: creating hex file...
User command #1: C:\Program Files\STMicroelectronics\Software\Flash Loader Demonstrator\STMFlashLoader.exe -c --pn 30 --br 115200 -i STM32_High-density_512K -e --all -p --dwp --drp -d --a 8000000 --fn .\Output\STM32-DEMO.hex --v
--- Error: User Command terminated, Exit-Code = 1
"..\Output\STM32-DEMO.axf" - 1 Error(s), 0 Warning(s).
Build target 'Target 1'
compiling main.c...
compiling can.c...
compiling can_protocol.c...
compiling lightsensor.c...
lightsensor.c(55): warning:  #940-D: missing return statement at end of non-void function "resultColour"
lightsensor.c(33): warning:  #177-D: variable "i" was declared but never referenced
lightsensor.c(420): warning:  #111-D: statement is unreachable
lightsensor.c(304): warning:  #177-D: variable "id_array" was declared but never referenced
lightsensor.c(308): warning:  #177-D: variable "timer" was declared but never referenced
linking...
Program Size: Code=23088 RO-data=336 RW-data=436 ZI-data=6932  
FromELF: creating hex file...
User command #1: C:\Program Files\STMicroelectronics\Software\Flash Loader Demonstrator\STMFlashLoader.exe -c --pn 30 --br 115200 -i STM32_High-density_512K -e --all -p --dwp --drp -d --a 8000000 --fn .\Output\STM32-DEMO.hex --v
--- Error: User Command terminated, Exit-Code = 1
"..\Output\STM32-DEMO.axf" - 1 Error(s), 5 Warning(s).
Build target 'Target 1'
linking...
Program Size: Code=23088 RO-data=336 RW-data=436 ZI-data=6932  
FromELF: creating hex file...
User command #1: C:\Program Files\STMicroelectronics\Software\Flash Loader Demonstrator\STMFlashLoader.exe -c --pn 30 --br 115200 -i STM32_High-density_512K -e --all -p --dwp --drp -d --a 8000000 --fn .\Output\STM32-DEMO.hex --v
--- Error: User Command terminated, Exit-Code = 1
"..\Output\STM32-DEMO.axf" - 1 Error(s), 0 Warning(s).
Build target 'Target 1'
compiling main.c...
compiling can.c...
compiling can_protocol.c...
compiling lightsensor.c...
lightsensor.c(55): warning:  #940-D: missing return statement at end of non-void function "resultColour"
lightsensor.c(33): warning:  #177-D: variable "i" was declared but never referenced
lightsensor.c(420): warning:  #111-D: statement is unreachable
lightsensor.c(304): warning:  #177-D: variable "id_array" was declared but never referenced
lightsensor.c(308): warning:  #177-D: variable "timer" was declared but never referenced
linking...
Program Size: Code=23088 RO-data=336 RW-data=436 ZI-data=6932  
FromELF: creating hex file...
User command #1: C:\Program Files\STMicroelectronics\Software\Flash Loader Demonstrator\STMFlashLoader.exe -c --pn 30 --br 115200 -i STM32_High-density_512K -e --all -p --dwp --drp -d --a 8000000 --fn .\Output\STM32-DEMO.hex --v
--- Error: User Command terminated, Exit-Code = 1
"..\Output\STM32-DEMO.axf" - 1 Error(s), 5 Warning(s).
Load "..\\Output\\STM32-DEMO.axf" 
Build target 'Target 1'
linking...
Program Size: Code=23088 RO-data=336 RW-data=436 ZI-data=6932  
FromELF: creating hex file...
User command #1: C:\Program Files\STMicroelectronics\Software\Flash Loader Demonstrator\STMFlashLoader.exe -c --pn 30 --br 115200 -i STM32_High-density_512K -e --all -p --dwp --drp -d --a 8000000 --fn .\Output\STM32-DEMO.hex --v
--- Error: User Command terminated, Exit-Code = 1
"..\Output\STM32-DEMO.axf" - 1 Error(s), 0 Warning(s).
Build target 'Target 1'
compiling main.c...
compiling can.c...
compiling can_protocol.c...
compiling lightsensor.c...
lightsensor.c(55): warning:  #940-D: missing return statement at end of non-void function "resultColour"
lightsensor.c(33): warning:  #177-D: variable "i" was declared but never referenced
lightsensor.c(420): warning:  #111-D: statement is unreachable
lightsensor.c(304): warning:  #177-D: variable "id_array" was declared but never referenced
lightsensor.c(308): warning:  #177-D: variable "timer" was declared but never referenced
linking...
Program Size: Code=23088 RO-data=336 RW-data=436 ZI-data=6932  
FromELF: creating hex file...
User command #1: C:\Program Files\STMicroelectronics\Software\Flash Loader Demonstrator\STMFlashLoader.exe -c --pn 30 --br 115200 -i STM32_High-density_512K -e --all -p --dwp --drp -d --a 8000000 --fn .\Output\STM32-DEMO.hex --v
--- Error: User Command terminated, Exit-Code = 1
"..\Output\STM32-DEMO.axf" - 1 Error(s), 5 Warning(s).
Build target 'Target 1'
compiling main.c...
compiling can.c...
compiling can_protocol.c...
compiling lightsensor.c...
lightsensor.c(55): warning:  #940-D: missing return statement at end of non-void function "resultColour"
lightsensor.c(33): warning:  #177-D: variable "i" was declared but never referenced
lightsensor.c(420): warning:  #111-D: statement is unreachable
lightsensor.c(304): warning:  #177-D: variable "id_array" was declared but never referenced
lightsensor.c(308): warning:  #177-D: variable "timer" was declared but never referenced
linking...
Program Size: Code=23088 RO-data=336 RW-data=436 ZI-data=6932  
FromELF: creating hex file...
User command #1: C:\Program Files\STMicroelectronics\Software\Flash Loader Demonstrator\STMFlashLoader.exe -c --pn 30 --br 115200 -i STM32_High-density_512K -e --all -p --dwp --drp -d --a 8000000 --fn .\Output\STM32-DEMO.hex --v
--- Error: User Command terminated, Exit-Code = 1
"..\Output\STM32-DEMO.axf" - 1 Error(s), 5 Warning(s).
Build target 'Target 1'
linking...
Program Size: Code=23088 RO-data=336 RW-data=436 ZI-data=6932  
FromELF: creating hex file...
User command #1: C:\Program Files\STMicroelectronics\Software\Flash Loader Demonstrator\STMFlashLoader.exe -c --pn 30 --br 115200 -i STM32_High-density_512K -e --all -p --dwp --drp -d --a 8000000 --fn .\Output\STM32-DEMO.hex --v
--- Error: User Command terminated, Exit-Code = 1
"..\Output\STM32-DEMO.axf" - 1 Error(s), 0 Warning(s).
Build target 'Target 1'
compiling main.c...
compiling can.c...
compiling can_protocol.c...
compiling lightsensor.c...
lightsensor.c(55): warning:  #940-D: missing return statement at end of non-void function "resultColour"
lightsensor.c(33): warning:  #177-D: variable "i" was declared but never referenced
lightsensor.c(420): warning:  #111-D: statement is unreachable
lightsensor.c(304): warning:  #177-D: variable "id_array" was declared but never referenced
lightsensor.c(308): warning:  #177-D: variable "timer" was declared but never referenced
linking...
Program Size: Code=23088 RO-data=336 RW-data=436 ZI-data=6932  
FromELF: creating hex file...
User command #1: C:\Program Files\STMicroelectronics\Software\Flash Loader Demonstrator\STMFlashLoader.exe -c --pn 30 --br 115200 -i STM32_High-density_512K -e --all -p --dwp --drp -d --a 8000000 --fn .\Output\STM32-DEMO.hex --v
--- Error: User Command terminated, Exit-Code = 1
"..\Output\STM32-DEMO.axf" - 1 Error(s), 5 Warning(s).
Build target 'Target 1'
linking...
Program Size: Code=23088 RO-data=336 RW-data=436 ZI-data=6932  
FromELF: creating hex file...
User command #1: C:\Program Files\STMicroelectronics\Software\Flash Loader Demonstrator\STMFlashLoader.exe -c --pn 30 --br 115200 -i STM32_High-density_512K -e --all -p --dwp --drp -d --a 8000000 --fn .\Output\STM32-DEMO.hex --v
--- Error: User Command terminated, Exit-Code = 1
"..\Output\STM32-DEMO.axf" - 1 Error(s), 0 Warning(s).
Load "..\\Output\\STM32-DEMO.axf" 
Build target 'Target 1'
compiling main.c...
compiling can.c...
compiling can_protocol.c...
compiling lightsensor.c...
lightsensor.c(55): warning:  #940-D: missing return statement at end of non-void function "resultColour"
lightsensor.c(33): warning:  #177-D: variable "i" was declared but never referenced
lightsensor.c(420): warning:  #111-D: statement is unreachable
lightsensor.c(304): warning:  #177-D: variable "id_array" was declared but never referenced
lightsensor.c(308): warning:  #177-D: variable "timer" was declared but never referenced
linking...
Program Size: Code=23088 RO-data=336 RW-data=436 ZI-data=6932  
FromELF: creating hex file...
User command #1: C:\Program Files\STMicroelectronics\Software\Flash Loader Demonstrator\STMFlashLoader.exe -c --pn 30 --br 115200 -i STM32_High-density_512K -e --all -p --dwp --drp -d --a 8000000 --fn .\Output\STM32-DEMO.hex --v
--- Error: User Command terminated, Exit-Code = 1
"..\Output\STM32-DEMO.axf" - 1 Error(s), 5 Warning(s).
Build target 'Target 1'
linking...
Program Size: Code=23088 RO-data=336 RW-data=436 ZI-data=6932  
FromELF: creating hex file...
User command #1: C:\Program Files\STMicroelectronics\Software\Flash Loader Demonstrator\STMFlashLoader.exe -c --pn 30 --br 115200 -i STM32_High-density_512K -e --all -p --dwp --drp -d --a 8000000 --fn .\Output\STM32-DEMO.hex --v
--- Error: User Command terminated, Exit-Code = 1
"..\Output\STM32-DEMO.axf" - 1 Error(s), 0 Warning(s).
Build target 'Target 1'
compiling main.c...
compiling can.c...
compiling can_protocol.c...
compiling lightsensor.c...
lightsensor.c(55): warning:  #940-D: missing return statement at end of non-void function "resultColour"
lightsensor.c(33): warning:  #177-D: variable "i" was declared but never referenced
lightsensor.c(420): warning:  #111-D: statement is unreachable
lightsensor.c(304): warning:  #177-D: variable "id_array" was declared but never referenced
lightsensor.c(308): warning:  #177-D: variable "timer" was declared but never referenced
linking...
Program Size: Code=23088 RO-data=336 RW-data=436 ZI-data=6932  
FromELF: creating hex file...
User command #1: C:\Program Files\STMicroelectronics\Software\Flash Loader Demonstrator\STMFlashLoader.exe -c --pn 30 --br 115200 -i STM32_High-density_512K -e --all -p --dwp --drp -d --a 8000000 --fn .\Output\STM32-DEMO.hex --v
--- Error: User Command terminated, Exit-Code = 1
"..\Output\STM32-DEMO.axf" - 1 Error(s), 5 Warning(s).
