<html>
<body>
<pre>
<h1>µVision Build Log</h1>
<h2>Tool Versions:</h2>
IDE-Version: µVision V5.16a
Copyright (C) 2015 ARM Ltd and ARM Germany GmbH. All rights reserved.
License Information: Rex Cheng, HKUST, LIC=8VRKP-M50WX-45FT5-G7R8Y-EZBPK-K7WBI
 
Tool Versions:
Toolchain:       MDK-ARM Standard  Version: 5.16a
Toolchain Path:  C:\WorkBench\IDE\Keil_v5\ARM\ARMCC\Bin
C Compiler:      Armcc.exe V5.06 (build 20)
Assembler:       Armasm.exe V5.06 (build 20)
Linker/Locator:  ArmLink.exe V5.06 (build 20)
Library Manager: ArmAr.exe V5.06 (build 20)
Hex Converter:   FromElf.exe V5.06 (build 20)
CPU DLL:         SARMCM3.DLL V5.16a
Dialog DLL:      DCM.DLL V1.13.2.0
Target DLL:      STLink\ST-LINKIII-KEIL_SWO.dll V2.0.17.0
Dialog DLL:      TCM.DLL V1.14.5.0
 
<h2>Project:</h2>
C:\WorkBench\Robo\robocon-2016\internal_board\Brushless_pwm_internal_board\ROBOTICs_Hw.uvprojx
Project File Date:  01/20/2016

<h2>Output:</h2>
*** Using Compiler 'V5.06 (build 20)', folder: 'C:\WorkBench\IDE\Keil_v5\ARM\ARMCC\Bin'
Build target 'STM32f103CBT_TEMPLATE'
compiling main.c...
tft_display.h(116): warning:  #1295-D: Deprecated declaration tft_mega_update - give arg types
  void tft_mega_update();
pneumatic_control.h(4): warning:  #1295-D: Deprecated declaration pneumatic_init - give arg types
  void pneumatic_init();
main.c(153): warning:  #1-D: last line of file ends without a newline
  }
main.c: 3 warnings, 0 errors
compiling tft_display.c...
tft_display.h(116): warning:  #1295-D: Deprecated declaration tft_mega_update - give arg types
  void tft_mega_update();
tft_display.c: 1 warning, 0 errors
linking...
Program Size: Code=32388 RO-data=880 RW-data=4240 ZI-data=7064  
FromELF: creating hex file...
".\Objects\ROBOTICs_Hw.axf" - 0 Error(s), 4 Warning(s).

<h2>Collection of Component include folders:</h2>
  C:\WorkBench\Robo\robocon-2016\internal_board\Brushless_pwm_internal_board\RTE
  C:\WorkBench\IDE\Keil_v5\ARM\PACK\Keil\STM32F1xx_DFP\1.1.0\Device\Include

<h2>Collection of Component Files used:</h2>
Build Time Elapsed:  00:00:01
</pre>
</body>
</html>
