<html>
<body>
<pre>
<h1>µVision Build Log</h1>
<h2>Tool Versions:</h2>
IDE-Version: £gVision V5.16a
Copyright (C) 2015 ARM Ltd and ARM Germany GmbH. All rights reserved.
License Information: Yui Ting Mok, Ust ELEC, LIC=IK19U-S5JTG-62SLB-2LCVY-42UW1-3JLP9
 
Tool Versions:
Toolchain:       MDK-ARM Standard  Version: 5.16a
Toolchain Path:  C:\Keil_v5\ARM\ARMCC\Bin
C Compiler:      Armcc.exe V5.06 (build 20)
Assembler:       Armasm.exe V5.06 (build 20)
Linker/Locator:  ArmLink.exe V5.06 (build 20)
Library Manager: ArmAr.exe V5.06 (build 20)
Hex Converter:   FromElf.exe V5.06 (build 20)
CPU DLL:         SARMCM3.DLL V5.16a
Dialog DLL:      DCM.DLL V1.13.2.0
Target DLL:      STLink\ST-LINKIII-KEIL_SWO.dll V2.0.17.0
Dialog DLL:      TCM.DLL V1.14.5.0
 
<h2>Project:</h2>
C:\Users\mokjj\Desktop\(TEST)Sensorbar3.0_sensorboard\Project.uvprojx
Project File Date:  02/11/2016

<h2>Output:</h2>
*** Using Compiler 'V5.06 (build 20)', folder: 'C:\Keil_v5\ARM\ARMCC\Bin'
Build target 'stm32_template'
compiling main.c...
src\user\colour_list.h(20): warning:  #1-D: last line of file ends without a newline
  void set_green(struct Colour*, u32*);
src\user\colour_calculation.h(29): warning:  #1295-D: Deprecated declaration data_collect - give arg types
  void data_collect();
src\user\colour_calculation.h(30): warning:  #1295-D: Deprecated declaration colour_init - give arg types
  void colour_init();
src\user\colour_calculation.h(48): warning:  #1-D: last line of file ends without a newline
  u32 colour_difference(struct Reading* reading, struct Colour* list, u8 index);
src\user\main.c(146): warning:  #177-D: variable "temp" was declared but never referenced
  	u8 temp = 100;
src\user\main.c: 5 warnings, 0 errors
compiling colour_calculation.c...
src\user\colour_list.h(20): warning:  #1-D: last line of file ends without a newline
  void set_green(struct Colour*, u32*);
src\user\colour_calculation.h(29): warning:  #1295-D: Deprecated declaration data_collect - give arg types
  void data_collect();
src\user\colour_calculation.h(30): warning:  #1295-D: Deprecated declaration colour_init - give arg types
  void colour_init();
src\user\colour_calculation.h(48): warning:  #1-D: last line of file ends without a newline
  u32 colour_difference(struct Reading* reading, struct Colour* list, u8 index);
src\user\colour_calculation.c(55): warning:  #177-D: variable "finish" was declared but never referenced
  	u8 finish = 0;
src\user\colour_calculation.c(118): warning:  #940-D: missing return statement at end of non-void function "colour_compare"
  }
src\user\colour_calculation.c(637): warning:  #1-D: last line of file ends without a newline
  }
src\user\colour_calculation.c: 7 warnings, 0 errors
linking...
Program Size: Code=17596 RO-data=336 RW-data=452 ZI-data=4012  
FromELF: creating hex file...
".\output\stm32_template.axf" - 0 Error(s), 12 Warning(s).

<h2>Collection of Component include folders:</h2>
  C:\Users\mokjj\Desktop\(TEST)Sensorbar3.0_sensorboard\RTE
  C:\Keil_v5\ARM\PACK\Keil\STM32F1xx_DFP\1.1.0\Device\Include

<h2>Collection of Component Files used:</h2>
Build Time Elapsed:  00:00:03
</pre>
</body>
</html>
