<html>
<body>
<pre>
<h1>µVision Build Log</h1>
<h2>Tool Versions:</h2>
IDE-Version: µVision V5.16a
Copyright (C) 2015 ARM Ltd and ARM Germany GmbH. All rights reserved.
License Information: Budi Ryan, HKUST, LIC=KRMKP-M1WFP-0N5AM-XE8XD-E2BWY-06LVZ
 
Tool Versions:
Toolchain:       MDK-ARM Standard  Version: 5.16a
Toolchain Path:  C:\Keil_v5\ARM\ARMCC\Bin
C Compiler:      Armcc.exe V5.06 (build 20)
Assembler:       Armasm.exe V5.06 (build 20)
Linker/Locator:  ArmLink.exe V5.06 (build 20)
Library Manager: ArmAr.exe V5.06 (build 20)
Hex Converter:   FromElf.exe V5.06 (build 20)
CPU DLL:         SARMCM3.DLL V5.16a
Dialog DLL:      DCM.DLL V1.13.2.0
Target DLL:      STLink\ST-LINKIII-KEIL_SWO.dll V2.0.17.0
Dialog DLL:      TCM.DLL V1.14.5.0
 
<h2>Project:</h2>
C:\Users\BudiRyan\Documents\GitHub\robocon-2016\hkust-robocon-mb\(TEST)Sensorbar3.0_sensorboard\Project.uvprojx
Project File Date:  02/24/2016

<h2>Output:</h2>
*** Using Compiler 'V5.06 (build 20)', folder: 'C:\Keil_v5\ARM\ARMCC\Bin'
Build target 'stm32_template'
compiling battery.c...
compiling can_protocol.c...
src\user\can_protocol.c(281): warning:  #1-D: last line of file ends without a newline
  }
src\user\can_protocol.c: 1 warning, 0 errors
compiling main.c...
src\user\colour_list.h(20): warning:  #1-D: last line of file ends without a newline
  void reading_init(struct Reading* reading);
src\user\colour_calculation.h(20): warning:  #1295-D: Deprecated declaration data_collect - give arg types
  void data_collect();
src\user\colour_calculation.h(21): warning:  #1295-D: Deprecated declaration colour_init - give arg types
  void colour_init();
src\user\colour_calculation.h(22): warning:  #1295-D: Deprecated declaration rgb_init - give arg types
  void rgb_init();
src\user\colour_calculation.h(23): warning:  #1295-D: Deprecated declaration reading_ratio - give arg types
  void reading_ratio();
src\user\colour_calculation.h(30): warning:  #1295-D: Deprecated declaration read_colour - give arg types
  void read_colour();
src\user\colour_calculation.h(33): warning:  #1-D: last line of file ends without a newline
  void rgb_check_reading(struct Reading* reading);
src\user\main.c(138): warning:  #177-D: variable "temp" was declared but never referenced
  	u8 temp = 100;
src\user\main.c: 8 warnings, 0 errors
compiling can.c...
compiling crc.c...
compiling led.c...
src\user\led.c(134): warning:  #1-D: last line of file ends without a newline
  }
src\user\led.c: 1 warning, 0 errors
compiling colour_list.c...
src\user\colour_list.h(20): warning:  #1-D: last line of file ends without a newline
  void reading_init(struct Reading* reading);
src\user\colour_list.c(71): warning:  #1-D: last line of file ends without a newline
  }
src\user\colour_list.c: 2 warnings, 0 errors
compiling approx_math.c...
compiling colour_calculation.c...
src\user\colour_list.h(20): warning:  #1-D: last line of file ends without a newline
  void reading_init(struct Reading* reading);
src\user\colour_calculation.h(20): warning:  #1295-D: Deprecated declaration data_collect - give arg types
  void data_collect();
src\user\colour_calculation.h(21): warning:  #1295-D: Deprecated declaration colour_init - give arg types
  void colour_init();
src\user\colour_calculation.h(22): warning:  #1295-D: Deprecated declaration rgb_init - give arg types
  void rgb_init();
src\user\colour_calculation.h(23): warning:  #1295-D: Deprecated declaration reading_ratio - give arg types
  void reading_ratio();
src\user\colour_calculation.h(30): warning:  #1295-D: Deprecated declaration read_colour - give arg types
  void read_colour();
src\user\colour_calculation.h(33): warning:  #1-D: last line of file ends without a newline
  void rgb_check_reading(struct Reading* reading);
src\user\colour_calculation.c(64): warning:  #177-D: variable "finish" was declared but never referenced
  	u8 finish = 0;
src\user\colour_calculation.c(644): warning:  #1-D: last line of file ends without a newline
  }
src\user\colour_calculation.c: 9 warnings, 0 errors
compiling delay.c...
compiling ticks.c...
compiling uart.c...
compiling core_cm3.c...
compiling misc.c...
compiling stm32f10x_adc.c...
compiling stm32f10x_bkp.c...
compiling stm32f10x_cec.c...
compiling stm32f10x_can.c...
compiling stm32f10x_crc.c...
compiling stm32f10x_dbgmcu.c...
compiling stm32f10x_dac.c...
compiling stm32f10x_dma.c...
compiling stm32f10x_exti.c...
compiling stm32f10x_flash.c...
compiling stm32f10x_fsmc.c...
compiling stm32f10x_gpio.c...
compiling stm32f10x_i2c.c...
compiling stm32f10x_iwdg.c...
compiling stm32f10x_pwr.c...
compiling stm32f10x_rtc.c...
compiling stm32f10x_rcc.c...
compiling stm32f10x_sdio.c...
compiling stm32f10x_spi.c...
compiling stm32f10x_usart.c...
compiling stm32f10x_tim.c...
compiling stm32f10x_wwdg.c...
assembling startup_stm32f10x_xl.s...
compiling system_stm32f10x.c...
linking...
Program Size: Code=14424 RO-data=336 RW-data=120 ZI-data=4368  
FromELF: creating hex file...
".\output\stm32_template.axf" - 0 Error(s), 21 Warning(s).

<h2>Collection of Component include folders:</h2>
  C:\Users\BudiRyan\Documents\GitHub\robocon-2016\hkust-robocon-mb\(TEST)Sensorbar3.0_sensorboard\RTE
  C:\Keil_v5\ARM\PACK\Keil\STM32F1xx_DFP\1.1.0\Device\Include

<h2>Collection of Component Files used:</h2>
Build Time Elapsed:  00:00:07
</pre>
</body>
</html>
