<html>
<body>
<pre>
<h1>µVision Build Log</h1>
<h2>Tool Versions:</h2>
IDE-Version: µVision V5.17.0.0
Copyright (C) 2015 ARM Ltd and ARM Germany GmbH. All rights reserved.
License Information: Kristian Suhartono, HKUST, LIC=TIVAR-K9JL0-M9RGG-V1PIX-ZDPA0-KMKNR
 
Tool Versions:
Toolchain:       MDK-ARM Standard  Version: 5.17
Toolchain Path:  C:\Keil_v5\ARM\ARMCC\Bin
C Compiler:      Armcc.exe V5.06 update 1 (build 61)
Assembler:       Armasm.exe V5.06 update 1 (build 61)
Linker/Locator:  ArmLink.exe V5.06 update 1 (build 61)
Library Manager: ArmAr.exe V5.06 update 1 (build 61)
Hex Converter:   FromElf.exe V5.06 update 1 (build 61)
CPU DLL:         SARMCM3.DLL V5.17
Dialog DLL:      DCM.DLL V1.13.4.0
Target DLL:      UL2CM3.DLL V1.156.1.0
Dialog DLL:      TCM.DLL V1.14.6.0
 
<h2>Project:</h2>
C:\Users\user\Documents\GitHub\roboco-2016\hkust-robocon-mb\lighsensor_mainboard\Project.uvprojx
Project File Date:  01/23/2016

<h2>Output:</h2>
*** Using Compiler 'V5.06 update 1 (build 61)', folder: 'C:\Keil_v5\ARM\ARMCC\Bin'
Rebuild target 'stm32_template'
compiling battery.c...
compiling main.c...
.\src\ustrobo_min_system\inc\led.h(38): warning:  #1295-D: Deprecated declaration get_led_state - give arg types
  u8 get_led_state();
.\src\ustrobo_min_system\inc\lcd_main.h(76): warning:  #1295-D: Deprecated declaration tft_easy_init - give arg types
  void tft_easy_init();
src\user\can_motor.h(52): warning:  #1-D: last line of file ends without a newline
  #endif
.\src\ustrobo_min_system\inc\gyro.h(44): warning:  #1-D: last line of file ends without a newline
  #endif		/* __GYRO_H */
src\user\main.c(39): warning:  #188-D: enumerated type mixed with another type
  	tft_init(0,
LACK,
HITE,
HITE);
src\user\main.c(37): warning:  #177-D: variable "val" was declared but never referenced
  	u16 val = SERVO_MED;
src\user\main.c: 6 warnings, 0 errors
compiling can_protocol.c...
compiling can.c...
compiling can_motor.c...
src\user\can_motor.h(52): warning:  #1-D: last line of file ends without a newline
  #endif
src\user\can_motor.c: 1 warning, 0 errors
compiling bluetooth.c...
compiling crc.c...
compiling line_sensor.c...
src\user\line_sensor.h(31): warning:  #1295-D: Deprecated declaration get_line_sensor_all - give arg types
  u8 get_line_sensor_all();
src\user\line_sensor.h(33): warning:  #1-D: last line of file ends without a newline
  #endif
src\user\line_sensor.c(34): warning:  #1-D: last line of file ends without a newline
  }
src\user\line_sensor.c: 3 warnings, 0 errors
compiling button.c...
.\src\ustrobo_min_system\inc\lcd_main.h(76): warning:  #1295-D: Deprecated declaration tft_easy_init - give arg types
  void tft_easy_init();
src\user\button.c(44): warning:  #177-D: variable "xbox_tmp" was declared but never referenced
    u32 xbox_tmp = 1;
src\user\button.c: 2 warnings, 0 errors
compiling approx_math.c...
compiling buzzer.c...
compiling motor_pwm.c...
compiling gyro.c...
.\src\ustrobo_min_system\inc\gyro.h(44): warning:  #1-D: last line of file ends without a newline
  #endif		/* __GYRO_H */
src\ustrobo_min_system\src\gyro.c: 1 warning, 0 errors
compiling servo.c...
src\ustrobo_min_system\src\servo.c(107): warning:  #1-D: last line of file ends without a newline
  }
src\ustrobo_min_system\src\servo.c: 1 warning, 0 errors
compiling ticks.c...
compiling delay.c...
compiling uart.c...
compiling xbc_mb.c...
.\src\ustrobo_min_system\inc\lcd_main.h(76): warning:  #1295-D: Deprecated declaration tft_easy_init - give arg types
  void tft_easy_init();
.\src\ustrobo_min_system\inc\led.h(38): warning:  #1295-D: Deprecated declaration get_led_state - give arg types
  u8 get_led_state();
src\ustrobo_min_system\src\xbc_mb.c(458): warning:  #550-D: variable "pre_pressed_cnt" was set but never used
  	u8  pre_pressed_cnt = 0;
src\ustrobo_min_system\src\xbc_mb.c: 3 warnings, 0 errors
compiling gpio.c...
compiling led.c...
.\src\ustrobo_min_system\inc\led.h(38): warning:  #1295-D: Deprecated declaration get_led_state - give arg types
  u8 get_led_state();
src\ustrobo_min_system\src\led.c(49): warning:  #188-D: enumerated type mixed with another type
  		led_control(LED_D1, !(led_state&LED_D1));
src\ustrobo_min_system\src\led.c(52): warning:  #188-D: enumerated type mixed with another type
  		led_control(LED_D2, !(led_state&LED_D2));
src\ustrobo_min_system\src\led.c(55): warning:  #188-D: enumerated type mixed with another type
  		led_control(LED_D3, !(led_state&LED_D3));
src\ustrobo_min_system\src\led.c(57): warning:  #1-D: last line of file ends without a newline
  }
src\ustrobo_min_system\src\led.c: 5 warnings, 0 errors
compiling encoder.c...
compiling adc.c...
src\ustrobo_min_system\src\adc.c(72): warning:  #1-D: last line of file ends without a newline
  }
src\ustrobo_min_system\src\adc.c: 1 warning, 0 errors
compiling core_cm3.c...
compiling lcd_main.c...
.\src\ustrobo_min_system\inc\lcd_main.h(76): warning:  #1295-D: Deprecated declaration tft_easy_init - give arg types
  void tft_easy_init();
src\ustrobo_min_system\src\lcd_main.c(566): warning:  #186-D: pointless comparison of unsigned integer with zero
  	if (tft_y_index<0 || tft_y_index>(char_max_y-1)){
src\ustrobo_min_system\src\lcd_main.c: 2 warnings, 0 errors
compiling linear_ccd.c...
.\src\ustrobo_min_system\inc\lcd_main.h(76): warning:  #1295-D: Deprecated declaration tft_easy_init - give arg types
  void tft_easy_init();
src\ustrobo_min_system\src\linear_ccd.c(110): warning:  #1-D: last line of file ends without a newline
  }
src\ustrobo_min_system\src\linear_ccd.c: 2 warnings, 0 errors
compiling misc.c...
compiling stm32f10x_adc.c...
compiling stm32f10x_bkp.c...
compiling stm32f10x_cec.c...
compiling stm32f10x_crc.c...
compiling stm32f10x_can.c...
compiling stm32f10x_dbgmcu.c...
compiling stm32f10x_dac.c...
compiling stm32f10x_dma.c...
compiling stm32f10x_exti.c...
compiling stm32f10x_flash.c...
compiling stm32f10x_fsmc.c...
compiling stm32f10x_iwdg.c...
compiling stm32f10x_gpio.c...
compiling stm32f10x_i2c.c...
compiling stm32f10x_pwr.c...
compiling stm32f10x_rcc.c...
compiling stm32f10x_rtc.c...
compiling stm32f10x_spi.c...
compiling stm32f10x_sdio.c...
compiling stm32f10x_tim.c...
compiling stm32f10x_wwdg.c...
compiling stm32f10x_usart.c...
assembling startup_stm32f10x_xl.s...
compiling system_stm32f10x.c...
linking...
Program Size: Code=21960 RO-data=460 RW-data=2128 ZI-data=35424  
FromELF: creating hex file...
".\output\stm32_template.axf" - 0 Error(s), 27 Warning(s).

<h2>Collection of Component include folders:</h2>
  C:\Users\user\Documents\GitHub\roboco-2016\hkust-robocon-mb\lighsensor_mainboard\RTE
  C:\Keil_v5\ARM\PACK\Keil\STM32F1xx_DFP\2.0.0\Device\Include

<h2>Collection of Component Files used:</h2>
Build Time Elapsed:  00:00:17
</pre>
</body>
</html>
