Component: ARM Compiler 5.06 (build 20) Tool: armlink [4d35a3]

==============================================================================

Section Cross References

    stm32f4xx_syscfg.o(i.SYSCFG_DeInit) refers to stm32f4xx_rcc.o(i.RCC_APB2PeriphResetCmd) for RCC_APB2PeriphResetCmd
    stm32f4xx_rcc.o(i.RCC_GetClocksFreq) refers to stm32f4xx_rcc.o(.data) for .data
    stm32f4xx_rcc.o(i.RCC_WaitForHSEStartUp) refers to stm32f4xx_rcc.o(i.RCC_GetFlagStatus) for RCC_GetFlagStatus
    stm32f4xx_cryp_tdes.o(i.CRYP_TDES_CBC) refers to stm32f4xx_cryp.o(i.CRYP_KeyStructInit) for CRYP_KeyStructInit
    stm32f4xx_cryp_tdes.o(i.CRYP_TDES_CBC) refers to stm32f4xx_cryp.o(i.CRYP_Init) for CRYP_Init
    stm32f4xx_cryp_tdes.o(i.CRYP_TDES_CBC) refers to stm32f4xx_cryp.o(i.CRYP_KeyInit) for CRYP_KeyInit
    stm32f4xx_cryp_tdes.o(i.CRYP_TDES_CBC) refers to stm32f4xx_cryp.o(i.CRYP_IVInit) for CRYP_IVInit
    stm32f4xx_cryp_tdes.o(i.CRYP_TDES_CBC) refers to stm32f4xx_cryp.o(i.CRYP_FIFOFlush) for CRYP_FIFOFlush
    stm32f4xx_cryp_tdes.o(i.CRYP_TDES_CBC) refers to stm32f4xx_cryp.o(i.CRYP_Cmd) for CRYP_Cmd
    stm32f4xx_cryp_tdes.o(i.CRYP_TDES_CBC) refers to stm32f4xx_cryp.o(i.CRYP_GetCmdStatus) for CRYP_GetCmdStatus
    stm32f4xx_cryp_tdes.o(i.CRYP_TDES_CBC) refers to stm32f4xx_cryp.o(i.CRYP_DataIn) for CRYP_DataIn
    stm32f4xx_cryp_tdes.o(i.CRYP_TDES_CBC) refers to stm32f4xx_cryp.o(i.CRYP_GetFlagStatus) for CRYP_GetFlagStatus
    stm32f4xx_cryp_tdes.o(i.CRYP_TDES_CBC) refers to stm32f4xx_cryp.o(i.CRYP_DataOut) for CRYP_DataOut
    stm32f4xx_cryp_tdes.o(i.CRYP_TDES_ECB) refers to stm32f4xx_cryp.o(i.CRYP_KeyStructInit) for CRYP_KeyStructInit
    stm32f4xx_cryp_tdes.o(i.CRYP_TDES_ECB) refers to stm32f4xx_cryp.o(i.CRYP_Init) for CRYP_Init
    stm32f4xx_cryp_tdes.o(i.CRYP_TDES_ECB) refers to stm32f4xx_cryp.o(i.CRYP_KeyInit) for CRYP_KeyInit
    stm32f4xx_cryp_tdes.o(i.CRYP_TDES_ECB) refers to stm32f4xx_cryp.o(i.CRYP_FIFOFlush) for CRYP_FIFOFlush
    stm32f4xx_cryp_tdes.o(i.CRYP_TDES_ECB) refers to stm32f4xx_cryp.o(i.CRYP_Cmd) for CRYP_Cmd
    stm32f4xx_cryp_tdes.o(i.CRYP_TDES_ECB) refers to stm32f4xx_cryp.o(i.CRYP_GetCmdStatus) for CRYP_GetCmdStatus
    stm32f4xx_cryp_tdes.o(i.CRYP_TDES_ECB) refers to stm32f4xx_cryp.o(i.CRYP_DataIn) for CRYP_DataIn
    stm32f4xx_cryp_tdes.o(i.CRYP_TDES_ECB) refers to stm32f4xx_cryp.o(i.CRYP_GetFlagStatus) for CRYP_GetFlagStatus
    stm32f4xx_cryp_tdes.o(i.CRYP_TDES_ECB) refers to stm32f4xx_cryp.o(i.CRYP_DataOut) for CRYP_DataOut
    stm32f4xx_dma2d.o(i.DMA2D_DeInit) refers to stm32f4xx_rcc.o(i.RCC_AHB1PeriphResetCmd) for RCC_AHB1PeriphResetCmd
    stm32f4xx_sdio.o(i.SDIO_DeInit) refers to stm32f4xx_rcc.o(i.RCC_APB2PeriphResetCmd) for RCC_APB2PeriphResetCmd
    stm32f4xx_cryp_aes.o(i.CRYP_AES_CBC) refers to stm32f4xx_cryp.o(i.CRYP_KeyStructInit) for CRYP_KeyStructInit
    stm32f4xx_cryp_aes.o(i.CRYP_AES_CBC) refers to stm32f4xx_cryp.o(i.CRYP_KeyInit) for CRYP_KeyInit
    stm32f4xx_cryp_aes.o(i.CRYP_AES_CBC) refers to stm32f4xx_cryp.o(i.CRYP_Init) for CRYP_Init
    stm32f4xx_cryp_aes.o(i.CRYP_AES_CBC) refers to stm32f4xx_cryp.o(i.CRYP_IVInit) for CRYP_IVInit
    stm32f4xx_cryp_aes.o(i.CRYP_AES_CBC) refers to stm32f4xx_cryp.o(i.CRYP_FIFOFlush) for CRYP_FIFOFlush
    stm32f4xx_cryp_aes.o(i.CRYP_AES_CBC) refers to stm32f4xx_cryp.o(i.CRYP_Cmd) for CRYP_Cmd
    stm32f4xx_cryp_aes.o(i.CRYP_AES_CBC) refers to stm32f4xx_cryp.o(i.CRYP_GetCmdStatus) for CRYP_GetCmdStatus
    stm32f4xx_cryp_aes.o(i.CRYP_AES_CBC) refers to stm32f4xx_cryp.o(i.CRYP_GetFlagStatus) for CRYP_GetFlagStatus
    stm32f4xx_cryp_aes.o(i.CRYP_AES_CBC) refers to stm32f4xx_cryp.o(i.CRYP_DataIn) for CRYP_DataIn
    stm32f4xx_cryp_aes.o(i.CRYP_AES_CBC) refers to stm32f4xx_cryp.o(i.CRYP_DataOut) for CRYP_DataOut
    stm32f4xx_cryp_aes.o(i.CRYP_AES_CCM) refers to stm32f4xx_cryp.o(i.CRYP_KeyStructInit) for CRYP_KeyStructInit
    stm32f4xx_cryp_aes.o(i.CRYP_AES_CCM) refers to stm32f4xx_cryp.o(i.CRYP_FIFOFlush) for CRYP_FIFOFlush
    stm32f4xx_cryp_aes.o(i.CRYP_AES_CCM) refers to stm32f4xx_cryp.o(i.CRYP_KeyInit) for CRYP_KeyInit
    stm32f4xx_cryp_aes.o(i.CRYP_AES_CCM) refers to stm32f4xx_cryp.o(i.CRYP_IVInit) for CRYP_IVInit
    stm32f4xx_cryp_aes.o(i.CRYP_AES_CCM) refers to stm32f4xx_cryp.o(i.CRYP_Init) for CRYP_Init
    stm32f4xx_cryp_aes.o(i.CRYP_AES_CCM) refers to stm32f4xx_cryp.o(i.CRYP_PhaseConfig) for CRYP_PhaseConfig
    stm32f4xx_cryp_aes.o(i.CRYP_AES_CCM) refers to stm32f4xx_cryp.o(i.CRYP_DataIn) for CRYP_DataIn
    stm32f4xx_cryp_aes.o(i.CRYP_AES_CCM) refers to stm32f4xx_cryp.o(i.CRYP_Cmd) for CRYP_Cmd
    stm32f4xx_cryp_aes.o(i.CRYP_AES_CCM) refers to stm32f4xx_cryp.o(i.CRYP_GetCmdStatus) for CRYP_GetCmdStatus
    stm32f4xx_cryp_aes.o(i.CRYP_AES_CCM) refers to stm32f4xx_cryp.o(i.CRYP_GetFlagStatus) for CRYP_GetFlagStatus
    stm32f4xx_cryp_aes.o(i.CRYP_AES_CCM) refers to stm32f4xx_cryp.o(i.CRYP_DataOut) for CRYP_DataOut
    stm32f4xx_cryp_aes.o(i.CRYP_AES_CTR) refers to stm32f4xx_cryp.o(i.CRYP_KeyStructInit) for CRYP_KeyStructInit
[...]
    i.can_rx_init                            0x08003004   Section        0  can_protocol.o(i.can_rx_init)
    i.can_tx_dequeue                         0x08003034   Section        0  can_protocol.o(i.can_tx_dequeue)
    i.can_tx_enqueue                         0x08003100   Section        0  can_protocol.o(i.can_tx_enqueue)
    i.clear_buffer                           0x08003154   Section        0  mti-1_uart.o(i.clear_buffer)
    i.comm_init                              0x08003168   Section        0  comm.o(i.comm_init)
    i.coord_update                           0x08003194   Section        0  coord.o(i.coord_update)
    i.encoder_init                           0x08003234   Section        0  encoder.o(i.encoder_init)
    i.flt_cal                                0x080033a0   Section        0  mti-1_uart.o(i.flt_cal)
    i.free                                   0x08003408   Section        0  malloc.o(i.free)
    i.get_MTi_acc                            0x08003458   Section        0  mti-1_uart.o(i.get_MTi_acc)
    i.get_MTi_ang                            0x08003468   Section        0  mti-1_uart.o(i.get_MTi_ang)
    i.get_average_dis                        0x08003478   Section        0  encoder.o(i.get_average_dis)
    i.get_average_encoder                    0x080034a0   Section        0  encoder.o(i.get_average_encoder)
    i.get_count                              0x080034bc   Section        0  encoder.o(i.get_count)
    i.get_dis                                0x08003524   Section        0  encoder.o(i.get_dis)
    i.get_full_ticks                         0x0800353c   Section        0  ticks.o(i.get_full_ticks)
    i.get_ir_dis                             0x08003554   Section        0  adc_ir.o(i.get_ir_dis)
    i.get_vel                                0x080035a8   Section        0  velocity.o(i.get_vel)
    i.int_cos                                0x080035c4   Section        0  approx_math.o(i.int_cos)
    i.int_sin                                0x080035cc   Section        0  approx_math.o(i.int_sin)
    i.led_blink                              0x08003654   Section        0  led.o(i.led_blink)
    i.led_init                               0x080036bc   Section        0  led.o(i.led_init)
    i.main                                   0x080036e8   Section        0  main.o(i.main)
    i.malloc                                 0x08003944   Section        0  malloc.o(i.malloc)
    i.menu_update                            0x080039b0   Section        0  menu.o(i.menu_update)
    i.mti_all_ready                          0x08003ac0   Section        0  mti_adp.o(i.mti_all_ready)
    i.mti_init                               0x08003acc   Section        0  mti_adp.o(i.mti_init)
    i.mti_update                             0x08003aec   Section        0  mti_adp.o(i.mti_update)
    i.path_down_reset                        0x08003c1c   Section        0  path_downslope.o(i.path_down_reset)
    i.path_down_update                       0x08003c2c   Section        0  path_downslope.o(i.path_down_update)
    i.path_river_init                        0x08003c9c   Section        0  path_river.o(i.path_river_init)
    i.path_river_update                      0x08003cd0   Section        0  path_river.o(i.path_river_update)
    i.path_station_update                    0x08003e3c   Section        0  path_station.o(i.path_station_update)
    i.path_up_sb_init                        0x08003ec0   Section        0  path_upslope_sb.o(i.path_up_sb_init)
    i.path_up_sb_update                      0x08003ed8   Section        0  path_upslope_sb.o(i.path_up_sb_update)
    i.readIR                                 0x08004018   Section        0  adc_ir.o(i.readIR)
    i.request_color_msg                      0x08004040   Section        0  comm.o(i.request_color_msg)
    i.s16_cap                                0x0800404e   Section        0  quick_math.o(i.s16_cap)
    i.sb_cali_update                         0x08004060   Section        0  sb_cali.o(i.sb_cali_update)
    i.sb_pwm_1to1                            0x080040e8   Section        0  sensor_bar.o(i.sb_pwm_1to1)
    i.send_MTi_1_UART_msg                    0x0800410c   Section        0  mti-1_uart.o(i.send_MTi_1_UART_msg)
    i.sensor_bar_cali_color_receiver         0x0800419c   Section        0  comm.o(i.sensor_bar_cali_color_receiver)
    sensor_bar_cali_color_receiver           0x0800419d   Thumb Code   280  comm.o(i.sensor_bar_cali_color_receiver)
    i.sensor_bar_get_corr                    0x080042c0   Section        0  sensor_bar.o(i.sensor_bar_get_corr)
    i.sensor_bar_receiver_a                  0x080043e8   Section        0  sensor_bar.o(i.sensor_bar_receiver_a)
    sensor_bar_receiver_a                    0x080043e9   Thumb Code    44  sensor_bar.o(i.sensor_bar_receiver_a)
    i.sensor_bar_receiver_b                  0x08004418   Section        0  sensor_bar.o(i.sensor_bar_receiver_b)
    sensor_bar_receiver_b                    0x08004419   Thumb Code    48  sensor_bar.o(i.sensor_bar_receiver_b)
    i.sensor_bar_receiver_c                  0x0800444c   Section        0  sensor_bar.o(i.sensor_bar_receiver_c)
    sensor_bar_receiver_c                    0x0800444d   Thumb Code    64  sensor_bar.o(i.sensor_bar_receiver_c)
    i.sensor_bar_receiver_d                  0x08004494   Section        0  sensor_bar.o(i.sensor_bar_receiver_d)
    sensor_bar_receiver_d                    0x08004495   Thumb Code     8  sensor_bar.o(i.sensor_bar_receiver_d)
    i.sensorbar_init                         0x080044a0   Section        0  sensor_bar.o(i.sensorbar_init)
    i.servo_control                          0x080044f0   Section        0  servo.o(i.servo_control)
    i.servo_init                             0x08004508   Section        0  servo.o(i.servo_init)
    i.set_target                             0x080045d8   Section        0  imu_targeting.o(i.set_target)
    i.si_add_deg_bias                        0x080045e4   Section        0  servo_interface.o(i.si_add_deg_bias)
    i.si_clear                               0x08004604   Section        0  servo_interface.o(i.si_clear)
    i.si_execute                             0x08004618   Section        0  servo_interface.o(i.si_execute)
    i.si_init                                0x08004654   Section        0  servo_interface.o(i.si_init)
    i.si_set_pwm                             0x08004698   Section        0  servo_interface.o(i.si_set_pwm)
    i.targeting_pid                          0x080046a4   Section        0  imu_targeting.o(i.targeting_pid)
    i.targeting_update                       0x080046c8   Section        0  imu_targeting.o(i.targeting_update)
    i.tft_char_is_changed                    0x08004704   Section        0  lcd_main.o(i.tft_char_is_changed)
    i.tft_clear                              0x080047a0   Section        0  lcd_main.o(i.tft_clear)
    i.tft_config                             0x08004814   Section        0  lcd_main.o(i.tft_config)
    i.tft_fill_color                         0x08004a2a   Section        0  lcd_main.o(i.tft_fill_color)
    i.tft_init                               0x08004a8c   Section        0  lcd_main.o(i.tft_init)
    i.tft_println                            0x08004b88   Section        0  lcd_main.o(i.tft_println)
    i.tft_prints                             0x08004c64   Section        0  lcd_main.o(i.tft_prints)
    i.tft_put_logo                           0x08004d30   Section        0  lcd_main.o(i.tft_put_logo)
    i.tft_put_pixel                          0x08006008   Section        0  lcd_main.o(i.tft_put_pixel)
    i.tft_set_pixel_pos                      0x08006064   Section        0  lcd_main.o(i.tft_set_pixel_pos)
    i.tft_spi_init                           0x080060b4   Section        0  lcd_main.o(i.tft_spi_init)
    i.tft_update                             0x080061c8   Section        0  lcd_main.o(i.tft_update)
    i.tft_write_command                      0x080067bc   Section        0  lcd_main.o(i.tft_write_command)
    i.tft_write_data                         0x08006818   Section        0  lcd_main.o(i.tft_write_data)
    i.ticks_init                             0x08006874   Section        0  ticks.o(i.ticks_init)
    i.uart_init                              0x080068e0   Section        0  usart.o(i.uart_init)
    i.uart_interrupt_init                    0x080069ec   Section        0  usart.o(i.uart_interrupt_init)
    i.uart_tx_byte                           0x08006a5c   Section        0  usart.o(i.uart_tx_byte)
    i.vector_len                             0x08006a84   Section        0  vector_math.o(i.vector_len)
    i.vel_update                             0x08006ab4   Section        0  velocity.o(i.vel_update)
    .constdata                               0x08006b20   Section       12  buzzer_song.o(.constdata)
    .constdata                               0x08006b2c   Section        8  buzzer_song.o(.constdata)
    .constdata                               0x08006b34   Section        4  buzzer_song.o(.constdata)
    .constdata                               0x08006b38   Section        6  buzzer_song.o(.constdata)
    .constdata                               0x08006b3e   Section        8  buzzer_song.o(.constdata)
    .constdata                               0x08006b46   Section       10  buzzer_song.o(.constdata)
    .constdata                               0x08006b50   Section       12  buzzer_song.o(.constdata)
    .constdata                               0x08006b5c   Section       12  buzzer_song.o(.constdata)
    .constdata                               0x08006b68   Section       72  usart.o(.constdata)
    .conststring                             0x08006bb0   Section       71  sb_cali.o(.conststring)
    .data                                    0x20000000   Section       16  stm32f4xx_rcc.o(.data)
    APBAHBPrescTable                         0x20000000   Data          16  stm32f4xx_rcc.o(.data)
    .data                                    0x20000010   Section       20  system_stm32f4xx.o(.data)
    .data                                    0x20000024   Section       24  main.o(.data)
    .data                                    0x2000003c   Section       14  sensor_bar.o(.data)
    .data                                    0x2000004a   Section        2  imu_targeting.o(.data)
    .data                                    0x2000004c   Section        6  servo_interface.o(.data)
    .data                                    0x20000054   Section       28  sb_cali.o(.data)
    .data                                    0x20000070   Section       20  mti_adp.o(.data)
    ready                                    0x20000070   Data           1  mti_adp.o(.data)
    second_reset                             0x20000071   Data           1  mti_adp.o(.data)
    first_init_ticks                         0x20000074   Data           4  mti_adp.o(.data)
    .data                                    0x20000084   Section       16  coord.o(.data)
    last_enc_reading                         0x20000090   Data           4  coord.o(.data)
    .data                                    0x20000094   Section        8  velocity.o(.data)
    .data                                    0x2000009c   Section        4  adc.o(.data)
    adc_reading                              0x2000009c   Data           4  adc.o(.data)
    .data                                    0x200000a0   Section       22  mti-1_uart.o(.data)
    ANG_COUNT                                0x200000a0   Data           1  mti-1_uart.o(.data)
    ACC_COUNT                                0x200000a1   Data           1  mti-1_uart.o(.data)
    MID                                      0x200000a2   Data           1  mti-1_uart.o(.data)
    data_length                              0x200000a4   Data           2  mti-1_uart.o(.data)
    header_count                             0x200000a6   Data           2  mti-1_uart.o(.data)
    rx_count                                 0x200000a8   Data           2  mti-1_uart.o(.data)
    .data                                    0x200000b6   Section      364  approx_math.o(.data)
    .data                                    0x20000224   Section       20  can_protocol.o(.data)
    can_rx_count                             0x20000228   Data           4  can_protocol.o(.data)
    .data                                    0x20000238   Section       56  encoder.o(.data)
    encoder                                  0x20000248   Data          40  encoder.o(.data)
    .data                                    0x20000270   Section     1550  lcd_main.o(.data)
    .data                                    0x2000087e   Section        4  led.o(.data)
    LED_GPIO_ARRAY                           0x20000880   Data           2  led.o(.data)
    .data                                    0x20000884   Section       48  usart.o(.data)
    .data                                    0x200008b4   Section       36  buzzer.o(.data)
    buzzer_on_flag                           0x200008b4   Data           1  buzzer.o(.data)
    buzzer_count                             0x200008b5   Data           1  buzzer.o(.data)
    buzzer_volume                            0x200008b6   Data           1  buzzer.o(.data)
    buzzer_song_flag                         0x200008b7   Data           1  buzzer.o(.data)
    buzzer_song_note_break_flag              0x200008b8   Data           1  buzzer.o(.data)
    buzzer_period                            0x200008ba   Data           2  buzzer.o(.data)
    buzzer_time_ms                           0x200008bc   Data           2  buzzer.o(.data)
    buzzer_note_period                       0x200008be   Data           2  buzzer.o(.data)
    buzzer_current_song_note_id              0x200008c0   Data           2  buzzer.o(.data)
    buzzer_song_note_length                  0x200008c2   Data           2  buzzer.o(.data)
    buzzer_song_note_length_left             0x200008c4   Data           2  buzzer.o(.data)
    buzzer_song_note_break                   0x200008c6   Data           2  buzzer.o(.data)
    buzzer_current_song                      0x200008c8   Data           4  buzzer.o(.data)
    .data                                    0x200008d8   Section       24  servo.o(.data)
    servo_pwm                                0x200008d8   Data          24  servo.o(.data)
    .data                                    0x200008f0   Section        6  ticks.o(.data)
    .data                                    0x200008f8   Section        8  path_station.o(.data)
    stopped                                  0x200008f8   Data           1  path_station.o(.data)
    last_encoder_count                       0x200008fc   Data           4  path_station.o(.data)
    .data                                    0x20000900   Section        4  path_downslope.o(.data)
    start_dis                                0x20000900   Data           4  path_downslope.o(.data)
    .data                                    0x20000904   Section       28  path_river.o(.data)
    river_stage                              0x20000904   Data           1  path_river.o(.data)
    islands_start_count                      0x20000905   Data           2  path_river.o(.data)
    islands_end_count                        0x20000907   Data           2  path_river.o(.data)
    last_IR_read                             0x20000909   Data           2  path_river.o(.data)
    IR_buffered_read                         0x2000090b   Data           2  path_river.o(.data)
    IR_buffer                                0x2000090e   Data           4  path_river.o(.data)
    start_dis                                0x20000914   Data           4  path_river.o(.data)
    .data                                    0x20000920   Section       16  path_upslope_sb.o(.data)
    right_angle_ing                          0x20000920   Data           1  path_upslope_sb.o(.data)
    highland_count                           0x20000921   Data           1  path_upslope_sb.o(.data)
    current_state                            0x20000922   Data           1  path_upslope_sb.o(.data)
    counting_encoder                         0x20000923   Data           1  path_upslope_sb.o(.data)
    upslope_servo_pwm                        0x20000924   Data           2  path_upslope_sb.o(.data)
    last_encoder_dis                         0x20000928   Data           4  path_upslope_sb.o(.data)
    start_counting_encoder                   0x2000092c   Data           4  path_upslope_sb.o(.data)
    .data                                    0x20000930   Section        4  mvars.o(.data)
    .data                                    0x20000934   Section        4  mvars.o(.data)
    .data                                    0x20000938   Section        4  errno.o(.data)
    _errno                                   0x20000938   Data           4  errno.o(.data)
    .bss                                     0x2000093c   Section       64  sensor_bar.o(.bss)
    .bss                                     0x2000097c   Section       22  sensor_bar.o(.bss)
    .bss                                     0x20000992   Section      108  sensor_bar.o(.bss)
    .bss                                     0x200009fe   Section      108  sensor_bar.o(.bss)
    .bss                                     0x20000a6c   Section       12  mti_adp.o(.bss)
    .bss                                     0x20000a78   Section       24  mti-1_uart.o(.bss)
    .bss                                     0x20000a90   Section    32000  can_protocol.o(.bss)
    .bss                                     0x20008790   Section      128  can_protocol.o(.bss)
    can_recent_rx                            0x20008790   Data          16  can_protocol.o(.bss)
    .bss                                     0x20008810   Section     2000  lcd_main.o(.bss)
    .bss                                     0x20008fe0   Section       22  tm_stm32f4_gpio.o(.bss)
    GPIO_UsedPins                            0x20008fe0   Data          22  tm_stm32f4_gpio.o(.bss)
    .bss                                     0x20008ff6   Section       26  buzzer.o(.bss)
    NOTE0_PERIOD                             0x20008ff6   Data          26  buzzer.o(.bss)
    .bss                                     0x20009010   Section       24  buzzer.o(.bss)
    BUZZER_QUEUE_ARRAY                       0x20009010   Data          24  buzzer.o(.bss)
    HEAP                                     0x20009028   Section      512  startup_stm32f40_41xxx.o(HEAP)
    STACK                                    0x20009228   Section     1024  startup_stm32f40_41xxx.o(STACK)

    Global Symbols

    Symbol Name                              Value     Ov Type        Size  Object(Section)

    BuildAttributes$$THM_ISAv4$E$P$D$K$B$S$7EM$VFPi3$EXTD16$VFPS$VFMA$PE$A:L22UL41UL21$X:L11$S22US41US21$IEEE1$IW$USESV6$~STKCKD$USESV7$~SHL$OTIME$ROPI$IEEEJ$EBA8$MICROLIB$REQ8$PRES8$EABIv2 0x00000000   Number         0  anon$$obj.o ABSOLUTE
    __ARM_use_no_argv                        0x00000000   Number         0  main.o ABSOLUTE
    TM_I2C_InitCustomPinsCallback             - Undefined Weak Reference
    __cpp_initialize__aeabi_                  - Undefined Weak Reference
    __cxa_finalize                            - Undefined Weak Reference
    _clock_init                               - Undefined Weak Reference
    _microlib_exit                            - Undefined Weak Reference
    __Vectors_Size                           0x00000188   Number         0  startup_stm32f40_41xxx.o ABSOLUTE
    __Vectors                                0x08000000   Data           4  startup_stm32f40_41xxx.o(RESET)
    __Vectors_End                            0x08000188   Data           0  startup_stm32f40_41xxx.o(RESET)
    __main                                   0x08000189   Thumb Code     0  entry.o(.ARM.Collect$$$$00000000)
    _main_stk                                0x08000189   Thumb Code     0  entry2.o(.ARM.Collect$$$$00000001)
    _main_scatterload                        0x0800018d   Thumb Code     0  entry5.o(.ARM.Collect$$$$00000004)
    __main_after_scatterload                 0x08000191   Thumb Code     0  entry5.o(.ARM.Collect$$$$00000004)
    _main_clock                              0x08000191   Thumb Code     0  entry7b.o(.ARM.Collect$$$$00000008)
    _main_cpp_init                           0x08000191   Thumb Code     0  entry8b.o(.ARM.Collect$$$$0000000A)
    _main_init                               0x08000191   Thumb Code     0  entry9a.o(.ARM.Collect$$$$0000000B)
    __rt_final_cpp                           0x08000199   Thumb Code     0  entry10a.o(.ARM.Collect$$$$0000000D)
    __rt_final_exit                          0x08000199   Thumb Code     0  entry11a.o(.ARM.Collect$$$$0000000F)
    simple_delay10_us                        0x0800019d   Thumb Code    14  ticks.o(.emb_text)
    Reset_Handler                            0x080001ad   Thumb Code     8  startup_stm32f40_41xxx.o(.text)
    ADC_IRQHandler                           0x080001c7   Thumb Code     0  startup_stm32f40_41xxx.o(.text)
    CAN1_RX1_IRQHandler                      0x080001c7   Thumb Code     0  startup_stm32f40_41xxx.o(.text)
    CAN1_SCE_IRQHandler                      0x080001c7   Thumb Code     0  startup_stm32f40_41xxx.o(.text)
    CAN2_RX0_IRQHandler                      0x080001c7   Thumb Code     0  startup_stm32f40_41xxx.o(.text)
    CAN2_RX1_IRQHandler                      0x080001c7   Thumb Code     0  startup_stm32f40_41xxx.o(.text)
    CAN2_SCE_IRQHandler                      0x080001c7   Thumb Code     0  startup_stm32f40_41xxx.o(.text)
    CAN2_TX_IRQHandler                       0x080001c7   Thumb Code     0  startup_stm32f40_41xxx.o(.text)
    CRYP_IRQHandler                          0x080001c7   Thumb Code     0  startup_stm32f40_41xxx.o(.text)
    DCMI_IRQHandler                          0x080001c7   Thumb Code     0  startup_stm32f40_41xxx.o(.text)
    DMA1_Stream0_IRQHandler                  0x080001c7   Thumb Code     0  startup_stm32f40_41xxx.o(.text)
    DMA1_Stream1_IRQHandler                  0x080001c7   Thumb Code     0  startup_stm32f40_41xxx.o(.text)
    DMA1_Stream2_IRQHandler                  0x080001c7   Thumb Code     0  startup_stm32f40_41xxx.o(.text)
    DMA1_Stream3_IRQHandler                  0x080001c7   Thumb Code     0  startup_stm32f40_41xxx.o(.text)
    DMA1_Stream4_IRQHandler                  0x080001c7   Thumb Code     0  startup_stm32f40_41xxx.o(.text)
    DMA1_Stream5_IRQHandler                  0x080001c7   Thumb Code     0  startup_stm32f40_41xxx.o(.text)
    DMA1_Stream6_IRQHandler                  0x080001c7   Thumb Code     0  startup_stm32f40_41xxx.o(.text)
    DMA1_Stream7_IRQHandler                  0x080001c7   Thumb Code     0  startup_stm32f40_41xxx.o(.text)
    DMA2_Stream0_IRQHandler                  0x080001c7   Thumb Code     0  startup_stm32f40_41xxx.o(.text)
    DMA2_Stream1_IRQHandler                  0x080001c7   Thumb Code     0  startup_stm32f40_41xxx.o(.text)
    DMA2_Stream2_IRQHandler                  0x080001c7   Thumb Code     0  startup_stm32f40_41xxx.o(.text)
    DMA2_Stream3_IRQHandler                  0x080001c7   Thumb Code     0  startup_stm32f40_41xxx.o(.text)
    DMA2_Stream4_IRQHandler                  0x080001c7   Thumb Code     0  startup_stm32f40_41xxx.o(.text)
    DMA2_Stream5_IRQHandler                  0x080001c7   Thumb Code     0  startup_stm32f40_41xxx.o(.text)
    DMA2_Stream6_IRQHandler                  0x080001c7   Thumb Code     0  startup_stm32f40_41xxx.o(.text)
    DMA2_Stream7_IRQHandler                  0x080001c7   Thumb Code     0  startup_stm32f40_41xxx.o(.text)
    ETH_IRQHandler                           0x080001c7   Thumb Code     0  startup_stm32f40_41xxx.o(.text)
    ETH_WKUP_IRQHandler                      0x080001c7   Thumb Code     0  startup_stm32f40_41xxx.o(.text)
    EXTI0_IRQHandler                         0x080001c7   Thumb Code     0  startup_stm32f40_41xxx.o(.text)
    EXTI15_10_IRQHandler                     0x080001c7   Thumb Code     0  startup_stm32f40_41xxx.o(.text)
    EXTI1_IRQHandler                         0x080001c7   Thumb Code     0  startup_stm32f40_41xxx.o(.text)
    EXTI2_IRQHandler                         0x080001c7   Thumb Code     0  startup_stm32f40_41xxx.o(.text)
    EXTI3_IRQHandler                         0x080001c7   Thumb Code     0  startup_stm32f40_41xxx.o(.text)
    EXTI4_IRQHandler                         0x080001c7   Thumb Code     0  startup_stm32f40_41xxx.o(.text)
    EXTI9_5_IRQHandler                       0x080001c7   Thumb Code     0  startup_stm32f40_41xxx.o(.text)
    FLASH_IRQHandler                         0x080001c7   Thumb Code     0  startup_stm32f40_41xxx.o(.text)
    FPU_IRQHandler                           0x080001c7   Thumb Code     0  startup_stm32f40_41xxx.o(.text)
    FSMC_IRQHandler                          0x080001c7   Thumb Code     0  startup_stm32f40_41xxx.o(.text)
    HASH_RNG_IRQHandler                      0x080001c7   Thumb Code     0  startup_stm32f40_41xxx.o(.text)
    I2C1_ER_IRQHandler                       0x080001c7   Thumb Code     0  startup_stm32f40_41xxx.o(.text)
    I2C1_EV_IRQHandler                       0x080001c7   Thumb Code     0  startup_stm32f40_41xxx.o(.text)
    I2C2_ER_IRQHandler                       0x080001c7   Thumb Code     0  startup_stm32f40_41xxx.o(.text)
    I2C2_EV_IRQHandler                       0x080001c7   Thumb Code     0  startup_stm32f40_41xxx.o(.text)
    I2C3_ER_IRQHandler                       0x080001c7   Thumb Code     0  startup_stm32f40_41xxx.o(.text)
    I2C3_EV_IRQHandler                       0x080001c7   Thumb Code     0  startup_stm32f40_41xxx.o(.text)
    OTG_FS_IRQHandler                        0x080001c7   Thumb Code     0  startup_stm32f40_41xxx.o(.text)
    OTG_FS_WKUP_IRQHandler                   0x080001c7   Thumb Code     0  startup_stm32f40_41xxx.o(.text)
    OTG_HS_EP1_IN_IRQHandler                 0x080001c7   Thumb Code     0  startup_stm32f40_41xxx.o(.text)
    OTG_HS_EP1_OUT_IRQHandler                0x080001c7   Thumb Code     0  startup_stm32f40_41xxx.o(.text)
    OTG_HS_IRQHandler                        0x080001c7   Thumb Code     0  startup_stm32f40_41xxx.o(.text)
    OTG_HS_WKUP_IRQHandler                   0x080001c7   Thumb Code     0  startup_stm32f40_41xxx.o(.text)
    PVD_IRQHandler                           0x080001c7   Thumb Code     0  startup_stm32f40_41xxx.o(.text)
    RCC_IRQHandler                           0x080001c7   Thumb Code     0  startup_stm32f40_41xxx.o(.text)
    RTC_Alarm_IRQHandler                     0x080001c7   Thumb Code     0  startup_stm32f40_41xxx.o(.text)
    RTC_WKUP_IRQHandler                      0x080001c7   Thumb Code     0  startup_stm32f40_41xxx.o(.text)
    SDIO_IRQHandler                          0x080001c7   Thumb Code     0  startup_stm32f40_41xxx.o(.text)
    SPI1_IRQHandler                          0x080001c7   Thumb Code     0  startup_stm32f40_41xxx.o(.text)
    SPI2_IRQHandler                          0x080001c7   Thumb Code     0  startup_stm32f40_41xxx.o(.text)
    SPI3_IRQHandler                          0x080001c7   Thumb Code     0  startup_stm32f40_41xxx.o(.text)
    TAMP_STAMP_IRQHandler                    0x080001c7   Thumb Code     0  startup_stm32f40_41xxx.o(.text)
    TIM1_BRK_TIM9_IRQHandler                 0x080001c7   Thumb Code     0  startup_stm32f40_41xxx.o(.text)
    TIM1_CC_IRQHandler                       0x080001c7   Thumb Code     0  startup_stm32f40_41xxx.o(.text)
    TIM1_TRG_COM_TIM11_IRQHandler            0x080001c7   Thumb Code     0  startup_stm32f40_41xxx.o(.text)
    TIM1_UP_TIM10_IRQHandler                 0x080001c7   Thumb Code     0  startup_stm32f40_41xxx.o(.text)
    TIM2_IRQHandler                          0x080001c7   Thumb Code     0  startup_stm32f40_41xxx.o(.text)
    TIM3_IRQHandler                          0x080001c7   Thumb Code     0  startup_stm32f40_41xxx.o(.text)
    TIM4_IRQHandler                          0x080001c7   Thumb Code     0  startup_stm32f40_41xxx.o(.text)
    TIM6_DAC_IRQHandler                      0x080001c7   Thumb Code     0  startup_stm32f40_41xxx.o(.text)
    TIM7_IRQHandler                          0x080001c7   Thumb Code     0  startup_stm32f40_41xxx.o(.text)
    TIM8_BRK_TIM12_IRQHandler                0x080001c7   Thumb Code     0  startup_stm32f40_41xxx.o(.text)
    TIM8_CC_IRQHandler                       0x080001c7   Thumb Code     0  startup_stm32f40_41xxx.o(.text)
    TIM8_TRG_COM_TIM14_IRQHandler            0x080001c7   Thumb Code     0  startup_stm32f40_41xxx.o(.text)
    TIM8_UP_TIM13_IRQHandler                 0x080001c7   Thumb Code     0  startup_stm32f40_41xxx.o(.text)
    UART4_IRQHandler                         0x080001c7   Thumb Code     0  startup_stm32f40_41xxx.o(.text)
    UART5_IRQHandler                         0x080001c7   Thumb Code     0  startup_stm32f40_41xxx.o(.text)
    USART6_IRQHandler                        0x080001c7   Thumb Code     0  startup_stm32f40_41xxx.o(.text)
    WWDG_IRQHandler                          0x080001c7   Thumb Code     0  startup_stm32f40_41xxx.o(.text)
    __aeabi_ddiv                             0x080001d1   Thumb Code   222  ddiv.o(.text)
    __aeabi_uidiv                            0x080002af   Thumb Code     0  uidiv.o(.text)
    __aeabi_uidivmod                         0x080002af   Thumb Code    44  uidiv.o(.text)
    __aeabi_uldivmod                         0x080002db   Thumb Code    98  uldiv.o(.text)
    __aeabi_llsr                             0x0800033d   Thumb Code    32  llushr.o(.text)
    _ll_ushift_r                             0x0800033d   Thumb Code     0  llushr.o(.text)
    __I$use$fp                               0x0800035d   Thumb Code     0  iusefp.o(.text)
    _frnd                                    0x0800035d   Thumb Code    60  frnd.o(.text)
    _double_round                            0x08000399   Thumb Code    30  depilogue.o(.text)
    _double_epilogue                         0x080003b7   Thumb Code   156  depilogue.o(.text)
    __aeabi_dadd                             0x08000453   Thumb Code   322  dadd.o(.text)
    __aeabi_dsub                             0x08000595   Thumb Code     6  dadd.o(.text)
    __aeabi_drsub                            0x0800059b   Thumb Code     6  dadd.o(.text)
    __aeabi_dmul                             0x080005a1   Thumb Code   228  dmul.o(.text)
    __aeabi_d2ulz                            0x08000685   Thumb Code    48  dfixul.o(.text)
    __aeabi_cdrcmple                         0x080006b5   Thumb Code    48  cdrcmple.o(.text)
    __scatterload                            0x080006e5   Thumb Code    28  init.o(.text)
    __scatterload_rt2                        0x080006e5   Thumb Code     0  init.o(.text)
    __aeabi_llsl                             0x08000709   Thumb Code    30  llshl.o(.text)
    _ll_shift_l                              0x08000709   Thumb Code     0  llshl.o(.text)
    __aeabi_lasr                             0x08000727   Thumb Code    36  llsshr.o(.text)
    _ll_sshift_r                             0x08000727   Thumb Code     0  llsshr.o(.text)
    _float_round                             0x0800074b   Thumb Code    18  fepilogue.o(.text)
    _float_epilogue                          0x0800075d   Thumb Code    92  fepilogue.o(.text)
    __decompress                             0x080007b9   Thumb Code     0  __dczerorl2.o(.text)
    __decompress1                            0x080007b9   Thumb Code    86  __dczerorl2.o(.text)
    ADC_Cmd                                  0x0800080f   Thumb Code    18  stm32f4xx_adc.o(i.ADC_Cmd)
    ADC_CommonInit                           0x08000821   Thumb Code    36  stm32f4xx_adc.o(i.ADC_CommonInit)
    ADC_DMACmd                               0x0800084d   Thumb Code    18  stm32f4xx_adc.o(i.ADC_DMACmd)
    ADC_DMARequestAfterLastTransferCmd       0x0800085f   Thumb Code    18  stm32f4xx_adc.o(i.ADC_DMARequestAfterLastTransferCmd)
    ADC_Init                                 0x08000871   Thumb Code    80  stm32f4xx_adc.o(i.ADC_Init)
    ADC_RegularChannelConfig                 0x080008c5   Thumb Code   144  stm32f4xx_adc.o(i.ADC_RegularChannelConfig)
    ADC_SoftwareStartConv                    0x08000955   Thumb Code    10  stm32f4xx_adc.o(i.ADC_SoftwareStartConv)
    BusFault_Handler                         0x0800095f   Thumb Code     2  stm32f4xx_it.o(i.BusFault_Handler)
    CAN1_RX0_IRQHandler                      0x08000961   Thumb Code   148  can_protocol.o(i.CAN1_RX0_IRQHandler)
    CAN1_TX_IRQHandler                       0x08000a05   Thumb Code    34  can_protocol.o(i.CAN1_TX_IRQHandler)
    CAN_ClearITPendingBit                    0x08000a2d   Thumb Code   152  stm32f4xx_can.o(i.CAN_ClearITPendingBit)
    CAN_DeInit                               0x08000ac9   Thumb Code    58  stm32f4xx_can.o(i.CAN_DeInit)
    CAN_FilterInit                           0x08000b05   Thumb Code   216  stm32f4xx_can.o(i.CAN_FilterInit)
    CAN_GetITStatus                          0x08000bf1   Thumb Code   264  stm32f4xx_can.o(i.CAN_GetITStatus)
    CAN_ITConfig                             0x08000cfd   Thumb Code    16  stm32f4xx_can.o(i.CAN_ITConfig)
    CAN_Init                                 0x08000d0d   Thumb Code   232  stm32f4xx_can.o(i.CAN_Init)
    CAN_Receive                              0x08000df5   Thumb Code   180  stm32f4xx_can.o(i.CAN_Receive)
    CAN_StructInit                           0x08000ea9   Thumb Code    32  stm32f4xx_can.o(i.CAN_StructInit)
    CAN_Transmit                             0x08000ec9   Thumb Code   192  stm32f4xx_can.o(i.CAN_Transmit)
    DMA_Cmd                                  0x08000f89   Thumb Code    18  stm32f4xx_dma.o(i.DMA_Cmd)
    DMA_DeInit                               0x08000f9d   Thumb Code   302  stm32f4xx_dma.o(i.DMA_DeInit)
    DMA_Init                                 0x08001125   Thumb Code   116  stm32f4xx_dma.o(i.DMA_Init)
    DebugMon_Handler                         0x0800119d   Thumb Code     2  stm32f4xx_it.o(i.DebugMon_Handler)
    GPIO_Init                                0x0800119f   Thumb Code   150  stm32f4xx_gpio.o(i.GPIO_Init)
    GPIO_PinAFConfig                         0x08001235   Thumb Code    34  stm32f4xx_gpio.o(i.GPIO_PinAFConfig)
    GPIO_ReadInputDataBit                    0x08001257   Thumb Code    14  stm32f4xx_gpio.o(i.GPIO_ReadInputDataBit)
    GPIO_ResetBits                           0x08001265   Thumb Code     4  stm32f4xx_gpio.o(i.GPIO_ResetBits)
    GPIO_SetBits                             0x08001269   Thumb Code     4  stm32f4xx_gpio.o(i.GPIO_SetBits)
    GPIO_StructInit                          0x0800126d   Thumb Code    18  stm32f4xx_gpio.o(i.GPIO_StructInit)
    GPIO_WriteBit                            0x0800127f   Thumb Code    10  stm32f4xx_gpio.o(i.GPIO_WriteBit)
    HardFault_Handler                        0x08001289   Thumb Code     2  stm32f4xx_it.o(i.HardFault_Handler)
    IR_buffer_update                         0x0800128d   Thumb Code    74  path_river.o(i.IR_buffer_update)
    IR_island_update                         0x080012dd   Thumb Code    86  path_river.o(i.IR_island_update)
    MTi_1_UART_Rx                            0x08001345   Thumb Code   412  mti-1_uart.o(i.MTi_1_UART_Rx)
    MTi_1_UART_init                          0x080014f1   Thumb Code    86  mti-1_uart.o(i.MTi_1_UART_init)
    MTi_1_reset                              0x08001551   Thumb Code    52  mti-1_uart.o(i.MTi_1_reset)
    MemManage_Handler                        0x08001589   Thumb Code     2  stm32f4xx_it.o(i.MemManage_Handler)
    NMI_Handler                              0x0800158b   Thumb Code     2  stm32f4xx_it.o(i.NMI_Handler)
    NVIC_Init                                0x0800158d   Thumb Code   110  misc.o(i.NVIC_Init)
    NVIC_SetVectorTable                      0x08001601   Thumb Code    16  misc.o(i.NVIC_SetVectorTable)
    PendSV_Handler                           0x08001615   Thumb Code     2  stm32f4xx_it.o(i.PendSV_Handler)
    RCC_AHB1PeriphClockCmd                   0x08001619   Thumb Code    18  stm32f4xx_rcc.o(i.RCC_AHB1PeriphClockCmd)
    RCC_AHB2PeriphClockCmd                   0x08001631   Thumb Code    18  stm32f4xx_rcc.o(i.RCC_AHB2PeriphClockCmd)
    RCC_APB1PeriphClockCmd                   0x08001649   Thumb Code    18  stm32f4xx_rcc.o(i.RCC_APB1PeriphClockCmd)
    RCC_APB1PeriphClockLPModeCmd             0x08001661   Thumb Code    18  stm32f4xx_rcc.o(i.RCC_APB1PeriphClockLPModeCmd)
    RCC_APB1PeriphResetCmd                   0x08001679   Thumb Code    18  stm32f4xx_rcc.o(i.RCC_APB1PeriphResetCmd)
    RCC_APB2PeriphClockCmd                   0x08001691   Thumb Code    18  stm32f4xx_rcc.o(i.RCC_APB2PeriphClockCmd)
    RCC_APB2PeriphResetCmd                   0x080016a9   Thumb Code    18  stm32f4xx_rcc.o(i.RCC_APB2PeriphResetCmd)
    RCC_GetClocksFreq                        0x080016c1   Thumb Code   144  stm32f4xx_rcc.o(i.RCC_GetClocksFreq)
    SPI_CalculateCRC                         0x08001761   Thumb Code    18  stm32f4xx_spi.o(i.SPI_CalculateCRC)
    SPI_Cmd                                  0x08001773   Thumb Code    18  stm32f4xx_spi.o(i.SPI_Cmd)
    SPI_I2S_GetFlagStatus                    0x08001785   Thumb Code    14  stm32f4xx_spi.o(i.SPI_I2S_GetFlagStatus)
    SPI_I2S_ReceiveData                      0x08001793   Thumb Code     4  stm32f4xx_spi.o(i.SPI_I2S_ReceiveData)
    SPI_I2S_SendData                         0x08001797   Thumb Code     4  stm32f4xx_spi.o(i.SPI_I2S_SendData)
    SPI_Init                                 0x0800179b   Thumb Code    84  stm32f4xx_spi.o(i.SPI_Init)
    SPI_SSOutputCmd                          0x080017ef   Thumb Code    18  stm32f4xx_spi.o(i.SPI_SSOutputCmd)
    SVC_Handler                              0x08001801   Thumb Code     2  stm32f4xx_it.o(i.SVC_Handler)
    SysTick_Handler                          0x08001803   Thumb Code     2  stm32f4xx_it.o(i.SysTick_Handler)
    SystemCoreClockUpdate                    0x08001805   Thumb Code   110  system_stm32f4xx.o(i.SystemCoreClockUpdate)
    SystemInit                               0x08001889   Thumb Code   242  system_stm32f4xx.o(i.SystemInit)
    TIM5_IRQHandler                          0x080019a5   Thumb Code    62  ticks.o(i.TIM5_IRQHandler)
    TIM_ARRPreloadConfig                     0x080019ed   Thumb Code    18  stm32f4xx_tim.o(i.TIM_ARRPreloadConfig)
    TIM_ClearFlag                            0x080019ff   Thumb Code     6  stm32f4xx_tim.o(i.TIM_ClearFlag)
    TIM_ClearITPendingBit                    0x08001a05   Thumb Code     6  stm32f4xx_tim.o(i.TIM_ClearITPendingBit)
    TIM_Cmd                                  0x08001a0b   Thumb Code    18  stm32f4xx_tim.o(i.TIM_Cmd)
    TIM_CtrlPWMOutputs                       0x08001a1d   Thumb Code    22  stm32f4xx_tim.o(i.TIM_CtrlPWMOutputs)
    TIM_DeInit                               0x08001a33   Thumb Code   386  stm32f4xx_tim.o(i.TIM_DeInit)
    TIM_EncoderInterfaceConfig               0x08001bb5   Thumb Code    60  stm32f4xx_tim.o(i.TIM_EncoderInterfaceConfig)
    TIM_GetCounter                           0x08001bf1   Thumb Code     4  stm32f4xx_tim.o(i.TIM_GetCounter)
    TIM_GetITStatus                          0x08001bf5   Thumb Code    22  stm32f4xx_tim.o(i.TIM_GetITStatus)
    TIM_ITConfig                             0x08001c0b   Thumb Code    16  stm32f4xx_tim.o(i.TIM_ITConfig)
    TIM_OC1Init                              0x08001c1b   Thumb Code   104  stm32f4xx_tim.o(i.TIM_OC1Init)
    TIM_OC1PreloadConfig                     0x08001c83   Thumb Code    12  stm32f4xx_tim.o(i.TIM_OC1PreloadConfig)
    TIM_SetAutoreload                        0x08001c8f   Thumb Code     4  stm32f4xx_tim.o(i.TIM_SetAutoreload)
    TIM_SetCompare1                          0x08001c93   Thumb Code     4  stm32f4xx_tim.o(i.TIM_SetCompare1)
    TIM_SetCounter                           0x08001c97   Thumb Code     4  stm32f4xx_tim.o(i.TIM_SetCounter)
    TIM_TimeBaseInit                         0x08001c9d   Thumb Code   118  stm32f4xx_tim.o(i.TIM_TimeBaseInit)
    TM_GPIO_INT_Init                         0x08001d1d   Thumb Code   156  tm_stm32f4_gpio.o(i.TM_GPIO_INT_Init)
    TM_GPIO_Init                             0x08001dbd   Thumb Code    44  tm_stm32f4_gpio.o(i.TM_GPIO_Init)
    USART1_IRQHandler                        0x08001ded   Thumb Code    52  usart.o(i.USART1_IRQHandler)
    USART2_IRQHandler                        0x08001e29   Thumb Code    52  usart.o(i.USART2_IRQHandler)
    USART3_IRQHandler                        0x08001e65   Thumb Code    52  usart.o(i.USART3_IRQHandler)
    USART_ClearITPendingBit                  0x08001ea1   Thumb Code    14  stm32f4xx_usart.o(i.USART_ClearITPendingBit)
    USART_Cmd                                0x08001eaf   Thumb Code    18  stm32f4xx_usart.o(i.USART_Cmd)
    USART_GetFlagStatus                      0x08001ec1   Thumb Code    14  stm32f4xx_usart.o(i.USART_GetFlagStatus)
    USART_GetITStatus                        0x08001ecf   Thumb Code    66  stm32f4xx_usart.o(i.USART_GetITStatus)
    USART_ITConfig                           0x08001f11   Thumb Code    48  stm32f4xx_usart.o(i.USART_ITConfig)
    USART_Init                               0x08001f41   Thumb Code   180  stm32f4xx_usart.o(i.USART_Init)
    USART_ReceiveData                        0x08001ff9   Thumb Code     8  stm32f4xx_usart.o(i.USART_ReceiveData)
    USART_SendData                           0x08002001   Thumb Code     8  stm32f4xx_usart.o(i.USART_SendData)
    UsageFault_Handler                       0x08002009   Thumb Code     2  stm32f4xx_it.o(i.UsageFault_Handler)
    __0vsprintf                              0x0800200d   Thumb Code    30  printfa.o(i.__0vsprintf)
    __1vsprintf                              0x0800200d   Thumb Code     0  printfa.o(i.__0vsprintf)
    __2vsprintf                              0x0800200d   Thumb Code     0  printfa.o(i.__0vsprintf)
    __c89vsprintf                            0x0800200d   Thumb Code     0  printfa.o(i.__0vsprintf)
    vsprintf                                 0x0800200d   Thumb Code     0  printfa.o(i.__0vsprintf)
    __hardfp_roundf                          0x08002031   Thumb Code   154  roundf.o(i.__hardfp_roundf)
    __hardfp_sqrtf                           0x080020cb   Thumb Code    58  sqrtf.o(i.__hardfp_sqrtf)
    __scatterload_copy                       0x08002105   Thumb Code    14  handlers.o(i.__scatterload_copy)
    __scatterload_null                       0x08002113   Thumb Code     2  handlers.o(i.__scatterload_null)
    __scatterload_zeroinit                   0x08002115   Thumb Code    14  handlers.o(i.__scatterload_zeroinit)
    __set_errno                              0x08002125   Thumb Code     6  errno.o(i.__set_errno)
    _delay_ms                                0x08002131   Thumb Code   112  ticks.o(i._delay_ms)
    adc_get                                  0x08002a41   Thumb Code     8  adc.o(i.adc_get)
    adc_init                                 0x08002a4d   Thumb Code   230  adc.o(i.adc_init)
    button_init                              0x08002b49   Thumb Code    96  button.o(i.button_init)
    button_pressed                           0x08002bb5   Thumb Code    62  button.o(i.button_pressed)
    buzzer_check                             0x08002c01   Thumb Code   274  buzzer.o(i.buzzer_check)
    buzzer_init                              0x08002d21   Thumb Code   242  buzzer.o(i.buzzer_init)
    buzzer_on                                0x08002e2d   Thumb Code    30  buzzer.o(i.buzzer_on)
    buzzer_play_song                         0x08002e59   Thumb Code   108  buzzer.o(i.buzzer_play_song)
    can_init                                 0x08002ed1   Thumb Code   202  can_protocol.o(i.can_init)
    can_rx_add_filter                        0x08002fa5   Thumb Code    86  can_protocol.o(i.can_rx_add_filter)
    can_rx_init                              0x08003005   Thumb Code    44  can_protocol.o(i.can_rx_init)
    can_tx_dequeue                           0x08003035   Thumb Code   190  can_protocol.o(i.can_tx_dequeue)
    can_tx_enqueue                           0x08003101   Thumb Code    78  can_protocol.o(i.can_tx_enqueue)
    clear_buffer                             0x08003155   Thumb Code    14  mti-1_uart.o(i.clear_buffer)
    comm_init                                0x08003169   Thumb Code    40  comm.o(i.comm_init)
    coord_update                             0x08003195   Thumb Code   146  coord.o(i.coord_update)
    encoder_init                             0x08003235   Thumb Code   342  encoder.o(i.encoder_init)
    flt_cal                                  0x080033a1   Thumb Code   102  mti-1_uart.o(i.flt_cal)
    free                                     0x08003409   Thumb Code    76  malloc.o(i.free)
    get_MTi_acc                              0x08003459   Thumb Code    12  mti-1_uart.o(i.get_MTi_acc)
    get_MTi_ang                              0x08003469   Thumb Code    12  mti-1_uart.o(i.get_MTi_ang)
    get_average_dis                          0x08003479   Thumb Code    40  encoder.o(i.get_average_dis)
    get_average_encoder                      0x080034a1   Thumb Code    26  encoder.o(i.get_average_encoder)
    get_count                                0x080034bd   Thumb Code    98  encoder.o(i.get_count)
    get_dis                                  0x08003525   Thumb Code    22  encoder.o(i.get_dis)
    get_full_ticks                           0x0800353d   Thumb Code    20  ticks.o(i.get_full_ticks)
    get_ir_dis                               0x08003555   Thumb Code    76  adc_ir.o(i.get_ir_dis)
    get_vel                                  0x080035a9   Thumb Code    22  velocity.o(i.get_vel)
    int_cos                                  0x080035c5   Thumb Code     8  approx_math.o(i.int_cos)
    int_sin                                  0x080035cd   Thumb Code   128  approx_math.o(i.int_sin)
    led_blink                                0x08003655   Thumb Code    90  led.o(i.led_blink)
    led_init                                 0x080036bd   Thumb Code    40  led.o(i.led_init)
    main                                     0x080036e9   Thumb Code   436  main.o(i.main)
    malloc                                   0x08003945   Thumb Code    92  malloc.o(i.malloc)
    menu_update                              0x080039b1   Thumb Code   252  menu.o(i.menu_update)
    mti_all_ready                            0x08003ac1   Thumb Code     6  mti_adp.o(i.mti_all_ready)
    mti_init                                 0x08003acd   Thumb Code    28  mti_adp.o(i.mti_init)
    mti_update                               0x08003aed   Thumb Code   288  mti_adp.o(i.mti_update)
    path_down_reset                          0x08003c1d   Thumb Code    12  path_downslope.o(i.path_down_reset)
    path_down_update                         0x08003c2d   Thumb Code    94  path_downslope.o(i.path_down_update)
    path_river_init                          0x08003c9d   Thumb Code    42  path_river.o(i.path_river_init)
    path_river_update                        0x08003cd1   Thumb Code   300  path_river.o(i.path_river_update)
    path_station_update                      0x08003e3d   Thumb Code   110  path_station.o(i.path_station_update)
    path_up_sb_init                          0x08003ec1   Thumb Code    20  path_upslope_sb.o(i.path_up_sb_init)
    path_up_sb_update                        0x08003ed9   Thumb Code   276  path_upslope_sb.o(i.path_up_sb_update)
    readIR                                   0x08004019   Thumb Code    34  adc_ir.o(i.readIR)
    request_color_msg                        0x08004041   Thumb Code    14  comm.o(i.request_color_msg)
    s16_cap                                  0x0800404f   Thumb Code    16  quick_math.o(i.s16_cap)
    sb_cali_update                           0x08004061   Thumb Code    88  sb_cali.o(i.sb_cali_update)
    sb_pwm_1to1                              0x080040e9   Thumb Code    30  sensor_bar.o(i.sb_pwm_1to1)
    send_MTi_1_UART_msg                      0x0800410d   Thumb Code   138  mti-1_uart.o(i.send_MTi_1_UART_msg)
    sensor_bar_get_corr                      0x080042c1   Thumb Code   282  sensor_bar.o(i.sensor_bar_get_corr)
    sensorbar_init                           0x080044a1   Thumb Code    62  sensor_bar.o(i.sensorbar_init)
    servo_control                            0x080044f1   Thumb Code    14  servo.o(i.servo_control)
    servo_init                               0x08004509   Thumb Code   200  servo.o(i.servo_init)
    set_target                               0x080045d9   Thumb Code     6  imu_targeting.o(i.set_target)
    si_add_deg_bias                          0x080045e5   Thumb Code    26  servo_interface.o(i.si_add_deg_bias)
    si_clear                                 0x08004605   Thumb Code    14  servo_interface.o(i.si_clear)
    si_execute                               0x08004619   Thumb Code    56  servo_interface.o(i.si_execute)
    si_init                                  0x08004655   Thumb Code    62  servo_interface.o(i.si_init)
    si_set_pwm                               0x08004699   Thumb Code     6  servo_interface.o(i.si_set_pwm)
    targeting_pid                            0x080046a5   Thumb Code    22  imu_targeting.o(i.targeting_pid)
    targeting_update                         0x080046c9   Thumb Code    48  imu_targeting.o(i.targeting_update)
    tft_char_is_changed                      0x08004705   Thumb Code   138  lcd_main.o(i.tft_char_is_changed)
    tft_clear                                0x080047a1   Thumb Code   106  lcd_main.o(i.tft_clear)
    tft_config                               0x08004815   Thumb Code   534  lcd_main.o(i.tft_config)
    tft_fill_color                           0x08004a2b   Thumb Code    98  lcd_main.o(i.tft_fill_color)
    tft_init                                 0x08004a8d   Thumb Code   234  lcd_main.o(i.tft_init)
    tft_println                              0x08004b89   Thumb Code   210  lcd_main.o(i.tft_println)
    tft_prints                               0x08004c65   Thumb Code   194  lcd_main.o(i.tft_prints)
    tft_put_logo                             0x08004d31   Thumb Code  4824  lcd_main.o(i.tft_put_logo)
    tft_put_pixel                            0x08006009   Thumb Code    86  lcd_main.o(i.tft_put_pixel)
    tft_set_pixel_pos                        0x08006065   Thumb Code    80  lcd_main.o(i.tft_set_pixel_pos)
    tft_spi_init                             0x080060b5   Thumb Code   262  lcd_main.o(i.tft_spi_init)
    tft_update                               0x080061c9   Thumb Code  1502  lcd_main.o(i.tft_update)
    tft_write_command                        0x080067bd   Thumb Code    78  lcd_main.o(i.tft_write_command)
    tft_write_data                           0x08006819   Thumb Code    78  lcd_main.o(i.tft_write_data)
    ticks_init                               0x08006875   Thumb Code    98  ticks.o(i.ticks_init)
    uart_init                                0x080068e1   Thumb Code   232  usart.o(i.uart_init)
    uart_interrupt_init                      0x080069ed   Thumb Code   100  usart.o(i.uart_interrupt_init)
    uart_tx_byte                             0x08006a5d   Thumb Code    36  usart.o(i.uart_tx_byte)
    vector_len                               0x08006a85   Thumb Code    48  vector_math.o(i.vector_len)
    vel_update                               0x08006ab5   Thumb Code    88  velocity.o(i.vel_update)
    START_UP                                 0x08006b20   Data          12  buzzer_song.o(.constdata)
    SUCCESSFUL_SOUND                         0x08006b2c   Data           8  buzzer_song.o(.constdata)
    HIGH_1                                   0x08006b34   Data           4  buzzer_song.o(.constdata)
    HIGH_2                                   0x08006b38   Data           6  buzzer_song.o(.constdata)
    HIGH_3                                   0x08006b3e   Data           8  buzzer_song.o(.constdata)
    HIGH_4                                   0x08006b46   Data          10  buzzer_song.o(.constdata)
    RIVER_1                                  0x08006b50   Data          12  buzzer_song.o(.constdata)
    RIVER_2                                  0x08006b5c   Data          12  buzzer_song.o(.constdata)
    COM_TX_PIN                               0x08006b68   Data           8  usart.o(.constdata)
    COM_RX_PIN                               0x08006b70   Data           8  usart.o(.constdata)
    COM_IRQ                                  0x08006b78   Data           8  usart.o(.constdata)
    COM_USART_CLK                            0x08006b80   Data          16  usart.o(.constdata)
    COM_TX_PORT_CLK                          0x08006b90   Data          16  usart.o(.constdata)
    COM_RX_PORT_CLK                          0x08006ba0   Data          16  usart.o(.constdata)
    Region$$Table$$Base                      0x08006bf8   Number         0  anon$$obj.o(Region$$Table)
    Region$$Table$$Limit                     0x08006c18   Number         0  anon$$obj.o(Region$$Table)
    SystemCoreClock                          0x20000010   Data           4  system_stm32f4xx.o(.data)
    AHBPrescTable                            0x20000014   Data          16  system_stm32f4xx.o(.data)
    short_loop_per_long_loop                 0x20000024   Data           1  main.o(.data)
    last_loop_ticks                          0x20000028   Data           4  main.o(.data)
    last_long_loop_ticks                     0x2000002c   Data           4  main.o(.data)
    this_loop_ticks                          0x20000030   Data           4  main.o(.data)
    last_short_loop_ticks                    0x20000034   Data           4  main.o(.data)
    any_loop_diff                            0x20000038   Data           4  main.o(.data)
    sensor_bar_mid                           0x2000003c   Data           1  sensor_bar.o(.data)
    sensorbar_region                         0x2000003d   Data           1  sensor_bar.o(.data)
    sensorbar_cali                           0x2000003e   Data           1  sensor_bar.o(.data)
    region_buffer_pointer                    0x2000003f   Data           1  sensor_bar.o(.data)
    region_buffer                            0x20000040   Data          10  sensor_bar.o(.data)
    target_yaw                               0x2000004a   Data           2  imu_targeting.o(.data)
    current_servo_pwm                        0x2000004c   Data           2  servo_interface.o(.data)
    pending_servo_pwm                        0x2000004e   Data           2  servo_interface.o(.data)
    static_pwm_bias                          0x20000050   Data           2  servo_interface.o(.data)
    region_index                             0x20000054   Data           1  sb_cali.o(.data)
    cali_in_each_region                      0x20000055   Data           1  sb_cali.o(.data)
    colors_string                            0x20000058   Data          24  sb_cali.o(.data)
    mti_start_bias_yaw                       0x20000072   Data           2  mti_adp.o(.data)
    mti_int_ypr                              0x20000078   Data           6  mti_adp.o(.data)
    mti_int_acc                              0x2000007e   Data           6  mti_adp.o(.data)
    unscale_x                                0x20000084   Data           4  coord.o(.data)
    unscale_y                                0x20000088   Data           4  coord.o(.data)
    unscale_z                                0x2000008c   Data           4  coord.o(.data)
    curr_vel                                 0x20000094   Data           4  velocity.o(.data)
    last_encoder_dis                         0x20000098   Data           4  velocity.o(.data)
    raw_buffer                               0x200000aa   Data           4  mti-1_uart.o(.data)
    MTi_msg                                  0x200000ae   Data           8  mti-1_uart.o(.data)
    tan_val                                  0x200000b6   Data         182  approx_math.o(.data)
    cos_val                                  0x2000016c   Data         182  approx_math.o(.data)
    CAN_FilterCount                          0x20000224   Data           1  can_protocol.o(.data)
    CAN_Tx_Queue                             0x2000022c   Data          12  can_protocol.o(.data)
    encoder_cycles                           0x20000238   Data           8  encoder.o(.data)
    encoder_cur_cycle                        0x20000240   Data           8  encoder.o(.data)
    tft_orientation                          0x20000270   Data           1  lcd_main.o(.data)
    tft_enabled                              0x20000271   Data           1  lcd_main.o(.data)
    tft_width                                0x20000272   Data           1  lcd_main.o(.data)
    tft_height                               0x20000273   Data           1  lcd_main.o(.data)
    tft_y_index                              0x20000274   Data           1  lcd_main.o(.data)
    pointer_to_curr_screen                   0x20000275   Data           1  lcd_main.o(.data)
    char_max_x                               0x20000276   Data           1  lcd_main.o(.data)
    char_max_y                               0x20000277   Data           1  lcd_main.o(.data)
    curr_bg_color                            0x20000278   Data           2  lcd_main.o(.data)
    curr_text_color                          0x2000027a   Data           2  lcd_main.o(.data)
    curr_text_color_sp                       0x2000027c   Data           2  lcd_main.o(.data)
    ascii_8x16                               0x2000027e   Data        1536  lcd_main.o(.data)
    led_state                                0x2000087e   Data           1  led.o(.data)
    uart1_listener_empty                     0x20000884   Data           1  usart.o(.data)
    uart2_listener_empty                     0x20000885   Data           1  usart.o(.data)
    uart3_listener_empty                     0x20000886   Data           1  usart.o(.data)
    printf_COMx                              0x20000887   Data           1  usart.o(.data)
    uart1_rx_listener                        0x20000888   Data           4  usart.o(.data)
    uart2_rx_listener                        0x2000088c   Data           4  usart.o(.data)
    uart3_rx_listener                        0x20000890   Data           4  usart.o(.data)
    COM_USART                                0x20000894   Data          16  usart.o(.data)
    COM_TX_PORT                              0x200008a4   Data          16  usart.o(.data)
    Buzzer_Queue                             0x200008cc   Data          12  buzzer.o(.data)
    using_delay                              0x200008f0   Data           1  ticks.o(.data)
    ticks                                    0x200008f2   Data           2  ticks.o(.data)
    seconds                                  0x200008f4   Data           2  ticks.o(.data)
    last_IR_end_enc                          0x20000918   Data           8  path_river.o(.data)
    __microlib_freelist                      0x20000930   Data           4  mvars.o(.data)
    __microlib_freelist_initialised          0x20000934   Data           4  mvars.o(.data)
    sensor_bar_filtered                      0x2000093c   Data          32  sensor_bar.o(.bss)
    sensor_bar_raw                           0x2000095c   Data          32  sensor_bar.o(.bss)
    raw                                      0x2000097c   Data          22  sensor_bar.o(.bss)
    compensated_region_color                 0x20000992   Data         108  sensor_bar.o(.bss)
    region_color_average                     0x200009fe   Data         108  sensor_bar.o(.bss)
    mti_start_ypr                            0x20000a6c   Data          12  mti_adp.o(.bss)
    MTi_ang                                  0x20000a78   Data          12  mti-1_uart.o(.bss)
    MTi_acc                                  0x20000a84   Data          12  mti-1_uart.o(.bss)
    CAN_Tx_Queue_Array                       0x20000a90   Data       32000  can_protocol.o(.bss)
    CAN_Rx_Handlers                          0x200087a0   Data         112  can_protocol.o(.bss)
    text                                     0x20008810   Data         400  lcd_main.o(.bss)
    text_color                               0x200089a0   Data         800  lcd_main.o(.bss)
    bg_color                                 0x20008cc0   Data         800  lcd_main.o(.bss)
    __heap_base                              0x20009028   Data           0  startup_stm32f40_41xxx.o(HEAP)
    __heap_limit                             0x20009228   Data           0  startup_stm32f40_41xxx.o(HEAP)
    __initial_sp                             0x20009628   Data           0  startup_stm32f40_41xxx.o(STACK)



==============================================================================

Memory Map of the image

  Image Entry point : 0x08000189

  Load Region LR_IROM1 (Base: 0x08000000, Size: 0x00007554, Max: 0x00100000, ABSOLUTE, COMPRESSED[0x000070d0])

    Execution Region ER_IROM1 (Base: 0x08000000, Size: 0x00006c18, Max: 0x00100000, ABSOLUTE)

    Base Addr    Size         Type   Attr      Idx    E Section Name        Object

    0x08000000   0x00000188   Data   RO          818    RESET               startup_stm32f40_41xxx.o
    0x08000188   0x00000000   Code   RO         1242  * .ARM.Collect$$$$00000000  mc_w.l(entry.o)
    0x08000188   0x00000004   Code   RO         1278    .ARM.Collect$$$$00000001  mc_w.l(entry2.o)
    0x0800018c   0x00000004   Code   RO         1281    .ARM.Collect$$$$00000004  mc_w.l(entry5.o)
    0x08000190   0x00000000   Code   RO         1283    .ARM.Collect$$$$00000008  mc_w.l(entry7b.o)
    0x08000190   0x00000000   Code   RO         1285    .ARM.Collect$$$$0000000A  mc_w.l(entry8b.o)
    0x08000190   0x00000008   Code   RO         1286    .ARM.Collect$$$$0000000B  mc_w.l(entry9a.o)
    0x08000198   0x00000000   Code   RO         1288    .ARM.Collect$$$$0000000D  mc_w.l(entry10a.o)
    0x08000198   0x00000000   Code   RO         1290    .ARM.Collect$$$$0000000F  mc_w.l(entry11a.o)
    0x08000198   0x00000004   Code   RO         1279    .ARM.Collect$$$$00002712  mc_w.l(entry2.o)
    0x0800019c   0x0000000e   Code   RO         1170    .emb_text           ticks.o
    0x080001aa   0x00000002   PAD
    0x080001ac   0x00000024   Code   RO          819    .text               startup_stm32f40_41xxx.o
    0x080001d0   0x000000de   Code   RO         1274    .text               mf_w.l(ddiv.o)
    0x080002ae   0x0000002c   Code   RO         1292    .text               mc_w.l(uidiv.o)
    0x080002da   0x00000062   Code   RO         1293    .text               mc_w.l(uldiv.o)
    0x0800033c   0x00000020   Code   RO         1294    .text               mc_w.l(llushr.o)
    0x0800035c   0x00000000   Code   RO         1303    .text               mc_w.l(iusefp.o)
    0x0800035c   0x0000003c   Code   RO         1304    .text               mf_w.l(frnd.o)
    0x08000398   0x000000ba   Code   RO         1305    .text               mf_w.l(depilogue.o)
    0x08000452   0x0000014e   Code   RO         1306    .text               mf_w.l(dadd.o)
    0x080005a0   0x000000e4   Code   RO         1307    .text               mf_w.l(dmul.o)
    0x08000684   0x00000030   Code   RO         1308    .text               mf_w.l(dfixul.o)
    0x080006b4   0x00000030   Code   RO         1309    .text               mf_w.l(cdrcmple.o)
    0x080006e4   0x00000024   Code   RO         1310    .text               mc_w.l(init.o)
    0x08000708   0x0000001e   Code   RO         1311    .text               mc_w.l(llshl.o)
    0x08000726   0x00000024   Code   RO         1312    .text               mc_w.l(llsshr.o)
    0x0800074a   0x0000006e   Code   RO         1313    .text               mf_w.l(fepilogue.o)
    0x080007b8   0x00000056   Code   RO         1319    .text               mc_w.l(__dczerorl2.o)
    0x0800080e   0x00000012   Code   RO          422    i.ADC_Cmd           stm32f4xx_adc.o
    0x08000820   0x0000002c   Code   RO          423    i.ADC_CommonInit    stm32f4xx_adc.o
    0x0800084c   0x00000012   Code   RO          426    i.ADC_DMACmd        stm32f4xx_adc.o
    0x0800085e   0x00000012   Code   RO          427    i.ADC_DMARequestAfterLastTransferCmd  stm32f4xx_adc.o
    0x08000870   0x00000054   Code   RO          442    i.ADC_Init          stm32f4xx_adc.o
    0x080008c4   0x00000090   Code   RO          447    i.ADC_RegularChannelConfig  stm32f4xx_adc.o
    0x08000954   0x0000000a   Code   RO          449    i.ADC_SoftwareStartConv  stm32f4xx_adc.o
    0x0800095e   0x00000002   Code   RO          823    i.BusFault_Handler  stm32f4xx_it.o
    0x08000960   0x000000a4   Code   RO          978    i.CAN1_RX0_IRQHandler  can_protocol.o
    0x08000a04   0x00000028   Code   RO          979    i.CAN1_TX_IRQHandler  can_protocol.o
    0x08000a2c   0x0000009c   Code   RO          459    i.CAN_ClearITPendingBit  stm32f4xx_can.o
    0x08000ac8   0x0000003a   Code   RO          461    i.CAN_DeInit        stm32f4xx_can.o
    0x08000b02   0x00000002   PAD
    0x08000b04   0x000000ec   Code   RO          463    i.CAN_FilterInit    stm32f4xx_can.o
    0x08000bf0   0x0000010c   Code   RO          465    i.CAN_GetITStatus   stm32f4xx_can.o
    0x08000cfc   0x00000010   Code   RO          469    i.CAN_ITConfig      stm32f4xx_can.o
    0x08000d0c   0x000000e8   Code   RO          470    i.CAN_Init          stm32f4xx_can.o
    0x08000df4   0x000000b4   Code   RO          473    i.CAN_Receive       stm32f4xx_can.o
    0x08000ea8   0x00000020   Code   RO          476    i.CAN_StructInit    stm32f4xx_can.o
    0x08000ec8   0x000000c0   Code   RO          478    i.CAN_Transmit      stm32f4xx_can.o
    0x08000f88   0x00000012   Code   RO          529    i.DMA_Cmd           stm32f4xx_dma.o
    0x08000f9a   0x00000002   PAD
    0x08000f9c   0x00000188   Code   RO          530    i.DMA_DeInit        stm32f4xx_dma.o
    0x08001124   0x00000078   Code   RO          541    i.DMA_Init          stm32f4xx_dma.o
    0x0800119c   0x00000002   Code   RO          824    i.DebugMon_Handler  stm32f4xx_it.o
    0x0800119e   0x00000096   Code   RO          734    i.GPIO_Init         stm32f4xx_gpio.o
    0x08001234   0x00000022   Code   RO          735    i.GPIO_PinAFConfig  stm32f4xx_gpio.o
    0x08001256   0x0000000e   Code   RO          738    i.GPIO_ReadInputDataBit  stm32f4xx_gpio.o
    0x08001264   0x00000004   Code   RO          741    i.GPIO_ResetBits    stm32f4xx_gpio.o
    0x08001268   0x00000004   Code   RO          742    i.GPIO_SetBits      stm32f4xx_gpio.o
    0x0800126c   0x00000012   Code   RO          743    i.GPIO_StructInit   stm32f4xx_gpio.o
    0x0800127e   0x0000000a   Code   RO          746    i.GPIO_WriteBit     stm32f4xx_gpio.o
    0x08001288   0x00000002   Code   RO          825    i.HardFault_Handler  stm32f4xx_it.o
    0x0800128a   0x00000002   PAD
    0x0800128c   0x00000050   Code   RO         1223    i.IR_buffer_update  path_river.o
    0x080012dc   0x00000068   Code   RO         1224    i.IR_island_update  path_river.o
    0x08001344   0x000001ac   Code   RO          950    i.MTi_1_UART_Rx     mti-1_uart.o
    0x080014f0   0x00000060   Code   RO          951    i.MTi_1_UART_init   mti-1_uart.o
    0x08001550   0x00000038   Code   RO          952    i.MTi_1_reset       mti-1_uart.o
    0x08001588   0x00000002   Code   RO          826    i.MemManage_Handler  stm32f4xx_it.o
    0x0800158a   0x00000002   Code   RO          827    i.NMI_Handler       stm32f4xx_it.o
    0x0800158c   0x00000074   Code   RO          288    i.NVIC_Init         misc.o
    0x08001600   0x00000014   Code   RO          290    i.NVIC_SetVectorTable  misc.o
    0x08001614   0x00000002   Code   RO          828    i.PendSV_Handler    stm32f4xx_it.o
    0x08001616   0x00000002   PAD
    0x08001618   0x00000018   Code   RO           32    i.RCC_AHB1PeriphClockCmd  stm32f4xx_rcc.o
    0x08001630   0x00000018   Code   RO           35    i.RCC_AHB2PeriphClockCmd  stm32f4xx_rcc.o
    0x08001648   0x00000018   Code   RO           41    i.RCC_APB1PeriphClockCmd  stm32f4xx_rcc.o
    0x08001660   0x00000018   Code   RO           42    i.RCC_APB1PeriphClockLPModeCmd  stm32f4xx_rcc.o
    0x08001678   0x00000018   Code   RO           43    i.RCC_APB1PeriphResetCmd  stm32f4xx_rcc.o
    0x08001690   0x00000018   Code   RO           44    i.RCC_APB2PeriphClockCmd  stm32f4xx_rcc.o
    0x080016a8   0x00000018   Code   RO           46    i.RCC_APB2PeriphResetCmd  stm32f4xx_rcc.o
    0x080016c0   0x000000a0   Code   RO           53    i.RCC_GetClocksFreq  stm32f4xx_rcc.o
    0x08001760   0x00000012   Code   RO          755    i.SPI_CalculateCRC  stm32f4xx_spi.o
    0x08001772   0x00000012   Code   RO          756    i.SPI_Cmd           stm32f4xx_spi.o
    0x08001784   0x0000000e   Code   RO          764    i.SPI_I2S_GetFlagStatus  stm32f4xx_spi.o
    0x08001792   0x00000004   Code   RO          767    i.SPI_I2S_ReceiveData  stm32f4xx_spi.o
    0x08001796   0x00000004   Code   RO          768    i.SPI_I2S_SendData  stm32f4xx_spi.o
    0x0800179a   0x00000054   Code   RO          769    i.SPI_Init          stm32f4xx_spi.o
    0x080017ee   0x00000012   Code   RO          771    i.SPI_SSOutputCmd   stm32f4xx_spi.o
    0x08001800   0x00000002   Code   RO          829    i.SVC_Handler       stm32f4xx_it.o
    0x08001802   0x00000002   Code   RO          830    i.SysTick_Handler   stm32f4xx_it.o
    0x08001804   0x00000084   Code   RO          813    i.SystemCoreClockUpdate  system_stm32f4xx.o
    0x08001888   0x0000011c   Code   RO          814    i.SystemInit        system_stm32f4xx.o
    0x080019a4   0x00000048   Code   RO         1171    i.TIM5_IRQHandler   ticks.o
    0x080019ec   0x00000012   Code   RO          642    i.TIM_ARRPreloadConfig  stm32f4xx_tim.o
    0x080019fe   0x00000006   Code   RO          648    i.TIM_ClearFlag     stm32f4xx_tim.o
    0x08001a04   0x00000006   Code   RO          649    i.TIM_ClearITPendingBit  stm32f4xx_tim.o
    0x08001a0a   0x00000012   Code   RO          654    i.TIM_Cmd           stm32f4xx_tim.o
    0x08001a1c   0x00000016   Code   RO          656    i.TIM_CtrlPWMOutputs  stm32f4xx_tim.o
    0x08001a32   0x00000182   Code   RO          659    i.TIM_DeInit        stm32f4xx_tim.o
    0x08001bb4   0x0000003c   Code   RO          663    i.TIM_EncoderInterfaceConfig  stm32f4xx_tim.o
    0x08001bf0   0x00000004   Code   RO          673    i.TIM_GetCounter    stm32f4xx_tim.o
    0x08001bf4   0x00000016   Code   RO          675    i.TIM_GetITStatus   stm32f4xx_tim.o
    0x08001c0a   0x00000010   Code   RO          679    i.TIM_ITConfig      stm32f4xx_tim.o
    0x08001c1a   0x00000068   Code   RO          683    i.TIM_OC1Init       stm32f4xx_tim.o
    0x08001c82   0x0000000c   Code   RO          686    i.TIM_OC1PreloadConfig  stm32f4xx_tim.o
    0x08001c8e   0x00000004   Code   RO          714    i.TIM_SetAutoreload  stm32f4xx_tim.o
    0x08001c92   0x00000004   Code   RO          716    i.TIM_SetCompare1   stm32f4xx_tim.o
    0x08001c96   0x00000004   Code   RO          720    i.TIM_SetCounter    stm32f4xx_tim.o
    0x08001c9a   0x00000002   PAD
    0x08001c9c   0x00000080   Code   RO          726    i.TIM_TimeBaseInit  stm32f4xx_tim.o
    0x08001d1c   0x000000a0   Code   RO         1062    i.TM_GPIO_INT_Init  tm_stm32f4_gpio.o
    0x08001dbc   0x00000030   Code   RO         1063    i.TM_GPIO_Init      tm_stm32f4_gpio.o
    0x08001dec   0x0000003c   Code   RO         1108    i.USART1_IRQHandler  usart.o
    0x08001e28   0x0000003c   Code   RO         1109    i.USART2_IRQHandler  usart.o
    0x08001e64   0x0000003c   Code   RO         1110    i.USART3_IRQHandler  usart.o
    0x08001ea0   0x0000000e   Code   RO          340    i.USART_ClearITPendingBit  stm32f4xx_usart.o
    0x08001eae   0x00000012   Code   RO          343    i.USART_Cmd         stm32f4xx_usart.o
    0x08001ec0   0x0000000e   Code   RO          346    i.USART_GetFlagStatus  stm32f4xx_usart.o
    0x08001ece   0x00000042   Code   RO          347    i.USART_GetITStatus  stm32f4xx_usart.o
    0x08001f10   0x00000030   Code   RO          349    i.USART_ITConfig    stm32f4xx_usart.o
    0x08001f40   0x000000b8   Code   RO          350    i.USART_Init        stm32f4xx_usart.o
    0x08001ff8   0x00000008   Code   RO          357    i.USART_ReceiveData  stm32f4xx_usart.o
    0x08002000   0x00000008   Code   RO          360    i.USART_SendData    stm32f4xx_usart.o
    0x08002008   0x00000002   Code   RO          831    i.UsageFault_Handler  stm32f4xx_it.o
    0x0800200a   0x00000002   PAD
    0x0800200c   0x00000024   Code   RO         1253    i.__0vsprintf       mc_w.l(printfa.o)
    0x08002030   0x0000009a   Code   RO         1240    i.__hardfp_roundf   m_wm.l(roundf.o)
    0x080020ca   0x0000003a   Code   RO         1234    i.__hardfp_sqrtf    m_wm.l(sqrtf.o)
    0x08002104   0x0000000e   Code   RO         1316    i.__scatterload_copy  mc_w.l(handlers.o)
    0x08002112   0x00000002   Code   RO         1317    i.__scatterload_null  mc_w.l(handlers.o)
    0x08002114   0x0000000e   Code   RO         1318    i.__scatterload_zeroinit  mc_w.l(handlers.o)
    0x08002122   0x00000002   PAD
    0x08002124   0x0000000c   Code   RO         1301    i.__set_errno       mc_w.l(errno.o)
    0x08002130   0x00000074   Code   RO         1172    i._delay_ms         ticks.o
    0x080021a4   0x00000164   Code   RO         1254    i._fp_digits        mc_w.l(printfa.o)
    0x08002308   0x000006dc   Code   RO         1255    i._printf_core      mc_w.l(printfa.o)
    0x080029e4   0x00000024   Code   RO         1256    i._printf_post_padding  mc_w.l(printfa.o)
    0x08002a08   0x0000002e   Code   RO         1257    i._printf_pre_padding  mc_w.l(printfa.o)
    0x08002a36   0x0000000a   Code   RO         1259    i._sputc            mc_w.l(printfa.o)
    0x08002a40   0x0000000c   Code   RO          938    i.adc_get           adc.o
    0x08002a4c   0x000000fc   Code   RO          939    i.adc_init          adc.o
    0x08002b48   0x0000006c   Code   RO         1011    i.button_init       button.o
    0x08002bb4   0x0000004c   Code   RO         1012    i.button_pressed    button.o
    0x08002c00   0x00000120   Code   RO         1127    i.buzzer_check      buzzer.o
    0x08002d20   0x0000010c   Code   RO         1132    i.buzzer_init       buzzer.o
    0x08002e2c   0x0000002c   Code   RO         1134    i.buzzer_on         buzzer.o
    0x08002e58   0x00000078   Code   RO         1135    i.buzzer_play_song  buzzer.o
    0x08002ed0   0x000000d4   Code   RO          983    i.can_init          can_protocol.o
    0x08002fa4   0x00000060   Code   RO          984    i.can_rx_add_filter  can_protocol.o
    0x08003004   0x00000030   Code   RO          985    i.can_rx_init       can_protocol.o
    0x08003034   0x000000cc   Code   RO          986    i.can_tx_dequeue    can_protocol.o
    0x08003100   0x00000054   Code   RO          987    i.can_tx_enqueue    can_protocol.o
    0x08003154   0x00000014   Code   RO          953    i.clear_buffer      mti-1_uart.o
    0x08003168   0x0000002c   Code   RO          932    i.comm_init         comm.o
    0x08003194   0x000000a0   Code   RO          918    i.coord_update      coord.o
    0x08003234   0x0000016c   Code   RO         1001    i.encoder_init      encoder.o
    0x080033a0   0x00000066   Code   RO          954    i.flt_cal           mti-1_uart.o
    0x08003406   0x00000002   PAD
    0x08003408   0x00000050   Code   RO         1260    i.free              mc_w.l(malloc.o)
    0x08003458   0x00000010   Code   RO          955    i.get_MTi_acc       mti-1_uart.o
    0x08003468   0x00000010   Code   RO          956    i.get_MTi_ang       mti-1_uart.o
    0x08003478   0x00000028   Code   RO         1002    i.get_average_dis   encoder.o
    0x080034a0   0x0000001a   Code   RO         1003    i.get_average_encoder  encoder.o
    0x080034ba   0x00000002   PAD
    0x080034bc   0x00000068   Code   RO         1004    i.get_count         encoder.o
    0x08003524   0x00000016   Code   RO         1005    i.get_dis           encoder.o
    0x0800353a   0x00000002   PAD
    0x0800353c   0x00000018   Code   RO         1174    i.get_full_ticks    ticks.o
    0x08003554   0x00000054   Code   RO          944    i.get_ir_dis        adc_ir.o
    0x080035a8   0x0000001c   Code   RO          926    i.get_vel           velocity.o
    0x080035c4   0x00000008   Code   RO          969    i.int_cos           approx_math.o
    0x080035cc   0x00000088   Code   RO          970    i.int_sin           approx_math.o
    0x08003654   0x00000068   Code   RO         1048    i.led_blink         led.o
    0x080036bc   0x0000002c   Code   RO         1050    i.led_init          led.o
    0x080036e8   0x0000025c   Code   RO          835    i.main              main.o
    0x08003944   0x0000006c   Code   RO         1261    i.malloc            mc_w.l(malloc.o)
    0x080039b0   0x00000110   Code   RO          883    i.menu_update       menu.o
    0x08003ac0   0x0000000c   Code   RO          909    i.mti_all_ready     mti_adp.o
    0x08003acc   0x00000020   Code   RO          911    i.mti_init          mti_adp.o
    0x08003aec   0x00000130   Code   RO          912    i.mti_update        mti_adp.o
    0x08003c1c   0x00000010   Code   RO         1206    i.path_down_reset   path_downslope.o
    0x08003c2c   0x00000070   Code   RO         1207    i.path_down_update  path_downslope.o
    0x08003c9c   0x00000034   Code   RO         1225    i.path_river_init   path_river.o
    0x08003cd0   0x0000016c   Code   RO         1226    i.path_river_update  path_river.o
    0x08003e3c   0x00000084   Code   RO         1201    i.path_station_update  path_station.o
    0x08003ec0   0x00000018   Code   RO         1231    i.path_up_sb_init   path_upslope_sb.o
    0x08003ed8   0x00000140   Code   RO         1232    i.path_up_sb_update  path_upslope_sb.o
    0x08004018   0x00000028   Code   RO          946    i.readIR            adc_ir.o
    0x08004040   0x0000000e   Code   RO          933    i.request_color_msg  comm.o
    0x0800404e   0x00000010   Code   RO         1150    i.s16_cap           quick_math.o
    0x0800405e   0x00000002   PAD
    0x08004060   0x00000088   Code   RO          903    i.sb_cali_update    sb_cali.o
    0x080040e8   0x00000024   Code   RO          840    i.sb_pwm_1to1       sensor_bar.o
    0x0800410c   0x00000090   Code   RO          957    i.send_MTi_1_UART_msg  mti-1_uart.o
    0x0800419c   0x00000124   Code   RO          934    i.sensor_bar_cali_color_receiver  comm.o
    0x080042c0   0x00000128   Code   RO          841    i.sensor_bar_get_corr  sensor_bar.o
    0x080043e8   0x00000030   Code   RO          843    i.sensor_bar_receiver_a  sensor_bar.o
    0x08004418   0x00000034   Code   RO          844    i.sensor_bar_receiver_b  sensor_bar.o
    0x0800444c   0x00000048   Code   RO          845    i.sensor_bar_receiver_c  sensor_bar.o
    0x08004494   0x0000000c   Code   RO          846    i.sensor_bar_receiver_d  sensor_bar.o
    0x080044a0   0x00000050   Code   RO          848    i.sensorbar_init    sensor_bar.o
    0x080044f0   0x00000018   Code   RO         1157    i.servo_control     servo.o
    0x08004508   0x000000d0   Code   RO         1158    i.servo_init        servo.o
    0x080045d8   0x0000000c   Code   RO          857    i.set_target        imu_targeting.o
    0x080045e4   0x00000020   Code   RO          888    i.si_add_deg_bias   servo_interface.o
    0x08004604   0x00000014   Code   RO          890    i.si_clear          servo_interface.o
    0x08004618   0x0000003c   Code   RO          892    i.si_execute        servo_interface.o
    0x08004654   0x00000044   Code   RO          893    i.si_init           servo_interface.o
    0x08004698   0x0000000c   Code   RO          895    i.si_set_pwm        servo_interface.o
    0x080046a4   0x00000024   Code   RO          858    i.targeting_pid     imu_targeting.o
    0x080046c8   0x0000003c   Code   RO          859    i.targeting_update  imu_targeting.o
    0x08004704   0x0000009c   Code   RO         1016    i.tft_char_is_changed  lcd_main.o
    0x080047a0   0x00000074   Code   RO         1017    i.tft_clear         lcd_main.o
    0x08004814   0x00000216   Code   RO         1019    i.tft_config        lcd_main.o
    0x08004a2a   0x00000062   Code   RO         1022    i.tft_fill_color    lcd_main.o
    0x08004a8c   0x000000fc   Code   RO         1025    i.tft_init          lcd_main.o
    0x08004b88   0x000000dc   Code   RO         1026    i.tft_println       lcd_main.o
    0x08004c64   0x000000cc   Code   RO         1027    i.tft_prints        lcd_main.o
    0x08004d30   0x000012d8   Code   RO         1028    i.tft_put_logo      lcd_main.o
    0x08006008   0x0000005c   Code   RO         1029    i.tft_put_pixel     lcd_main.o
    0x08006064   0x00000050   Code   RO         1033    i.tft_set_pixel_pos  lcd_main.o
    0x080060b4   0x00000114   Code   RO         1036    i.tft_spi_init      lcd_main.o
    0x080061c8   0x000005f4   Code   RO         1038    i.tft_update        lcd_main.o
    0x080067bc   0x0000005c   Code   RO         1039    i.tft_write_command  lcd_main.o
    0x08006818   0x0000005c   Code   RO         1040    i.tft_write_data    lcd_main.o
    0x08006874   0x0000006c   Code   RO         1178    i.ticks_init        ticks.o
    0x080068e0   0x0000010c   Code   RO         1111    i.uart_init         usart.o
    0x080069ec   0x00000070   Code   RO         1113    i.uart_interrupt_init  usart.o
    0x08006a5c   0x00000028   Code   RO         1118    i.uart_tx_byte      usart.o
    0x08006a84   0x00000030   Code   RO         1193    i.vector_len        vector_math.o
    0x08006ab4   0x0000006c   Code   RO          927    i.vel_update        velocity.o
    0x08006b20   0x0000000c   Data   RO          864    .constdata          buzzer_song.o
    0x08006b2c   0x00000008   Data   RO          866    .constdata          buzzer_song.o
    0x08006b34   0x00000004   Data   RO          869    .constdata          buzzer_song.o
    0x08006b38   0x00000006   Data   RO          870    .constdata          buzzer_song.o
    0x08006b3e   0x00000008   Data   RO          871    .constdata          buzzer_song.o
    0x08006b46   0x0000000a   Data   RO          872    .constdata          buzzer_song.o
    0x08006b50   0x0000000c   Data   RO          873    .constdata          buzzer_song.o
    0x08006b5c   0x0000000c   Data   RO          874    .constdata          buzzer_song.o
    0x08006b68   0x00000048   Data   RO         1120    .constdata          usart.o
    0x08006bb0   0x00000047   Data   RO          904    .conststring        sb_cali.o
    0x08006bf7   0x00000001   PAD
    0x08006bf8   0x00000020   Data   RO         1314    Region$$Table       anon$$obj.o


    Execution Region RW_IRAM1 (Base: 0x20000000, Size: 0x00009628, Max: 0x00020000, ABSOLUTE, COMPRESSED[0x000004b8])

    Base Addr    Size         Type   Attr      Idx    E Section Name        Object

    0x20000000   0x00000010   Data   RW           85    .data               stm32f4xx_rcc.o
    0x20000010   0x00000014   Data   RW          815    .data               system_stm32f4xx.o
    0x20000024   0x00000018   Data   RW          836    .data               main.o
    0x2000003c   0x0000000e   Data   RW          853    .data               sensor_bar.o
    0x2000004a   0x00000002   Data   RW          860    .data               imu_targeting.o
    0x2000004c   0x00000006   Data   RW          898    .data               servo_interface.o
    0x20000052   0x00000002   PAD
    0x20000054   0x0000001c   Data   RW          905    .data               sb_cali.o
    0x20000070   0x00000014   Data   RW          914    .data               mti_adp.o
    0x20000084   0x00000010   Data   RW          922    .data               coord.o
    0x20000094   0x00000008   Data   RW          928    .data               velocity.o
    0x2000009c   0x00000004   Data   RW          940    .data               adc.o
    0x200000a0   0x00000016   Data   RW          959    .data               mti-1_uart.o
    0x200000b6   0x0000016c   Data   RW          974    .data               approx_math.o
    0x20000222   0x00000002   PAD
    0x20000224   0x00000014   Data   RW          997    .data               can_protocol.o
    0x20000238   0x00000038   Data   RW         1007    .data               encoder.o
    0x20000270   0x0000060e   Data   RW         1042    .data               lcd_main.o
    0x2000087e   0x00000004   Data   RW         1051    .data               led.o
    0x20000882   0x00000002   PAD
    0x20000884   0x00000030   Data   RW         1122    .data               usart.o
    0x200008b4   0x00000024   Data   RW         1144    .data               buzzer.o
    0x200008d8   0x00000018   Data   RW         1159    .data               servo.o
    0x200008f0   0x00000006   Data   RW         1179    .data               ticks.o
    0x200008f6   0x00000002   PAD
    0x200008f8   0x00000008   Data   RW         1202    .data               path_station.o
    0x20000900   0x00000004   Data   RW         1208    .data               path_downslope.o
    0x20000904   0x0000001c   Data   RW         1227    .data               path_river.o
    0x20000920   0x00000010   Data   RW         1233    .data               path_upslope_sb.o
    0x20000930   0x00000004   Data   RW         1297    .data               mc_w.l(mvars.o)
    0x20000934   0x00000004   Data   RW         1298    .data               mc_w.l(mvars.o)
    0x20000938   0x00000004   Data   RW         1302    .data               mc_w.l(errno.o)
    0x2000093c   0x00000040   Zero   RW          849    .bss                sensor_bar.o
    0x2000097c   0x00000016   Zero   RW          850    .bss                sensor_bar.o
    0x20000992   0x0000006c   Zero   RW          851    .bss                sensor_bar.o
    0x200009fe   0x0000006c   Zero   RW          852    .bss                sensor_bar.o
    0x20000a6a   0x00000002   PAD
    0x20000a6c   0x0000000c   Zero   RW          913    .bss                mti_adp.o
    0x20000a78   0x00000018   Zero   RW          958    .bss                mti-1_uart.o
    0x20000a90   0x00007d00   Zero   RW          995    .bss                can_protocol.o
    0x20008790   0x00000080   Zero   RW          996    .bss                can_protocol.o
    0x20008810   0x000007d0   Zero   RW         1041    .bss                lcd_main.o
    0x20008fe0   0x00000016   Zero   RW         1071    .bss                tm_stm32f4_gpio.o
    0x20008ff6   0x0000001a   Zero   RW         1141    .bss                buzzer.o
    0x20009010   0x00000018   Zero   RW         1142    .bss                buzzer.o
    0x20009028   0x00000200   Zero   RW          817    HEAP                startup_stm32f40_41xxx.o
    0x20009228   0x00000400   Zero   RW          816    STACK               startup_stm32f40_41xxx.o


==============================================================================

Image component sizes


      Code (inc. data)   RO Data    RW Data    ZI Data      Debug   Object Name

       264         26          0          4          0          0   adc.o
       124         14          0          0          0          0   adc_ir.o
       144          8          0        364          0          0   approx_math.o
       184         26          0          0          0          0   button.o
       720         66          0         36         50          0   buzzer.o
         0          0         72          0          0          0   buzzer_song.o
       848         66          0         20      32128          0   can_protocol.o
       350         16          0          0          0          0   comm.o
       160         14          0         16          0          0   coord.o
       556         28          0         56          0          0   encoder.o
       108         32          0          2          0          0   imu_targeting.o
      8560        156          0       1550       2000          0   lcd_main.o
       148         18          0          4          0          0   led.o
       604        176          0         24          0          0   main.o
       272         20          0          0          0          0   menu.o
       136         10          0          0          0          0   misc.o
       878         50          0         22         24          0   mti-1_uart.o
       348         26          0         20         12          0   mti_adp.o
       128         22          0          4          0          0   path_downslope.o
       600        104          0         28          0          0   path_river.o
       132         22          0          8          0          0   path_station.o
       344         48          0         16          0          0   path_upslope_sb.o
        16          0          0          0          0          0   quick_math.o
       136         48         71         28          0          0   sb_cali.o
       596         58          0         14        302          0   sensor_bar.o
       232         18          0         24          0          0   servo.o
       192         28          0          6          0          0   servo_interface.o
        36          8        392          0       1536          0   startup_stm32f40_41xxx.o
       336         12          0          0          0          0   stm32f4xx_adc.o
      1370         28          0          0          0          0   stm32f4xx_can.o
       530         94          0          0          0          0   stm32f4xx_dma.o
       234          0          0          0          0          0   stm32f4xx_gpio.o
        18          0          0          0          0          0   stm32f4xx_it.o
       328         58          0         16          0          0   stm32f4xx_rcc.o
       160          0          0          0          0          0   stm32f4xx_spi.o
       814         10          0          0          0          0   stm32f4xx_tim.o
       360          4          0          0          0          0   stm32f4xx_usart.o
       416         64          0         20          0          0   system_stm32f4xx.o
       334         28          0          6          0          0   ticks.o
       208          8          0          0         22          0   tm_stm32f4_gpio.o
       600         76         72         48          0          0   usart.o
        48          0          0          0          0          0   vector_math.o
       136         26          0          8          0          0   velocity.o

    ----------------------------------------------------------------------
     22730       1516        640       2352      36076          0   Object Totals
         0          0         32          0          0          0   (incl. Generated)
        22          0          1          8          2          0   (incl. Padding)

    ----------------------------------------------------------------------

      Code (inc. data)   RO Data    RW Data    ZI Data      Debug   Library Member Name

       154          0          0          0          0          0   roundf.o
        58          0          0          0          0          0   sqrtf.o
        86          0          0          0          0          0   __dczerorl2.o
         0          0          0          0          0          0   entry.o
         0          0          0          0          0          0   entry10a.o
         0          0          0          0          0          0   entry11a.o
         8          4          0          0          0          0   entry2.o
         4          0          0          0          0          0   entry5.o
         0          0          0          0          0          0   entry7b.o
         0          0          0          0          0          0   entry8b.o
         8          4          0          0          0          0   entry9a.o
        12          6          0          4          0          0   errno.o
        30          0          0          0          0          0   handlers.o
        36          8          0          0          0          0   init.o
         0          0          0          0          0          0   iusefp.o
        30          0          0          0          0          0   llshl.o
        36          0          0          0          0          0   llsshr.o
        32          0          0          0          0          0   llushr.o
       188         20          0          0          0          0   malloc.o
         0          0          0          8          0          0   mvars.o
      2240         86          0          0          0          0   printfa.o
        44          0          0          0          0          0   uidiv.o
        98          0          0          0          0          0   uldiv.o
        48          0          0          0          0          0   cdrcmple.o
       334          0          0          0          0          0   dadd.o
       222          0          0          0          0          0   ddiv.o
       186          0          0          0          0          0   depilogue.o
        48          0          0          0          0          0   dfixul.o
       228          0          0          0          0          0   dmul.o
       110          0          0          0          0          0   fepilogue.o
        60          0          0          0          0          0   frnd.o

    ----------------------------------------------------------------------
      4302        128          0         12          0          0   Library Totals
         2          0          0          0          0          0   (incl. Padding)

    ----------------------------------------------------------------------

      Code (inc. data)   RO Data    RW Data    ZI Data      Debug   Library Name

       212          0          0          0          0          0   m_wm.l
      2852        128          0         12          0          0   mc_w.l
      1236          0          0          0          0          0   mf_w.l

    ----------------------------------------------------------------------
      4302        128          0         12          0          0   Library Totals

    ----------------------------------------------------------------------

==============================================================================


      Code (inc. data)   RO Data    RW Data    ZI Data      Debug   

     27032       1644        640       2364      36076          0   Grand Totals
     27032       1644        640       1208      36076          0   ELF Image Totals (compressed)
     27032       1644        640       1208          0          0   ROM Totals

==============================================================================

    Total RO  Size (Code + RO Data)                27672 (  27.02kB)
    Total RW  Size (RW Data + ZI Data)             38440 (  37.54kB)
    Total ROM Size (Code + RO Data + RW Data)      28880 (  28.20kB)

==============================================================================

