ARM Linker, 4.1 [Build 481] [Standard]

==============================================================================

Section Cross References

    startup_stm32f10x_hd.o(RESET) refers to startup_stm32f10x_hd.o(STACK) for __initial_sp
    startup_stm32f10x_hd.o(RESET) refers to startup_stm32f10x_hd.o(.text) for Reset_Handler
    startup_stm32f10x_hd.o(.text) refers to system_stm32f10x.o(.text) for SystemInit
    startup_stm32f10x_hd.o(.text) refers to entry.o(.ARM.Collect$$$$00000000) for __main
    main.o(.text) refers to dadd.o(.text) for __aeabi_dsub
    main.o(.text) refers to dmul.o(.text) for __aeabi_dmul
    main.o(.text) refers to ddiv.o(.text) for __aeabi_ddiv
    main.o(.text) refers to dfixi.o(.text) for __aeabi_d2iz
    main.o(.text) refers to usart.o(.text) for USART1_SendData
    main.o(.text) refers to dflti.o(.text) for __aeabi_i2d
    main.o(.text) refers to main.o(.data) for magX
    main.o(.text) refers to main.o(.bss) for magGain
    main.o(.text) refers to fflti.o(.text) for __aeabi_i2f
    main.o(.text) refers to fadd.o(.text) for __aeabi_fsub
    main.o(.text) refers to ffixi.o(.text) for __aeabi_f2iz
    main.o(.text) refers to cos.o(i.cos) for cos
    main.o(.text) refers to sin.o(i.sin) for sin
    main.o(.text) refers to atan2.o(i.atan2) for atan2
    main.o(.text) refers to sqrt.o(i.sqrt) for sqrt
    main.o(.text) refers to atan.o(i.atan) for atan
    main.o(.text) refers to mpu6050.o(.text) for updateMPU6050
    main.o(.text) refers to hmc5883.o(.text) for updateHMC5883
    main.o(.text) refers to cdcmple.o(.text) for __aeabi_cdcmple
    main.o(.text) refers to cdrcmple.o(.text) for __aeabi_cdrcmple
    main.o(.text) refers to system_stm32f10x.o(.text) for SystemInit
    main.o(.text) refers to i2c.o(.text) for I2C_GPIO_Config
    hmc5883.o(.text) refers to i2c.o(.text) for Single_WriteI2C
    hmc5883.o(.text) refers to i2c.o(.data) for SlaveAddress
    hmc5883.o(.text) refers to hmc5883.o(.data) for BUF
    hmc5883.o(.text) refers to main.o(.data) for magX
    usart.o(.text) refers to stm32f10x_rcc.o(.text) for RCC_APB2PeriphClockCmd
    usart.o(.text) refers to stm32f10x_gpio.o(.text) for GPIO_Init
    usart.o(.text) refers to stm32f10x_usart.o(.text) for USART_ClockInit
    i2c.o(.text) refers to stm32f10x_gpio.o(.text) for GPIO_Init
    i2c.o(.text) refers to i2c.o(.data) for SlaveAddress
    mpu6050.o(.text) refers to i2c.o(.text) for Single_WriteI2C
    mpu6050.o(.text) refers to i2c.o(.data) for SlaveAddress
    mpu6050.o(.text) refers to main.o(.data) for accX
    stm32f10x_gpio.o(.text) refers to stm32f10x_rcc.o(.text) for RCC_APB2PeriphResetCmd
    stm32f10x_rcc.o(.text) refers to stm32f10x_rcc.o(.data) for APBAHBPrescTable
    stm32f10x_usart.o(.text) refers to stm32f10x_rcc.o(.text) for RCC_APB2PeriphResetCmd
    system_stm32f10x.o(.text) refers to system_stm32f10x.o(.data) for SystemCoreClock
    atan.o(i.__softfp_atan) refers (Special) to iusefp.o(.text) for __I$use$fp
    atan.o(i.__softfp_atan) refers to atan.o(i.atan) for atan
    atan.o(i.atan) refers (Special) to iusefp.o(.text) for __I$use$fp
    atan.o(i.atan) refers to dscalb.o(.text) for scalbn
    atan.o(i.atan) refers to fpclassify.o(i.__ARM_fpclassify) for __ARM_fpclassify
    atan.o(i.atan) refers to dunder.o(i.__mathlib_dbl_underflow) for __mathlib_dbl_underflow
    atan.o(i.atan) refers to dadd.o(.text) for __aeabi_dadd
    atan.o(i.atan) refers to ddiv.o(.text) for __aeabi_ddiv
    atan.o(i.atan) refers to dmul.o(.text) for __aeabi_dmul
    atan.o(i.atan) refers to poly.o(i.__kernel_poly) for __kernel_poly
    atan.o(i.atan) refers to atan.o(.constdata) for .constdata
    atan.o(.constdata) refers (Special) to iusefp.o(.text) for __I$use$fp
    atan_x.o(i.____softfp_atan$lsc) refers (Special) to iusefp.o(.text) for __I$use$fp
    atan_x.o(i.____softfp_atan$lsc) refers to atan_x.o(i.__atan$lsc) for __atan$lsc
    atan_x.o(i.__atan$lsc) refers (Special) to iusefp.o(.text) for __I$use$fp
    atan_x.o(i.__atan$lsc) refers to dscalb.o(.text) for scalbn
    atan_x.o(i.__atan$lsc) refers to dadd.o(.text) for __aeabi_dadd
    atan_x.o(i.__atan$lsc) refers to ddiv.o(.text) for __aeabi_ddiv
    atan_x.o(i.__atan$lsc) refers to dmul.o(.text) for __aeabi_dmul
    atan_x.o(i.__atan$lsc) refers to poly.o(i.__kernel_poly) for __kernel_poly
    atan_x.o(i.__atan$lsc) refers to atan_x.o(.constdata) for .constdata
    atan_x.o(.constdata) refers (Special) to iusefp.o(.text) for __I$use$fp
    atan2.o(i.__softfp_atan2) refers (Special) to iusefp.o(.text) for __I$use$fp
    atan2.o(i.__softfp_atan2) refers to atan2.o(i.atan2) for atan2
    atan2.o(i.atan2) refers (Special) to iusefp.o(.text) for __I$use$fp
    atan2.o(i.atan2) refers to dadd.o(.text) for __aeabi_dadd
    atan2.o(i.atan2) refers to atan.o(i.atan) for atan
    atan2.o(i.atan2) refers to ddiv.o(.text) for __aeabi_ddiv
    atan2.o(i.atan2) refers to qnan.o(.constdata) for __mathlib_zero
    atan2_x.o(i.____softfp_atan2$lsc) refers (Special) to iusefp.o(.text) for __I$use$fp
    atan2_x.o(i.____softfp_atan2$lsc) refers to atan2_x.o(i.__atan2$lsc) for __atan2$lsc
    atan2_x.o(i.__atan2$lsc) refers (Special) to iusefp.o(.text) for __I$use$fp
    atan2_x.o(i.__atan2$lsc) refers to dadd.o(.text) for __aeabi_dadd
    atan2_x.o(i.__atan2$lsc) refers to atan.o(i.atan) for atan
    atan2_x.o(i.__atan2$lsc) refers to errno.o(i.__set_errno) for __set_errno
    atan2_x.o(i.__atan2$lsc) refers to ddiv.o(.text) for __aeabi_ddiv
    atan2_x.o(i.__atan2$lsc) refers to qnan.o(.constdata) for __mathlib_zero
    cos.o(i.__softfp_cos) refers (Special) to iusefp.o(.text) for __I$use$fp
    cos.o(i.__softfp_cos) refers to cos.o(i.cos) for cos
    cos.o(i.cos) refers (Special) to iusefp.o(.text) for __I$use$fp
    cos.o(i.cos) refers to errno.o(i.__set_errno) for __set_errno
    cos.o(i.cos) refers to ddiv.o(.text) for __aeabi_ddiv
    cos.o(i.cos) refers to dscalb.o(.text) for scalbn
    cos.o(i.cos) refers to rred.o(i.__ieee754_rem_pio2) for __ieee754_rem_pio2
    cos.o(i.cos) refers to sin_i.o(i.__kernel_sin) for __kernel_sin
    cos.o(i.cos) refers to cos_i.o(i.__kernel_cos) for __kernel_cos
    cos_x.o(i.____softfp_cos$lsc) refers (Special) to iusefp.o(.text) for __I$use$fp
    cos_x.o(i.____softfp_cos$lsc) refers to cos_x.o(i.__cos$lsc) for __cos$lsc
    cos_x.o(i.__cos$lsc) refers (Special) to iusefp.o(.text) for __I$use$fp
    cos_x.o(i.__cos$lsc) refers to errno.o(i.__set_errno) for __set_errno
    cos_x.o(i.__cos$lsc) refers to dscalb.o(.text) for scalbn
    cos_x.o(i.__cos$lsc) refers to rred.o(i.__ieee754_rem_pio2) for __ieee754_rem_pio2
    cos_x.o(i.__cos$lsc) refers to sin_i.o(i.__kernel_sin) for __kernel_sin
    cos_x.o(i.__cos$lsc) refers to cos_i.o(i.__kernel_cos) for __kernel_cos
    sin.o(i.__softfp_sin) refers (Special) to iusefp.o(.text) for __I$use$fp
    sin.o(i.__softfp_sin) refers to sin.o(i.sin) for sin
    sin.o(i.sin) refers (Special) to iusefp.o(.text) for __I$use$fp
    sin.o(i.sin) refers to errno.o(i.__set_errno) for __set_errno
    sin.o(i.sin) refers to ddiv.o(.text) for __aeabi_ddiv
    sin.o(i.sin) refers to dscalb.o(.text) for scalbn
    sin.o(i.sin) refers to rred.o(i.__ieee754_rem_pio2) for __ieee754_rem_pio2
    sin.o(i.sin) refers to cos_i.o(i.__kernel_cos) for __kernel_cos
    sin.o(i.sin) refers to sin_i.o(i.__kernel_sin) for __kernel_sin
    sin_x.o(i.____softfp_sin$lsc) refers (Special) to iusefp.o(.text) for __I$use$fp
    sin_x.o(i.____softfp_sin$lsc) refers to sin_x.o(i.__sin$lsc) for __sin$lsc
    sin_x.o(i.__sin$lsc) refers (Special) to iusefp.o(.text) for __I$use$fp
    sin_x.o(i.__sin$lsc) refers to errno.o(i.__set_errno) for __set_errno
    sin_x.o(i.__sin$lsc) refers to dscalb.o(.text) for scalbn
    sin_x.o(i.__sin$lsc) refers to rred.o(i.__ieee754_rem_pio2) for __ieee754_rem_pio2
    sin_x.o(i.__sin$lsc) refers to cos_i.o(i.__kernel_cos) for __kernel_cos
    sin_x.o(i.__sin$lsc) refers to sin_i.o(i.__kernel_sin) for __kernel_sin
    sqrt.o(i.__softfp_sqrt) refers (Special) to iusefp.o(.text) for __I$use$fp
    sqrt.o(i.__softfp_sqrt) refers to dsqrt.o(.text) for _dsqrt
    sqrt.o(i.__softfp_sqrt) refers to errno.o(i.__set_errno) for __set_errno
    sqrt.o(i.sqrt) refers (Special) to iusefp.o(.text) for __I$use$fp
    sqrt.o(i.sqrt) refers to dsqrt.o(.text) for _dsqrt
    sqrt.o(i.sqrt) refers to errno.o(i.__set_errno) for __set_errno
    sqrt_x.o(i.____softfp_sqrt$lsc) refers (Special) to iusefp.o(.text) for __I$use$fp
    sqrt_x.o(i.____softfp_sqrt$lsc) refers to cdcmple.o(.text) for __aeabi_cdcmple
    sqrt_x.o(i.____softfp_sqrt$lsc) refers to errno.o(i.__set_errno) for __set_errno
    sqrt_x.o(i.____softfp_sqrt$lsc) refers to dsqrt.o(.text) for _dsqrt
    sqrt_x.o(i.__sqrt$lsc) refers (Special) to iusefp.o(.text) for __I$use$fp
    sqrt_x.o(i.__sqrt$lsc) refers to cdcmple.o(.text) for __aeabi_cdcmple
    sqrt_x.o(i.__sqrt$lsc) refers to errno.o(i.__set_errno) for __set_errno
    sqrt_x.o(i.__sqrt$lsc) refers to dsqrt.o(.text) for _dsqrt
    entry.o(.ARM.Collect$$$$00000000) refers (Special) to entry7.o(.ARM.Collect$$$$00000007) for _main_init
    entry.o(.ARM.Collect$$$$00000000) refers (Special) to entry5.o(.ARM.Collect$$$$00000004) for _main_scatterload
    entry.o(.ARM.Collect$$$$00000000) refers (Special) to entry2.o(.ARM.Collect$$$$00000001) for _main_stk
    fadd.o(.text) refers (Special) to iusefp.o(.text) for __I$use$fp
    fadd.o(.text) refers to fepilogue.o(.text) for _float_epilogue
    dadd.o(.text) refers (Special) to iusefp.o(.text) for __I$use$fp
    dadd.o(.text) refers to llshl.o(.text) for __aeabi_llsl
    dadd.o(.text) refers to llsshr.o(.text) for __aeabi_lasr
    dadd.o(.text) refers to depilogue.o(.text) for _double_epilogue
    dmul.o(.text) refers (Special) to iusefp.o(.text) for __I$use$fp
    dmul.o(.text) refers to depilogue.o(.text) for _double_epilogue
    ddiv.o(.text) refers (Special) to iusefp.o(.text) for __I$use$fp
    ddiv.o(.text) refers to depilogue.o(.text) for _double_round
    fflti.o(.text) refers (Special) to iusefp.o(.text) for __I$use$fp
    fflti.o(.text) refers to fepilogue.o(.text) for _float_epilogue
    dflti.o(.text) refers (Special) to iusefp.o(.text) for __I$use$fp
    dflti.o(.text) refers to depilogue.o(.text) for _double_epilogue
    ffixi.o(.text) refers (Special) to iusefp.o(.text) for __I$use$fp
    dfixi.o(.text) refers (Special) to iusefp.o(.text) for __I$use$fp
    dfixi.o(.text) refers to llushr.o(.text) for __aeabi_llsr
    cdcmple.o(.text) refers (Special) to iusefp.o(.text) for __I$use$fp
    cdrcmple.o(.text) refers (Special) to iusefp.o(.text) for __I$use$fp
    cos_i.o(i.__kernel_cos) refers (Special) to iusefp.o(.text) for __I$use$fp
    cos_i.o(i.__kernel_cos) refers to dfixi.o(.text) for __aeabi_d2iz
    cos_i.o(i.__kernel_cos) refers to dmul.o(.text) for __aeabi_dmul
    cos_i.o(i.__kernel_cos) refers to poly.o(i.__kernel_poly) for __kernel_poly
    cos_i.o(i.__kernel_cos) refers to dadd.o(.text) for __aeabi_dsub
    cos_i.o(i.__kernel_cos) refers to dscalb.o(.text) for scalbn
    cos_i.o(i.__kernel_cos) refers to cos_i.o(.constdata) for .constdata
    cos_i.o(.constdata) refers (Special) to iusefp.o(.text) for __I$use$fp
    dunder.o(i.__mathlib_dbl_underflow) refers to dscalb.o(.text) for scalbn
    fpclassify.o(i.__ARM_fpclassify) refers (Special) to iusefp.o(.text) for __I$use$fp
    poly.o(i.__kernel_poly) refers (Special) to iusefp.o(.text) for __I$use$fp
    poly.o(i.__kernel_poly) refers to dmul.o(.text) for __aeabi_dmul
    poly.o(i.__kernel_poly) refers to dadd.o(.text) for __aeabi_dadd
    qnan.o(.constdata) refers (Special) to iusefp.o(.text) for __I$use$fp
    rred.o(i.__ieee754_rem_pio2) refers (Special) to iusefp.o(.text) for __I$use$fp
    rred.o(i.__ieee754_rem_pio2) refers to dadd.o(.text) for __aeabi_dsub
    rred.o(i.__ieee754_rem_pio2) refers to dmul.o(.text) for __aeabi_dmul
    rred.o(i.__ieee754_rem_pio2) refers to dfixi.o(.text) for __aeabi_d2iz
    rred.o(i.__ieee754_rem_pio2) refers to dflti.o(.text) for __aeabi_i2d
    rred.o(i.__ieee754_rem_pio2) refers to dfltui.o(.text) for __aeabi_ui2d
    rred.o(i.__ieee754_rem_pio2) refers to dscalb.o(.text) for scalbn
    rred.o(i.__ieee754_rem_pio2) refers to rred.o(.constdata) for .constdata
    rred.o(i.__use_accurate_range_reduction) refers (Special) to iusefp.o(.text) for __I$use$fp
    rred.o(.constdata) refers (Special) to iusefp.o(.text) for __I$use$fp
    sin_i.o(i.__kernel_sin) refers (Special) to iusefp.o(.text) for __I$use$fp
    sin_i.o(i.__kernel_sin) refers to fpclassify.o(i.__ARM_fpclassify) for __ARM_fpclassify
    sin_i.o(i.__kernel_sin) refers to dunder.o(i.__mathlib_dbl_underflow) for __mathlib_dbl_underflow
    sin_i.o(i.__kernel_sin) refers to dmul.o(.text) for __aeabi_dmul
    sin_i.o(i.__kernel_sin) refers to poly.o(i.__kernel_poly) for __kernel_poly
    sin_i.o(i.__kernel_sin) refers to dscalb.o(.text) for scalbn
    sin_i.o(i.__kernel_sin) refers to dadd.o(.text) for __aeabi_dsub
    sin_i.o(i.__kernel_sin) refers to sin_i.o(.constdata) for .constdata
    sin_i.o(.constdata) refers (Special) to iusefp.o(.text) for __I$use$fp
    sin_i_x.o(i.____kernel_sin$lsc) refers (Special) to iusefp.o(.text) for __I$use$fp
    sin_i_x.o(i.____kernel_sin$lsc) refers to dmul.o(.text) for __aeabi_dmul
    sin_i_x.o(i.____kernel_sin$lsc) refers to poly.o(i.__kernel_poly) for __kernel_poly
    sin_i_x.o(i.____kernel_sin$lsc) refers to dscalb.o(.text) for scalbn
    sin_i_x.o(i.____kernel_sin$lsc) refers to dadd.o(.text) for __aeabi_dsub
    sin_i_x.o(i.____kernel_sin$lsc) refers to sin_i_x.o(.constdata) for .constdata
    sin_i_x.o(.constdata) refers (Special) to iusefp.o(.text) for __I$use$fp
    entry2.o(.ARM.Collect$$$$00000001) refers to entry2.o(.ARM.Collect$$$$00002712) for __lit__00000000
    entry2.o(.ARM.Collect$$$$00002712) refers to startup_stm32f10x_hd.o(STACK) for __initial_sp
    entry2.o(__vectab_stack_and_reset_area) refers to startup_stm32f10x_hd.o(STACK) for __initial_sp
    entry2.o(__vectab_stack_and_reset_area) refers to entry.o(.ARM.Collect$$$$00000000) for __main
    entry5.o(.ARM.Collect$$$$00000004) refers to init.o(.text) for __scatterload
    entry7.o(.ARM.Collect$$$$00000007) refers to main.o(.text) for main
    errno.o(i.__aeabi_errno_addr) refers to errno.o(.data) for .data
    errno.o(i.__read_errno) refers to errno.o(.data) for .data
    errno.o(i.__set_errno) refers to errno.o(.data) for .data
    depilogue.o(.text) refers to llshl.o(.text) for __aeabi_llsl
    depilogue.o(.text) refers to llushr.o(.text) for __aeabi_llsr
    dsqrt.o(.text) refers to llushr.o(.text) for __aeabi_llsr
    dsqrt.o(.text) refers to depilogue.o(.text) for _double_round
    init.o(.text) refers to entry5.o(.ARM.Collect$$$$00000004) for __main_after_scatterload
    dfltui.o(.text) refers to depilogue.o(.text) for _double_epilogue


==============================================================================

Removing Unused input sections from the image.

    Removing startup_stm32f10x_hd.o(HEAP), (512 bytes).
    Removing delay.o(.text), (34 bytes).
    Removing core_cm3.o(.emb_text), (32 bytes).

3 unused section(s) (total 578 bytes) removed from the image.

==============================================================================

Image Symbol Table

    Local Symbols

    Symbol Name                              Value     Ov Type        Size  Object(Section)

    ../../atan.c                             0x00000000   Number         0  atan.o ABSOLUTE
    ../../atan.c                             0x00000000   Number         0  atan_x.o ABSOLUTE
    ../../atan2.c                            0x00000000   Number         0  atan2_x.o ABSOLUTE
    ../../atan2.c                            0x00000000   Number         0  atan2.o ABSOLUTE
    ../../cos.c                              0x00000000   Number         0  cos_x.o ABSOLUTE
    ../../cos.c                              0x00000000   Number         0  cos.o ABSOLUTE
    ../../cos_i.c                            0x00000000   Number         0  cos_i.o ABSOLUTE
    ../../dunder.c                           0x00000000   Number         0  dunder.o ABSOLUTE
    ../../fpclassify.c                       0x00000000   Number         0  fpclassify.o ABSOLUTE
    ../../microlib/errno.c                   0x00000000   Number         0  errno.o ABSOLUTE
    ../../microlib/fpadd.c                   0x00000000   Number         0  dadd.o ABSOLUTE
    ../../microlib/fpadd.c                   0x00000000   Number         0  fadd.o ABSOLUTE
    ../../microlib/fpdiv.c                   0x00000000   Number         0  ddiv.o ABSOLUTE
    ../../microlib/fpepilogue.c              0x00000000   Number         0  depilogue.o ABSOLUTE
    ../../microlib/fpepilogue.c              0x00000000   Number         0  fepilogue.o ABSOLUTE
    ../../microlib/fpfix.c                   0x00000000   Number         0  dfixi.o ABSOLUTE
    ../../microlib/fpfix.c                   0x00000000   Number         0  ffixi.o ABSOLUTE
    ../../microlib/fpflt.c                   0x00000000   Number         0  dflti.o ABSOLUTE
    ../../microlib/fpflt.c                   0x00000000   Number         0  dfltui.o ABSOLUTE
    ../../microlib/fpflt.c                   0x00000000   Number         0  fflti.o ABSOLUTE
    ../../microlib/fpmul.c                   0x00000000   Number         0  dmul.o ABSOLUTE
    ../../microlib/fpscalb.c                 0x00000000   Number         0  dscalb.o ABSOLUTE
    ../../microlib/fpsqrt.c                  0x00000000   Number         0  dsqrt.o ABSOLUTE
    ../../microlib/init/entry.s              0x00000000   Number         0  entry.o ABSOLUTE
    ../../microlib/init/entry.s              0x00000000   Number         0  entry7.o ABSOLUTE
    ../../microlib/init/entry.s              0x00000000   Number         0  entry5.o ABSOLUTE
    ../../microlib/init/entry.s              0x00000000   Number         0  entry2.o ABSOLUTE
    ../../microlib/longlong.c                0x00000000   Number         0  llshl.o ABSOLUTE
    ../../microlib/longlong.c                0x00000000   Number         0  llushr.o ABSOLUTE
    ../../microlib/longlong.c                0x00000000   Number         0  llsshr.o ABSOLUTE
    ../../microlib/stubs.s                   0x00000000   Number         0  iusefp.o ABSOLUTE
    ../../poly.c                             0x00000000   Number         0  poly.o ABSOLUTE
    ../../qnan.c                             0x00000000   Number         0  qnan.o ABSOLUTE
    ../../rred.c                             0x00000000   Number         0  rred.o ABSOLUTE
    ../../sin.c                              0x00000000   Number         0  sin_x.o ABSOLUTE
    ../../sin.c                              0x00000000   Number         0  sin.o ABSOLUTE
    ../../sin_i.c                            0x00000000   Number         0  sin_i_x.o ABSOLUTE
    ../../sin_i.c                            0x00000000   Number         0  sin_i.o ABSOLUTE
    ../../sqrt.c                             0x00000000   Number         0  sqrt.o ABSOLUTE
    ../../sqrt.c                             0x00000000   Number         0  sqrt_x.o ABSOLUTE
    CM3\\core_cm3.c                          0x00000000   Number         0  core_cm3.o ABSOLUTE
    CM3\core_cm3.c                           0x00000000   Number         0  core_cm3.o ABSOLUTE
    CM3\system_stm32f10x.c                   0x00000000   Number         0  system_stm32f10x.o ABSOLUTE
    FWlib\SRC\stm32f10x_gpio.c               0x00000000   Number         0  stm32f10x_gpio.o ABSOLUTE
    FWlib\SRC\stm32f10x_rcc.c                0x00000000   Number         0  stm32f10x_rcc.o ABSOLUTE
    FWlib\SRC\stm32f10x_usart.c              0x00000000   Number         0  stm32f10x_usart.o ABSOLUTE
    cdcmple.s                                0x00000000   Number         0  cdcmple.o ABSOLUTE
    cdrcmple.s                               0x00000000   Number         0  cdrcmple.o ABSOLUTE
    dc.s                                     0x00000000   Number         0  dc.o ABSOLUTE
    handlers.s                               0x00000000   Number         0  handlers.o ABSOLUTE
    init.s                                   0x00000000   Number         0  init.o ABSOLUTE
    startup\startup_stm32f10x_hd.s           0x00000000   Number         0  startup_stm32f10x_hd.o ABSOLUTE
    user\DELAY.c                             0x00000000   Number         0  delay.o ABSOLUTE
    user\HMC5883.c                           0x00000000   Number         0  hmc5883.o ABSOLUTE
    user\I2C.c                               0x00000000   Number         0  i2c.o ABSOLUTE
    user\MPU6050.c                           0x00000000   Number         0  mpu6050.o ABSOLUTE
    user\USART.c                             0x00000000   Number         0  usart.o ABSOLUTE
    user\main.c                              0x00000000   Number         0  main.o ABSOLUTE
    RESET                                    0x08000000   Section      304  startup_stm32f10x_hd.o(RESET)
    .ARM.Collect$$$$00000000                 0x08000130   Section        0  entry.o(.ARM.Collect$$$$00000000)
    .ARM.Collect$$$$00000001                 0x08000130   Section        4  entry2.o(.ARM.Collect$$$$00000001)
    .ARM.Collect$$$$00000004                 0x08000134   Section        4  entry5.o(.ARM.Collect$$$$00000004)
    .ARM.Collect$$$$00000007                 0x08000138   Section        8  entry7.o(.ARM.Collect$$$$00000007)
    .ARM.Collect$$$$00002712                 0x08000140   Section        4  entry2.o(.ARM.Collect$$$$00002712)
    __lit__00000000                          0x08000140   Data           4  entry2.o(.ARM.Collect$$$$00002712)
    .text                                    0x08000144   Section       36  startup_stm32f10x_hd.o(.text)
    .text                                    0x08000168   Section        0  main.o(.text)
    .text                                    0x08000c84   Section        0  hmc5883.o(.text)
    .text                                    0x08000d38   Section        0  usart.o(.text)
    .text                                    0x08000e0c   Section        0  i2c.o(.text)
    .text                                    0x08001118   Section        0  mpu6050.o(.text)
    .text                                    0x08001204   Section        0  stm32f10x_gpio.o(.text)
    .text                                    0x0800155c   Section        0  stm32f10x_rcc.o(.text)
    .text                                    0x08001900   Section        0  stm32f10x_usart.o(.text)
    .text                                    0x08001d0c   Section        0  system_stm32f10x.o(.text)
    SetSysClockTo72                          0x08001d0d   Thumb Code   192  system_stm32f10x.o(.text)
    SetSysClock                              0x08001dcd   Thumb Code     8  system_stm32f10x.o(.text)
    .text                                    0x08001ed4   Section        0  fadd.o(.text)
    .text                                    0x08001f84   Section        0  dadd.o(.text)
    .text                                    0x080020ce   Section        0  dmul.o(.text)
    .text                                    0x080021b0   Section        0  ddiv.o(.text)
    .text                                    0x0800228e   Section        0  fflti.o(.text)
    .text                                    0x080022a0   Section        0  dflti.o(.text)
    .text                                    0x080022c2   Section        0  ffixi.o(.text)
    .text                                    0x080022f4   Section        0  dfixi.o(.text)
    .text                                    0x08002334   Section       40  cdcmple.o(.text)
    .text                                    0x0800235c   Section       40  cdrcmple.o(.text)
    .text                                    0x08002384   Section        0  llshl.o(.text)
    .text                                    0x080023a2   Section        0  llushr.o(.text)
    .text                                    0x080023c2   Section        0  llsshr.o(.text)
    .text                                    0x080023e6   Section        0  fepilogue.o(.text)
    .text                                    0x080023e6   Section        0  iusefp.o(.text)
    .text                                    0x08002456   Section        0  depilogue.o(.text)
    .text                                    0x08002518   Section        0  dscalb.o(.text)
    .text                                    0x08002546   Section        0  dsqrt.o(.text)
    .text                                    0x080025e8   Section       36  init.o(.text)
    .text                                    0x0800260c   Section        0  dfltui.o(.text)
    i.__ARM_fpclassify                       0x08002626   Section        0  fpclassify.o(i.__ARM_fpclassify)
    i.__ieee754_rem_pio2                     0x08002650   Section        0  rred.o(i.__ieee754_rem_pio2)
    i.__kernel_cos                           0x080029d8   Section        0  cos_i.o(i.__kernel_cos)
    i.__kernel_poly                          0x08002ad4   Section        0  poly.o(i.__kernel_poly)
    i.__kernel_sin                           0x08002b80   Section        0  sin_i.o(i.__kernel_sin)
    i.__mathlib_dbl_underflow                0x08002c70   Section        0  dunder.o(i.__mathlib_dbl_underflow)
    i.__scatterload_copy                     0x08002c80   Section       14  handlers.o(i.__scatterload_copy)
    i.__scatterload_null                     0x08002c8e   Section        2  handlers.o(i.__scatterload_null)
    i.__scatterload_zeroinit                 0x08002c90   Section       14  handlers.o(i.__scatterload_zeroinit)
    i.__set_errno                            0x08002ca0   Section        0  errno.o(i.__set_errno)
    i.atan                                   0x08002cac   Section        0  atan.o(i.atan)
    i.atan2                                  0x08002ed0   Section        0  atan2.o(i.atan2)
    i.cos                                    0x08003050   Section        0  cos.o(i.cos)
    i.sin                                    0x080030fc   Section        0  sin.o(i.sin)
    i.sqrt                                   0x080031ac   Section        0  sqrt.o(i.sqrt)
    .constdata                               0x080031f8   Section      152  atan.o(.constdata)
    atanhi                                   0x080031f8   Data          32  atan.o(.constdata)
    atanlo                                   0x08003218   Data          32  atan.o(.constdata)
    aTodd                                    0x08003238   Data          40  atan.o(.constdata)
    aTeven                                   0x08003260   Data          48  atan.o(.constdata)
    .constdata                               0x08003290   Section       48  cos_i.o(.constdata)
    C                                        0x08003290   Data          48  cos_i.o(.constdata)
    .constdata                               0x080032c0   Section        8  qnan.o(.constdata)
    .constdata                               0x080032c8   Section      200  rred.o(.constdata)
    pio2s                                    0x080032c8   Data          48  rred.o(.constdata)
    twooverpi                                0x080032f8   Data         152  rred.o(.constdata)
    .constdata                               0x08003390   Section       40  sin_i.o(.constdata)
    S                                        0x08003390   Data          40  sin_i.o(.constdata)
    .data                                    0x20000000   Section      144  main.o(.data)
    .data                                    0x20000090   Section        8  hmc5883.o(.data)
    .data                                    0x20000098   Section        2  i2c.o(.data)
    .data                                    0x2000009a   Section       20  stm32f10x_rcc.o(.data)
    APBAHBPrescTable                         0x2000009a   Data          16  stm32f10x_rcc.o(.data)
    ADCPrescTable                            0x200000aa   Data           4  stm32f10x_rcc.o(.data)
    .data                                    0x200000b0   Section       20  system_stm32f10x.o(.data)
    .data                                    0x200000c4   Section        4  errno.o(.data)
    _errno                                   0x200000c4   Data           4  errno.o(.data)
    .bss                                     0x200000c8   Section      376  main.o(.bss)
    STACK                                    0x20000240   Section     1024  startup_stm32f10x_hd.o(STACK)

    Global Symbols

    Symbol Name                              Value     Ov Type        Size  Object(Section)

    BuildAttributes$$THM_ISAv4$P$D$K$B$S$PE$A:L22UL41UL21$X:L11$S22US41US21$IEEE1$IW$USESV6$~STKCKD$USESV7$~SHL$OTIME$ROPI$IEEEX$EBA8$MICROLIB$REQ8$PRES8$EABIv2 0x00000000   Number         0  anon$$obj.o ABSOLUTE
    __ARM_use_no_argv                        0x00000000   Number         0  main.o ABSOLUTE
    __decompress                              - Undefined Weak Reference
    __Vectors_Size                           0x00000130   Number         0  startup_stm32f10x_hd.o ABSOLUTE
    __Vectors                                0x08000000   Data           4  startup_stm32f10x_hd.o(RESET)
    __Vectors_End                            0x08000130   Data           0  startup_stm32f10x_hd.o(RESET)
    __main                                   0x08000131   Thumb Code     0  entry.o(.ARM.Collect$$$$00000000)
    _main_stk                                0x08000131   Thumb Code     0  entry2.o(.ARM.Collect$$$$00000001)
    _main_scatterload                        0x08000135   Thumb Code     0  entry5.o(.ARM.Collect$$$$00000004)
    __main_after_scatterload                 0x08000139   Thumb Code     0  entry5.o(.ARM.Collect$$$$00000004)
    _main_init                               0x08000139   Thumb Code     0  entry7.o(.ARM.Collect$$$$00000007)
    Reset_Handler                            0x08000145   Thumb Code     8  startup_stm32f10x_hd.o(.text)
    NMI_Handler                              0x0800014d   Thumb Code     2  startup_stm32f10x_hd.o(.text)
    HardFault_Handler                        0x0800014f   Thumb Code     2  startup_stm32f10x_hd.o(.text)
    MemManage_Handler                        0x08000151   Thumb Code     2  startup_stm32f10x_hd.o(.text)
    BusFault_Handler                         0x08000153   Thumb Code     2  startup_stm32f10x_hd.o(.text)
    UsageFault_Handler                       0x08000155   Thumb Code     2  startup_stm32f10x_hd.o(.text)
    SVC_Handler                              0x08000157   Thumb Code     2  startup_stm32f10x_hd.o(.text)
    DebugMon_Handler                         0x08000159   Thumb Code     2  startup_stm32f10x_hd.o(.text)
    PendSV_Handler                           0x0800015b   Thumb Code     2  startup_stm32f10x_hd.o(.text)
    SysTick_Handler                          0x0800015d   Thumb Code     2  startup_stm32f10x_hd.o(.text)
    ADC1_2_IRQHandler                        0x0800015f   Thumb Code     0  startup_stm32f10x_hd.o(.text)
    ADC3_IRQHandler                          0x0800015f   Thumb Code     0  startup_stm32f10x_hd.o(.text)
    CAN1_RX1_IRQHandler                      0x0800015f   Thumb Code     0  startup_stm32f10x_hd.o(.text)
    CAN1_SCE_IRQHandler                      0x0800015f   Thumb Code     0  startup_stm32f10x_hd.o(.text)
    DMA1_Channel1_IRQHandler                 0x0800015f   Thumb Code     0  startup_stm32f10x_hd.o(.text)
    DMA1_Channel2_IRQHandler                 0x0800015f   Thumb Code     0  startup_stm32f10x_hd.o(.text)
    DMA1_Channel3_IRQHandler                 0x0800015f   Thumb Code     0  startup_stm32f10x_hd.o(.text)
    DMA1_Channel4_IRQHandler                 0x0800015f   Thumb Code     0  startup_stm32f10x_hd.o(.text)
    DMA1_Channel5_IRQHandler                 0x0800015f   Thumb Code     0  startup_stm32f10x_hd.o(.text)
    DMA1_Channel6_IRQHandler                 0x0800015f   Thumb Code     0  startup_stm32f10x_hd.o(.text)
    DMA1_Channel7_IRQHandler                 0x0800015f   Thumb Code     0  startup_stm32f10x_hd.o(.text)
    DMA2_Channel1_IRQHandler                 0x0800015f   Thumb Code     0  startup_stm32f10x_hd.o(.text)
    DMA2_Channel2_IRQHandler                 0x0800015f   Thumb Code     0  startup_stm32f10x_hd.o(.text)
    DMA2_Channel3_IRQHandler                 0x0800015f   Thumb Code     0  startup_stm32f10x_hd.o(.text)
    DMA2_Channel4_5_IRQHandler               0x0800015f   Thumb Code     0  startup_stm32f10x_hd.o(.text)
    EXTI0_IRQHandler                         0x0800015f   Thumb Code     0  startup_stm32f10x_hd.o(.text)
    EXTI15_10_IRQHandler                     0x0800015f   Thumb Code     0  startup_stm32f10x_hd.o(.text)
    EXTI1_IRQHandler                         0x0800015f   Thumb Code     0  startup_stm32f10x_hd.o(.text)
    EXTI2_IRQHandler                         0x0800015f   Thumb Code     0  startup_stm32f10x_hd.o(.text)
    EXTI3_IRQHandler                         0x0800015f   Thumb Code     0  startup_stm32f10x_hd.o(.text)
    EXTI4_IRQHandler                         0x0800015f   Thumb Code     0  startup_stm32f10x_hd.o(.text)
    EXTI9_5_IRQHandler                       0x0800015f   Thumb Code     0  startup_stm32f10x_hd.o(.text)
    FLASH_IRQHandler                         0x0800015f   Thumb Code     0  startup_stm32f10x_hd.o(.text)
    FSMC_IRQHandler                          0x0800015f   Thumb Code     0  startup_stm32f10x_hd.o(.text)
    I2C1_ER_IRQHandler                       0x0800015f   Thumb Code     0  startup_stm32f10x_hd.o(.text)
    I2C1_EV_IRQHandler                       0x0800015f   Thumb Code     0  startup_stm32f10x_hd.o(.text)
    I2C2_ER_IRQHandler                       0x0800015f   Thumb Code     0  startup_stm32f10x_hd.o(.text)
    I2C2_EV_IRQHandler                       0x0800015f   Thumb Code     0  startup_stm32f10x_hd.o(.text)
    PVD_IRQHandler                           0x0800015f   Thumb Code     0  startup_stm32f10x_hd.o(.text)
    RCC_IRQHandler                           0x0800015f   Thumb Code     0  startup_stm32f10x_hd.o(.text)
    RTCAlarm_IRQHandler                      0x0800015f   Thumb Code     0  startup_stm32f10x_hd.o(.text)
    RTC_IRQHandler                           0x0800015f   Thumb Code     0  startup_stm32f10x_hd.o(.text)
    SDIO_IRQHandler                          0x0800015f   Thumb Code     0  startup_stm32f10x_hd.o(.text)
    SPI1_IRQHandler                          0x0800015f   Thumb Code     0  startup_stm32f10x_hd.o(.text)
    SPI2_IRQHandler                          0x0800015f   Thumb Code     0  startup_stm32f10x_hd.o(.text)
    SPI3_IRQHandler                          0x0800015f   Thumb Code     0  startup_stm32f10x_hd.o(.text)
    TAMPER_IRQHandler                        0x0800015f   Thumb Code     0  startup_stm32f10x_hd.o(.text)
    TIM1_BRK_IRQHandler                      0x0800015f   Thumb Code     0  startup_stm32f10x_hd.o(.text)
    TIM1_CC_IRQHandler                       0x0800015f   Thumb Code     0  startup_stm32f10x_hd.o(.text)
    TIM1_TRG_COM_IRQHandler                  0x0800015f   Thumb Code     0  startup_stm32f10x_hd.o(.text)
    TIM1_UP_IRQHandler                       0x0800015f   Thumb Code     0  startup_stm32f10x_hd.o(.text)
    TIM2_IRQHandler                          0x0800015f   Thumb Code     0  startup_stm32f10x_hd.o(.text)
    TIM3_IRQHandler                          0x0800015f   Thumb Code     0  startup_stm32f10x_hd.o(.text)
    TIM4_IRQHandler                          0x0800015f   Thumb Code     0  startup_stm32f10x_hd.o(.text)
    TIM5_IRQHandler                          0x0800015f   Thumb Code     0  startup_stm32f10x_hd.o(.text)
    TIM6_IRQHandler                          0x0800015f   Thumb Code     0  startup_stm32f10x_hd.o(.text)
    TIM7_IRQHandler                          0x0800015f   Thumb Code     0  startup_stm32f10x_hd.o(.text)
    TIM8_BRK_IRQHandler                      0x0800015f   Thumb Code     0  startup_stm32f10x_hd.o(.text)
    TIM8_CC_IRQHandler                       0x0800015f   Thumb Code     0  startup_stm32f10x_hd.o(.text)
    TIM8_TRG_COM_IRQHandler                  0x0800015f   Thumb Code     0  startup_stm32f10x_hd.o(.text)
    TIM8_UP_IRQHandler                       0x0800015f   Thumb Code     0  startup_stm32f10x_hd.o(.text)
    UART4_IRQHandler                         0x0800015f   Thumb Code     0  startup_stm32f10x_hd.o(.text)
    UART5_IRQHandler                         0x0800015f   Thumb Code     0  startup_stm32f10x_hd.o(.text)
    USART1_IRQHandler                        0x0800015f   Thumb Code     0  startup_stm32f10x_hd.o(.text)
    USART2_IRQHandler                        0x0800015f   Thumb Code     0  startup_stm32f10x_hd.o(.text)
    USART3_IRQHandler                        0x0800015f   Thumb Code     0  startup_stm32f10x_hd.o(.text)
    USBWakeUp_IRQHandler                     0x0800015f   Thumb Code     0  startup_stm32f10x_hd.o(.text)
    USB_HP_CAN1_TX_IRQHandler                0x0800015f   Thumb Code     0  startup_stm32f10x_hd.o(.text)
    USB_LP_CAN1_RX0_IRQHandler               0x0800015f   Thumb Code     0  startup_stm32f10x_hd.o(.text)
    WWDG_IRQHandler                          0x0800015f   Thumb Code     0  startup_stm32f10x_hd.o(.text)
    Init                                     0x08000169   Thumb Code    56  main.o(.text)
    getAngle                                 0x080001a1   Thumb Code   540  main.o(.text)
    setAngle                                 0x080003bd   Thumb Code     6  main.o(.text)
    getRate                                  0x080003c3   Thumb Code     8  main.o(.text)
    setQangle                                0x080003cb   Thumb Code     6  main.o(.text)
    setQbias                                 0x080003d1   Thumb Code     6  main.o(.text)
    setRmeasure                              0x080003d7   Thumb Code     6  main.o(.text)
    getQangle                                0x080003dd   Thumb Code     8  main.o(.text)
    getQbias                                 0x080003e5   Thumb Code     8  main.o(.text)
    getRmeasure                              0x080003ed   Thumb Code     8  main.o(.text)
    send                                     0x080003f5   Thumb Code   256  main.o(.text)
    updateYaw                                0x080004f5   Thumb Code   606  main.o(.text)
    updatePitchRoll                          0x08000753   Thumb Code   126  main.o(.text)
    func                                     0x080007d1   Thumb Code   966  main.o(.text)
    InitAll                                  0x08000b97   Thumb Code   114  main.o(.text)
    RCC_Configuration                        0x08000c09   Thumb Code     8  main.o(.text)
    main                                     0x08000c11   Thumb Code    32  main.o(.text)
    InitHMC5883                              0x08000c85   Thumb Code    26  hmc5883.o(.text)
    updateHMC5883                            0x08000c9f   Thumb Code   132  hmc5883.o(.text)
    USART1_Configuration                     0x08000d39   Thumb Code   176  usart.o(.text)
    USART1_SendData                          0x08000de9   Thumb Code    28  usart.o(.text)
    I2C_GPIO_Config                          0x08000e0d   Thumb Code    60  i2c.o(.text)
    I2C_delay                                0x08000e49   Thumb Code    14  i2c.o(.text)
    delay5ms                                 0x08000e57   Thumb Code    14  i2c.o(.text)
    I2C_Start                                0x08000e65   Thumb Code    90  i2c.o(.text)
    I2C_Stop                                 0x08000ebf   Thumb Code    56  i2c.o(.text)
    I2C_Ack                                  0x08000ef7   Thumb Code    56  i2c.o(.text)
    I2C_NoAck                                0x08000f2f   Thumb Code    56  i2c.o(.text)
    I2C_WaitAck                              0x08000f67   Thumb Code    84  i2c.o(.text)
    I2C_SendByte                             0x08000fbb   Thumb Code    84  i2c.o(.text)
    I2C_RadeByte                             0x0800100f   Thumb Code    80  i2c.o(.text)
    Single_WriteI2C                          0x0800105f   Thumb Code    66  i2c.o(.text)
    Single_ReadI2C                           0x080010a1   Thumb Code    90  i2c.o(.text)
    InitMPU6050                              0x08001119   Thumb Code    58  mpu6050.o(.text)
    updateMPU6050                            0x08001153   Thumb Code   148  mpu6050.o(.text)
    GPIO_DeInit                              0x08001205   Thumb Code   172  stm32f10x_gpio.o(.text)
    GPIO_AFIODeInit                          0x080012b1   Thumb Code    20  stm32f10x_gpio.o(.text)
    GPIO_Init                                0x080012c5   Thumb Code   274  stm32f10x_gpio.o(.text)
    GPIO_StructInit                          0x080013d7   Thumb Code    16  stm32f10x_gpio.o(.text)
    GPIO_ReadInputDataBit                    0x080013e7   Thumb Code    18  stm32f10x_gpio.o(.text)
    GPIO_ReadInputData                       0x080013f9   Thumb Code     8  stm32f10x_gpio.o(.text)
    GPIO_ReadOutputDataBit                   0x08001401   Thumb Code    18  stm32f10x_gpio.o(.text)
    GPIO_ReadOutputData                      0x08001413   Thumb Code     8  stm32f10x_gpio.o(.text)
    GPIO_SetBits                             0x0800141b   Thumb Code     4  stm32f10x_gpio.o(.text)
    GPIO_ResetBits                           0x0800141f   Thumb Code     4  stm32f10x_gpio.o(.text)
    GPIO_WriteBit                            0x08001423   Thumb Code    10  stm32f10x_gpio.o(.text)
    GPIO_Write                               0x0800142d   Thumb Code     4  stm32f10x_gpio.o(.text)
    GPIO_PinLockConfig                       0x08001431   Thumb Code    18  stm32f10x_gpio.o(.text)
    GPIO_EventOutputConfig                   0x08001443   Thumb Code    26  stm32f10x_gpio.o(.text)
    GPIO_EventOutputCmd                      0x0800145d   Thumb Code     6  stm32f10x_gpio.o(.text)
    GPIO_PinRemapConfig                      0x08001463   Thumb Code   138  stm32f10x_gpio.o(.text)
    GPIO_EXTILineConfig                      0x080014ed   Thumb Code    66  stm32f10x_gpio.o(.text)
    GPIO_ETH_MediaInterfaceConfig            0x0800152f   Thumb Code     6  stm32f10x_gpio.o(.text)
    RCC_DeInit                               0x0800155d   Thumb Code    64  stm32f10x_rcc.o(.text)
    RCC_HSEConfig                            0x0800159d   Thumb Code    70  stm32f10x_rcc.o(.text)
    RCC_GetFlagStatus                        0x080015e3   Thumb Code    56  stm32f10x_rcc.o(.text)
    RCC_WaitForHSEStartUp                    0x0800161b   Thumb Code    48  stm32f10x_rcc.o(.text)
    RCC_AdjustHSICalibrationValue            0x0800164b   Thumb Code    20  stm32f10x_rcc.o(.text)
    RCC_HSICmd                               0x0800165f   Thumb Code     6  stm32f10x_rcc.o(.text)
    RCC_PLLConfig                            0x08001665   Thumb Code    24  stm32f10x_rcc.o(.text)
    RCC_PLLCmd                               0x0800167d   Thumb Code     6  stm32f10x_rcc.o(.text)
    RCC_SYSCLKConfig                         0x08001683   Thumb Code    18  stm32f10x_rcc.o(.text)
    RCC_GetSYSCLKSource                      0x08001695   Thumb Code    10  stm32f10x_rcc.o(.text)
    RCC_HCLKConfig                           0x0800169f   Thumb Code    18  stm32f10x_rcc.o(.text)
    RCC_PCLK1Config                          0x080016b1   Thumb Code    18  stm32f10x_rcc.o(.text)
    RCC_PCLK2Config                          0x080016c3   Thumb Code    20  stm32f10x_rcc.o(.text)
    RCC_ITConfig                             0x080016d7   Thumb Code    30  stm32f10x_rcc.o(.text)
    RCC_USBCLKConfig                         0x080016f5   Thumb Code     6  stm32f10x_rcc.o(.text)
    RCC_ADCCLKConfig                         0x080016fb   Thumb Code    18  stm32f10x_rcc.o(.text)
    RCC_LSEConfig                            0x0800170d   Thumb Code    44  stm32f10x_rcc.o(.text)
    RCC_LSICmd                               0x08001739   Thumb Code     6  stm32f10x_rcc.o(.text)
    RCC_RTCCLKConfig                         0x0800173f   Thumb Code    12  stm32f10x_rcc.o(.text)
    RCC_RTCCLKCmd                            0x0800174b   Thumb Code     6  stm32f10x_rcc.o(.text)
    RCC_GetClocksFreq                        0x08001751   Thumb Code   192  stm32f10x_rcc.o(.text)
    RCC_AHBPeriphClockCmd                    0x08001811   Thumb Code    26  stm32f10x_rcc.o(.text)
    RCC_APB2PeriphClockCmd                   0x0800182b   Thumb Code    26  stm32f10x_rcc.o(.text)
    RCC_APB1PeriphClockCmd                   0x08001845   Thumb Code    26  stm32f10x_rcc.o(.text)
    RCC_APB2PeriphResetCmd                   0x0800185f   Thumb Code    26  stm32f10x_rcc.o(.text)
    RCC_APB1PeriphResetCmd                   0x08001879   Thumb Code    26  stm32f10x_rcc.o(.text)
    RCC_BackupResetCmd                       0x08001893   Thumb Code     6  stm32f10x_rcc.o(.text)
    RCC_ClockSecuritySystemCmd               0x08001899   Thumb Code     6  stm32f10x_rcc.o(.text)
    RCC_MCOConfig                            0x0800189f   Thumb Code     6  stm32f10x_rcc.o(.text)
    RCC_ClearFlag                            0x080018a5   Thumb Code    14  stm32f10x_rcc.o(.text)
    RCC_GetITStatus                          0x080018b3   Thumb Code    20  stm32f10x_rcc.o(.text)
    RCC_ClearITPendingBit                    0x080018c7   Thumb Code     6  stm32f10x_rcc.o(.text)
    USART_DeInit                             0x08001901   Thumb Code   134  stm32f10x_usart.o(.text)
    USART_Init                               0x08001987   Thumb Code   210  stm32f10x_usart.o(.text)
    USART_StructInit                         0x08001a59   Thumb Code    24  stm32f10x_usart.o(.text)
    USART_ClockInit                          0x08001a71   Thumb Code    34  stm32f10x_usart.o(.text)
    USART_ClockStructInit                    0x08001a93   Thumb Code    12  stm32f10x_usart.o(.text)
    USART_Cmd                                0x08001a9f   Thumb Code    24  stm32f10x_usart.o(.text)
    USART_ITConfig                           0x08001ab7   Thumb Code    74  stm32f10x_usart.o(.text)
    USART_DMACmd                             0x08001b01   Thumb Code    24  stm32f10x_usart.o(.text)
    USART_SetAddress                         0x08001b19   Thumb Code    18  stm32f10x_usart.o(.text)
    USART_WakeUpConfig                       0x08001b2b   Thumb Code    18  stm32f10x_usart.o(.text)
    USART_ReceiverWakeUpCmd                  0x08001b3d   Thumb Code    24  stm32f10x_usart.o(.text)
    USART_LINBreakDetectLengthConfig         0x08001b55   Thumb Code    18  stm32f10x_usart.o(.text)
    USART_LINCmd                             0x08001b67   Thumb Code    24  stm32f10x_usart.o(.text)
    USART_SendData                           0x08001b7f   Thumb Code     8  stm32f10x_usart.o(.text)
    USART_ReceiveData                        0x08001b87   Thumb Code    10  stm32f10x_usart.o(.text)
    USART_SendBreak                          0x08001b91   Thumb Code    10  stm32f10x_usart.o(.text)
    USART_SetGuardTime                       0x08001b9b   Thumb Code    16  stm32f10x_usart.o(.text)
    USART_SetPrescaler                       0x08001bab   Thumb Code    16  stm32f10x_usart.o(.text)
    USART_SmartCardCmd                       0x08001bbb   Thumb Code    24  stm32f10x_usart.o(.text)
    USART_SmartCardNACKCmd                   0x08001bd3   Thumb Code    24  stm32f10x_usart.o(.text)
    USART_HalfDuplexCmd                      0x08001beb   Thumb Code    24  stm32f10x_usart.o(.text)
    USART_OverSampling8Cmd                   0x08001c03   Thumb Code    22  stm32f10x_usart.o(.text)
    USART_OneBitMethodCmd                    0x08001c19   Thumb Code    24  stm32f10x_usart.o(.text)
    USART_IrDAConfig                         0x08001c31   Thumb Code    18  stm32f10x_usart.o(.text)
    USART_IrDACmd                            0x08001c43   Thumb Code    24  stm32f10x_usart.o(.text)
    USART_GetFlagStatus                      0x08001c5b   Thumb Code    26  stm32f10x_usart.o(.text)
    USART_ClearFlag                          0x08001c75   Thumb Code    18  stm32f10x_usart.o(.text)
    USART_GetITStatus                        0x08001c87   Thumb Code    84  stm32f10x_usart.o(.text)
    USART_ClearITPendingBit                  0x08001cdb   Thumb Code    50  stm32f10x_usart.o(.text)
    SystemInit                               0x08001dd5   Thumb Code    78  system_stm32f10x.o(.text)
    SystemCoreClockUpdate                    0x08001e23   Thumb Code   142  system_stm32f10x.o(.text)
    __aeabi_fadd                             0x08001ed5   Thumb Code   164  fadd.o(.text)
    __aeabi_fsub                             0x08001f79   Thumb Code     6  fadd.o(.text)
    __aeabi_frsub                            0x08001f7f   Thumb Code     6  fadd.o(.text)
    __aeabi_dadd                             0x08001f85   Thumb Code   318  dadd.o(.text)
    __aeabi_dsub                             0x080020c3   Thumb Code     6  dadd.o(.text)
    __aeabi_drsub                            0x080020c9   Thumb Code     6  dadd.o(.text)
    __aeabi_dmul                             0x080020cf   Thumb Code   226  dmul.o(.text)
    __aeabi_ddiv                             0x080021b1   Thumb Code   222  ddiv.o(.text)
    __aeabi_i2f                              0x0800228f   Thumb Code    18  fflti.o(.text)
    __aeabi_i2d                              0x080022a1   Thumb Code    34  dflti.o(.text)
    __aeabi_f2iz                             0x080022c3   Thumb Code    50  ffixi.o(.text)
    __aeabi_d2iz                             0x080022f5   Thumb Code    62  dfixi.o(.text)
    __aeabi_cdcmpeq                          0x08002335   Thumb Code     0  cdcmple.o(.text)
    __aeabi_cdcmple                          0x08002335   Thumb Code    38  cdcmple.o(.text)
    __aeabi_cdrcmple                         0x0800235d   Thumb Code    38  cdrcmple.o(.text)
    __aeabi_llsl                             0x08002385   Thumb Code    30  llshl.o(.text)
    _ll_shift_l                              0x08002385   Thumb Code     0  llshl.o(.text)
    __aeabi_llsr                             0x080023a3   Thumb Code    32  llushr.o(.text)
    _ll_ushift_r                             0x080023a3   Thumb Code     0  llushr.o(.text)
    __aeabi_lasr                             0x080023c3   Thumb Code    36  llsshr.o(.text)
    _ll_sshift_r                             0x080023c3   Thumb Code     0  llsshr.o(.text)
    __I$use$fp                               0x080023e7   Thumb Code     0  iusefp.o(.text)
    _float_round                             0x080023e7   Thumb Code    18  fepilogue.o(.text)
    _float_epilogue                          0x080023f9   Thumb Code    94  fepilogue.o(.text)
    _double_round                            0x08002457   Thumb Code    26  depilogue.o(.text)
    _double_epilogue                         0x08002471   Thumb Code   168  depilogue.o(.text)
    __ARM_scalbn                             0x08002519   Thumb Code    46  dscalb.o(.text)
    scalbn                                   0x08002519   Thumb Code     0  dscalb.o(.text)
    _dsqrt                                   0x08002547   Thumb Code   160  dsqrt.o(.text)
    __scatterload                            0x080025e9   Thumb Code    28  init.o(.text)
    __scatterload_rt2                        0x080025e9   Thumb Code     0  init.o(.text)
    __aeabi_ui2d                             0x0800260d   Thumb Code    26  dfltui.o(.text)
    __ARM_fpclassify                         0x08002627   Thumb Code    40  fpclassify.o(i.__ARM_fpclassify)
    __ieee754_rem_pio2                       0x08002651   Thumb Code   832  rred.o(i.__ieee754_rem_pio2)
    __kernel_cos                             0x080029d9   Thumb Code   230  cos_i.o(i.__kernel_cos)
    __kernel_poly                            0x08002ad5   Thumb Code   170  poly.o(i.__kernel_poly)
    __kernel_sin                             0x08002b81   Thumb Code   226  sin_i.o(i.__kernel_sin)
    __mathlib_dbl_underflow                  0x08002c71   Thumb Code    10  dunder.o(i.__mathlib_dbl_underflow)
    __scatterload_copy                       0x08002c81   Thumb Code    14  handlers.o(i.__scatterload_copy)
    __scatterload_null                       0x08002c8f   Thumb Code     2  handlers.o(i.__scatterload_null)
    __scatterload_zeroinit                   0x08002c91   Thumb Code    14  handlers.o(i.__scatterload_zeroinit)
    __set_errno                              0x08002ca1   Thumb Code     6  errno.o(i.__set_errno)
    atan                                     0x08002cad   Thumb Code   480  atan.o(i.atan)
    atan2                                    0x08002ed1   Thumb Code   346  atan2.o(i.atan2)
    cos                                      0x08003051   Thumb Code   164  cos.o(i.cos)
    sin                                      0x080030fd   Thumb Code   166  sin.o(i.sin)
    sqrt                                     0x080031ad   Thumb Code    74  sqrt.o(i.sqrt)
    __mathlib_zero                           0x080032c0   Data           8  qnan.o(.constdata)
    Region$$Table$$Base                      0x080033b8   Number         0  anon$$obj.o(Region$$Table)
    Region$$Table$$Limit                     0x080033d8   Number         0  anon$$obj.o(Region$$Table)
    magOffset                                0x20000000   Data          12  main.o(.data)
    accX                                     0x2000000c   Data           4  main.o(.data)
    accY                                     0x20000010   Data           4  main.o(.data)
    accZ                                     0x20000014   Data           4  main.o(.data)
    gyroX                                    0x20000018   Data           4  main.o(.data)
    gyroY                                    0x2000001c   Data           4  main.o(.data)
    gyroZ                                    0x20000020   Data           4  main.o(.data)
    magX                                     0x20000024   Data           4  main.o(.data)
    magY                                     0x20000028   Data           4  main.o(.data)
    magZ                                     0x2000002c   Data           4  main.o(.data)
    roll                                     0x20000030   Data           8  main.o(.data)
    pitch                                    0x20000038   Data           8  main.o(.data)
    yaw                                      0x20000040   Data           8  main.o(.data)
    gyroXangle                               0x20000048   Data           8  main.o(.data)
    gyroYangle                               0x20000050   Data           8  main.o(.data)
    gyroZangle                               0x20000058   Data           8  main.o(.data)
    compAngleX                               0x20000060   Data           8  main.o(.data)
    compAngleY                               0x20000068   Data           8  main.o(.data)
    compAngleZ                               0x20000070   Data           8  main.o(.data)
    kalAngleX                                0x20000078   Data           8  main.o(.data)
    kalAngleY                                0x20000080   Data           8  main.o(.data)
    kalAngleZ                                0x20000088   Data           8  main.o(.data)
    BUF                                      0x20000090   Data           8  hmc5883.o(.data)
    test                                     0x20000098   Data           1  i2c.o(.data)
    SlaveAddress                             0x20000099   Data           1  i2c.o(.data)
    SystemCoreClock                          0x200000b0   Data           4  system_stm32f10x.o(.data)
    AHBPrescTable                            0x200000b4   Data          16  system_stm32f10x.o(.data)
    kalmanX                                  0x200000c8   Data         112  main.o(.bss)
    kalmanY                                  0x20000138   Data         112  main.o(.bss)
    kalmanZ                                  0x200001a8   Data         112  main.o(.bss)
    i2cData                                  0x20000218   Data          14  main.o(.bss)
    magGain                                  0x20000228   Data          24  main.o(.bss)
    __initial_sp                             0x20000640   Data           0  startup_stm32f10x_hd.o(STACK)



==============================================================================

Memory Map of the image

  Image Entry point : 0x08000131

  Load Region LR_IROM1 (Base: 0x08000000, Size: 0x000034a0, Max: 0x00080000, ABSOLUTE)

    Execution Region ER_IROM1 (Base: 0x08000000, Size: 0x000033d8, Max: 0x00080000, ABSOLUTE)

    Base Addr    Size         Type   Attr      Idx    E Section Name        Object

    0x08000000   0x00000130   Data   RO            3    RESET               startup_stm32f10x_hd.o
    0x08000130   0x00000000   Code   RO          249  * .ARM.Collect$$$$00000000  mc_w.l(entry.o)(mc_w.l)
    0x08000130   0x00000004   Code   RO          293    .ARM.Collect$$$$00000001  mc_w.l(entry2.o)(mc_w.l)
    0x08000134   0x00000004   Code   RO          296    .ARM.Collect$$$$00000004  mc_w.l(entry5.o)(mc_w.l)
    0x08000138   0x00000008   Code   RO          297    .ARM.Collect$$$$00000007  mc_w.l(entry7.o)(mc_w.l)
    0x08000140   0x00000004   Code   RO          294    .ARM.Collect$$$$00002712  mc_w.l(entry2.o)(mc_w.l)
    0x08000144   0x00000024   Code   RO            4    .text               startup_stm32f10x_hd.o
    0x08000168   0x00000b1c   Code   RO           10    .text               main.o
    0x08000c84   0x000000b4   Code   RO           63    .text               hmc5883.o
    0x08000d38   0x000000d4   Code   RO           79    .text               usart.o
    0x08000e0c   0x0000030c   Code   RO           91    .text               i2c.o
    0x08001118   0x000000ec   Code   RO          118    .text               mpu6050.o
    0x08001204   0x00000358   Code   RO          131    .text               stm32f10x_gpio.o
    0x0800155c   0x000003a4   Code   RO          143    .text               stm32f10x_rcc.o
    0x08001900   0x0000040c   Code   RO          157    .text               stm32f10x_usart.o
    0x08001d0c   0x000001c8   Code   RO          179    .text               system_stm32f10x.o
    0x08001ed4   0x000000b0   Code   RO          252    .text               mf_w.l(fadd.o)(mf_w.l)
    0x08001f84   0x0000014a   Code   RO          254    .text               mf_w.l(dadd.o)(mf_w.l)
    0x080020ce   0x000000e2   Code   RO          256    .text               mf_w.l(dmul.o)(mf_w.l)
    0x080021b0   0x000000de   Code   RO          258    .text               mf_w.l(ddiv.o)(mf_w.l)
    0x0800228e   0x00000012   Code   RO          260    .text               mf_w.l(fflti.o)(mf_w.l)
    0x080022a0   0x00000022   Code   RO          262    .text               mf_w.l(dflti.o)(mf_w.l)
    0x080022c2   0x00000032   Code   RO          264    .text               mf_w.l(ffixi.o)(mf_w.l)
    0x080022f4   0x0000003e   Code   RO          266    .text               mf_w.l(dfixi.o)(mf_w.l)
    0x08002332   0x00000002   PAD
    0x08002334   0x00000028   Code   RO          268    .text               mf_w.l(cdcmple.o)(mf_w.l)
    0x0800235c   0x00000028   Code   RO          270    .text               mf_w.l(cdrcmple.o)(mf_w.l)
    0x08002384   0x0000001e   Code   RO          298    .text               mc_w.l(llshl.o)(mc_w.l)
    0x080023a2   0x00000020   Code   RO          300    .text               mc_w.l(llushr.o)(mc_w.l)
    0x080023c2   0x00000024   Code   RO          302    .text               mc_w.l(llsshr.o)(mc_w.l)
    0x080023e6   0x00000000   Code   RO          311    .text               mc_w.l(iusefp.o)(mc_w.l)
    0x080023e6   0x00000070   Code   RO          312    .text               mf_w.l(fepilogue.o)(mf_w.l)
    0x08002456   0x000000c2   Code   RO          314    .text               mf_w.l(depilogue.o)(mf_w.l)
    0x08002518   0x0000002e   Code   RO          316    .text               mf_w.l(dscalb.o)(mf_w.l)
    0x08002546   0x000000a0   Code   RO          318    .text               mf_w.l(dsqrt.o)(mf_w.l)
    0x080025e6   0x00000002   PAD
    0x080025e8   0x00000024   Code   RO          320    .text               mc_w.l(init.o)(mc_w.l)
    0x0800260c   0x0000001a   Code   RO          322    .text               mf_w.l(dfltui.o)(mf_w.l)
    0x08002626   0x00000028   Code   RO          277    i.__ARM_fpclassify  m_ws.l(fpclassify.o)(m_ws.l)
    0x0800264e   0x00000002   PAD
    0x08002650   0x00000388   Code   RO          282    i.__ieee754_rem_pio2  m_ws.l(rred.o)(m_ws.l)
    0x080029d8   0x000000fc   Code   RO          272    i.__kernel_cos      m_ws.l(cos_i.o)(m_ws.l)
    0x08002ad4   0x000000aa   Code   RO          279    i.__kernel_poly     m_ws.l(poly.o)(m_ws.l)
    0x08002b7e   0x00000002   PAD
    0x08002b80   0x000000f0   Code   RO          287    i.__kernel_sin      m_ws.l(sin_i.o)(m_ws.l)
    0x08002c70   0x00000010   Code   RO          275    i.__mathlib_dbl_underflow  m_ws.l(dunder.o)(m_ws.l)
    0x08002c80   0x0000000e   Code   RO          326    i.__scatterload_copy  mc_w.l(handlers.o)(mc_w.l)
    0x08002c8e   0x00000002   Code   RO          327    i.__scatterload_null  mc_w.l(handlers.o)(mc_w.l)
    0x08002c90   0x0000000e   Code   RO          328    i.__scatterload_zeroinit  mc_w.l(handlers.o)(mc_w.l)
    0x08002c9e   0x00000002   PAD
    0x08002ca0   0x0000000c   Code   RO          306    i.__set_errno       mc_w.l(errno.o)(mc_w.l)
    0x08002cac   0x00000224   Code   RO          208    i.atan              m_ws.l(atan.o)(m_ws.l)
    0x08002ed0   0x00000180   Code   RO          218    i.atan2             m_ws.l(atan2.o)(m_ws.l)
    0x08003050   0x000000ac   Code   RO          226    i.cos               m_ws.l(cos.o)(m_ws.l)
    0x080030fc   0x000000b0   Code   RO          234    i.sin               m_ws.l(sin.o)(m_ws.l)
    0x080031ac   0x0000004a   Code   RO          242    i.sqrt              m_ws.l(sqrt.o)(m_ws.l)
    0x080031f6   0x00000002   PAD
    0x080031f8   0x00000098   Data   RO          209    .constdata          m_ws.l(atan.o)(m_ws.l)
    0x08003290   0x00000030   Data   RO          273    .constdata          m_ws.l(cos_i.o)(m_ws.l)
    0x080032c0   0x00000008   Data   RO          281    .constdata          m_ws.l(qnan.o)(m_ws.l)
    0x080032c8   0x000000c8   Data   RO          284    .constdata          m_ws.l(rred.o)(m_ws.l)
    0x08003390   0x00000028   Data   RO          288    .constdata          m_ws.l(sin_i.o)(m_ws.l)
    0x080033b8   0x00000020   Data   RO          324    Region$$Table       anon$$obj.o


    Execution Region RW_IRAM1 (Base: 0x20000000, Size: 0x00000640, Max: 0x00010000, ABSOLUTE)

    Base Addr    Size         Type   Attr      Idx    E Section Name        Object

    0x20000000   0x00000090   Data   RW           12    .data               main.o
    0x20000090   0x00000008   Data   RW           64    .data               hmc5883.o
    0x20000098   0x00000002   Data   RW           92    .data               i2c.o
    0x2000009a   0x00000014   Data   RW          144    .data               stm32f10x_rcc.o
    0x200000ae   0x00000002   PAD
    0x200000b0   0x00000014   Data   RW          180    .data               system_stm32f10x.o
    0x200000c4   0x00000004   Data   RW          307    .data               mc_w.l(errno.o)(mc_w.l)
    0x200000c8   0x00000178   Zero   RW           11    .bss                main.o
    0x20000240   0x00000400   Zero   RW            1    STACK               startup_stm32f10x_hd.o


==============================================================================

Image component sizes


      Code (inc. data)   RO Data    RW Data    ZI Data      Debug   Object Name

       180         22          0          8          0          0   hmc5883.o
       780         30          0          2          0          0   i2c.o
      2844        264          0        144        376          0   main.o
       236         30          0          0          0          0   mpu6050.o
        36          8        304          0       1024          0   startup_stm32f10x_hd.o
       856         40          0          0          0          0   stm32f10x_gpio.o
       932         52          0         20          0          0   stm32f10x_rcc.o
      1036         20          0          0          0          0   stm32f10x_usart.o
       456         36          0         20          0          0   system_stm32f10x.o
       212          8          0          0          0          0   usart.o

    ----------------------------------------------------------------------
      7568        510        336        196       1400          0   Object Totals
         0          0         32          0          0          0   (incl. Generated)
         0          0          0          2          0          1   (incl. Padding)

    ----------------------------------------------------------------------

      Code (inc. data)   RO Data    RW Data    ZI Data      Debug   Library Member Name

       548         68        152          0          0          0   atan.o
       384         38          0          0          0          0   atan2.o
       172          8          0          0          0          0   cos.o
       252         22         48          0          0          0   cos_i.o
        16          6          0          0          0          0   dunder.o
        40          0          0          0          0          0   fpclassify.o
       170          0          0          0          0          0   poly.o
         0          0          8          0          0          0   qnan.o
       904         72        200          0          0          0   rred.o
       176         10          0          0          0          0   sin.o
       240         14         40          0          0          0   sin_i.o
        74          0          0          0          0          0   sqrt.o
         0          0          0          0          0          0   entry.o
         8          4          0          0          0          0   entry2.o
         4          0          0          0          0          0   entry5.o
         8          4          0          0          0          0   entry7.o
        12          6          0          4          0          0   errno.o
        30          0          0          0          0          0   handlers.o
        36          8          0          0          0          0   init.o
         0          0          0          0          0          0   iusefp.o
        30          0          0          0          0          0   llshl.o
        36          0          0          0          0          0   llsshr.o
        32          0          0          0          0          0   llushr.o
        40          2          0          0          0          0   cdcmple.o
        40          2          0          0          0          0   cdrcmple.o
       330          0          0          0          0          0   dadd.o
       222          0          0          0          0          0   ddiv.o
       194          0          0          0          0          0   depilogue.o
        62          0          0          0          0          0   dfixi.o
        34          0          0          0          0          0   dflti.o
        26          0          0          0          0          0   dfltui.o
       226          0          0          0          0          0   dmul.o
        46          0          0          0          0          0   dscalb.o
       160          0          0          0          0          0   dsqrt.o
       176          0          0          0          0          0   fadd.o
       112          0          0          0          0          0   fepilogue.o
        50          0          0          0          0          0   ffixi.o
        18          0          0          0          0          0   fflti.o

    ----------------------------------------------------------------------
      4920        264        448          4          0          0   Library Totals
        12          0          0          0          0          0   (incl. Padding)

    ----------------------------------------------------------------------

      Code (inc. data)   RO Data    RW Data    ZI Data      Debug   Library Name

      2976        238        448          0          0       1224   m_ws.l
       196         22          0          4          0        340   mc_w.l
      1736          4          0          0          0       1520   mf_w.l

    ----------------------------------------------------------------------
      4920        264        448          4          0          0   Library Totals

    ----------------------------------------------------------------------

==============================================================================


      Code (inc. data)   RO Data    RW Data    ZI Data      Debug   

     12488        774        784        200       1400     267252   Grand Totals
     12488        774        784        200       1400     267252   ELF Image Totals
     12488        774        784        200          0          0   ROM Totals

==============================================================================

    Total RO  Size (Code + RO Data)                13272 (  12.96kB)
    Total RW  Size (RW Data + ZI Data)              1600 (   1.56kB)
    Total ROM Size (Code + RO Data + RW Data)      13472 (  13.16kB)

==============================================================================

