Component: ARM Compiler 5.06 (build 20) Tool: armlink [4d35a3]

==============================================================================

Section Cross References

    startup_stm32f10x_hd.o(RESET) refers to startup_stm32f10x_hd.o(STACK) for __initial_sp
    startup_stm32f10x_hd.o(RESET) refers to startup_stm32f10x_hd.o(.text) for Reset_Handler
    startup_stm32f10x_hd.o(RESET) refers to stm32f10x_it.o(.text) for HardFault_Handler
    startup_stm32f10x_hd.o(RESET) refers to can_protocol.o(.text) for USB_LP_CAN1_RX0_IRQHandler
    startup_stm32f10x_hd.o(RESET) refers to ticks.o(.text) for TIM3_IRQHandler
    startup_stm32f10x_hd.o(.text) refers to system_stm32f10x.o(.text) for SystemInit
    startup_stm32f10x_hd.o(.text) refers to entry.o(.ARM.Collect$$$$00000000) for __main
    main.o(.text) refers to stm32f10x_gpio.o(.text) for GPIO_Init
    main.o(.text) refers to stm32f10x_adc.o(.text) for ADC_Init
    main.o(.text) refers to stm32f10x_rcc.o(.text) for RCC_ADCCLKConfig
    main.o(.text) refers to stm32f10x_dma.o(.text) for DMA_DeInit
    main.o(.text) refers to led.o(.text) for LED_GPIO_Config
    main.o(.text) refers to usart1.o(.text) for USART1_Config
    main.o(.text) refers to can.o(.text) for CAN_Configuration
    main.o(.text) refers to ticks.o(.text) for ticks_init
    main.o(.text) refers to printf1.o(i.__0printf$1) for __2printf
    main.o(.text) refers to lightsensor.o(.text) for ColourTarget_Init
    main.o(.text) refers to flashsave.o(.text) for readFlash
    main.o(.text) refers to delay.o(.text) for _delay_ms
    main.o(.text) refers to main.o(.bss) for ADC_val
    main.o(.text) refers to can_protocol.o(.data) for enter_calibration
    usart1.o(.text) refers to stm32f10x_gpio.o(.text) for GPIO_Init
    usart1.o(.text) refers to stm32f10x_usart.o(.text) for USART_Init
    can.o(.text) refers to stm32f10x_gpio.o(.text) for GPIO_Init
    can.o(.text) refers to misc.o(.text) for NVIC_Init
    can.o(.text) refers to stm32f10x_can.o(.text) for CAN_DeInit
    led.o(.text) refers to stm32f10x_gpio.o(.text) for GPIO_Init
    ticks.o(.text) refers to misc.o(.text) for NVIC_Init
    ticks.o(.text) refers to stm32f10x_tim.o(.text) for TIM_ClearFlag
    ticks.o(.text) refers to ticks.o(.data) for main_ticks
    delay.o(.text) refers to delay.o(.emb_text) for simple_delay10_us
    delay.o(.text) refers to delay.o(.data) for using_delay
    flashsave.o(.text) refers to stm32f10x_flash.o(.text) for FLASH_Unlock
    flashsave.o(.text) refers to flashsave.o(.data) for startAddress
    flashsave.o(.text) refers to lightsensor.o(.bss) for RED_target
    can_protocol.o(.text) refers to memcpya.o(.text) for __aeabi_memcpy4
    can_protocol.o(.text) refers to stm32f10x_can.o(.text) for CAN_Transmit
    can_protocol.o(.text) refers to lightsensor.o(.bss) for whiteline_position
    can_protocol.o(.text) refers to can_protocol.o(.data) for Tx_QueueTail
    can_protocol.o(.text) refers to can_protocol.o(.bss) for Tx_Queue
    lightsensor.o(.text) refers to approx_math.o(.text) for Sqrt
    lightsensor.o(.text) refers to led.o(.text) for IndicatorControl
    lightsensor.o(.text) refers to printf1.o(i.__0printf$1) for __2printf
    lightsensor.o(.text) refers to lightsensor.o(.bss) for RED_target
    lightsensor.o(.text) refers to lightsensor.o(.data) for current_colour
    lightsensor.o(.text) refers to main.o(.bss) for ADC_val
    lightsensor.o(.text) refers to can_protocol.o(.text) for Light_Sensor_Bar_Encoding
    lightsensor.o(.text) refers to memcpya.o(.text) for __aeabi_memcpy4
    lightsensor.o(.text) refers to stm32f10x_can.o(.text) for CAN_Transmit
    lightsensor.o(.text) refers to delay.o(.text) for _delay_ms
    lightsensor.o(.text) refers to stm32f10x_gpio.o(.text) for GPIO_SetBits
    lightsensor.o(.text) refers to flashsave.o(.text) for writeFlash
    lightsensor.o(.text) refers to ticks.o(.text) for get_ticks
    lightsensor.o(.text) refers to can_protocol.o(.data) for can_calibration_step
    approx_math.o(.text) refers to approx_math.o(.data) for cos_val
    stm32f10x_adc.o(.text) refers to stm32f10x_rcc.o(.text) for RCC_APB2PeriphResetCmd
    stm32f10x_can.o(.text) refers to stm32f10x_rcc.o(.text) for RCC_APB1PeriphResetCmd
    stm32f10x_gpio.o(.text) refers to stm32f10x_rcc.o(.text) for RCC_APB2PeriphResetCmd
    stm32f10x_rcc.o(.text) refers to stm32f10x_rcc.o(.data) for APBAHBPrescTable
    stm32f10x_tim.o(.text) refers to stm32f10x_rcc.o(.text) for RCC_APB2PeriphResetCmd
    stm32f10x_usart.o(.text) refers to stm32f10x_rcc.o(.text) for RCC_APB2PeriphResetCmd
    system_stm32f10x.o(.text) refers to system_stm32f10x.o(.data) for SystemCoreClock
    entry.o(.ARM.Collect$$$$00000000) refers (Special) to entry10a.o(.ARM.Collect$$$$0000000D) for __rt_final_cpp
    entry.o(.ARM.Collect$$$$00000000) refers (Special) to entry11a.o(.ARM.Collect$$$$0000000F) for __rt_final_exit
    entry.o(.ARM.Collect$$$$00000000) refers (Special) to entry7b.o(.ARM.Collect$$$$00000008) for _main_clock
[...]
    printf0.o(i.__0vprintf$0) refers to usart1.o(.text) for fputc
    printf0.o(i.__0vprintf$0) refers to stdout.o(.data) for __stdout
    printf0.o(i.__0vsnprintf$0) refers to printf0.o(i._printf_core) for _printf_core
    printf0.o(i.__0vsnprintf$0) refers to printf0.o(i._snputc) for _snputc
    printf0.o(i.__0vsprintf$0) refers to printf0.o(i._printf_core) for _printf_core
    printf0.o(i.__0vsprintf$0) refers to printf0.o(i._sputc) for _sputc
    printf1.o(i.__0fprintf$1) refers to printf1.o(i._printf_core) for _printf_core
    printf1.o(i.__0fprintf$1) refers to usart1.o(.text) for fputc
    printf1.o(i.__0printf$1) refers to printf1.o(i._printf_core) for _printf_core
    printf1.o(i.__0printf$1) refers to usart1.o(.text) for fputc
    printf1.o(i.__0printf$1) refers to stdout.o(.data) for __stdout
    printf1.o(i.__0snprintf$1) refers to printf1.o(i._printf_core) for _printf_core
    printf1.o(i.__0snprintf$1) refers to printf1.o(i._snputc) for _snputc
    printf1.o(i.__0sprintf$1) refers to printf1.o(i._printf_core) for _printf_core
    printf1.o(i.__0sprintf$1) refers to printf1.o(i._sputc) for _sputc
    printf1.o(i.__0vfprintf$1) refers to printf1.o(i._printf_core) for _printf_core
    printf1.o(i.__0vfprintf$1) refers to usart1.o(.text) for fputc
    printf1.o(i.__0vprintf$1) refers to printf1.o(i._printf_core) for _printf_core
    printf1.o(i.__0vprintf$1) refers to usart1.o(.text) for fputc
    printf1.o(i.__0vprintf$1) refers to stdout.o(.data) for __stdout
    printf1.o(i.__0vsnprintf$1) refers to printf1.o(i._printf_core) for _printf_core
    printf1.o(i.__0vsnprintf$1) refers to printf1.o(i._snputc) for _snputc
    printf1.o(i.__0vsprintf$1) refers to printf1.o(i._printf_core) for _printf_core
    printf1.o(i.__0vsprintf$1) refers to printf1.o(i._sputc) for _sputc
    printf1.o(i._printf_core) refers to uidiv.o(.text) for __aeabi_uidivmod
    printf2.o(i.__0fprintf$2) refers to printf2.o(i._printf_core) for _printf_core
    printf2.o(i.__0fprintf$2) refers to usart1.o(.text) for fputc
    printf2.o(i.__0printf$2) refers to printf2.o(i._printf_core) for _printf_core
    printf2.o(i.__0printf$2) refers to usart1.o(.text) for fputc
    printf2.o(i.__0printf$2) refers to stdout.o(.data) for __stdout
    printf2.o(i.__0snprintf$2) refers to printf2.o(i._printf_core) for _printf_core
    printf2.o(i.__0snprintf$2) refers to printf2.o(i._snputc) for _snputc
    printf2.o(i.__0sprintf$2) refers to printf2.o(i._printf_core) for _printf_core
    printf2.o(i.__0sprintf$2) refers to printf2.o(i._sputc) for _sputc
    printf2.o(i.__0vfprintf$2) refers to printf2.o(i._printf_core) for _printf_core
    printf2.o(i.__0vfprintf$2) refers to usart1.o(.text) for fputc
    printf2.o(i.__0vprintf$2) refers to printf2.o(i._printf_core) for _printf_core
    printf2.o(i.__0vprintf$2) refers to usart1.o(.text) for fputc
    printf2.o(i.__0vprintf$2) refers to stdout.o(.data) for __stdout
    printf2.o(i.__0vsnprintf$2) refers to printf2.o(i._printf_core) for _printf_core
    printf2.o(i.__0vsnprintf$2) refers to printf2.o(i._snputc) for _snputc
    printf2.o(i.__0vsprintf$2) refers to printf2.o(i._printf_core) for _printf_core
    printf2.o(i.__0vsprintf$2) refers to printf2.o(i._sputc) for _sputc
    printf3.o(i.__0fprintf$3) refers to printf3.o(i._printf_core) for _printf_core
    printf3.o(i.__0fprintf$3) refers to usart1.o(.text) for fputc
    printf3.o(i.__0printf$3) refers to printf3.o(i._printf_core) for _printf_core
    printf3.o(i.__0printf$3) refers to usart1.o(.text) for fputc
    printf3.o(i.__0printf$3) refers to stdout.o(.data) for __stdout
    printf3.o(i.__0snprintf$3) refers to printf3.o(i._printf_core) for _printf_core
    printf3.o(i.__0snprintf$3) refers to printf3.o(i._snputc) for _snputc
    printf3.o(i.__0sprintf$3) refers to printf3.o(i._printf_core) for _printf_core
    printf3.o(i.__0sprintf$3) refers to printf3.o(i._sputc) for _sputc
    printf3.o(i.__0vfprintf$3) refers to printf3.o(i._printf_core) for _printf_core
    printf3.o(i.__0vfprintf$3) refers to usart1.o(.text) for fputc
    printf3.o(i.__0vprintf$3) refers to printf3.o(i._printf_core) for _printf_core
    printf3.o(i.__0vprintf$3) refers to usart1.o(.text) for fputc
    printf3.o(i.__0vprintf$3) refers to stdout.o(.data) for __stdout
    printf3.o(i.__0vsnprintf$3) refers to printf3.o(i._printf_core) for _printf_core
    printf3.o(i.__0vsnprintf$3) refers to printf3.o(i._snputc) for _snputc
    printf3.o(i.__0vsprintf$3) refers to printf3.o(i._printf_core) for _printf_core
    printf3.o(i.__0vsprintf$3) refers to printf3.o(i._sputc) for _sputc
    printf3.o(i._printf_core) refers to uidiv.o(.text) for __aeabi_uidivmod
    printf4.o(i.__0fprintf$4) refers to printf4.o(i._printf_core) for _printf_core
    printf4.o(i.__0fprintf$4) refers to usart1.o(.text) for fputc
    printf4.o(i.__0printf$4) refers to printf4.o(i._printf_core) for _printf_core
    printf4.o(i.__0printf$4) refers to usart1.o(.text) for fputc
    printf4.o(i.__0printf$4) refers to stdout.o(.data) for __stdout
    printf4.o(i.__0snprintf$4) refers to printf4.o(i._printf_core) for _printf_core
    printf4.o(i.__0snprintf$4) refers to printf4.o(i._snputc) for _snputc
    printf4.o(i.__0sprintf$4) refers to printf4.o(i._printf_core) for _printf_core
    printf4.o(i.__0sprintf$4) refers to printf4.o(i._sputc) for _sputc
    printf4.o(i.__0vfprintf$4) refers to printf4.o(i._printf_core) for _printf_core
    printf4.o(i.__0vfprintf$4) refers to usart1.o(.text) for fputc
    printf4.o(i.__0vprintf$4) refers to printf4.o(i._printf_core) for _printf_core
    printf4.o(i.__0vprintf$4) refers to usart1.o(.text) for fputc
    printf4.o(i.__0vprintf$4) refers to stdout.o(.data) for __stdout
    printf4.o(i.__0vsnprintf$4) refers to printf4.o(i._printf_core) for _printf_core
    printf4.o(i.__0vsnprintf$4) refers to printf4.o(i._snputc) for _snputc
    printf4.o(i.__0vsprintf$4) refers to printf4.o(i._printf_core) for _printf_core
    printf4.o(i.__0vsprintf$4) refers to printf4.o(i._sputc) for _sputc
    printf4.o(i._printf_core) refers to uldiv.o(.text) for __aeabi_uldivmod
    printf5.o(i.__0fprintf$5) refers to printf5.o(i._printf_core) for _printf_core
    printf5.o(i.__0fprintf$5) refers to usart1.o(.text) for fputc
    printf5.o(i.__0printf$5) refers to printf5.o(i._printf_core) for _printf_core
    printf5.o(i.__0printf$5) refers to usart1.o(.text) for fputc
    printf5.o(i.__0printf$5) refers to stdout.o(.data) for __stdout
    printf5.o(i.__0snprintf$5) refers to printf5.o(i._printf_core) for _printf_core
    printf5.o(i.__0snprintf$5) refers to printf5.o(i._snputc) for _snputc
    printf5.o(i.__0sprintf$5) refers to printf5.o(i._printf_core) for _printf_core
    printf5.o(i.__0sprintf$5) refers to printf5.o(i._sputc) for _sputc
    printf5.o(i.__0vfprintf$5) refers to printf5.o(i._printf_core) for _printf_core
    printf5.o(i.__0vfprintf$5) refers to usart1.o(.text) for fputc
    printf5.o(i.__0vprintf$5) refers to printf5.o(i._printf_core) for _printf_core
    printf5.o(i.__0vprintf$5) refers to usart1.o(.text) for fputc
    printf5.o(i.__0vprintf$5) refers to stdout.o(.data) for __stdout
    printf5.o(i.__0vsnprintf$5) refers to printf5.o(i._printf_core) for _printf_core
    printf5.o(i.__0vsnprintf$5) refers to printf5.o(i._snputc) for _snputc
    printf5.o(i.__0vsprintf$5) refers to printf5.o(i._printf_core) for _printf_core
    printf5.o(i.__0vsprintf$5) refers to printf5.o(i._sputc) for _sputc
    printf5.o(i._printf_core) refers to uldiv.o(.text) for __aeabi_uldivmod
    printf6.o(i.__0fprintf$6) refers to printf6.o(i._printf_core) for _printf_core
    printf6.o(i.__0fprintf$6) refers to usart1.o(.text) for fputc
    printf6.o(i.__0printf$6) refers to printf6.o(i._printf_core) for _printf_core
    printf6.o(i.__0printf$6) refers to usart1.o(.text) for fputc
    printf6.o(i.__0printf$6) refers to stdout.o(.data) for __stdout
    printf6.o(i.__0snprintf$6) refers to printf6.o(i._printf_core) for _printf_core
    printf6.o(i.__0snprintf$6) refers to printf6.o(i._snputc) for _snputc
    printf6.o(i.__0sprintf$6) refers to printf6.o(i._printf_core) for _printf_core
    printf6.o(i.__0sprintf$6) refers to printf6.o(i._sputc) for _sputc
    printf6.o(i.__0vfprintf$6) refers to printf6.o(i._printf_core) for _printf_core
    printf6.o(i.__0vfprintf$6) refers to usart1.o(.text) for fputc
    printf6.o(i.__0vprintf$6) refers to printf6.o(i._printf_core) for _printf_core
    printf6.o(i.__0vprintf$6) refers to usart1.o(.text) for fputc
    printf6.o(i.__0vprintf$6) refers to stdout.o(.data) for __stdout
    printf6.o(i.__0vsnprintf$6) refers to printf6.o(i._printf_core) for _printf_core
    printf6.o(i.__0vsnprintf$6) refers to printf6.o(i._snputc) for _snputc
    printf6.o(i.__0vsprintf$6) refers to printf6.o(i._printf_core) for _printf_core
    printf6.o(i.__0vsprintf$6) refers to printf6.o(i._sputc) for _sputc
    printf6.o(i._printf_core) refers to printf6.o(i._printf_pre_padding) for _printf_pre_padding
    printf6.o(i._printf_core) refers to uidiv.o(.text) for __aeabi_uidivmod
    printf6.o(i._printf_core) refers to printf6.o(i._printf_post_padding) for _printf_post_padding
    printf7.o(i.__0fprintf$7) refers to printf7.o(i._printf_core) for _printf_core
    printf7.o(i.__0fprintf$7) refers to usart1.o(.text) for fputc
    printf7.o(i.__0printf$7) refers to printf7.o(i._printf_core) for _printf_core
    printf7.o(i.__0printf$7) refers to usart1.o(.text) for fputc
    printf7.o(i.__0printf$7) refers to stdout.o(.data) for __stdout
    printf7.o(i.__0snprintf$7) refers to printf7.o(i._printf_core) for _printf_core
    printf7.o(i.__0snprintf$7) refers to printf7.o(i._snputc) for _snputc
    printf7.o(i.__0sprintf$7) refers to printf7.o(i._printf_core) for _printf_core
    printf7.o(i.__0sprintf$7) refers to printf7.o(i._sputc) for _sputc
    printf7.o(i.__0vfprintf$7) refers to printf7.o(i._printf_core) for _printf_core
    printf7.o(i.__0vfprintf$7) refers to usart1.o(.text) for fputc
    printf7.o(i.__0vprintf$7) refers to printf7.o(i._printf_core) for _printf_core
    printf7.o(i.__0vprintf$7) refers to usart1.o(.text) for fputc
    printf7.o(i.__0vprintf$7) refers to stdout.o(.data) for __stdout
    printf7.o(i.__0vsnprintf$7) refers to printf7.o(i._printf_core) for _printf_core
    printf7.o(i.__0vsnprintf$7) refers to printf7.o(i._snputc) for _snputc
    printf7.o(i.__0vsprintf$7) refers to printf7.o(i._printf_core) for _printf_core
    printf7.o(i.__0vsprintf$7) refers to printf7.o(i._sputc) for _sputc
    printf7.o(i._printf_core) refers to printf7.o(i._printf_pre_padding) for _printf_pre_padding
    printf7.o(i._printf_core) refers to uldiv.o(.text) for __aeabi_uldivmod
    printf7.o(i._printf_core) refers to printf7.o(i._printf_post_padding) for _printf_post_padding
    printf8.o(i.__0fprintf$8) refers to printf8.o(i._printf_core) for _printf_core
    printf8.o(i.__0fprintf$8) refers to usart1.o(.text) for fputc
    printf8.o(i.__0printf$8) refers to printf8.o(i._printf_core) for _printf_core
    printf8.o(i.__0printf$8) refers to usart1.o(.text) for fputc
    printf8.o(i.__0printf$8) refers to stdout.o(.data) for __stdout
    printf8.o(i.__0snprintf$8) refers to printf8.o(i._printf_core) for _printf_core
    printf8.o(i.__0snprintf$8) refers to printf8.o(i._snputc) for _snputc
    printf8.o(i.__0sprintf$8) refers to printf8.o(i._printf_core) for _printf_core
    printf8.o(i.__0sprintf$8) refers to printf8.o(i._sputc) for _sputc
    printf8.o(i.__0vfprintf$8) refers to printf8.o(i._printf_core) for _printf_core
    printf8.o(i.__0vfprintf$8) refers to usart1.o(.text) for fputc
    printf8.o(i.__0vprintf$8) refers to printf8.o(i._printf_core) for _printf_core
    printf8.o(i.__0vprintf$8) refers to usart1.o(.text) for fputc
    printf8.o(i.__0vprintf$8) refers to stdout.o(.data) for __stdout
    printf8.o(i.__0vsnprintf$8) refers to printf8.o(i._printf_core) for _printf_core
    printf8.o(i.__0vsnprintf$8) refers to printf8.o(i._snputc) for _snputc
    printf8.o(i.__0vsprintf$8) refers to printf8.o(i._printf_core) for _printf_core
    printf8.o(i.__0vsprintf$8) refers to printf8.o(i._sputc) for _sputc
    printf8.o(i._printf_core) refers to printf8.o(i._printf_pre_padding) for _printf_pre_padding
    printf8.o(i._printf_core) refers to uldiv.o(.text) for __aeabi_uldivmod
    printf8.o(i._printf_core) refers to printf8.o(i._printf_post_padding) for _printf_post_padding
    printfa.o(i.__0fprintf) refers (Special) to iusefp.o(.text) for __I$use$fp
    printfa.o(i.__0fprintf) refers to printfa.o(i._printf_core) for _printf_core
    printfa.o(i.__0fprintf) refers to usart1.o(.text) for fputc
    printfa.o(i.__0printf) refers (Special) to iusefp.o(.text) for __I$use$fp
    printfa.o(i.__0printf) refers to printfa.o(i._printf_core) for _printf_core
    printfa.o(i.__0printf) refers to usart1.o(.text) for fputc
    printfa.o(i.__0printf) refers to stdout.o(.data) for __stdout
    printfa.o(i.__0snprintf) refers (Special) to iusefp.o(.text) for __I$use$fp
    printfa.o(i.__0snprintf) refers to printfa.o(i._printf_core) for _printf_core
    printfa.o(i.__0snprintf) refers to printfa.o(i._snputc) for _snputc
    printfa.o(i.__0sprintf) refers (Special) to iusefp.o(.text) for __I$use$fp
    printfa.o(i.__0sprintf) refers to printfa.o(i._printf_core) for _printf_core
    printfa.o(i.__0sprintf) refers to printfa.o(i._sputc) for _sputc
    printfa.o(i.__0vfprintf) refers (Special) to iusefp.o(.text) for __I$use$fp
    printfa.o(i.__0vfprintf) refers to printfa.o(i._printf_core) for _printf_core
    printfa.o(i.__0vfprintf) refers to usart1.o(.text) for fputc
    printfa.o(i.__0vprintf) refers (Special) to iusefp.o(.text) for __I$use$fp
    printfa.o(i.__0vprintf) refers to printfa.o(i._printf_core) for _printf_core
    printfa.o(i.__0vprintf) refers to usart1.o(.text) for fputc
    printfa.o(i.__0vprintf) refers to stdout.o(.data) for __stdout
    printfa.o(i.__0vsnprintf) refers (Special) to iusefp.o(.text) for __I$use$fp
    printfa.o(i.__0vsnprintf) refers to printfa.o(i._printf_core) for _printf_core
    printfa.o(i.__0vsnprintf) refers to printfa.o(i._snputc) for _snputc
    printfa.o(i.__0vsprintf) refers (Special) to iusefp.o(.text) for __I$use$fp
    printfa.o(i.__0vsprintf) refers to printfa.o(i._printf_core) for _printf_core
    printfa.o(i.__0vsprintf) refers to printfa.o(i._sputc) for _sputc
    printfa.o(i._fp_digits) refers (Special) to iusefp.o(.text) for __I$use$fp
    printfa.o(i._fp_digits) refers to dmul.o(.text) for __aeabi_dmul
    printfa.o(i._fp_digits) refers to ddiv.o(.text) for __aeabi_ddiv
    printfa.o(i._fp_digits) refers to cdrcmple.o(.text) for __aeabi_cdrcmple
    printfa.o(i._fp_digits) refers to dadd.o(.text) for __aeabi_dadd
    printfa.o(i._fp_digits) refers to dfixul.o(.text) for __aeabi_d2ulz
    printfa.o(i._fp_digits) refers to uldiv.o(.text) for __aeabi_uldivmod
    printfa.o(i._printf_core) refers (Special) to iusefp.o(.text) for __I$use$fp
    printfa.o(i._printf_core) refers to printfa.o(i._printf_pre_padding) for _printf_pre_padding
    printfa.o(i._printf_core) refers to uldiv.o(.text) for __aeabi_uldivmod
    printfa.o(i._printf_core) refers to printfa.o(i._printf_post_padding) for _printf_post_padding
    printfa.o(i._printf_core) refers to printfa.o(i._fp_digits) for _fp_digits
    printfa.o(i._printf_core) refers to uidiv.o(.text) for __aeabi_uidivmod
    printfa.o(i._printf_post_padding) refers (Special) to iusefp.o(.text) for __I$use$fp
    printfa.o(i._printf_pre_padding) refers (Special) to iusefp.o(.text) for __I$use$fp
    printfa.o(i._snputc) refers (Special) to iusefp.o(.text) for __I$use$fp
    printfa.o(i._sputc) refers (Special) to iusefp.o(.text) for __I$use$fp
    entry2.o(.ARM.Collect$$$$00000001) refers to entry2.o(.ARM.Collect$$$$00002712) for __lit__00000000
    entry2.o(.ARM.Collect$$$$00002712) refers to startup_stm32f10x_hd.o(STACK) for __initial_sp
    entry2.o(__vectab_stack_and_reset_area) refers to startup_stm32f10x_hd.o(STACK) for __initial_sp
    entry2.o(__vectab_stack_and_reset_area) refers to entry.o(.ARM.Collect$$$$00000000) for __main
    entry5.o(.ARM.Collect$$$$00000004) refers to init.o(.text) for __scatterload
    entry9a.o(.ARM.Collect$$$$0000000B) refers to main.o(.text) for main
    entry9b.o(.ARM.Collect$$$$0000000C) refers to main.o(.text) for main
    uldiv.o(.text) refers to llushr.o(.text) for __aeabi_llsr
    uldiv.o(.text) refers to llshl.o(.text) for __aeabi_llsl
    dadd.o(.text) refers to llshl.o(.text) for __aeabi_llsl
    dadd.o(.text) refers to llsshr.o(.text) for __aeabi_lasr
    dadd.o(.text) refers to depilogue.o(.text) for _double_epilogue
    dmul.o(.text) refers to depilogue.o(.text) for _double_epilogue
    ddiv.o(.text) refers to depilogue.o(.text) for _double_round
    dfixul.o(.text) refers to llushr.o(.text) for __aeabi_llsr
    dfixul.o(.text) refers to llshl.o(.text) for __aeabi_llsl
    init.o(.text) refers to entry5.o(.ARM.Collect$$$$00000004) for __main_after_scatterload
    depilogue.o(.text) refers to llshl.o(.text) for __aeabi_llsl
    depilogue.o(.text) refers to llushr.o(.text) for __aeabi_llsr


==============================================================================

Removing Unused input sections from the image.

    Removing startup_stm32f10x_hd.o(HEAP), (512 bytes).
    Removing can.o(.bss), (5180 bytes).
    Removing can.o(.data), (7 bytes).
    Removing led.o(.bss), (64 bytes).
    Removing flashsave.o(.bss), (48 bytes).
    Removing stm32f10x_exti.o(.text), (284 bytes).
    Removing stm32f10x_sdio.o(.text), (468 bytes).
    Removing core_cm3.o(.emb_text), (32 bytes).
    Removing dadd.o(.text), (334 bytes).
    Removing dmul.o(.text), (228 bytes).
    Removing ddiv.o(.text), (222 bytes).
    Removing dfixul.o(.text), (48 bytes).
    Removing cdrcmple.o(.text), (48 bytes).
    Removing depilogue.o(.text), (186 bytes).

14 unused section(s) (total 7661 bytes) removed from the image.

==============================================================================

Image Symbol Table

    Local Symbols

    Symbol Name                              Value     Ov Type        Size  Object(Section)

    ../clib/../cmprslib/zerorunl2.c          0x00000000   Number         0  __dczerorl2.o ABSOLUTE
    ../clib/microlib/division.c              0x00000000   Number         0  uidiv.o ABSOLUTE
    ../clib/microlib/division.c              0x00000000   Number         0  uldiv.o ABSOLUTE
    ../clib/microlib/init/entry.s            0x00000000   Number         0  entry9a.o ABSOLUTE
    ../clib/microlib/init/entry.s            0x00000000   Number         0  entry11a.o ABSOLUTE
    ../clib/microlib/init/entry.s            0x00000000   Number         0  entry10b.o ABSOLUTE
    ../clib/microlib/init/entry.s            0x00000000   Number         0  entry10a.o ABSOLUTE
    ../clib/microlib/init/entry.s            0x00000000   Number         0  entry9b.o ABSOLUTE
    ../clib/microlib/init/entry.s            0x00000000   Number         0  entry5.o ABSOLUTE
    ../clib/microlib/init/entry.s            0x00000000   Number         0  entry8b.o ABSOLUTE
    ../clib/microlib/init/entry.s            0x00000000   Number         0  entry8a.o ABSOLUTE
    ../clib/microlib/init/entry.s            0x00000000   Number         0  entry7b.o ABSOLUTE
    ../clib/microlib/init/entry.s            0x00000000   Number         0  entry7a.o ABSOLUTE
    ../clib/microlib/init/entry.s            0x00000000   Number         0  entry2.o ABSOLUTE
    ../clib/microlib/init/entry.s            0x00000000   Number         0  entry11b.o ABSOLUTE
    ../clib/microlib/init/entry.s            0x00000000   Number         0  entry.o ABSOLUTE
    ../clib/microlib/longlong.c              0x00000000   Number         0  llushr.o ABSOLUTE
    ../clib/microlib/longlong.c              0x00000000   Number         0  llshl.o ABSOLUTE
    ../clib/microlib/longlong.c              0x00000000   Number         0  llsshr.o ABSOLUTE
    ../clib/microlib/printf/printf.c         0x00000000   Number         0  printf2.o ABSOLUTE
    ../clib/microlib/printf/printf.c         0x00000000   Number         0  printfa.o ABSOLUTE
    ../clib/microlib/printf/printf.c         0x00000000   Number         0  printf8.o ABSOLUTE
    ../clib/microlib/printf/printf.c         0x00000000   Number         0  printfb.o ABSOLUTE
    ../clib/microlib/printf/printf.c         0x00000000   Number         0  printf4.o ABSOLUTE
    ../clib/microlib/printf/printf.c         0x00000000   Number         0  printf5.o ABSOLUTE
    ../clib/microlib/printf/printf.c         0x00000000   Number         0  printf6.o ABSOLUTE
    ../clib/microlib/printf/printf.c         0x00000000   Number         0  printf1.o ABSOLUTE
    ../clib/microlib/printf/printf.c         0x00000000   Number         0  printf0.o ABSOLUTE
    ../clib/microlib/printf/printf.c         0x00000000   Number         0  printf3.o ABSOLUTE
    ../clib/microlib/printf/printf.c         0x00000000   Number         0  printf7.o ABSOLUTE
    ../clib/microlib/printf/stubs.s          0x00000000   Number         0  stubs.o ABSOLUTE
    ../clib/microlib/stdio/streams.c         0x00000000   Number         0  stdout.o ABSOLUTE
    ../clib/microlib/string/memcpy.c         0x00000000   Number         0  memcpyb.o ABSOLUTE
    ../clib/microlib/string/memcpy.c         0x00000000   Number         0  memcpya.o ABSOLUTE
    ../clib/microlib/stubs.s                 0x00000000   Number         0  iusefp.o ABSOLUTE
    ../fplib/microlib/fpadd.c                0x00000000   Number         0  dadd.o ABSOLUTE
    ../fplib/microlib/fpdiv.c                0x00000000   Number         0  ddiv.o ABSOLUTE
    ../fplib/microlib/fpepilogue.c           0x00000000   Number         0  depilogue.o ABSOLUTE
    ../fplib/microlib/fpfix.c                0x00000000   Number         0  dfixul.o ABSOLUTE
    ../fplib/microlib/fpmul.c                0x00000000   Number         0  dmul.o ABSOLUTE
    ..\CMSIS\core_cm3.c                      0x00000000   Number         0  core_cm3.o ABSOLUTE
    ..\CMSIS\startup\startup_stm32f10x_hd.s  0x00000000   Number         0  startup_stm32f10x_hd.o ABSOLUTE
    ..\CMSIS\system_stm32f10x.c              0x00000000   Number         0  system_stm32f10x.o ABSOLUTE
    ..\FWlib\src\misc.c                      0x00000000   Number         0  misc.o ABSOLUTE
    ..\FWlib\src\stm32f10x_adc.c             0x00000000   Number         0  stm32f10x_adc.o ABSOLUTE
    ..\FWlib\src\stm32f10x_can.c             0x00000000   Number         0  stm32f10x_can.o ABSOLUTE
    ..\FWlib\src\stm32f10x_dma.c             0x00000000   Number         0  stm32f10x_dma.o ABSOLUTE
    ..\FWlib\src\stm32f10x_exti.c            0x00000000   Number         0  stm32f10x_exti.o ABSOLUTE
    ..\FWlib\src\stm32f10x_flash.c           0x00000000   Number         0  stm32f10x_flash.o ABSOLUTE
    ..\FWlib\src\stm32f10x_gpio.c            0x00000000   Number         0  stm32f10x_gpio.o ABSOLUTE
    ..\FWlib\src\stm32f10x_rcc.c             0x00000000   Number         0  stm32f10x_rcc.o ABSOLUTE
    ..\FWlib\src\stm32f10x_sdio.c            0x00000000   Number         0  stm32f10x_sdio.o ABSOLUTE
    ..\FWlib\src\stm32f10x_tim.c             0x00000000   Number         0  stm32f10x_tim.o ABSOLUTE
    ..\FWlib\src\stm32f10x_usart.c           0x00000000   Number         0  stm32f10x_usart.o ABSOLUTE
    ..\\CMSIS\\core_cm3.c                    0x00000000   Number         0  core_cm3.o ABSOLUTE
    approx_math.c                            0x00000000   Number         0  approx_math.o ABSOLUTE
    can.c                                    0x00000000   Number         0  can.o ABSOLUTE
    can_protocol.c                           0x00000000   Number         0  can_protocol.o ABSOLUTE
    cdrcmple.s                               0x00000000   Number         0  cdrcmple.o ABSOLUTE
    dc.s                                     0x00000000   Number         0  dc.o ABSOLUTE
    delay.c                                  0x00000000   Number         0  delay.o ABSOLUTE
    delay.c                                  0x00000000   Number         0  delay.o ABSOLUTE
    flashsave.c                              0x00000000   Number         0  flashsave.o ABSOLUTE
    handlers.s                               0x00000000   Number         0  handlers.o ABSOLUTE
    init.s                                   0x00000000   Number         0  init.o ABSOLUTE
    led.c                                    0x00000000   Number         0  led.o ABSOLUTE
    lightsensor.c                            0x00000000   Number         0  lightsensor.o ABSOLUTE
    main.c                                   0x00000000   Number         0  main.o ABSOLUTE
    stm32f10x_it.c                           0x00000000   Number         0  stm32f10x_it.o ABSOLUTE
    ticks.c                                  0x00000000   Number         0  ticks.o ABSOLUTE
    usart1.c                                 0x00000000   Number         0  usart1.o ABSOLUTE
    RESET                                    0x08000000   Section      304  startup_stm32f10x_hd.o(RESET)
    .ARM.Collect$$$$00000000                 0x08000130   Section        0  entry.o(.ARM.Collect$$$$00000000)
    .ARM.Collect$$$$00000001                 0x08000130   Section        4  entry2.o(.ARM.Collect$$$$00000001)
    .ARM.Collect$$$$00000004                 0x08000134   Section        4  entry5.o(.ARM.Collect$$$$00000004)
    .ARM.Collect$$$$00000008                 0x08000138   Section        0  entry7b.o(.ARM.Collect$$$$00000008)
    .ARM.Collect$$$$0000000A                 0x08000138   Section        0  entry8b.o(.ARM.Collect$$$$0000000A)
    .ARM.Collect$$$$0000000B                 0x08000138   Section        8  entry9a.o(.ARM.Collect$$$$0000000B)
    .ARM.Collect$$$$0000000D                 0x08000140   Section        0  entry10a.o(.ARM.Collect$$$$0000000D)
    .ARM.Collect$$$$0000000F                 0x08000140   Section        0  entry11a.o(.ARM.Collect$$$$0000000F)
    .ARM.Collect$$$$00002712                 0x08000140   Section        4  entry2.o(.ARM.Collect$$$$00002712)
    __lit__00000000                          0x08000140   Data           4  entry2.o(.ARM.Collect$$$$00002712)
    .emb_text                                0x08000144   Section       14  delay.o(.emb_text)
    .text                                    0x08000154   Section       36  startup_stm32f10x_hd.o(.text)
    .text                                    0x08000178   Section        0  main.o(.text)
    .text                                    0x08000454   Section        0  stm32f10x_it.o(.text)
    .text                                    0x08000464   Section        0  usart1.o(.text)
    itoa                                     0x080004e7   Thumb Code    98  usart1.o(.text)
    .text                                    0x08000658   Section        0  can.o(.text)
    .text                                    0x08000748   Section        0  led.o(.text)
    .text                                    0x08000ab0   Section        0  ticks.o(.text)
    .text                                    0x08000b4c   Section        0  delay.o(.text)
    .text                                    0x08000c3c   Section        0  flashsave.o(.text)
    .text                                    0x08000fb4   Section        0  can_protocol.o(.text)
    .text                                    0x080013dc   Section        0  lightsensor.o(.text)
    .text                                    0x08002274   Section        0  approx_math.o(.text)
    .text                                    0x08002750   Section        0  misc.o(.text)
    .text                                    0x0800282c   Section        0  stm32f10x_adc.o(.text)
    .text                                    0x08002c7c   Section        0  stm32f10x_can.o(.text)
    CheckITStatus                            0x0800347f   Thumb Code    18  stm32f10x_can.o(.text)
    .text                                    0x0800366c   Section        0  stm32f10x_dma.o(.text)
    .text                                    0x080038c0   Section        0  stm32f10x_flash.o(.text)
    .text                                    0x08003e7c   Section        0  stm32f10x_gpio.o(.text)
    .text                                    0x080041d8   Section        0  stm32f10x_rcc.o(.text)
    .text                                    0x0800457c   Section        0  stm32f10x_tim.o(.text)
    TI4_Config                               0x08004a23   Thumb Code   130  stm32f10x_tim.o(.text)
    TI3_Config                               0x08004ab7   Thumb Code   122  stm32f10x_tim.o(.text)
    TI2_Config                               0x08004b4b   Thumb Code   130  stm32f10x_tim.o(.text)
    TI1_Config                               0x08004bdf   Thumb Code   108  stm32f10x_tim.o(.text)
    .text                                    0x08005398   Section        0  stm32f10x_usart.o(.text)
    .text                                    0x080057a0   Section        0  system_stm32f10x.o(.text)
    SetSysClockTo72                          0x080057a1   Thumb Code   214  system_stm32f10x.o(.text)
    SetSysClock                              0x08005877   Thumb Code     8  system_stm32f10x.o(.text)
    .text                                    0x08005980   Section        0  memcpya.o(.text)
    .text                                    0x080059a4   Section        0  uidiv.o(.text)
    .text                                    0x080059d0   Section       36  init.o(.text)
    .text                                    0x080059f4   Section        0  __dczerorl2.o(.text)
    i.__0printf$1                            0x08005a4c   Section        0  printf1.o(i.__0printf$1)
    i.__scatterload_copy                     0x08005a6c   Section       14  handlers.o(i.__scatterload_copy)
    i.__scatterload_null                     0x08005a7a   Section        2  handlers.o(i.__scatterload_null)
    i.__scatterload_zeroinit                 0x08005a7c   Section       14  handlers.o(i.__scatterload_zeroinit)
    i._printf_core                           0x08005a8c   Section        0  printf1.o(i._printf_core)
    _printf_core                             0x08005a8d   Thumb Code   336  printf1.o(i._printf_core)
    .data                                    0x20000000   Section        4  ticks.o(.data)
    .data                                    0x20000004   Section        5  delay.o(.data)
    TimingDelay                              0x20000004   Data           4  delay.o(.data)
    .data                                    0x2000000c   Section        4  flashsave.o(.data)
    .data                                    0x20000010   Section        9  can_protocol.o(.data)
    .data                                    0x20000019   Section        2  lightsensor.o(.data)
    .data                                    0x2000001c   Section      364  approx_math.o(.data)
    .data                                    0x20000188   Section       20  stm32f10x_rcc.o(.data)
    APBAHBPrescTable                         0x20000188   Data          16  stm32f10x_rcc.o(.data)
    ADCPrescTable                            0x20000198   Data           4  stm32f10x_rcc.o(.data)
    .data                                    0x2000019c   Section       20  system_stm32f10x.o(.data)
    .data                                    0x200001b0   Section        4  stdout.o(.data)
    .bss                                     0x200001b4   Section       32  main.o(.bss)
    .bss                                     0x200001d4   Section     5120  can_protocol.o(.bss)
    .bss                                     0x200015d4   Section      772  lightsensor.o(.bss)
    STACK                                    0x200018d8   Section     1024  startup_stm32f10x_hd.o(STACK)

    Global Symbols

    Symbol Name                              Value     Ov Type        Size  Object(Section)

    BuildAttributes$$THM_ISAv4$P$D$K$B$S$PE$A:L22UL41UL21$X:L11$S22US41US21$IEEE1$IW$USESV6$~STKCKD$USESV7$ENUMINT$~SHL$OSPACE$ROPI$EBA8$MICROLIB$REQ8$PRES8$EABIv2 0x00000000   Number         0  anon$$obj.o ABSOLUTE
    __ARM_use_no_argv                        0x00000000   Number         0  main.o ABSOLUTE
    _printf_a                                0x00000000   Number         0  stubs.o ABSOLUTE
    _printf_c                                0x00000000   Number         0  stubs.o ABSOLUTE
    _printf_charcount                        0x00000000   Number         0  stubs.o ABSOLUTE
    _printf_d                                0x00000000   Number         0  stubs.o ABSOLUTE
    _printf_e                                0x00000000   Number         0  stubs.o ABSOLUTE
    _printf_f                                0x00000000   Number         0  stubs.o ABSOLUTE
    _printf_flags                            0x00000000   Number         0  stubs.o ABSOLUTE
    _printf_fp_dec                           0x00000000   Number         0  stubs.o ABSOLUTE
    _printf_fp_hex                           0x00000000   Number         0  stubs.o ABSOLUTE
    _printf_g                                0x00000000   Number         0  stubs.o ABSOLUTE
    _printf_i                                0x00000000   Number         0  stubs.o ABSOLUTE
    _printf_int_dec                          0x00000000   Number         0  stubs.o ABSOLUTE
    _printf_l                                0x00000000   Number         0  stubs.o ABSOLUTE
    _printf_lc                               0x00000000   Number         0  stubs.o ABSOLUTE
    _printf_ll                               0x00000000   Number         0  stubs.o ABSOLUTE
    _printf_lld                              0x00000000   Number         0  stubs.o ABSOLUTE
    _printf_lli                              0x00000000   Number         0  stubs.o ABSOLUTE
    _printf_llo                              0x00000000   Number         0  stubs.o ABSOLUTE
    _printf_llu                              0x00000000   Number         0  stubs.o ABSOLUTE
    _printf_llx                              0x00000000   Number         0  stubs.o ABSOLUTE
    _printf_longlong_dec                     0x00000000   Number         0  stubs.o ABSOLUTE
    _printf_longlong_hex                     0x00000000   Number         0  stubs.o ABSOLUTE
    _printf_longlong_oct                     0x00000000   Number         0  stubs.o ABSOLUTE
    _printf_ls                               0x00000000   Number         0  stubs.o ABSOLUTE
    _printf_mbtowc                           0x00000000   Number         0  stubs.o ABSOLUTE
    _printf_n                                0x00000000   Number         0  stubs.o ABSOLUTE
    _printf_o                                0x00000000   Number         0  stubs.o ABSOLUTE
    _printf_p                                0x00000000   Number         0  stubs.o ABSOLUTE
    _printf_percent                          0x00000000   Number         0  stubs.o ABSOLUTE
    _printf_pre_padding                      0x00000000   Number         0  stubs.o ABSOLUTE
    _printf_return_value                     0x00000000   Number         0  stubs.o ABSOLUTE
    _printf_s                                0x00000000   Number         0  stubs.o ABSOLUTE
    _printf_sizespec                         0x00000000   Number         0  stubs.o ABSOLUTE
    _printf_str                              0x00000000   Number         0  stubs.o ABSOLUTE
    _printf_truncate_signed                  0x00000000   Number         0  stubs.o ABSOLUTE
    _printf_truncate_unsigned                0x00000000   Number         0  stubs.o ABSOLUTE
    _printf_u                                0x00000000   Number         0  stubs.o ABSOLUTE
    _printf_wc                               0x00000000   Number         0  stubs.o ABSOLUTE
    _printf_wctomb                           0x00000000   Number         0  stubs.o ABSOLUTE
    _printf_widthprec                        0x00000000   Number         0  stubs.o ABSOLUTE
    _printf_x                                0x00000000   Number         0  stubs.o ABSOLUTE
    __cpp_initialize__aeabi_                  - Undefined Weak Reference
    __cxa_finalize                            - Undefined Weak Reference
    _clock_init                               - Undefined Weak Reference
    _microlib_exit                            - Undefined Weak Reference
    __Vectors_Size                           0x00000130   Number         0  startup_stm32f10x_hd.o ABSOLUTE
    __Vectors                                0x08000000   Data           4  startup_stm32f10x_hd.o(RESET)
    __Vectors_End                            0x08000130   Data           0  startup_stm32f10x_hd.o(RESET)
    __main                                   0x08000131   Thumb Code     0  entry.o(.ARM.Collect$$$$00000000)
    _main_stk                                0x08000131   Thumb Code     0  entry2.o(.ARM.Collect$$$$00000001)
    _main_scatterload                        0x08000135   Thumb Code     0  entry5.o(.ARM.Collect$$$$00000004)
    __main_after_scatterload                 0x08000139   Thumb Code     0  entry5.o(.ARM.Collect$$$$00000004)
    _main_clock                              0x08000139   Thumb Code     0  entry7b.o(.ARM.Collect$$$$00000008)
    _main_cpp_init                           0x08000139   Thumb Code     0  entry8b.o(.ARM.Collect$$$$0000000A)
    _main_init                               0x08000139   Thumb Code     0  entry9a.o(.ARM.Collect$$$$0000000B)
    __rt_final_cpp                           0x08000141   Thumb Code     0  entry10a.o(.ARM.Collect$$$$0000000D)
    __rt_final_exit                          0x08000141   Thumb Code     0  entry11a.o(.ARM.Collect$$$$0000000F)
    simple_delay10_us                        0x08000145   Thumb Code    14  delay.o(.emb_text)
    Reset_Handler                            0x08000155   Thumb Code     8  startup_stm32f10x_hd.o(.text)
    NMI_Handler                              0x0800015d   Thumb Code     2  startup_stm32f10x_hd.o(.text)
    SVC_Handler                              0x08000167   Thumb Code     2  startup_stm32f10x_hd.o(.text)
    DebugMon_Handler                         0x08000169   Thumb Code     2  startup_stm32f10x_hd.o(.text)
    PendSV_Handler                           0x0800016b   Thumb Code     2  startup_stm32f10x_hd.o(.text)
    SysTick_Handler                          0x0800016d   Thumb Code     2  startup_stm32f10x_hd.o(.text)
    ADC1_2_IRQHandler                        0x0800016f   Thumb Code     0  startup_stm32f10x_hd.o(.text)
    ADC3_IRQHandler                          0x0800016f   Thumb Code     0  startup_stm32f10x_hd.o(.text)
    CAN1_RX1_IRQHandler                      0x0800016f   Thumb Code     0  startup_stm32f10x_hd.o(.text)
    CAN1_SCE_IRQHandler                      0x0800016f   Thumb Code     0  startup_stm32f10x_hd.o(.text)
    DMA1_Channel1_IRQHandler                 0x0800016f   Thumb Code     0  startup_stm32f10x_hd.o(.text)
    DMA1_Channel2_IRQHandler                 0x0800016f   Thumb Code     0  startup_stm32f10x_hd.o(.text)
    DMA1_Channel3_IRQHandler                 0x0800016f   Thumb Code     0  startup_stm32f10x_hd.o(.text)
    DMA1_Channel4_IRQHandler                 0x0800016f   Thumb Code     0  startup_stm32f10x_hd.o(.text)
    DMA1_Channel5_IRQHandler                 0x0800016f   Thumb Code     0  startup_stm32f10x_hd.o(.text)
    DMA1_Channel6_IRQHandler                 0x0800016f   Thumb Code     0  startup_stm32f10x_hd.o(.text)
    DMA1_Channel7_IRQHandler                 0x0800016f   Thumb Code     0  startup_stm32f10x_hd.o(.text)
    DMA2_Channel1_IRQHandler                 0x0800016f   Thumb Code     0  startup_stm32f10x_hd.o(.text)
    DMA2_Channel2_IRQHandler                 0x0800016f   Thumb Code     0  startup_stm32f10x_hd.o(.text)
    DMA2_Channel3_IRQHandler                 0x0800016f   Thumb Code     0  startup_stm32f10x_hd.o(.text)
    DMA2_Channel4_5_IRQHandler               0x0800016f   Thumb Code     0  startup_stm32f10x_hd.o(.text)
    EXTI0_IRQHandler                         0x0800016f   Thumb Code     0  startup_stm32f10x_hd.o(.text)
    EXTI15_10_IRQHandler                     0x0800016f   Thumb Code     0  startup_stm32f10x_hd.o(.text)
    EXTI1_IRQHandler                         0x0800016f   Thumb Code     0  startup_stm32f10x_hd.o(.text)
    EXTI2_IRQHandler                         0x0800016f   Thumb Code     0  startup_stm32f10x_hd.o(.text)
    EXTI3_IRQHandler                         0x0800016f   Thumb Code     0  startup_stm32f10x_hd.o(.text)
    EXTI4_IRQHandler                         0x0800016f   Thumb Code     0  startup_stm32f10x_hd.o(.text)
    EXTI9_5_IRQHandler                       0x0800016f   Thumb Code     0  startup_stm32f10x_hd.o(.text)
    FLASH_IRQHandler                         0x0800016f   Thumb Code     0  startup_stm32f10x_hd.o(.text)
    FSMC_IRQHandler                          0x0800016f   Thumb Code     0  startup_stm32f10x_hd.o(.text)
    I2C1_ER_IRQHandler                       0x0800016f   Thumb Code     0  startup_stm32f10x_hd.o(.text)
    I2C1_EV_IRQHandler                       0x0800016f   Thumb Code     0  startup_stm32f10x_hd.o(.text)
    I2C2_ER_IRQHandler                       0x0800016f   Thumb Code     0  startup_stm32f10x_hd.o(.text)
    I2C2_EV_IRQHandler                       0x0800016f   Thumb Code     0  startup_stm32f10x_hd.o(.text)
    PVD_IRQHandler                           0x0800016f   Thumb Code     0  startup_stm32f10x_hd.o(.text)
    RCC_IRQHandler                           0x0800016f   Thumb Code     0  startup_stm32f10x_hd.o(.text)
    RTCAlarm_IRQHandler                      0x0800016f   Thumb Code     0  startup_stm32f10x_hd.o(.text)
    RTC_IRQHandler                           0x0800016f   Thumb Code     0  startup_stm32f10x_hd.o(.text)
    SDIO_IRQHandler                          0x0800016f   Thumb Code     0  startup_stm32f10x_hd.o(.text)
    SPI1_IRQHandler                          0x0800016f   Thumb Code     0  startup_stm32f10x_hd.o(.text)
    SPI2_IRQHandler                          0x0800016f   Thumb Code     0  startup_stm32f10x_hd.o(.text)
    SPI3_IRQHandler                          0x0800016f   Thumb Code     0  startup_stm32f10x_hd.o(.text)
    TAMPER_IRQHandler                        0x0800016f   Thumb Code     0  startup_stm32f10x_hd.o(.text)
    TIM1_BRK_IRQHandler                      0x0800016f   Thumb Code     0  startup_stm32f10x_hd.o(.text)
    TIM1_CC_IRQHandler                       0x0800016f   Thumb Code     0  startup_stm32f10x_hd.o(.text)
    TIM1_TRG_COM_IRQHandler                  0x0800016f   Thumb Code     0  startup_stm32f10x_hd.o(.text)
    TIM1_UP_IRQHandler                       0x0800016f   Thumb Code     0  startup_stm32f10x_hd.o(.text)
    TIM2_IRQHandler                          0x0800016f   Thumb Code     0  startup_stm32f10x_hd.o(.text)
    TIM4_IRQHandler                          0x0800016f   Thumb Code     0  startup_stm32f10x_hd.o(.text)
    TIM5_IRQHandler                          0x0800016f   Thumb Code     0  startup_stm32f10x_hd.o(.text)
    TIM6_IRQHandler                          0x0800016f   Thumb Code     0  startup_stm32f10x_hd.o(.text)
    TIM7_IRQHandler                          0x0800016f   Thumb Code     0  startup_stm32f10x_hd.o(.text)
    TIM8_BRK_IRQHandler                      0x0800016f   Thumb Code     0  startup_stm32f10x_hd.o(.text)
    TIM8_CC_IRQHandler                       0x0800016f   Thumb Code     0  startup_stm32f10x_hd.o(.text)
    TIM8_TRG_COM_IRQHandler                  0x0800016f   Thumb Code     0  startup_stm32f10x_hd.o(.text)
    TIM8_UP_IRQHandler                       0x0800016f   Thumb Code     0  startup_stm32f10x_hd.o(.text)
    UART4_IRQHandler                         0x0800016f   Thumb Code     0  startup_stm32f10x_hd.o(.text)
    UART5_IRQHandler                         0x0800016f   Thumb Code     0  startup_stm32f10x_hd.o(.text)
    USART1_IRQHandler                        0x0800016f   Thumb Code     0  startup_stm32f10x_hd.o(.text)
    USART2_IRQHandler                        0x0800016f   Thumb Code     0  startup_stm32f10x_hd.o(.text)
    USART3_IRQHandler                        0x0800016f   Thumb Code     0  startup_stm32f10x_hd.o(.text)
    USBWakeUp_IRQHandler                     0x0800016f   Thumb Code     0  startup_stm32f10x_hd.o(.text)
    USB_HP_CAN1_TX_IRQHandler                0x0800016f   Thumb Code     0  startup_stm32f10x_hd.o(.text)
    WWDG_IRQHandler                          0x0800016f   Thumb Code     0  startup_stm32f10x_hd.o(.text)
    GPIO_init                                0x08000179   Thumb Code    78  main.o(.text)
    ADC_init                                 0x080001c7   Thumb Code   256  main.o(.text)
    DMA_init                                 0x080002c7   Thumb Code    84  main.o(.text)
    system_init                              0x0800031b   Thumb Code    96  main.o(.text)
    main                                     0x0800037b   Thumb Code   120  main.o(.text)
    HardFault_Handler                        0x08000455   Thumb Code     4  stm32f10x_it.o(.text)
    MemManage_Handler                        0x08000459   Thumb Code     4  stm32f10x_it.o(.text)
    BusFault_Handler                         0x0800045d   Thumb Code     4  stm32f10x_it.o(.text)
    UsageFault_Handler                       0x08000461   Thumb Code     4  stm32f10x_it.o(.text)
    USART1_Config                            0x08000465   Thumb Code    98  usart1.o(.text)
    fputc                                    0x080004c7   Thumb Code    32  usart1.o(.text)
    USART1_printf                            0x08000549   Thumb Code   262  usart1.o(.text)
    CAN_GPIO_Configuration                   0x08000659   Thumb Code    52  can.o(.text)
    CAN_NVIC_Configuration                   0x0800068d   Thumb Code    30  can.o(.text)
    CAN_Configuration                        0x080006ab   Thumb Code   148  can.o(.text)
    LED_GPIO_Config                          0x08000749   Thumb Code   106  led.o(.text)
    LED_Control                              0x080007b3   Thumb Code    82  led.o(.text)
    IndicatorControl                         0x08000805   Thumb Code   672  led.o(.text)
    get_ticks                                0x08000ab1   Thumb Code     6  ticks.o(.text)
    get_seconds                              0x08000ab7   Thumb Code     6  ticks.o(.text)
    ticks_init                               0x08000abd   Thumb Code    68  ticks.o(.text)
    TIM3_IRQHandler                          0x08000b01   Thumb Code    62  ticks.o(.text)
    _delay_us                                0x08000b4d   Thumb Code    94  delay.o(.text)
    simple_delay1_ms                         0x08000bab   Thumb Code    22  delay.o(.text)
    _delay_ms                                0x08000bc1   Thumb Code   120  delay.o(.text)
    writeFlash                               0x08000c3d   Thumb Code   480  flashsave.o(.text)
    readFlash                                0x08000e1d   Thumb Code   388  flashsave.o(.text)
    Four_Bytes_Reconstruction                0x08000fb5   Thumb Code    28  can_protocol.o(.text)
    Two_Bytes_Reconstruction                 0x08000fd1   Thumb Code    18  can_protocol.o(.text)
    Four_Bytes_Decomposition                 0x08000fe3   Thumb Code    46  can_protocol.o(.text)
    Two_Bytes_Decomposition                  0x08001011   Thumb Code    26  can_protocol.o(.text)
    General_Encoding                         0x0800102b   Thumb Code    76  can_protocol.o(.text)
    Light_Sensor_Bar_Encoding                0x08001077   Thumb Code    52  can_protocol.o(.text)
    Light_Sensor_Bar_Encoding2               0x080010ab   Thumb Code    56  can_protocol.o(.text)
    CAN_Tx_addToQueue                        0x080010e3   Thumb Code    64  can_protocol.o(.text)
    CAN_Tx_dequeue                           0x08001123   Thumb Code   114  can_protocol.o(.text)
    CAN_Rx_addToQueue                        0x08001195   Thumb Code    64  can_protocol.o(.text)
    Light_Sensor_Bar_Enable                  0x080011d5   Thumb Code    96  can_protocol.o(.text)
    Light_Sensor_Bar_Calibration             0x08001235   Thumb Code    96  can_protocol.o(.text)
    CAN_Rx_Processing                        0x08001295   Thumb Code   118  can_protocol.o(.text)
    CAN_Rx_dequeue                           0x0800130b   Thumb Code    86  can_protocol.o(.text)
    CAN_Tx_update                            0x08001361   Thumb Code    14  can_protocol.o(.text)
    CAN_Rx_update                            0x0800136f   Thumb Code    14  can_protocol.o(.text)
    USB_LP_CAN1_RX0_IRQHandler               0x0800137d   Thumb Code    36  can_protocol.o(.text)
    Enabled                                  0x080013a1   Thumb Code     6  can_protocol.o(.text)
    Difference_2Colour                       0x080013dd   Thumb Code    72  lightsensor.o(.text)
    resultColour                             0x08001425   Thumb Code   208  lightsensor.o(.text)
    CaptureData                              0x080014f5   Thumb Code   142  lightsensor.o(.text)
    ShowWhiteLinePos                         0x08001583   Thumb Code    78  lightsensor.o(.text)
    AnalysisData                             0x080015d1   Thumb Code   344  lightsensor.o(.text)
    SwitchLight                              0x08001729   Thumb Code   106  lightsensor.o(.text)
    ColourTarget_Init                        0x08001793   Thumb Code   348  lightsensor.o(.text)
    DataTransmit                             0x080018ef   Thumb Code   118  lightsensor.o(.text)
    CaptureCalibrationData                   0x08001965   Thumb Code   830  lightsensor.o(.text)
    Calibration_mode                         0x08001ca3   Thumb Code  1138  lightsensor.o(.text)
    int_sin                                  0x08002275   Thumb Code   132  approx_math.o(.text)
    int_cos                                  0x080022f9   Thumb Code    14  approx_math.o(.text)
    get_circle_X                             0x08002307   Thumb Code    52  approx_math.o(.text)
    get_circle_Y                             0x0800233b   Thumb Code    52  approx_math.o(.text)
    int_tan                                  0x0800236f   Thumb Code   102  approx_math.o(.text)
    Abs                                      0x080023d5   Thumb Code    14  approx_math.o(.text)
    int_arc_sin                              0x080023e3   Thumb Code   122  approx_math.o(.text)
    int_arc_cos                              0x0800245d   Thumb Code    18  approx_math.o(.text)
    int_arc_tan                              0x0800246f   Thumb Code    84  approx_math.o(.text)
    int_arc_tan2                             0x080024c3   Thumb Code   106  approx_math.o(.text)
    xy_rotate                                0x0800252d   Thumb Code    82  approx_math.o(.text)
    p_mod                                    0x0800257f   Thumb Code    20  approx_math.o(.text)
    s_Abs                                    0x08002593   Thumb Code    14  approx_math.o(.text)
    limit_num                                0x080025a1   Thumb Code    38  approx_math.o(.text)
    limit_nums                               0x080025c7   Thumb Code   136  approx_math.o(.text)
    Sqr                                      0x0800264f   Thumb Code     8  approx_math.o(.text)
    Sqrt                                     0x08002657   Thumb Code   120  approx_math.o(.text)
    Hyp                                      0x080026cf   Thumb Code    20  approx_math.o(.text)
    angle_diff                               0x080026e3   Thumb Code    38  approx_math.o(.text)
    Acc_limit                                0x08002709   Thumb Code    72  approx_math.o(.text)
    NVIC_PriorityGroupConfig                 0x08002751   Thumb Code    10  misc.o(.text)
    NVIC_Init                                0x0800275b   Thumb Code   100  misc.o(.text)
    NVIC_SetVectorTable                      0x080027bf   Thumb Code    14  misc.o(.text)
    NVIC_SystemLPConfig                      0x080027cd   Thumb Code    34  misc.o(.text)
    SysTick_CLKSourceConfig                  0x080027ef   Thumb Code    40  misc.o(.text)
    ADC_DeInit                               0x0800282d   Thumb Code    78  stm32f10x_adc.o(.text)
    ADC_Init                                 0x0800287b   Thumb Code    70  stm32f10x_adc.o(.text)
    ADC_StructInit                           0x080028c1   Thumb Code    18  stm32f10x_adc.o(.text)
    ADC_Cmd                                  0x080028d3   Thumb Code    22  stm32f10x_adc.o(.text)
    ADC_DMACmd                               0x080028e9   Thumb Code    22  stm32f10x_adc.o(.text)
    ADC_ITConfig                             0x080028ff   Thumb Code    24  stm32f10x_adc.o(.text)
    ADC_ResetCalibration                     0x08002917   Thumb Code    10  stm32f10x_adc.o(.text)
    ADC_GetResetCalibrationStatus            0x08002921   Thumb Code    20  stm32f10x_adc.o(.text)
    ADC_StartCalibration                     0x08002935   Thumb Code    10  stm32f10x_adc.o(.text)
    ADC_GetCalibrationStatus                 0x0800293f   Thumb Code    20  stm32f10x_adc.o(.text)
    ADC_SoftwareStartConvCmd                 0x08002953   Thumb Code    22  stm32f10x_adc.o(.text)
    ADC_GetSoftwareStartConvStatus           0x08002969   Thumb Code    20  stm32f10x_adc.o(.text)
    ADC_DiscModeChannelCountConfig           0x0800297d   Thumb Code    24  stm32f10x_adc.o(.text)
    ADC_DiscModeCmd                          0x08002995   Thumb Code    22  stm32f10x_adc.o(.text)
    ADC_RegularChannelConfig                 0x080029ab   Thumb Code   184  stm32f10x_adc.o(.text)
    ADC_ExternalTrigConvCmd                  0x08002a63   Thumb Code    22  stm32f10x_adc.o(.text)
    ADC_GetConversionValue                   0x08002a79   Thumb Code     8  stm32f10x_adc.o(.text)
    ADC_GetDualModeConversionValue           0x08002a81   Thumb Code     8  stm32f10x_adc.o(.text)
    ADC_AutoInjectedConvCmd                  0x08002a89   Thumb Code    22  stm32f10x_adc.o(.text)
    ADC_InjectedDiscModeCmd                  0x08002a9f   Thumb Code    22  stm32f10x_adc.o(.text)
    ADC_ExternalTrigInjectedConvConfig       0x08002ab5   Thumb Code    16  stm32f10x_adc.o(.text)
    ADC_ExternalTrigInjectedConvCmd          0x08002ac5   Thumb Code    22  stm32f10x_adc.o(.text)
    ADC_SoftwareStartInjectedConvCmd         0x08002adb   Thumb Code    22  stm32f10x_adc.o(.text)
    ADC_GetSoftwareStartInjectedConvCmdStatus 0x08002af1   Thumb Code    20  stm32f10x_adc.o(.text)
    ADC_InjectedChannelConfig                0x08002b05   Thumb Code   130  stm32f10x_adc.o(.text)
    ADC_InjectedSequencerLengthConfig        0x08002b87   Thumb Code    24  stm32f10x_adc.o(.text)
    ADC_SetInjectedOffset                    0x08002b9f   Thumb Code    20  stm32f10x_adc.o(.text)
    ADC_GetInjectedConversionValue           0x08002bb3   Thumb Code    28  stm32f10x_adc.o(.text)
    ADC_AnalogWatchdogCmd                    0x08002bcf   Thumb Code    16  stm32f10x_adc.o(.text)
    ADC_AnalogWatchdogThresholdsConfig       0x08002bdf   Thumb Code     6  stm32f10x_adc.o(.text)
    ADC_AnalogWatchdogSingleChannelConfig    0x08002be5   Thumb Code    16  stm32f10x_adc.o(.text)
    ADC_TempSensorVrefintCmd                 0x08002bf5   Thumb Code    64  stm32f10x_adc.o(.text)
    ADC_GetFlagStatus                        0x08002c35   Thumb Code    18  stm32f10x_adc.o(.text)
    ADC_ClearFlag                            0x08002c47   Thumb Code     6  stm32f10x_adc.o(.text)
    ADC_GetITStatus                          0x08002c4d   Thumb Code    36  stm32f10x_adc.o(.text)
    ADC_ClearITPendingBit                    0x08002c71   Thumb Code    10  stm32f10x_adc.o(.text)
    CAN_DeInit                               0x08002c7d   Thumb Code    50  stm32f10x_can.o(.text)
    CAN_Init                                 0x08002caf   Thumb Code   276  stm32f10x_can.o(.text)
    CAN_FilterInit                           0x08002dc3   Thumb Code   258  stm32f10x_can.o(.text)
    CAN_StructInit                           0x08002ec5   Thumb Code    32  stm32f10x_can.o(.text)
    CAN_SlaveStartBank                       0x08002ee5   Thumb Code    48  stm32f10x_can.o(.text)
    CAN_DBGFreeze                            0x08002f15   Thumb Code    22  stm32f10x_can.o(.text)
    CAN_TTComModeCmd                         0x08002f2b   Thumb Code   118  stm32f10x_can.o(.text)
    CAN_Transmit                             0x08002fa1   Thumb Code   304  stm32f10x_can.o(.text)
    CAN_TransmitStatus                       0x080030d1   Thumb Code   138  stm32f10x_can.o(.text)
    CAN_CancelTransmit                       0x0800315b   Thumb Code    48  stm32f10x_can.o(.text)
    CAN_Receive                              0x0800318b   Thumb Code   240  stm32f10x_can.o(.text)
    CAN_FIFORelease                          0x0800327b   Thumb Code    22  stm32f10x_can.o(.text)
    CAN_MessagePending                       0x08003291   Thumb Code    30  stm32f10x_can.o(.text)
    CAN_OperatingModeRequest                 0x080032af   Thumb Code   162  stm32f10x_can.o(.text)
    CAN_Sleep                                0x08003351   Thumb Code    30  stm32f10x_can.o(.text)
    CAN_WakeUp                               0x0800336f   Thumb Code    48  stm32f10x_can.o(.text)
    CAN_GetLastErrorCode                     0x0800339f   Thumb Code    12  stm32f10x_can.o(.text)
    CAN_GetReceiveErrorCounter               0x080033ab   Thumb Code    10  stm32f10x_can.o(.text)
    CAN_GetLSBTransmitErrorCounter           0x080033b5   Thumb Code    12  stm32f10x_can.o(.text)
    CAN_ITConfig                             0x080033c1   Thumb Code    18  stm32f10x_can.o(.text)
    CAN_GetFlagStatus                        0x080033d3   Thumb Code   120  stm32f10x_can.o(.text)
    CAN_ClearFlag                            0x0800344b   Thumb Code    52  stm32f10x_can.o(.text)
    CAN_GetITStatus                          0x08003491   Thumb Code   310  stm32f10x_can.o(.text)
    CAN_ClearITPendingBit                    0x080035c7   Thumb Code   162  stm32f10x_can.o(.text)
    DMA_DeInit                               0x0800366d   Thumb Code   324  stm32f10x_dma.o(.text)
    DMA_Init                                 0x080037b1   Thumb Code    60  stm32f10x_dma.o(.text)
    DMA_StructInit                           0x080037ed   Thumb Code    26  stm32f10x_dma.o(.text)
    DMA_Cmd                                  0x08003807   Thumb Code    24  stm32f10x_dma.o(.text)
    DMA_ITConfig                             0x0800381f   Thumb Code    18  stm32f10x_dma.o(.text)
    DMA_SetCurrDataCounter                   0x08003831   Thumb Code     4  stm32f10x_dma.o(.text)
    DMA_GetCurrDataCounter                   0x08003835   Thumb Code     8  stm32f10x_dma.o(.text)
    DMA_GetFlagStatus                        0x0800383d   Thumb Code    40  stm32f10x_dma.o(.text)
    DMA_ClearFlag                            0x08003865   Thumb Code    22  stm32f10x_dma.o(.text)
    DMA_GetITStatus                          0x0800387b   Thumb Code    40  stm32f10x_dma.o(.text)
    DMA_ClearITPendingBit                    0x080038a3   Thumb Code    22  stm32f10x_dma.o(.text)
    FLASH_SetLatency                         0x080038c1   Thumb Code    18  stm32f10x_flash.o(.text)
    FLASH_HalfCycleAccessCmd                 0x080038d3   Thumb Code    22  stm32f10x_flash.o(.text)
    FLASH_PrefetchBufferCmd                  0x080038e9   Thumb Code    22  stm32f10x_flash.o(.text)
    FLASH_Unlock                             0x080038ff   Thumb Code    12  stm32f10x_flash.o(.text)
    FLASH_UnlockBank1                        0x0800390b   Thumb Code    12  stm32f10x_flash.o(.text)
    FLASH_Lock                               0x08003917   Thumb Code    14  stm32f10x_flash.o(.text)
    FLASH_LockBank1                          0x08003925   Thumb Code    14  stm32f10x_flash.o(.text)
    FLASH_GetBank1Status                     0x08003933   Thumb Code    48  stm32f10x_flash.o(.text)
    FLASH_WaitForLastOperation               0x08003963   Thumb Code    38  stm32f10x_flash.o(.text)
    FLASH_ErasePage                          0x08003989   Thumb Code    72  stm32f10x_flash.o(.text)
    FLASH_EraseAllPages                      0x080039d1   Thumb Code    68  stm32f10x_flash.o(.text)
    FLASH_WaitForLastBank1Operation          0x08003a15   Thumb Code    38  stm32f10x_flash.o(.text)
    FLASH_EraseAllBank1Pages                 0x08003a3b   Thumb Code    68  stm32f10x_flash.o(.text)
    FLASH_GetReadOutProtectionStatus         0x08003a7f   Thumb Code    20  stm32f10x_flash.o(.text)
    FLASH_EraseOptionBytes                   0x08003a93   Thumb Code   150  stm32f10x_flash.o(.text)
    FLASH_ProgramWord                        0x08003b29   Thumb Code   102  stm32f10x_flash.o(.text)
    FLASH_ProgramHalfWord                    0x08003b8f   Thumb Code    60  stm32f10x_flash.o(.text)
    FLASH_ProgramOptionByteData              0x08003bcb   Thumb Code    72  stm32f10x_flash.o(.text)
    FLASH_EnableWriteProtection              0x08003c13   Thumb Code   200  stm32f10x_flash.o(.text)
    FLASH_ReadOutProtection                  0x08003cdb   Thumb Code   156  stm32f10x_flash.o(.text)
    FLASH_UserOptionByteConfig               0x08003d77   Thumb Code    88  stm32f10x_flash.o(.text)
    FLASH_GetUserOptionByte                  0x08003dcf   Thumb Code     8  stm32f10x_flash.o(.text)
    FLASH_GetWriteProtectionOptionByte       0x08003dd7   Thumb Code     6  stm32f10x_flash.o(.text)
    FLASH_GetPrefetchBufferStatus            0x08003ddd   Thumb Code    20  stm32f10x_flash.o(.text)
    FLASH_ITConfig                           0x08003df1   Thumb Code    26  stm32f10x_flash.o(.text)
    FLASH_GetFlagStatus                      0x08003e0b   Thumb Code    42  stm32f10x_flash.o(.text)
    FLASH_ClearFlag                          0x08003e35   Thumb Code     6  stm32f10x_flash.o(.text)
    FLASH_GetStatus                          0x08003e3b   Thumb Code    48  stm32f10x_flash.o(.text)
    GPIO_DeInit                              0x08003e7d   Thumb Code   172  stm32f10x_gpio.o(.text)
    GPIO_AFIODeInit                          0x08003f29   Thumb Code    20  stm32f10x_gpio.o(.text)
    GPIO_Init                                0x08003f3d   Thumb Code   278  stm32f10x_gpio.o(.text)
    GPIO_StructInit                          0x08004053   Thumb Code    16  stm32f10x_gpio.o(.text)
    GPIO_ReadInputDataBit                    0x08004063   Thumb Code    18  stm32f10x_gpio.o(.text)
    GPIO_ReadInputData                       0x08004075   Thumb Code     8  stm32f10x_gpio.o(.text)
    GPIO_ReadOutputDataBit                   0x0800407d   Thumb Code    18  stm32f10x_gpio.o(.text)
    GPIO_ReadOutputData                      0x0800408f   Thumb Code     8  stm32f10x_gpio.o(.text)
    GPIO_SetBits                             0x08004097   Thumb Code     4  stm32f10x_gpio.o(.text)
    GPIO_ResetBits                           0x0800409b   Thumb Code     4  stm32f10x_gpio.o(.text)
    GPIO_WriteBit                            0x0800409f   Thumb Code    10  stm32f10x_gpio.o(.text)
    GPIO_Write                               0x080040a9   Thumb Code     4  stm32f10x_gpio.o(.text)
    GPIO_PinLockConfig                       0x080040ad   Thumb Code    18  stm32f10x_gpio.o(.text)
    GPIO_EventOutputConfig                   0x080040bf   Thumb Code    26  stm32f10x_gpio.o(.text)
    GPIO_EventOutputCmd                      0x080040d9   Thumb Code     6  stm32f10x_gpio.o(.text)
    GPIO_PinRemapConfig                      0x080040df   Thumb Code   138  stm32f10x_gpio.o(.text)
    GPIO_EXTILineConfig                      0x08004169   Thumb Code    66  stm32f10x_gpio.o(.text)
    GPIO_ETH_MediaInterfaceConfig            0x080041ab   Thumb Code     8  stm32f10x_gpio.o(.text)
    RCC_DeInit                               0x080041d9   Thumb Code    64  stm32f10x_rcc.o(.text)
    RCC_HSEConfig                            0x08004219   Thumb Code    70  stm32f10x_rcc.o(.text)
    RCC_GetFlagStatus                        0x0800425f   Thumb Code    56  stm32f10x_rcc.o(.text)
    RCC_WaitForHSEStartUp                    0x08004297   Thumb Code    56  stm32f10x_rcc.o(.text)
    RCC_AdjustHSICalibrationValue            0x080042cf   Thumb Code    20  stm32f10x_rcc.o(.text)
    RCC_HSICmd                               0x080042e3   Thumb Code     6  stm32f10x_rcc.o(.text)
    RCC_PLLConfig                            0x080042e9   Thumb Code    24  stm32f10x_rcc.o(.text)
    RCC_PLLCmd                               0x08004301   Thumb Code     6  stm32f10x_rcc.o(.text)
    RCC_SYSCLKConfig                         0x08004307   Thumb Code    18  stm32f10x_rcc.o(.text)
    RCC_GetSYSCLKSource                      0x08004319   Thumb Code    10  stm32f10x_rcc.o(.text)
    RCC_HCLKConfig                           0x08004323   Thumb Code    18  stm32f10x_rcc.o(.text)
    RCC_PCLK1Config                          0x08004335   Thumb Code    18  stm32f10x_rcc.o(.text)
    RCC_PCLK2Config                          0x08004347   Thumb Code    20  stm32f10x_rcc.o(.text)
    RCC_ITConfig                             0x0800435b   Thumb Code    26  stm32f10x_rcc.o(.text)
    RCC_USBCLKConfig                         0x08004375   Thumb Code     8  stm32f10x_rcc.o(.text)
    RCC_ADCCLKConfig                         0x0800437d   Thumb Code    18  stm32f10x_rcc.o(.text)
    RCC_LSEConfig                            0x0800438f   Thumb Code    50  stm32f10x_rcc.o(.text)
    RCC_LSICmd                               0x080043c1   Thumb Code     6  stm32f10x_rcc.o(.text)
    RCC_RTCCLKConfig                         0x080043c7   Thumb Code    12  stm32f10x_rcc.o(.text)
    RCC_RTCCLKCmd                            0x080043d3   Thumb Code     8  stm32f10x_rcc.o(.text)
    RCC_GetClocksFreq                        0x080043db   Thumb Code   192  stm32f10x_rcc.o(.text)
    RCC_AHBPeriphClockCmd                    0x0800449b   Thumb Code    26  stm32f10x_rcc.o(.text)
    RCC_APB2PeriphClockCmd                   0x080044b5   Thumb Code    26  stm32f10x_rcc.o(.text)
    RCC_APB1PeriphClockCmd                   0x080044cf   Thumb Code    26  stm32f10x_rcc.o(.text)
    RCC_APB2PeriphResetCmd                   0x080044e9   Thumb Code    26  stm32f10x_rcc.o(.text)
    RCC_APB1PeriphResetCmd                   0x08004503   Thumb Code    26  stm32f10x_rcc.o(.text)
    RCC_BackupResetCmd                       0x0800451d   Thumb Code     8  stm32f10x_rcc.o(.text)
    RCC_ClockSecuritySystemCmd               0x08004525   Thumb Code     6  stm32f10x_rcc.o(.text)
    RCC_MCOConfig                            0x0800452b   Thumb Code     6  stm32f10x_rcc.o(.text)
    RCC_ClearFlag                            0x08004531   Thumb Code    14  stm32f10x_rcc.o(.text)
    RCC_GetITStatus                          0x0800453f   Thumb Code    20  stm32f10x_rcc.o(.text)
    RCC_ClearITPendingBit                    0x08004553   Thumb Code     6  stm32f10x_rcc.o(.text)
    TIM_DeInit                               0x0800457d   Thumb Code   424  stm32f10x_tim.o(.text)
    TIM_TimeBaseInit                         0x08004725   Thumb Code   122  stm32f10x_tim.o(.text)
    TIM_OC1Init                              0x0800479f   Thumb Code   132  stm32f10x_tim.o(.text)
    TIM_OC2Init                              0x08004823   Thumb Code   154  stm32f10x_tim.o(.text)
    TIM_OC3Init                              0x080048bd   Thumb Code   150  stm32f10x_tim.o(.text)
    TIM_OC4Init                              0x08004953   Thumb Code   182  stm32f10x_tim.o(.text)
    TIM_SetIC4Prescaler                      0x08004a09   Thumb Code    26  stm32f10x_tim.o(.text)
    TIM_SetIC3Prescaler                      0x08004aa5   Thumb Code    18  stm32f10x_tim.o(.text)
    TIM_SetIC2Prescaler                      0x08004b31   Thumb Code    26  stm32f10x_tim.o(.text)
    TIM_SetIC1Prescaler                      0x08004bcd   Thumb Code    18  stm32f10x_tim.o(.text)
    TIM_ICInit                               0x08004c4b   Thumb Code   150  stm32f10x_tim.o(.text)
    TIM_PWMIConfig                           0x08004ce1   Thumb Code   124  stm32f10x_tim.o(.text)
    TIM_BDTRConfig                           0x08004d5d   Thumb Code    32  stm32f10x_tim.o(.text)
    TIM_TimeBaseStructInit                   0x08004d7d   Thumb Code    18  stm32f10x_tim.o(.text)
    TIM_OCStructInit                         0x08004d8f   Thumb Code    20  stm32f10x_tim.o(.text)
    TIM_ICStructInit                         0x08004da3   Thumb Code    18  stm32f10x_tim.o(.text)
    TIM_BDTRStructInit                       0x08004db5   Thumb Code    40  stm32f10x_tim.o(.text)
    TIM_Cmd                                  0x08004ddd   Thumb Code    24  stm32f10x_tim.o(.text)
    TIM_CtrlPWMOutputs                       0x08004df5   Thumb Code    30  stm32f10x_tim.o(.text)
    TIM_ITConfig                             0x08004e13   Thumb Code    18  stm32f10x_tim.o(.text)
    TIM_GenerateEvent                        0x08004e25   Thumb Code     4  stm32f10x_tim.o(.text)
    TIM_DMAConfig                            0x08004e29   Thumb Code    10  stm32f10x_tim.o(.text)
    TIM_DMACmd                               0x08004e33   Thumb Code    18  stm32f10x_tim.o(.text)
    TIM_InternalClockConfig                  0x08004e45   Thumb Code    12  stm32f10x_tim.o(.text)
    TIM_SelectInputTrigger                   0x08004e51   Thumb Code    18  stm32f10x_tim.o(.text)
    TIM_ITRxExternalClockConfig              0x08004e63   Thumb Code    24  stm32f10x_tim.o(.text)
    TIM_TIxExternalClockConfig               0x08004e7b   Thumb Code    62  stm32f10x_tim.o(.text)
    TIM_ETRConfig                            0x08004eb9   Thumb Code    28  stm32f10x_tim.o(.text)
    TIM_ETRClockMode1Config                  0x08004ed5   Thumb Code    54  stm32f10x_tim.o(.text)
    TIM_ETRClockMode2Config                  0x08004f0b   Thumb Code    32  stm32f10x_tim.o(.text)
    TIM_PrescalerConfig                      0x08004f2b   Thumb Code     6  stm32f10x_tim.o(.text)
    TIM_CounterModeConfig                    0x08004f31   Thumb Code    18  stm32f10x_tim.o(.text)
    TIM_EncoderInterfaceConfig               0x08004f43   Thumb Code    66  stm32f10x_tim.o(.text)
    TIM_ForcedOC1Config                      0x08004f85   Thumb Code    18  stm32f10x_tim.o(.text)
    TIM_ForcedOC2Config                      0x08004f97   Thumb Code    26  stm32f10x_tim.o(.text)
    TIM_ForcedOC3Config                      0x08004fb1   Thumb Code    18  stm32f10x_tim.o(.text)
    TIM_ForcedOC4Config                      0x08004fc3   Thumb Code    26  stm32f10x_tim.o(.text)
    TIM_ARRPreloadConfig                     0x08004fdd   Thumb Code    24  stm32f10x_tim.o(.text)
    TIM_SelectCOM                            0x08004ff5   Thumb Code    24  stm32f10x_tim.o(.text)
    TIM_SelectCCDMA                          0x0800500d   Thumb Code    24  stm32f10x_tim.o(.text)
    TIM_CCPreloadControl                     0x08005025   Thumb Code    24  stm32f10x_tim.o(.text)
    TIM_OC1PreloadConfig                     0x0800503d   Thumb Code    18  stm32f10x_tim.o(.text)
    TIM_OC2PreloadConfig                     0x0800504f   Thumb Code    26  stm32f10x_tim.o(.text)
    TIM_OC3PreloadConfig                     0x08005069   Thumb Code    18  stm32f10x_tim.o(.text)
    TIM_OC4PreloadConfig                     0x0800507b   Thumb Code    26  stm32f10x_tim.o(.text)
    TIM_OC1FastConfig                        0x08005095   Thumb Code    18  stm32f10x_tim.o(.text)
    TIM_OC2FastConfig                        0x080050a7   Thumb Code    26  stm32f10x_tim.o(.text)
    TIM_OC3FastConfig                        0x080050c1   Thumb Code    18  stm32f10x_tim.o(.text)
    TIM_OC4FastConfig                        0x080050d3   Thumb Code    26  stm32f10x_tim.o(.text)
    TIM_ClearOC1Ref                          0x080050ed   Thumb Code    18  stm32f10x_tim.o(.text)
    TIM_ClearOC2Ref                          0x080050ff   Thumb Code    24  stm32f10x_tim.o(.text)
    TIM_ClearOC3Ref                          0x08005117   Thumb Code    18  stm32f10x_tim.o(.text)
    TIM_ClearOC4Ref                          0x08005129   Thumb Code    24  stm32f10x_tim.o(.text)
    TIM_OC1PolarityConfig                    0x08005141   Thumb Code    18  stm32f10x_tim.o(.text)
    TIM_OC1NPolarityConfig                   0x08005153   Thumb Code    18  stm32f10x_tim.o(.text)
    TIM_OC2PolarityConfig                    0x08005165   Thumb Code    26  stm32f10x_tim.o(.text)
    TIM_OC2NPolarityConfig                   0x0800517f   Thumb Code    26  stm32f10x_tim.o(.text)
    TIM_OC3PolarityConfig                    0x08005199   Thumb Code    26  stm32f10x_tim.o(.text)
    TIM_OC3NPolarityConfig                   0x080051b3   Thumb Code    26  stm32f10x_tim.o(.text)
    TIM_OC4PolarityConfig                    0x080051cd   Thumb Code    26  stm32f10x_tim.o(.text)
    TIM_CCxCmd                               0x080051e7   Thumb Code    30  stm32f10x_tim.o(.text)
    TIM_CCxNCmd                              0x08005205   Thumb Code    30  stm32f10x_tim.o(.text)
    TIM_SelectOCxM                           0x08005223   Thumb Code    82  stm32f10x_tim.o(.text)
    TIM_UpdateDisableConfig                  0x08005275   Thumb Code    24  stm32f10x_tim.o(.text)
    TIM_UpdateRequestConfig                  0x0800528d   Thumb Code    24  stm32f10x_tim.o(.text)
    TIM_SelectHallSensor                     0x080052a5   Thumb Code    24  stm32f10x_tim.o(.text)
    TIM_SelectOnePulseMode                   0x080052bd   Thumb Code    18  stm32f10x_tim.o(.text)
    TIM_SelectOutputTrigger                  0x080052cf   Thumb Code    18  stm32f10x_tim.o(.text)
    TIM_SelectSlaveMode                      0x080052e1   Thumb Code    18  stm32f10x_tim.o(.text)
    TIM_SelectMasterSlaveMode                0x080052f3   Thumb Code    18  stm32f10x_tim.o(.text)
    TIM_SetCounter                           0x08005305   Thumb Code     4  stm32f10x_tim.o(.text)
    TIM_SetAutoreload                        0x08005309   Thumb Code     4  stm32f10x_tim.o(.text)
    TIM_SetCompare1                          0x0800530d   Thumb Code     4  stm32f10x_tim.o(.text)
    TIM_SetCompare2                          0x08005311   Thumb Code     4  stm32f10x_tim.o(.text)
    TIM_SetCompare3                          0x08005315   Thumb Code     4  stm32f10x_tim.o(.text)
    TIM_SetCompare4                          0x08005319   Thumb Code     6  stm32f10x_tim.o(.text)
    TIM_SetClockDivision                     0x0800531f   Thumb Code    18  stm32f10x_tim.o(.text)
    TIM_GetCapture1                          0x08005331   Thumb Code     6  stm32f10x_tim.o(.text)
    TIM_GetCapture2                          0x08005337   Thumb Code     6  stm32f10x_tim.o(.text)
    TIM_GetCapture3                          0x0800533d   Thumb Code     6  stm32f10x_tim.o(.text)
    TIM_GetCapture4                          0x08005343   Thumb Code     8  stm32f10x_tim.o(.text)
    TIM_GetCounter                           0x0800534b   Thumb Code     6  stm32f10x_tim.o(.text)
    TIM_GetPrescaler                         0x08005351   Thumb Code     6  stm32f10x_tim.o(.text)
    TIM_GetFlagStatus                        0x08005357   Thumb Code    18  stm32f10x_tim.o(.text)
    TIM_ClearFlag                            0x08005369   Thumb Code     6  stm32f10x_tim.o(.text)
    TIM_GetITStatus                          0x0800536f   Thumb Code    34  stm32f10x_tim.o(.text)
    TIM_ClearITPendingBit                    0x08005391   Thumb Code     6  stm32f10x_tim.o(.text)
    USART_DeInit                             0x08005399   Thumb Code   134  stm32f10x_usart.o(.text)
    USART_Init                               0x0800541f   Thumb Code   210  stm32f10x_usart.o(.text)
    USART_StructInit                         0x080054f1   Thumb Code    24  stm32f10x_usart.o(.text)
    USART_ClockInit                          0x08005509   Thumb Code    34  stm32f10x_usart.o(.text)
    USART_ClockStructInit                    0x0800552b   Thumb Code    12  stm32f10x_usart.o(.text)
    USART_Cmd                                0x08005537   Thumb Code    24  stm32f10x_usart.o(.text)
    USART_ITConfig                           0x0800554f   Thumb Code    74  stm32f10x_usart.o(.text)
    USART_DMACmd                             0x08005599   Thumb Code    18  stm32f10x_usart.o(.text)
    USART_SetAddress                         0x080055ab   Thumb Code    18  stm32f10x_usart.o(.text)
    USART_WakeUpConfig                       0x080055bd   Thumb Code    18  stm32f10x_usart.o(.text)
    USART_ReceiverWakeUpCmd                  0x080055cf   Thumb Code    24  stm32f10x_usart.o(.text)
    USART_LINBreakDetectLengthConfig         0x080055e7   Thumb Code    18  stm32f10x_usart.o(.text)
    USART_LINCmd                             0x080055f9   Thumb Code    24  stm32f10x_usart.o(.text)
    USART_SendData                           0x08005611   Thumb Code     8  stm32f10x_usart.o(.text)
    USART_ReceiveData                        0x08005619   Thumb Code    10  stm32f10x_usart.o(.text)
    USART_SendBreak                          0x08005623   Thumb Code    10  stm32f10x_usart.o(.text)
    USART_SetGuardTime                       0x0800562d   Thumb Code    16  stm32f10x_usart.o(.text)
    USART_SetPrescaler                       0x0800563d   Thumb Code    16  stm32f10x_usart.o(.text)
    USART_SmartCardCmd                       0x0800564d   Thumb Code    24  stm32f10x_usart.o(.text)
    USART_SmartCardNACKCmd                   0x08005665   Thumb Code    24  stm32f10x_usart.o(.text)
    USART_HalfDuplexCmd                      0x0800567d   Thumb Code    24  stm32f10x_usart.o(.text)
    USART_OverSampling8Cmd                   0x08005695   Thumb Code    22  stm32f10x_usart.o(.text)
    USART_OneBitMethodCmd                    0x080056ab   Thumb Code    24  stm32f10x_usart.o(.text)
    USART_IrDAConfig                         0x080056c3   Thumb Code    18  stm32f10x_usart.o(.text)
    USART_IrDACmd                            0x080056d5   Thumb Code    24  stm32f10x_usart.o(.text)
    USART_GetFlagStatus                      0x080056ed   Thumb Code    26  stm32f10x_usart.o(.text)
    USART_ClearFlag                          0x08005707   Thumb Code    18  stm32f10x_usart.o(.text)
    USART_GetITStatus                        0x08005719   Thumb Code    84  stm32f10x_usart.o(.text)
    USART_ClearITPendingBit                  0x0800576d   Thumb Code    52  stm32f10x_usart.o(.text)
    SystemInit                               0x0800587f   Thumb Code    78  system_stm32f10x.o(.text)
    SystemCoreClockUpdate                    0x080058cd   Thumb Code   142  system_stm32f10x.o(.text)
    __aeabi_memcpy                           0x08005981   Thumb Code    36  memcpya.o(.text)
    __aeabi_memcpy4                          0x08005981   Thumb Code     0  memcpya.o(.text)
    __aeabi_memcpy8                          0x08005981   Thumb Code     0  memcpya.o(.text)
    __aeabi_uidiv                            0x080059a5   Thumb Code     0  uidiv.o(.text)
    __aeabi_uidivmod                         0x080059a5   Thumb Code    44  uidiv.o(.text)
    __scatterload                            0x080059d1   Thumb Code    28  init.o(.text)
    __scatterload_rt2                        0x080059d1   Thumb Code     0  init.o(.text)
    __decompress                             0x080059f5   Thumb Code     0  __dczerorl2.o(.text)
    __decompress1                            0x080059f5   Thumb Code    86  __dczerorl2.o(.text)
    __0printf$1                              0x08005a4d   Thumb Code    22  printf1.o(i.__0printf$1)
    __1printf$1                              0x08005a4d   Thumb Code     0  printf1.o(i.__0printf$1)
    __2printf                                0x08005a4d   Thumb Code     0  printf1.o(i.__0printf$1)
    __scatterload_copy                       0x08005a6d   Thumb Code    14  handlers.o(i.__scatterload_copy)
    __scatterload_null                       0x08005a7b   Thumb Code     2  handlers.o(i.__scatterload_null)
    __scatterload_zeroinit                   0x08005a7d   Thumb Code    14  handlers.o(i.__scatterload_zeroinit)
    Region$$Table$$Base                      0x08005be0   Number         0  anon$$obj.o(Region$$Table)
    Region$$Table$$Limit                     0x08005c00   Number         0  anon$$obj.o(Region$$Table)
    main_ticks                               0x20000000   Data           2  ticks.o(.data)
    seconds                                  0x20000002   Data           2  ticks.o(.data)
    using_delay                              0x20000008   Data           1  delay.o(.data)
    startAddress                             0x2000000c   Data           4  flashsave.o(.data)
    enable_flag                              0x20000010   Data           1  can_protocol.o(.data)
    enter_calibration                        0x20000011   Data           1  can_protocol.o(.data)
    can_calibration_step                     0x20000012   Data           1  can_protocol.o(.data)
    Tx_QueueHead                             0x20000013   Data           1  can_protocol.o(.data)
    Tx_QueueTail                             0x20000014   Data           1  can_protocol.o(.data)
    Tx_QueueCounter                          0x20000015   Data           1  can_protocol.o(.data)
    Rx_QueueHead                             0x20000016   Data           1  can_protocol.o(.data)
    Rx_QueueTail                             0x20000017   Data           1  can_protocol.o(.data)
    Rx_QueueCounter                          0x20000018   Data           1  can_protocol.o(.data)
    current_colour                           0x20000019   Data           1  lightsensor.o(.data)
    white_pos                                0x2000001a   Data           1  lightsensor.o(.data)
    tan_val                                  0x2000001c   Data         182  approx_math.o(.data)
    cos_val                                  0x200000d2   Data         182  approx_math.o(.data)
    SystemCoreClock                          0x2000019c   Data           4  system_stm32f10x.o(.data)
    AHBPrescTable                            0x200001a0   Data          16  system_stm32f10x.o(.data)
    __stdout                                 0x200001b0   Data           4  stdout.o(.data)
    ADC_val                                  0x200001b4   Data          32  main.o(.bss)
    Tx_Queue                                 0x200001d4   Data        2560  can_protocol.o(.bss)
    Rx_Queue                                 0x20000bd4   Data        2560  can_protocol.o(.bss)
    Detect_val                               0x200015d4   Data          16  lightsensor.o(.bss)
    Avg_ADC_val                              0x200015e4   Data         192  lightsensor.o(.bss)
    RED_target                               0x200016a4   Data          96  lightsensor.o(.bss)
    BLUE_target                              0x20001704   Data          96  lightsensor.o(.bss)
    YELLOW_target                            0x20001764   Data          96  lightsensor.o(.bss)
    WHITE_target                             0x200017c4   Data          96  lightsensor.o(.bss)
    Current_colour                           0x20001824   Data          96  lightsensor.o(.bss)
    Background_val                           0x20001884   Data          32  lightsensor.o(.bss)
    TxMessage_prev                           0x200018a4   Data          20  lightsensor.o(.bss)
    whiteline_position                       0x200018b8   Data          16  lightsensor.o(.bss)
    last_white_position                      0x200018c8   Data          16  lightsensor.o(.bss)
    __initial_sp                             0x20001cd8   Data           0  startup_stm32f10x_hd.o(STACK)



==============================================================================

Memory Map of the image

  Image Entry point : 0x08000131

  Load Region LR_IROM1 (Base: 0x08000000, Size: 0x00005db4, Max: 0x00080000, ABSOLUTE, COMPRESSED[0x00005d8c])

    Execution Region ER_IROM1 (Base: 0x08000000, Size: 0x00005c00, Max: 0x00080000, ABSOLUTE)

    Base Addr    Size         Type   Attr      Idx    E Section Name        Object

    0x08000000   0x00000130   Data   RO            3    RESET               startup_stm32f10x_hd.o
    0x08000130   0x00000000   Code   RO          464  * .ARM.Collect$$$$00000000  mc_w.l(entry.o)
    0x08000130   0x00000004   Code   RO          732    .ARM.Collect$$$$00000001  mc_w.l(entry2.o)
    0x08000134   0x00000004   Code   RO          735    .ARM.Collect$$$$00000004  mc_w.l(entry5.o)
    0x08000138   0x00000000   Code   RO          737    .ARM.Collect$$$$00000008  mc_w.l(entry7b.o)
    0x08000138   0x00000000   Code   RO          739    .ARM.Collect$$$$0000000A  mc_w.l(entry8b.o)
    0x08000138   0x00000008   Code   RO          740    .ARM.Collect$$$$0000000B  mc_w.l(entry9a.o)
    0x08000140   0x00000000   Code   RO          742    .ARM.Collect$$$$0000000D  mc_w.l(entry10a.o)
    0x08000140   0x00000000   Code   RO          744    .ARM.Collect$$$$0000000F  mc_w.l(entry11a.o)
    0x08000140   0x00000004   Code   RO          733    .ARM.Collect$$$$00002712  mc_w.l(entry2.o)
    0x08000144   0x0000000e   Code   RO          197    .emb_text           delay.o
    0x08000152   0x00000002   PAD
    0x08000154   0x00000024   Code   RO            4    .text               startup_stm32f10x_hd.o
    0x08000178   0x000002dc   Code   RO           10    .text               main.o
    0x08000454   0x00000010   Code   RO          105    .text               stm32f10x_it.o
    0x08000464   0x000001f4   Code   RO          124    .text               usart1.o
    0x08000658   0x000000f0   Code   RO          143    .text               can.o
    0x08000748   0x00000368   Code   RO          163    .text               led.o
    0x08000ab0   0x0000009c   Code   RO          178    .text               ticks.o
    0x08000b4c   0x000000f0   Code   RO          198    .text               delay.o
    0x08000c3c   0x00000378   Code   RO          216    .text               flashsave.o
    0x08000fb4   0x00000428   Code   RO          233    .text               can_protocol.o
    0x080013dc   0x00000e98   Code   RO          253    .text               lightsensor.o
    0x08002274   0x000004dc   Code   RO          281    .text               approx_math.o
    0x08002750   0x000000dc   Code   RO          299    .text               misc.o
    0x0800282c   0x0000044e   Code   RO          311    .text               stm32f10x_adc.o
    0x08002c7a   0x00000002   PAD
    0x08002c7c   0x000009f0   Code   RO          323    .text               stm32f10x_can.o
    0x0800366c   0x00000254   Code   RO          335    .text               stm32f10x_dma.o
    0x080038c0   0x000005bc   Code   RO          359    .text               stm32f10x_flash.o
    0x08003e7c   0x0000035c   Code   RO          371    .text               stm32f10x_gpio.o
    0x080041d8   0x000003a4   Code   RO          383    .text               stm32f10x_rcc.o
    0x0800457c   0x00000e1a   Code   RO          412    .text               stm32f10x_tim.o
    0x08005396   0x00000002   PAD
    0x08005398   0x00000408   Code   RO          424    .text               stm32f10x_usart.o
    0x080057a0   0x000001e0   Code   RO          446    .text               system_stm32f10x.o
    0x08005980   0x00000024   Code   RO          467    .text               mc_w.l(memcpya.o)
    0x080059a4   0x0000002c   Code   RO          747    .text               mc_w.l(uidiv.o)
    0x080059d0   0x00000024   Code   RO          762    .text               mc_w.l(init.o)
    0x080059f4   0x00000056   Code   RO          780    .text               mc_w.l(__dczerorl2.o)
    0x08005a4a   0x00000002   PAD
    0x08005a4c   0x00000020   Code   RO          516    i.__0printf$1       mc_w.l(printf1.o)
    0x08005a6c   0x0000000e   Code   RO          774    i.__scatterload_copy  mc_w.l(handlers.o)
    0x08005a7a   0x00000002   Code   RO          775    i.__scatterload_null  mc_w.l(handlers.o)
    0x08005a7c   0x0000000e   Code   RO          776    i.__scatterload_zeroinit  mc_w.l(handlers.o)
    0x08005a8a   0x00000002   PAD
    0x08005a8c   0x00000154   Code   RO          523    i._printf_core      mc_w.l(printf1.o)
    0x08005be0   0x00000020   Data   RO          772    Region$$Table       anon$$obj.o


    Execution Region RW_IRAM1 (Base: 0x20000000, Size: 0x00001cd8, Max: 0x00010000, ABSOLUTE, COMPRESSED[0x0000018c])

    Base Addr    Size         Type   Attr      Idx    E Section Name        Object

    0x20000000   0x00000004   Data   RW          179    .data               ticks.o
    0x20000004   0x00000005   Data   RW          199    .data               delay.o
    0x20000009   0x00000003   PAD
    0x2000000c   0x00000004   Data   RW          218    .data               flashsave.o
    0x20000010   0x00000009   Data   RW          235    .data               can_protocol.o
    0x20000019   0x00000002   Data   RW          255    .data               lightsensor.o
    0x2000001b   0x00000001   PAD
    0x2000001c   0x0000016c   Data   RW          282    .data               approx_math.o
    0x20000188   0x00000014   Data   RW          384    .data               stm32f10x_rcc.o
    0x2000019c   0x00000014   Data   RW          447    .data               system_stm32f10x.o
    0x200001b0   0x00000004   Data   RW          746    .data               mc_w.l(stdout.o)
    0x200001b4   0x00000020   Zero   RW           11    .bss                main.o
    0x200001d4   0x00001400   Zero   RW          234    .bss                can_protocol.o
    0x200015d4   0x00000304   Zero   RW          254    .bss                lightsensor.o
    0x200018d8   0x00000400   Zero   RW            1    STACK               startup_stm32f10x_hd.o


==============================================================================

Image component sizes


      Code (inc. data)   RO Data    RW Data    ZI Data      Debug   Object Name

      1244          8          0        364          0       6968   approx_math.o
       240         10          0          0          0        998   can.o
      1064         54          0          9       5120       8274   can_protocol.o
       254          4          0          5          0       1913   delay.o
       888         20          0          4          0       1615   flashsave.o
       872         12          0          0          0       1451   led.o
      3736        668          0          2        772       5772   lightsensor.o
       732         98          0          0         32     288625   main.o
       220         22          0          0          0       1765   misc.o
        36          8        304          0       1024        852   startup_stm32f10x_hd.o
      1102         26          0          0          0      11009   stm32f10x_adc.o
      2544         38          0          0          0       8000   stm32f10x_can.o
       596          8          0          0          0       4334   stm32f10x_dma.o
      1468         34          0          0          0       8178   stm32f10x_flash.o
       860         38          0          0          0       5701   stm32f10x_gpio.o
        16          0          0          0          0        734   stm32f10x_it.o
       932         36          0         20          0       8880   stm32f10x_rcc.o
      3610         88          0          0          0      22812   stm32f10x_tim.o
      1032         22          0          0          0       8424   stm32f10x_usart.o
       480         38          0         20          0       1815   system_stm32f10x.o
       156         14          0          4          0       1452   ticks.o
       500         10          0          0          0       3924   usart1.o

    ----------------------------------------------------------------------
     22588       1256        336        432       6948     403496   Object Totals
         0          0         32          0          0          0   (incl. Generated)
         6          0          0          4          0          0   (incl. Padding)

    ----------------------------------------------------------------------

      Code (inc. data)   RO Data    RW Data    ZI Data      Debug   Library Member Name

        86          0          0          0          0          0   __dczerorl2.o
         0          0          0          0          0          0   entry.o
         0          0          0          0          0          0   entry10a.o
         0          0          0          0          0          0   entry11a.o
         8          4          0          0          0          0   entry2.o
         4          0          0          0          0          0   entry5.o
         0          0          0          0          0          0   entry7b.o
         0          0          0          0          0          0   entry8b.o
         8          4          0          0          0          0   entry9a.o
        30          0          0          0          0          0   handlers.o
        36          8          0          0          0         68   init.o
        36          0          0          0          0         68   memcpya.o
       372         14          0          0          0        184   printf1.o
         0          0          0          4          0          0   stdout.o
        44          0          0          0          0         80   uidiv.o

    ----------------------------------------------------------------------
       628         30          0          4          0        400   Library Totals
         4          0          0          0          0          0   (incl. Padding)

    ----------------------------------------------------------------------

      Code (inc. data)   RO Data    RW Data    ZI Data      Debug   Library Name

       624         30          0          4          0        400   mc_w.l

    ----------------------------------------------------------------------
       628         30          0          4          0        400   Library Totals

    ----------------------------------------------------------------------

==============================================================================


      Code (inc. data)   RO Data    RW Data    ZI Data      Debug   

     23216       1286        336        436       6948     401788   Grand Totals
     23216       1286        336        396       6948     401788   ELF Image Totals (compressed)
     23216       1286        336        396          0          0   ROM Totals

==============================================================================

    Total RO  Size (Code + RO Data)                23552 (  23.00kB)
    Total RW  Size (RW Data + ZI Data)              7384 (   7.21kB)
    Total ROM Size (Code + RO Data + RW Data)      23948 (  23.39kB)

==============================================================================

