<html>
<body>
<pre>
<h1>µVision Build Log</h1>
<h2>Tool Versions:</h2>
IDE-Version: µVision V5.17.0.0
Copyright (C) 2015 ARM Ltd and ARM Germany GmbH. All rights reserved.
License Information: Christopher PK Wong, HKUST, LIC=ZB4CX-HJZD9-11BPY-I5TZB-PU1XS-7R4YZ
 
Tool Versions:
Toolchain:       MDK-ARM Standard  Version: 5.17
Toolchain Path:  C:\Keil_v5\ARM\ARMCC\Bin
C Compiler:      Armcc.exe V5.06 update 1 (build 61)
Assembler:       Armasm.exe V5.06 update 1 (build 61)
Linker/Locator:  ArmLink.exe V5.06 update 1 (build 61)
Library Manager: ArmAr.exe V5.06 update 1 (build 61)
Hex Converter:   FromElf.exe V5.06 update 1 (build 61)
CPU DLL:         SARMCM3.DLL V5.17
Dialog DLL:      DCM.DLL V1.13.4.0
Target DLL:      UL2CM3.DLL V1.156.1.0
Dialog DLL:      TCM.DLL V1.14.6.0
 
<h2>Project:</h2>
D:\OneDrive\GitHub\robocon-2016\hkust-robocon-mb\stm32f103VF_template\Project.uvprojx
Project File Date:  01/12/2016

<h2>Output:</h2>
*** Using Compiler 'V5.06 update 1 (build 61)', folder: 'C:\Keil_v5\ARM\ARMCC\Bin'
Build target 'stm32_template'
compiling main.c...
.\src\ustrobo_min_system\inc\tft_160x128.h(25): warning:  #47-D: incompatible redefinition of macro "TFT_SPI" (declared at line 18 of ".\src\ustrobo_min_system\inc\lcd_red.h")
  #define TFT_SPI			  SPI1
.\src\ustrobo_min_system\inc\tft_160x128.h(30): warning:  #47-D: incompatible redefinition of macro "GPIO_CS" (declared at line 21 of ".\src\ustrobo_min_system\inc\lcd_red.h")
  #define GPIO_CS			  GPIOA
.\src\ustrobo_min_system\inc\tft_160x128.h(36): warning:  #47-D: incompatible redefinition of macro "GPIO_Pin_CS" (declared at line 19 of ".\src\ustrobo_min_system\inc\lcd_red.h")
  #define GPIO_Pin_CS		GPIO_Pin_15
.\src\ustrobo_min_system\inc\tft_160x128.h(42): warning:  #47-D: incompatible redefinition of macro "RCC_APB2Periph_GPIO_CS" (declared at line 20 of ".\src\ustrobo_min_system\inc\lcd_red.h")
  #define RCC_APB2Periph_GPIO_CS	   RCC_APB2Periph_GPIOA
.\src\ustrobo_min_system\inc\tft_160x128.h(120): warning:  #47-D: incompatible redefinition of macro "GREY" (declared at line 27 of ".\src\ustrobo_min_system\inc\lcd_red.h")
  #define GREY           0x8410
.\src\ustrobo_min_system\inc\tft_160x128.h(121): warning:  #47-D: incompatible redefinition of macro "BLUE" (declared at line 28 of ".\src\ustrobo_min_system\inc\lcd_red.h")
  #define BLUE           0xF800
.\src\ustrobo_min_system\inc\tft_160x128.h(122): warning:  #47-D: incompatible redefinition of macro "RED" (declared at line 30 of ".\src\ustrobo_min_system\inc\lcd_red.h")
  #define RED            0x001F
.\src\ustrobo_min_system\inc\tft_160x128.h(123): warning:  #47-D: incompatible redefinition of macro "MAGENTA" (declared at line 31 of ".\src\ustrobo_min_system\inc\lcd_red.h")
  #define MAGENTA        0xFB1F
.\src\ustrobo_min_system\inc\tft_160x128.h(125): warning:  #47-D: incompatible redefinition of macro "CYAN" (declared at line 33 of ".\src\ustrobo_min_system\inc\lcd_red.h")
  #define CYAN           0xDF8D
.\src\ustrobo_min_system\inc\tft_160x128.h(126): warning:  #47-D: incompatible redefinition of macro "YELLOW" (declared at line 34 of ".\src\ustrobo_min_system\inc\lcd_red.h")
  #define YELLOW         0x07FF
src\user\position.h(24): warning:  #1295-D: Deprecated declaration pursueTarget - give arg types
  void pursueTarget();
src\user\position.h(26): warning:  #1295-D: Deprecated declaration lockAllMotors - give arg types
  void lockAllMotors();
src\user\position.h(28): warning:  #1-D: last line of file ends without a newline
  void setTargetLocation(int x, int y);
src\user\main.c(32): warning:  #1295-D: Deprecated declaration _updateScreen - give arg types
  void _updateScreen();
src\user\main.c(33): warning:  #1295-D: Deprecated declaration _updateStatus - give arg types
  void _updateStatus();
src\user\main.c(35): warning:  #1295-D: Deprecated declaration _path - give arg types
  void _path();
src\user\main.c(39): warning:  #1295-D: Deprecated declaration _getX - give arg types
  int _getX();
src\user\main.c(40): warning:  #1295-D: Deprecated declaration _getY - give arg types
  int _getY();
src\user\main.c(41): warning:  #1295-D: Deprecated declaration _delay - give arg types
  void _delay();
src\user\main.c(176): warning:  #188-D: enumerated type mixed with another type
  	motor_set_vel(
OTOR1, M1, CLOSE_LOOP);
src\user\main.c(177): warning:  #188-D: enumerated type mixed with another type
  	motor_set_vel(
OTOR2, M2, CLOSE_LOOP);
src\user\main.c(178): warning:  #188-D: enumerated type mixed with another type
  	motor_set_vel(
OTOR3, M3, CLOSE_LOOP);
src\user\main.c(217): warning:  #188-D: enumerated type mixed with another type
  		motor_lock(
OTOR1);
src\user\main.c(218): warning:  #188-D: enumerated type mixed with another type
  		motor_lock(
OTOR2);
src\user\main.c(219): warning:  #188-D: enumerated type mixed with another type
  		motor_lock(
OTOR3);
src\user\main.c(248): warning:  #1-D: last line of file ends without a newline
  }
src\user\main.c: 26 warnings, 0 errors
linking...
Program Size: Code=22096 RO-data=436 RW-data=2180 ZI-data=35436  
FromELF: creating hex file...
".\output\stm32_template.axf" - 0 Error(s), 26 Warning(s).

<h2>Collection of Component include folders:</h2>
  D:\OneDrive\GitHub\robocon-2016\hkust-robocon-mb\stm32f103VF_template\RTE
  C:\Keil_v5\ARM\PACK\Keil\STM32F1xx_DFP\2.0.0\Device\Include

<h2>Collection of Component Files used:</h2>
Build Time Elapsed:  00:00:01
</pre>
</body>
</html>
