<html>
<body>
<pre>
<h1>µVision Build Log</h1>
<h2>Tool Versions:</h2>
IDE-Version: µVision V5.17.0.0
Copyright (C) 2015 ARM Ltd and ARM Germany GmbH. All rights reserved.
License Information: Christopher PK Wong, HKUST, LIC=ZB4CX-HJZD9-11BPY-I5TZB-PU1XS-7R4YZ
 
Tool Versions:
Toolchain:       MDK-ARM Standard  Version: 5.17
Toolchain Path:  C:\Keil_v5\ARM\ARMCC\Bin
C Compiler:      Armcc.exe V5.06 update 1 (build 61)
Assembler:       Armasm.exe V5.06 update 1 (build 61)
Linker/Locator:  ArmLink.exe V5.06 update 1 (build 61)
Library Manager: ArmAr.exe V5.06 update 1 (build 61)
Hex Converter:   FromElf.exe V5.06 update 1 (build 61)
CPU DLL:         SARMCM3.DLL V5.17
Dialog DLL:      DCM.DLL V1.13.4.0
Target DLL:      UL2CM3.DLL V1.156.1.0
Dialog DLL:      TCM.DLL V1.14.6.0
 
<h2>Project:</h2>
D:\OneDrive\GitHub\robocon-2016\hkust-robocon-mb\stm32f103VF_template\Project.uvprojx
Project File Date:  01/31/2016

<h2>Output:</h2>
*** Using Compiler 'V5.06 update 1 (build 61)', folder: 'C:\Keil_v5\ARM\ARMCC\Bin'
Build target 'stm32_template'
compiling main.c...
.\src\ustrobo_min_system\inc\lcd_main.h(89): warning:  #1295-D: Deprecated declaration tft_easy_init - give arg types
  void tft_easy_init();
.\src\ustrobo_min_system\inc\lcd_main.h(110): warning:  #1295-D: Deprecated declaration tft_mega_update - give arg types
  void tft_mega_update();
src\user\position.h(24): warning:  #1295-D: Deprecated declaration pursueTarget - give arg types
  void pursueTarget();
src\user\position.h(26): warning:  #1295-D: Deprecated declaration lockAllMotors - give arg types
  void lockAllMotors();
src\user\position.h(28): warning:  #1-D: last line of file ends without a newline
  void setTargetLocation(int x, int y);
src\user\main.c(8): warning:  #1295-D: Deprecated declaration _TEST_8figure - give arg types
  void _TEST_8figure();
src\user\main.c(39): warning:  #1295-D: Deprecated declaration _updateScreen - give arg types
  void _updateScreen();
src\user\main.c(51): warning:  #1295-D: Deprecated declaration _manual - give arg types
  void _manual();
src\user\main.c(52): warning:  #1295-D: Deprecated declaration _manualCheck - give arg types
  int _manualCheck();
src\user\main.c(55): warning:  #1295-D: Deprecated declaration _getX - give arg types
  int _getX();
src\user\main.c(56): warning:  #1295-D: Deprecated declaration _getY - give arg types
  int _getY();
src\user\main.c(57): warning:  #1295-D: Deprecated declaration _getAngle - give arg types
  int _getAngle();
src\user\main.c(144): warning:  #188-D: enumerated type mixed with another type
  	motor_set_vel(
OTOR1, M1, CLOSE_LOOP);
src\user\main.c(145): warning:  #188-D: enumerated type mixed with another type
  	motor_set_vel(
OTOR2, M2, CLOSE_LOOP);
src\user\main.c(146): warning:  #188-D: enumerated type mixed with another type
  	motor_set_vel(
OTOR3, M3, CLOSE_LOOP);
src\user\main.c(306): warning:  #188-D: enumerated type mixed with another type
  		motor_set_vel(
OTOR4, 40, OPEN_LOOP);
src\user\main.c(313): warning:  #188-D: enumerated type mixed with another type
  		motor_set_vel(
OTOR4, -40, OPEN_LOOP);
src\user\main.c: 17 warnings, 0 errors
linking...
Program Size: Code=30692 RO-data=492 RW-data=2260 ZI-data=43684  
FromELF: creating hex file...
".\output\stm32_template.axf" - 0 Error(s), 17 Warning(s).

<h2>Collection of Component include folders:</h2>
  D:\OneDrive\GitHub\robocon-2016\hkust-robocon-mb\stm32f103VF_template\RTE
  C:\Keil_v5\ARM\PACK\Keil\STM32F1xx_DFP\2.0.0\Device\Include

<h2>Collection of Component Files used:</h2>
Build Time Elapsed:  00:00:01
</pre>
</body>
</html>
