<html>
<body>
<pre>
<h1>µVision Build Log</h1>
<h2>Tool Versions:</h2>
IDE-Version: µVision V5.16a
Copyright (C) 2015 ARM Ltd and ARM Germany GmbH. All rights reserved.
License Information: Budi Ryan, HKUST, LIC=KRMKP-M1WFP-0N5AM-XE8XD-E2BWY-06LVZ
 
Tool Versions:
Toolchain:       MDK-ARM Standard  Version: 5.16a
Toolchain Path:  C:\Keil_v5\ARM\ARMCC\Bin
C Compiler:      Armcc.exe V5.06 (build 20)
Assembler:       Armasm.exe V5.06 (build 20)
Linker/Locator:  ArmLink.exe V5.06 (build 20)
Library Manager: ArmAr.exe V5.06 (build 20)
Hex Converter:   FromElf.exe V5.06 (build 20)
CPU DLL:         SARMCM3.DLL V5.16a
Dialog DLL:      DCM.DLL V1.13.2.0
Target DLL:      UL2CM3.DLL V1.155.12.0
Dialog DLL:      TCM.DLL V1.14.5.0
 
<h2>Project:</h2>
C:\Users\BudiRyan\Documents\GitHub\robocon-2016\hkust-robocon-mb\stm32f103VF_template\Project.uvprojx
Project File Date:  01/14/2016

<h2>Output:</h2>
*** Using Compiler 'V5.06 (build 20)', folder: 'C:\Keil_v5\ARM\ARMCC\Bin'
Rebuild target 'stm32_template'
compiling can.c...
compiling can_protocol.c...
compiling main.c...
.\src\ustrobo_min_system\inc\tft_160x128.h(25): warning:  #47-D: incompatible redefinition of macro "TFT_SPI" (declared at line 18 of ".\src\ustrobo_min_system\inc\lcd_red.h")
  #define TFT_SPI			  SPI1
.\src\ustrobo_min_system\inc\tft_160x128.h(30): warning:  #47-D: incompatible redefinition of macro "GPIO_CS" (declared at line 21 of ".\src\ustrobo_min_system\inc\lcd_red.h")
  #define GPIO_CS			  GPIOA
.\src\ustrobo_min_system\inc\tft_160x128.h(36): warning:  #47-D: incompatible redefinition of macro "GPIO_Pin_CS" (declared at line 19 of ".\src\ustrobo_min_system\inc\lcd_red.h")
  #define GPIO_Pin_CS		GPIO_Pin_15
.\src\ustrobo_min_system\inc\tft_160x128.h(42): warning:  #47-D: incompatible redefinition of macro "RCC_APB2Periph_GPIO_CS" (declared at line 20 of ".\src\ustrobo_min_system\inc\lcd_red.h")
  #define RCC_APB2Periph_GPIO_CS	   RCC_APB2Periph_GPIOA
.\src\ustrobo_min_system\inc\tft_160x128.h(120): warning:  #47-D: incompatible redefinition of macro "GREY" (declared at line 27 of ".\src\ustrobo_min_system\inc\lcd_red.h")
  #define GREY           0x8410
.\src\ustrobo_min_system\inc\tft_160x128.h(121): warning:  #47-D: incompatible redefinition of macro "BLUE" (declared at line 28 of ".\src\ustrobo_min_system\inc\lcd_red.h")
  #define BLUE           0xF800
.\src\ustrobo_min_system\inc\tft_160x128.h(122): warning:  #47-D: incompatible redefinition of macro "RED" (declared at line 30 of ".\src\ustrobo_min_system\inc\lcd_red.h")
  #define RED            0x001F
.\src\ustrobo_min_system\inc\tft_160x128.h(123): warning:  #47-D: incompatible redefinition of macro "MAGENTA" (declared at line 31 of ".\src\ustrobo_min_system\inc\lcd_red.h")
  #define MAGENTA        0xFB1F
.\src\ustrobo_min_system\inc\tft_160x128.h(125): warning:  #47-D: incompatible redefinition of macro "CYAN" (declared at line 33 of ".\src\ustrobo_min_system\inc\lcd_red.h")
  #define CYAN           0xDF8D
.\src\ustrobo_min_system\inc\tft_160x128.h(126): warning:  #47-D: incompatible redefinition of macro "YELLOW" (declared at line 34 of ".\src\ustrobo_min_system\inc\lcd_red.h")
  #define YELLOW         0x07FF
.\src\ustrobo_min_system\inc\gyro.h(58): warning:  #1-D: last line of file ends without a newline
  #endif		/* __GYRO_H */
src\user\pid.h(9): warning:  #1-D: last line of file ends without a newline
  void updatePid(PID *pid, int32_t error);
src\user\position.h(22): warning:  #1295-D: Deprecated declaration pursueTarget - give arg types
  void pursueTarget();
src\user\position.h(24): warning:  #1295-D: Deprecated declaration lockAllMotors - give arg types
  void lockAllMotors();
src\user\position.h(26): warning:  #1-D: last line of file ends without a newline
  void setTargetLocation(int x, int y);
src\user\main.c: 15 warnings, 0 errors
compiling can_motor.c...
compiling crc.c...
compiling bluetooth.c...
compiling approx_math.c...
compiling battery.c...
compiling buzzer.c...
compiling gyro.c...
.\src\ustrobo_min_system\inc\gyro.h(58): warning:  #1-D: last line of file ends without a newline
  #endif		/* __GYRO_H */
src\ustrobo_min_system\src\gyro.c: 1 warning, 0 errors
compiling delay.c...
compiling lcd_red.c...
compiling motor_pwm.c...
compiling servo.c...
compiling ticks.c...
compiling xbc_mb.c...
compiling uart.c...
compiling led.c...
compiling gpio.c...
compiling encoder.c...
compiling pid.c...
src\user\pid.h(9): warning:  #1-D: last line of file ends without a newline
  void updatePid(PID *pid, int32_t error);
src\user\pid.c(19): warning:  #1-D: last line of file ends without a newline
  }
src\user\pid.c: 2 warnings, 0 errors
compiling position.c...
src\user\pid.h(9): warning:  #1-D: last line of file ends without a newline
  void updatePid(PID *pid, int32_t error);
.\src\ustrobo_min_system\inc\gyro.h(58): warning:  #1-D: last line of file ends without a newline
  #endif		/* __GYRO_H */
src\user\position.h(22): warning:  #1295-D: Deprecated declaration pursueTarget - give arg types
  void pursueTarget();
src\user\position.h(24): warning:  #1295-D: Deprecated declaration lockAllMotors - give arg types
  void lockAllMotors();
src\user\position.h(26): warning:  #1-D: last line of file ends without a newline
  void setTargetLocation(int x, int y);
src\user\position.c(33): warning:  #188-D: enumerated type mixed with another type
  	motor_set_vel(MOTOR1, velocities[0], flag);
src\user\position.c(34): warning:  #188-D: enumerated type mixed with another type
  	motor_set_vel(MOTOR2, velocities[1], flag);
src\user\position.c(35): warning:  #188-D: enumerated type mixed with another type
  	motor_set_vel(MOTOR3, velocities[2], flag);
src\user\position.c(120): warning:  #1-D: last line of file ends without a newline
  }
src\user\position.c: 9 warnings, 0 errors
compiling core_cm3.c...
compiling misc.c...
compiling stm32f10x_adc.c...
compiling stm32f10x_bkp.c...
compiling stm32f10x_can.c...
compiling stm32f10x_crc.c...
compiling stm32f10x_cec.c...
compiling stm32f10x_dbgmcu.c...
compiling stm32f10x_dac.c...
compiling stm32f10x_dma.c...
compiling stm32f10x_exti.c...
compiling stm32f10x_fsmc.c...
compiling stm32f10x_flash.c...
compiling stm32f10x_gpio.c...
compiling stm32f10x_iwdg.c...
compiling stm32f10x_i2c.c...
compiling stm32f10x_pwr.c...
compiling stm32f10x_rtc.c...
compiling stm32f10x_rcc.c...
compiling stm32f10x_sdio.c...
compiling stm32f10x_spi.c...
compiling stm32f10x_tim.c...
compiling stm32f10x_wwdg.c...
compiling stm32f10x_usart.c...
assembling startup_stm32f10x_xl.s...
compiling system_stm32f10x.c...
linking...
Program Size: Code=21380 RO-data=708 RW-data=2144 ZI-data=36080  
FromELF: creating hex file...
".\output\stm32_template.axf" - 0 Error(s), 27 Warning(s).

<h2>Collection of Component include folders:</h2>
  C:\Users\BudiRyan\Documents\GitHub\robocon-2016\hkust-robocon-mb\stm32f103VF_template\RTE
  C:\Keil_v5\ARM\PACK\Keil\STM32F1xx_DFP\1.1.0\Device\Include

<h2>Collection of Component Files used:</h2>
Build Time Elapsed:  00:00:09
</pre>
</body>
</html>
