<html>
<body>
<pre>
<h1>µVision Build Log</h1>
<h2>Tool Versions:</h2>
IDE-Version: µVision V5.17.0.0
Copyright (C) 2015 ARM Ltd and ARM Germany GmbH. All rights reserved.
License Information: Hong Wing Pang, HKUST Robotics Team, LIC=ATTGK-ZJ47P-V1BP8-3M9XB-AWNZQ-L5203
 
Tool Versions:
Toolchain:       MDK-ARM Standard  Version: 5.17
Toolchain Path:  C:\Keil_v5\ARM\ARMCC\Bin
C Compiler:      Armcc.exe V5.06 update 1 (build 61)
Assembler:       Armasm.exe V5.06 update 1 (build 61)
Linker/Locator:  ArmLink.exe V5.06 update 1 (build 61)
Library Manager: ArmAr.exe V5.06 update 1 (build 61)
Hex Converter:   FromElf.exe V5.06 update 1 (build 61)
CPU DLL:         SARMCM3.DLL V5.17
Dialog DLL:      DCM.DLL V1.13.4.0
Target DLL:      UL2CM3.DLL V1.156.1.0
Dialog DLL:      TCM.DLL V1.14.6.0
 
<h2>Project:</h2>
C:\Users\Wing\Documents\GitHub\robocon-2016\hkust-robocon-mb\stm32f103VF_template\Project.uvprojx
Project File Date:  02/01/2016

<h2>Output:</h2>
*** Using Compiler 'V5.06 update 1 (build 61)', folder: 'C:\Keil_v5\ARM\ARMCC\Bin'
Build target 'stm32_template'
compiling main.c...
.\src\ustrobo_min_system\inc\tft_160x128.h(25): warning:  #47-D: incompatible redefinition of macro "TFT_SPI" (declared at line 18 of ".\src\ustrobo_min_system\inc\lcd_red.h")
  #define TFT_SPI			  SPI1
.\src\ustrobo_min_system\inc\tft_160x128.h(30): warning:  #47-D: incompatible redefinition of macro "GPIO_CS" (declared at line 21 of ".\src\ustrobo_min_system\inc\lcd_red.h")
  #define GPIO_CS			  GPIOA
.\src\ustrobo_min_system\inc\tft_160x128.h(36): warning:  #47-D: incompatible redefinition of macro "GPIO_Pin_CS" (declared at line 19 of ".\src\ustrobo_min_system\inc\lcd_red.h")
  #define GPIO_Pin_CS		GPIO_Pin_15
.\src\ustrobo_min_system\inc\tft_160x128.h(42): warning:  #47-D: incompatible redefinition of macro "RCC_APB2Periph_GPIO_CS" (declared at line 20 of ".\src\ustrobo_min_system\inc\lcd_red.h")
  #define RCC_APB2Periph_GPIO_CS	   RCC_APB2Periph_GPIOA
.\src\ustrobo_min_system\inc\tft_160x128.h(120): warning:  #47-D: incompatible redefinition of macro "GREY" (declared at line 27 of ".\src\ustrobo_min_system\inc\lcd_red.h")
  #define GREY           0x8410
.\src\ustrobo_min_system\inc\tft_160x128.h(121): warning:  #47-D: incompatible redefinition of macro "BLUE" (declared at line 28 of ".\src\ustrobo_min_system\inc\lcd_red.h")
  #define BLUE           0xF800
.\src\ustrobo_min_system\inc\tft_160x128.h(122): warning:  #47-D: incompatible redefinition of macro "RED" (declared at line 30 of ".\src\ustrobo_min_system\inc\lcd_red.h")
  #define RED            0x001F
.\src\ustrobo_min_system\inc\tft_160x128.h(123): warning:  #47-D: incompatible redefinition of macro "MAGENTA" (declared at line 31 of ".\src\ustrobo_min_system\inc\lcd_red.h")
  #define MAGENTA        0xFB1F
.\src\ustrobo_min_system\inc\tft_160x128.h(125): warning:  #47-D: incompatible redefinition of macro "CYAN" (declared at line 33 of ".\src\ustrobo_min_system\inc\lcd_red.h")
  #define CYAN           0xDF8D
.\src\ustrobo_min_system\inc\tft_160x128.h(126): warning:  #47-D: incompatible redefinition of macro "YELLOW" (declared at line 34 of ".\src\ustrobo_min_system\inc\lcd_red.h")
  #define YELLOW         0x07FF
src\user\can_chat.h(13): warning:  #1-D: last line of file ends without a newline
  #endif
src\user\auto_move.h(14): warning:  #1295-D: Deprecated declaration auto_tar_dequeue - give arg types
  void auto_tar_dequeue();
src\user\auto_move.h(15): warning:  #1295-D: Deprecated declaration auto_tar_queue_len - give arg types
  int auto_tar_queue_len();
src\user\auto_move.h(17): warning:  #1295-D: Deprecated declaration auto_init - give arg types
  void auto_init();
src\user\auto_move.h(18): warning:  #1295-D: Deprecated declaration auto_var_update - give arg types
  void auto_var_update();
src\user\auto_move.h(20): warning:  #1295-D: Deprecated declaration auto_motor_stop - give arg types
  void auto_motor_stop();
src\user\auto_move.h(21): warning:  #1295-D: Deprecated declaration auto_motor_update - give arg types
  void auto_motor_update();
src\user\auto_move.h(22): warning:  #1295-D: Deprecated declaration auto_calibrate - give arg types
  void auto_calibrate();
src\user\auto_move.h(24): warning:  #1-D: last line of file ends without a newline
  #endif
src\user\main.c: 19 warnings, 0 errors
compiling auto_move.c...
.\src\ustrobo_min_system\inc\tft_160x128.h(25): warning:  #47-D: incompatible redefinition of macro "TFT_SPI" (declared at line 18 of ".\src\ustrobo_min_system\inc\lcd_red.h")
  #define TFT_SPI			  SPI1
.\src\ustrobo_min_system\inc\tft_160x128.h(30): warning:  #47-D: incompatible redefinition of macro "GPIO_CS" (declared at line 21 of ".\src\ustrobo_min_system\inc\lcd_red.h")
  #define GPIO_CS			  GPIOA
.\src\ustrobo_min_system\inc\tft_160x128.h(36): warning:  #47-D: incompatible redefinition of macro "GPIO_Pin_CS" (declared at line 19 of ".\src\ustrobo_min_system\inc\lcd_red.h")
  #define GPIO_Pin_CS		GPIO_Pin_15
.\src\ustrobo_min_system\inc\tft_160x128.h(42): warning:  #47-D: incompatible redefinition of macro "RCC_APB2Periph_GPIO_CS" (declared at line 20 of ".\src\ustrobo_min_system\inc\lcd_red.h")
  #define RCC_APB2Periph_GPIO_CS	   RCC_APB2Periph_GPIOA
.\src\ustrobo_min_system\inc\tft_160x128.h(120): warning:  #47-D: incompatible redefinition of macro "GREY" (declared at line 27 of ".\src\ustrobo_min_system\inc\lcd_red.h")
  #define GREY           0x8410
.\src\ustrobo_min_system\inc\tft_160x128.h(121): warning:  #47-D: incompatible redefinition of macro "BLUE" (declared at line 28 of ".\src\ustrobo_min_system\inc\lcd_red.h")
  #define BLUE           0xF800
.\src\ustrobo_min_system\inc\tft_160x128.h(122): warning:  #47-D: incompatible redefinition of macro "RED" (declared at line 30 of ".\src\ustrobo_min_system\inc\lcd_red.h")
  #define RED            0x001F
.\src\ustrobo_min_system\inc\tft_160x128.h(123): warning:  #47-D: incompatible redefinition of macro "MAGENTA" (declared at line 31 of ".\src\ustrobo_min_system\inc\lcd_red.h")
  #define MAGENTA        0xFB1F
.\src\ustrobo_min_system\inc\tft_160x128.h(125): warning:  #47-D: incompatible redefinition of macro "CYAN" (declared at line 33 of ".\src\ustrobo_min_system\inc\lcd_red.h")
  #define CYAN           0xDF8D
.\src\ustrobo_min_system\inc\tft_160x128.h(126): warning:  #47-D: incompatible redefinition of macro "YELLOW" (declared at line 34 of ".\src\ustrobo_min_system\inc\lcd_red.h")
  #define YELLOW         0x07FF
.\src\user\can_chat.h(13): warning:  #1-D: last line of file ends without a newline
  #endif
.\src\user\auto_move.h(24): warning:  #1-D: last line of file ends without a newline
  #endif
src\user\auto_move.h(14): warning:  #1295-D: Deprecated declaration auto_tar_dequeue - give arg types
  void auto_tar_dequeue();
src\user\auto_move.h(15): warning:  #1295-D: Deprecated declaration auto_tar_queue_len - give arg types
  int auto_tar_queue_len();
src\user\auto_move.h(17): warning:  #1295-D: Deprecated declaration auto_init - give arg types
  void auto_init();
src\user\auto_move.h(18): warning:  #1295-D: Deprecated declaration auto_var_update - give arg types
  void auto_var_update();
src\user\auto_move.h(20): warning:  #1295-D: Deprecated declaration auto_motor_stop - give arg types
  void auto_motor_stop();
src\user\auto_move.h(21): warning:  #1295-D: Deprecated declaration auto_motor_update - give arg types
  void auto_motor_update();
src\user\auto_move.h(22): warning:  #1295-D: Deprecated declaration auto_calibrate - give arg types
  void auto_calibrate();
src\user\auto_move.h(24): warning:  #1-D: last line of file ends without a newline
  #endif
src\user\auto_move.c(161): warning:  #188-D: enumerated type mixed with another type
  	motor_set_vel(
OTOR1, vel[0], CLOSE_LOOP);
src\user\auto_move.c(162): warning:  #188-D: enumerated type mixed with another type
  	motor_set_vel(
OTOR2, vel[1], CLOSE_LOOP);
src\user\auto_move.c(163): warning:  #188-D: enumerated type mixed with another type
  	motor_set_vel(
OTOR3, vel[2], CLOSE_LOOP);
src\user\auto_move.c(172): warning:  #188-D: enumerated type mixed with another type
  	motor_set_vel(
OTOR1, vel[0], CLOSE_LOOP);
src\user\auto_move.c(173): warning:  #188-D: enumerated type mixed with another type
  	motor_set_vel(
OTOR2, vel[1], CLOSE_LOOP);
src\user\auto_move.c(174): warning:  #188-D: enumerated type mixed with another type
  	motor_set_vel(
OTOR3, vel[2], CLOSE_LOOP);
src\user\auto_move.c(175): warning:  #188-D: enumerated type mixed with another type
  	motor_lock(
OTOR1);
src\user\auto_move.c(176): warning:  #188-D: enumerated type mixed with another type
  	motor_lock(
OTOR2);
src\user\auto_move.c(177): warning:  #188-D: enumerated type mixed with another type
  	motor_lock(
OTOR3);
src\user\auto_move.c(208): warning:  #188-D: enumerated type mixed with another type
  		motor_set_vel(
OTOR1, cal_speed, CLOSE_LOOP);
src\user\auto_move.c(209): warning:  #188-D: enumerated type mixed with another type
  		motor_set_vel(
OTOR2, cal_speed, CLOSE_LOOP);
src\user\auto_move.c(210): warning:  #188-D: enumerated type mixed with another type
  		motor_set_vel(
OTOR3, cal_speed, CLOSE_LOOP);
src\user\auto_move.c: 32 warnings, 0 errors
linking...
Program Size: Code=23700 RO-data=456 RW-data=2268 ZI-data=37284  
FromELF: creating hex file...
".\output\stm32_template.axf" - 0 Error(s), 51 Warning(s).

<h2>Collection of Component include folders:</h2>
  C:\Users\Wing\Documents\GitHub\robocon-2016\hkust-robocon-mb\stm32f103VF_template\RTE
  C:\Keil_v5\ARM\PACK\Keil\STM32F1xx_DFP\2.0.0\Device\Include

<h2>Collection of Component Files used:</h2>
Build Time Elapsed:  00:00:02
</pre>
</body>
</html>
