<html>
<body>
<pre>
<h1>µVision Build Log</h1>
<h2>Tool Versions:</h2>
IDE-Version: µVision V5.18a
Copyright (C) 2016 ARM Ltd and ARM Germany GmbH. All rights reserved.
License Information: Kristian Suhartono, HKUST, LIC=TIVFW-QZBS5-X6UQZ-JLGKI-IDFAU-ETK4J
 
Tool Versions:
Toolchain:       MDK-ARM Standard  Version: 5.18a
Toolchain Path:  C:\Keil_v5\ARM\ARMCC\Bin
C Compiler:      Armcc.exe V5.06 update 1 (build 61)
Assembler:       Armasm.exe V5.06 update 1 (build 61)
Linker/Locator:  ArmLink.exe V5.06 update 1 (build 61)
Library Manager: ArmAr.exe V5.06 update 1 (build 61)
Hex Converter:   FromElf.exe V5.06 update 1 (build 61)
CPU DLL:         SARMCM3.DLL V5.18a
Dialog DLL:      DCM.DLL V1.13.6.0
Target DLL:      STLink\ST-LINKIII-KEIL_SWO.dll V2.0.18.0
Dialog DLL:      TCM.DLL V1.14.8.0
 
<h2>Project:</h2>
D:\Data\Documents\GitHub\robocon-2016\hkust-robocon-mb\stm32f103VF_template\Project.uvprojx
Project File Date:  03/31/2016

<h2>Output:</h2>
*** Using Compiler 'V5.06 update 1 (build 61)', folder: 'C:\Keil_v5\ARM\ARMCC\Bin'
Build target 'stm32_template'
compiling main.c...
.\src\ustrobo_min_system\inc\lcd_main.h(89): warning:  #1295-D: Deprecated declaration tft_easy_init - give arg types
  void tft_easy_init();
.\src\ustrobo_min_system\inc\lcd_main.h(110): warning:  #1295-D: Deprecated declaration tft_mega_update - give arg types
  void tft_mega_update();
.\src\ustrobo_min_system\inc\servo.h(39): warning:  #1-D: last line of file ends without a newline
  #endif		/*  _SERVO_H_ */
.\src\ustrobo_min_system\inc\gyro.h(64): warning:  #1-D: last line of file ends without a newline
  #endif		/* __GYRO_H */
src\user\position.h(24): warning:  #1295-D: Deprecated declaration pursueTarget - give arg types
  void pursueTarget();
src\user\position.h(26): warning:  #1295-D: Deprecated declaration lockAllMotors - give arg types
  void lockAllMotors();
src\user\position.h(28): warning:  #1-D: last line of file ends without a newline
  void setTargetLocation(int x, int y);
src\user\pneumatic.h(7): warning:  #1295-D: Deprecated declaration pneumatic_init - give arg types
  void pneumatic_init();
src\user\pneumatic.h(16): warning:  #1-D: last line of file ends without a newline
  #endif
src\user\main.c(123): warning:  #188-D: enumerated type mixed with another type
  				motor_set_vel(
OTOR2, w2, CLOSE_LOOP);
src\user\main.c(124): warning:  #188-D: enumerated type mixed with another type
  				motor_set_vel(
OTOR3, w3, CLOSE_LOOP);
src\user\main.c(127): warning:  #188-D: enumerated type mixed with another type
  				motor_set_vel(
OTOR4, w4, OPEN_LOOP);
src\user\main.c(144): warning:  #188-D: enumerated type mixed with another type
  				servo_control(servoId, servoPwm);
src\user\main.c: 14 warnings, 0 errors
linking...
Program Size: Code=27496 RO-data=628 RW-data=2204 ZI-data=45676  
FromELF: creating hex file...
".\output\stm32_template.axf" - 0 Error(s), 13 Warning(s).

<h2>Collection of Component include folders:</h2>
  D:\Data\Documents\GitHub\robocon-2016\hkust-robocon-mb\stm32f103VF_template\RTE
  C:\Keil_v5\ARM\PACK\Keil\STM32F1xx_DFP\2.0.0\Device\Include

<h2>Collection of Component Files used:</h2>
Build Time Elapsed:  00:00:03
</pre>
</body>
</html>
