<html>
<body>
<pre>
<h1>µVision Build Log</h1>
<h2>Tool Versions:</h2>
IDE-Version: µVision V5.16a
Copyright (C) 2015 ARM Ltd and ARM Germany GmbH. All rights reserved.
License Information: Budi Ryan, HKUST, LIC=KRMKP-M1WFP-0N5AM-XE8XD-E2BWY-06LVZ
 
Tool Versions:
Toolchain:       MDK-ARM Standard  Version: 5.16a
Toolchain Path:  C:\Keil_v5\ARM\ARMCC\Bin
C Compiler:      Armcc.exe V5.06 (build 20)
Assembler:       Armasm.exe V5.06 (build 20)
Linker/Locator:  ArmLink.exe V5.06 (build 20)
Library Manager: ArmAr.exe V5.06 (build 20)
Hex Converter:   FromElf.exe V5.06 (build 20)
CPU DLL:         SARMCM3.DLL V5.16a
Dialog DLL:      DCM.DLL V1.13.2.0
Target DLL:      STLink\ST-LINKIII-KEIL_SWO.dll V2.0.17.0
Dialog DLL:      TCM.DLL V1.14.5.0
 
<h2>Project:</h2>
C:\Users\BudiRyan\Documents\GitHub\robocon-2016\hkust-robocon-mb\ecoRobotUsingInternalMainboard\ROBOTICs_Hw.uvprojx
Project File Date:  01/31/2016

<h2>Output:</h2>
*** Using Compiler 'V5.06 (build 20)', folder: 'C:\Keil_v5\ARM\ARMCC\Bin'
Build target 'STM32f103CBT_TEMPLATE'
compiling main.c...
LEDs.h(14): warning:  #1295-D: Deprecated declaration LED_INIT - give arg types
  void LED_INIT();
LEDs.h(18): warning:  #1-D: last line of file ends without a newline
  void LED_ON(GPIO_TypeDef* PORT,u16 gpio_pin);
linear_ccd.h(23): warning:  #1295-D: Deprecated declaration linear_ccd_init - give arg types
  void linear_ccd_init();
linear_ccd.h(24): warning:  #1295-D: Deprecated declaration linear_ccd_read - give arg types
  void linear_ccd_read();
GPIO_switch.h(5): warning:  #1295-D: Deprecated declaration GPIO_switch_init - give arg types
  void GPIO_switch_init();
GPIO_switch.h(7): warning:  #1-D: last line of file ends without a newline
  void check_switch();
GPIO_switch.h(7): warning:  #1295-D: Deprecated declaration check_switch - give arg types
  void check_switch();
button.h(8): warning:  #1295-D: Deprecated declaration button_init - give arg types
  void button_init();
button.h(10): warning:  #1-D: last line of file ends without a newline
  void check_button();
button.h(10): warning:  #1295-D: Deprecated declaration check_button - give arg types
  void check_button();
line_sensor.h(31): warning:  #1295-D: Deprecated declaration get_line_sensor_all - give arg types
  u8 get_line_sensor_all();
line_sensor.h(33): warning:  #1-D: last line of file ends without a newline
  #endif
main.c(111): warning:  #111-D: statement is unreachable
      return 0;
main.c(112): warning:  #1-D: last line of file ends without a newline
  }
main.c(15): warning:  #177-D: variable "ticks_ms_img" was declared but never referenced
      u16 ticks_ms_img = 0;
main.c: 15 warnings, 0 errors
linking...
Program Size: Code=20352 RO-data=1632 RW-data=4204 ZI-data=3860  
FromELF: creating hex file...
".\Objects\ROBOTICs_Hw.axf" - 0 Error(s), 15 Warning(s).

<h2>Collection of Component include folders:</h2>
  C:\Users\BudiRyan\Documents\GitHub\robocon-2016\hkust-robocon-mb\ecoRobotUsingInternalMainboard\RTE
  C:\Keil_v5\ARM\PACK\Keil\STM32F1xx_DFP\1.1.0\Device\Include

<h2>Collection of Component Files used:</h2>
Build Time Elapsed:  00:00:01
</pre>
</body>
</html>
