Component: ARM Compiler 5.06 (build 20) Tool: armlink [4d35a3]

==============================================================================

Section Cross References

    stm32f4xx_syscfg.o(i.SYSCFG_DeInit) refers to stm32f4xx_rcc.o(i.RCC_APB2PeriphResetCmd) for RCC_APB2PeriphResetCmd
    stm32f4xx_rcc.o(i.RCC_GetClocksFreq) refers to stm32f4xx_rcc.o(.data) for .data
    stm32f4xx_rcc.o(i.RCC_WaitForHSEStartUp) refers to stm32f4xx_rcc.o(i.RCC_GetFlagStatus) for RCC_GetFlagStatus
    stm32f4xx_cryp_tdes.o(i.CRYP_TDES_CBC) refers to stm32f4xx_cryp.o(i.CRYP_KeyStructInit) for CRYP_KeyStructInit
    stm32f4xx_cryp_tdes.o(i.CRYP_TDES_CBC) refers to stm32f4xx_cryp.o(i.CRYP_Init) for CRYP_Init
    stm32f4xx_cryp_tdes.o(i.CRYP_TDES_CBC) refers to stm32f4xx_cryp.o(i.CRYP_KeyInit) for CRYP_KeyInit
    stm32f4xx_cryp_tdes.o(i.CRYP_TDES_CBC) refers to stm32f4xx_cryp.o(i.CRYP_IVInit) for CRYP_IVInit
    stm32f4xx_cryp_tdes.o(i.CRYP_TDES_CBC) refers to stm32f4xx_cryp.o(i.CRYP_FIFOFlush) for CRYP_FIFOFlush
    stm32f4xx_cryp_tdes.o(i.CRYP_TDES_CBC) refers to stm32f4xx_cryp.o(i.CRYP_Cmd) for CRYP_Cmd
    stm32f4xx_cryp_tdes.o(i.CRYP_TDES_CBC) refers to stm32f4xx_cryp.o(i.CRYP_GetCmdStatus) for CRYP_GetCmdStatus
    stm32f4xx_cryp_tdes.o(i.CRYP_TDES_CBC) refers to stm32f4xx_cryp.o(i.CRYP_DataIn) for CRYP_DataIn
    stm32f4xx_cryp_tdes.o(i.CRYP_TDES_CBC) refers to stm32f4xx_cryp.o(i.CRYP_GetFlagStatus) for CRYP_GetFlagStatus
    stm32f4xx_cryp_tdes.o(i.CRYP_TDES_CBC) refers to stm32f4xx_cryp.o(i.CRYP_DataOut) for CRYP_DataOut
    stm32f4xx_cryp_tdes.o(i.CRYP_TDES_ECB) refers to stm32f4xx_cryp.o(i.CRYP_KeyStructInit) for CRYP_KeyStructInit
    stm32f4xx_cryp_tdes.o(i.CRYP_TDES_ECB) refers to stm32f4xx_cryp.o(i.CRYP_Init) for CRYP_Init
    stm32f4xx_cryp_tdes.o(i.CRYP_TDES_ECB) refers to stm32f4xx_cryp.o(i.CRYP_KeyInit) for CRYP_KeyInit
    stm32f4xx_cryp_tdes.o(i.CRYP_TDES_ECB) refers to stm32f4xx_cryp.o(i.CRYP_FIFOFlush) for CRYP_FIFOFlush
    stm32f4xx_cryp_tdes.o(i.CRYP_TDES_ECB) refers to stm32f4xx_cryp.o(i.CRYP_Cmd) for CRYP_Cmd
    stm32f4xx_cryp_tdes.o(i.CRYP_TDES_ECB) refers to stm32f4xx_cryp.o(i.CRYP_GetCmdStatus) for CRYP_GetCmdStatus
    stm32f4xx_cryp_tdes.o(i.CRYP_TDES_ECB) refers to stm32f4xx_cryp.o(i.CRYP_DataIn) for CRYP_DataIn
    stm32f4xx_cryp_tdes.o(i.CRYP_TDES_ECB) refers to stm32f4xx_cryp.o(i.CRYP_GetFlagStatus) for CRYP_GetFlagStatus
    stm32f4xx_cryp_tdes.o(i.CRYP_TDES_ECB) refers to stm32f4xx_cryp.o(i.CRYP_DataOut) for CRYP_DataOut
    stm32f4xx_dma2d.o(i.DMA2D_DeInit) refers to stm32f4xx_rcc.o(i.RCC_AHB1PeriphResetCmd) for RCC_AHB1PeriphResetCmd
    stm32f4xx_sdio.o(i.SDIO_DeInit) refers to stm32f4xx_rcc.o(i.RCC_APB2PeriphResetCmd) for RCC_APB2PeriphResetCmd
    stm32f4xx_cryp_aes.o(i.CRYP_AES_CBC) refers to stm32f4xx_cryp.o(i.CRYP_KeyStructInit) for CRYP_KeyStructInit
    stm32f4xx_cryp_aes.o(i.CRYP_AES_CBC) refers to stm32f4xx_cryp.o(i.CRYP_KeyInit) for CRYP_KeyInit
    stm32f4xx_cryp_aes.o(i.CRYP_AES_CBC) refers to stm32f4xx_cryp.o(i.CRYP_Init) for CRYP_Init
    stm32f4xx_cryp_aes.o(i.CRYP_AES_CBC) refers to stm32f4xx_cryp.o(i.CRYP_IVInit) for CRYP_IVInit
    stm32f4xx_cryp_aes.o(i.CRYP_AES_CBC) refers to stm32f4xx_cryp.o(i.CRYP_FIFOFlush) for CRYP_FIFOFlush
    stm32f4xx_cryp_aes.o(i.CRYP_AES_CBC) refers to stm32f4xx_cryp.o(i.CRYP_Cmd) for CRYP_Cmd
    stm32f4xx_cryp_aes.o(i.CRYP_AES_CBC) refers to stm32f4xx_cryp.o(i.CRYP_GetCmdStatus) for CRYP_GetCmdStatus
    stm32f4xx_cryp_aes.o(i.CRYP_AES_CBC) refers to stm32f4xx_cryp.o(i.CRYP_GetFlagStatus) for CRYP_GetFlagStatus
    stm32f4xx_cryp_aes.o(i.CRYP_AES_CBC) refers to stm32f4xx_cryp.o(i.CRYP_DataIn) for CRYP_DataIn
    stm32f4xx_cryp_aes.o(i.CRYP_AES_CBC) refers to stm32f4xx_cryp.o(i.CRYP_DataOut) for CRYP_DataOut
    stm32f4xx_cryp_aes.o(i.CRYP_AES_CCM) refers to stm32f4xx_cryp.o(i.CRYP_KeyStructInit) for CRYP_KeyStructInit
    stm32f4xx_cryp_aes.o(i.CRYP_AES_CCM) refers to stm32f4xx_cryp.o(i.CRYP_FIFOFlush) for CRYP_FIFOFlush
    stm32f4xx_cryp_aes.o(i.CRYP_AES_CCM) refers to stm32f4xx_cryp.o(i.CRYP_KeyInit) for CRYP_KeyInit
    stm32f4xx_cryp_aes.o(i.CRYP_AES_CCM) refers to stm32f4xx_cryp.o(i.CRYP_IVInit) for CRYP_IVInit
    stm32f4xx_cryp_aes.o(i.CRYP_AES_CCM) refers to stm32f4xx_cryp.o(i.CRYP_Init) for CRYP_Init
    stm32f4xx_cryp_aes.o(i.CRYP_AES_CCM) refers to stm32f4xx_cryp.o(i.CRYP_PhaseConfig) for CRYP_PhaseConfig
    stm32f4xx_cryp_aes.o(i.CRYP_AES_CCM) refers to stm32f4xx_cryp.o(i.CRYP_DataIn) for CRYP_DataIn
    stm32f4xx_cryp_aes.o(i.CRYP_AES_CCM) refers to stm32f4xx_cryp.o(i.CRYP_Cmd) for CRYP_Cmd
    stm32f4xx_cryp_aes.o(i.CRYP_AES_CCM) refers to stm32f4xx_cryp.o(i.CRYP_GetCmdStatus) for CRYP_GetCmdStatus
    stm32f4xx_cryp_aes.o(i.CRYP_AES_CCM) refers to stm32f4xx_cryp.o(i.CRYP_GetFlagStatus) for CRYP_GetFlagStatus
    stm32f4xx_cryp_aes.o(i.CRYP_AES_CCM) refers to stm32f4xx_cryp.o(i.CRYP_DataOut) for CRYP_DataOut
    stm32f4xx_cryp_aes.o(i.CRYP_AES_CTR) refers to stm32f4xx_cryp.o(i.CRYP_KeyStructInit) for CRYP_KeyStructInit
[...]
    ..\..\..\Libraries\STM32F4xx_StdPeriph_Driver\src\stm32f4xx_exti.c 0x00000000   Number         0  stm32f4xx_exti.o ABSOLUTE
    ..\..\..\Libraries\STM32F4xx_StdPeriph_Driver\src\stm32f4xx_flash.c 0x00000000   Number         0  stm32f4xx_flash.o ABSOLUTE
    ..\..\..\Libraries\STM32F4xx_StdPeriph_Driver\src\stm32f4xx_fmpi2c.c 0x00000000   Number         0  stm32f4xx_fmpi2c.o ABSOLUTE
    ..\..\..\Libraries\STM32F4xx_StdPeriph_Driver\src\stm32f4xx_fsmc.c 0x00000000   Number         0  stm32f4xx_fsmc.o ABSOLUTE
    ..\..\..\Libraries\STM32F4xx_StdPeriph_Driver\src\stm32f4xx_gpio.c 0x00000000   Number         0  stm32f4xx_gpio.o ABSOLUTE
    ..\..\..\Libraries\STM32F4xx_StdPeriph_Driver\src\stm32f4xx_hash.c 0x00000000   Number         0  stm32f4xx_hash.o ABSOLUTE
    ..\..\..\Libraries\STM32F4xx_StdPeriph_Driver\src\stm32f4xx_hash_md5.c 0x00000000   Number         0  stm32f4xx_hash_md5.o ABSOLUTE
    ..\..\..\Libraries\STM32F4xx_StdPeriph_Driver\src\stm32f4xx_hash_sha1.c 0x00000000   Number         0  stm32f4xx_hash_sha1.o ABSOLUTE
    ..\..\..\Libraries\STM32F4xx_StdPeriph_Driver\src\stm32f4xx_i2c.c 0x00000000   Number         0  stm32f4xx_i2c.o ABSOLUTE
    ..\..\..\Libraries\STM32F4xx_StdPeriph_Driver\src\stm32f4xx_iwdg.c 0x00000000   Number         0  stm32f4xx_iwdg.o ABSOLUTE
    ..\..\..\Libraries\STM32F4xx_StdPeriph_Driver\src\stm32f4xx_lptim.c 0x00000000   Number         0  stm32f4xx_lptim.o ABSOLUTE
    ..\..\..\Libraries\STM32F4xx_StdPeriph_Driver\src\stm32f4xx_ltdc.c 0x00000000   Number         0  stm32f4xx_ltdc.o ABSOLUTE
    ..\..\..\Libraries\STM32F4xx_StdPeriph_Driver\src\stm32f4xx_pwr.c 0x00000000   Number         0  stm32f4xx_pwr.o ABSOLUTE
    ..\..\..\Libraries\STM32F4xx_StdPeriph_Driver\src\stm32f4xx_rcc.c 0x00000000   Number         0  stm32f4xx_rcc.o ABSOLUTE
    ..\..\..\Libraries\STM32F4xx_StdPeriph_Driver\src\stm32f4xx_rng.c 0x00000000   Number         0  stm32f4xx_rng.o ABSOLUTE
    ..\..\..\Libraries\STM32F4xx_StdPeriph_Driver\src\stm32f4xx_rtc.c 0x00000000   Number         0  stm32f4xx_rtc.o ABSOLUTE
    ..\..\..\Libraries\STM32F4xx_StdPeriph_Driver\src\stm32f4xx_sai.c 0x00000000   Number         0  stm32f4xx_sai.o ABSOLUTE
    ..\..\..\Libraries\STM32F4xx_StdPeriph_Driver\src\stm32f4xx_sdio.c 0x00000000   Number         0  stm32f4xx_sdio.o ABSOLUTE
    ..\..\..\Libraries\STM32F4xx_StdPeriph_Driver\src\stm32f4xx_spdifrx.c 0x00000000   Number         0  stm32f4xx_spdifrx.o ABSOLUTE
    ..\..\..\Libraries\STM32F4xx_StdPeriph_Driver\src\stm32f4xx_spi.c 0x00000000   Number         0  stm32f4xx_spi.o ABSOLUTE
    ..\..\..\Libraries\STM32F4xx_StdPeriph_Driver\src\stm32f4xx_syscfg.c 0x00000000   Number         0  stm32f4xx_syscfg.o ABSOLUTE
    ..\..\..\Libraries\STM32F4xx_StdPeriph_Driver\src\stm32f4xx_tim.c 0x00000000   Number         0  stm32f4xx_tim.o ABSOLUTE
    ..\..\..\Libraries\STM32F4xx_StdPeriph_Driver\src\stm32f4xx_usart.c 0x00000000   Number         0  stm32f4xx_usart.o ABSOLUTE
    ..\..\..\Libraries\STM32F4xx_StdPeriph_Driver\src\stm32f4xx_wwdg.c 0x00000000   Number         0  stm32f4xx_wwdg.o ABSOLUTE
    ..\\..\\..\\Libraries\\STM32F4xx_StdPeriph_Driver\\src\\misc.c 0x00000000   Number         0  misc.o ABSOLUTE
    ..\\..\\..\\Libraries\\STM32F4xx_StdPeriph_Driver\\src\\stm32f4xx_adc.c 0x00000000   Number         0  stm32f4xx_adc.o ABSOLUTE
    ..\\..\\..\\Libraries\\STM32F4xx_StdPeriph_Driver\\src\\stm32f4xx_can.c 0x00000000   Number         0  stm32f4xx_can.o ABSOLUTE
    ..\\..\\..\\Libraries\\STM32F4xx_StdPeriph_Driver\\src\\stm32f4xx_crc.c 0x00000000   Number         0  stm32f4xx_crc.o ABSOLUTE
    ..\\..\\..\\Libraries\\STM32F4xx_StdPeriph_Driver\\src\\stm32f4xx_cryp.c 0x00000000   Number         0  stm32f4xx_cryp.o ABSOLUTE
    ..\\..\\..\\Libraries\\STM32F4xx_StdPeriph_Driver\\src\\stm32f4xx_cryp_aes.c 0x00000000   Number         0  stm32f4xx_cryp_aes.o ABSOLUTE
    ..\\..\\..\\Libraries\\STM32F4xx_StdPeriph_Driver\\src\\stm32f4xx_cryp_des.c 0x00000000   Number         0  stm32f4xx_cryp_des.o ABSOLUTE
    ..\\..\\..\\Libraries\\STM32F4xx_StdPeriph_Driver\\src\\stm32f4xx_cryp_tdes.c 0x00000000   Number         0  stm32f4xx_cryp_tdes.o ABSOLUTE
    ..\\..\\..\\Libraries\\STM32F4xx_StdPeriph_Driver\\src\\stm32f4xx_dac.c 0x00000000   Number         0  stm32f4xx_dac.o ABSOLUTE
    ..\\..\\..\\Libraries\\STM32F4xx_StdPeriph_Driver\\src\\stm32f4xx_dbgmcu.c 0x00000000   Number         0  stm32f4xx_dbgmcu.o ABSOLUTE
    ..\\..\\..\\Libraries\\STM32F4xx_StdPeriph_Driver\\src\\stm32f4xx_dcmi.c 0x00000000   Number         0  stm32f4xx_dcmi.o ABSOLUTE
    ..\\..\\..\\Libraries\\STM32F4xx_StdPeriph_Driver\\src\\stm32f4xx_dma.c 0x00000000   Number         0  stm32f4xx_dma.o ABSOLUTE
    ..\\..\\..\\Libraries\\STM32F4xx_StdPeriph_Driver\\src\\stm32f4xx_dma2d.c 0x00000000   Number         0  stm32f4xx_dma2d.o ABSOLUTE
    ..\\..\\..\\Libraries\\STM32F4xx_StdPeriph_Driver\\src\\stm32f4xx_exti.c 0x00000000   Number         0  stm32f4xx_exti.o ABSOLUTE
    ..\\..\\..\\Libraries\\STM32F4xx_StdPeriph_Driver\\src\\stm32f4xx_flash.c 0x00000000   Number         0  stm32f4xx_flash.o ABSOLUTE
    ..\\..\\..\\Libraries\\STM32F4xx_StdPeriph_Driver\\src\\stm32f4xx_fmpi2c.c 0x00000000   Number         0  stm32f4xx_fmpi2c.o ABSOLUTE
    ..\\..\\..\\Libraries\\STM32F4xx_StdPeriph_Driver\\src\\stm32f4xx_fsmc.c 0x00000000   Number         0  stm32f4xx_fsmc.o ABSOLUTE
    ..\\..\\..\\Libraries\\STM32F4xx_StdPeriph_Driver\\src\\stm32f4xx_gpio.c 0x00000000   Number         0  stm32f4xx_gpio.o ABSOLUTE
    ..\\..\\..\\Libraries\\STM32F4xx_StdPeriph_Driver\\src\\stm32f4xx_hash.c 0x00000000   Number         0  stm32f4xx_hash.o ABSOLUTE
    ..\\..\\..\\Libraries\\STM32F4xx_StdPeriph_Driver\\src\\stm32f4xx_hash_md5.c 0x00000000   Number         0  stm32f4xx_hash_md5.o ABSOLUTE
    ..\\..\\..\\Libraries\\STM32F4xx_StdPeriph_Driver\\src\\stm32f4xx_hash_sha1.c 0x00000000   Number         0  stm32f4xx_hash_sha1.o ABSOLUTE
    ..\\..\\..\\Libraries\\STM32F4xx_StdPeriph_Driver\\src\\stm32f4xx_i2c.c 0x00000000   Number         0  stm32f4xx_i2c.o ABSOLUTE
    ..\\..\\..\\Libraries\\STM32F4xx_StdPeriph_Driver\\src\\stm32f4xx_iwdg.c 0x00000000   Number         0  stm32f4xx_iwdg.o ABSOLUTE
    ..\\..\\..\\Libraries\\STM32F4xx_StdPeriph_Driver\\src\\stm32f4xx_lptim.c 0x00000000   Number         0  stm32f4xx_lptim.o ABSOLUTE
    ..\\..\\..\\Libraries\\STM32F4xx_StdPeriph_Driver\\src\\stm32f4xx_ltdc.c 0x00000000   Number         0  stm32f4xx_ltdc.o ABSOLUTE
    ..\\..\\..\\Libraries\\STM32F4xx_StdPeriph_Driver\\src\\stm32f4xx_pwr.c 0x00000000   Number         0  stm32f4xx_pwr.o ABSOLUTE
    ..\\..\\..\\Libraries\\STM32F4xx_StdPeriph_Driver\\src\\stm32f4xx_rcc.c 0x00000000   Number         0  stm32f4xx_rcc.o ABSOLUTE
    ..\\..\\..\\Libraries\\STM32F4xx_StdPeriph_Driver\\src\\stm32f4xx_rng.c 0x00000000   Number         0  stm32f4xx_rng.o ABSOLUTE
    ..\\..\\..\\Libraries\\STM32F4xx_StdPeriph_Driver\\src\\stm32f4xx_rtc.c 0x00000000   Number         0  stm32f4xx_rtc.o ABSOLUTE
    ..\\..\\..\\Libraries\\STM32F4xx_StdPeriph_Driver\\src\\stm32f4xx_sai.c 0x00000000   Number         0  stm32f4xx_sai.o ABSOLUTE
    ..\\..\\..\\Libraries\\STM32F4xx_StdPeriph_Driver\\src\\stm32f4xx_sdio.c 0x00000000   Number         0  stm32f4xx_sdio.o ABSOLUTE
    ..\\..\\..\\Libraries\\STM32F4xx_StdPeriph_Driver\\src\\stm32f4xx_spdifrx.c 0x00000000   Number         0  stm32f4xx_spdifrx.o ABSOLUTE
    ..\\..\\..\\Libraries\\STM32F4xx_StdPeriph_Driver\\src\\stm32f4xx_spi.c 0x00000000   Number         0  stm32f4xx_spi.o ABSOLUTE
    ..\\..\\..\\Libraries\\STM32F4xx_StdPeriph_Driver\\src\\stm32f4xx_syscfg.c 0x00000000   Number         0  stm32f4xx_syscfg.o ABSOLUTE
    ..\\..\\..\\Libraries\\STM32F4xx_StdPeriph_Driver\\src\\stm32f4xx_tim.c 0x00000000   Number         0  stm32f4xx_tim.o ABSOLUTE
    ..\\..\\..\\Libraries\\STM32F4xx_StdPeriph_Driver\\src\\stm32f4xx_usart.c 0x00000000   Number         0  stm32f4xx_usart.o ABSOLUTE
    ..\\..\\..\\Libraries\\STM32F4xx_StdPeriph_Driver\\src\\stm32f4xx_wwdg.c 0x00000000   Number         0  stm32f4xx_wwdg.o ABSOLUTE
    ..\\stm32f4xx_it.c                       0x00000000   Number         0  stm32f4xx_it.o ABSOLUTE
    ..\\system_stm32f4xx.c                   0x00000000   Number         0  system_stm32f4xx.o ABSOLUTE
    ..\stm32f4xx_it.c                        0x00000000   Number         0  stm32f4xx_it.o ABSOLUTE
    ..\system_stm32f4xx.c                    0x00000000   Number         0  system_stm32f4xx.o ABSOLUTE
    cdcmple.s                                0x00000000   Number         0  cdcmple.o ABSOLUTE
    cdrcmple.s                               0x00000000   Number         0  cdrcmple.o ABSOLUTE
    core\MTi-1_UART.c                        0x00000000   Number         0  mti-1_uart.o ABSOLUTE
    core\\MTi-1_UART.c                       0x00000000   Number         0  mti-1_uart.o ABSOLUTE
    core\\angle_range.c                      0x00000000   Number         0  angle_range.o ABSOLUTE
    core\\approx_math.c                      0x00000000   Number         0  approx_math.o ABSOLUTE
    core\\ardu_imu.c                         0x00000000   Number         0  ardu_imu.o ABSOLUTE
    core\\button.c                           0x00000000   Number         0  button.o ABSOLUTE
    core\\buzzer.c                           0x00000000   Number         0  buzzer.o ABSOLUTE
    core\\can_protocol.c                     0x00000000   Number         0  can_protocol.o ABSOLUTE
    core\\encoder.c                          0x00000000   Number         0  encoder.o ABSOLUTE
    core\\lcd_main.c                         0x00000000   Number         0  lcd_main.o ABSOLUTE
    core\\led.c                              0x00000000   Number         0  led.o ABSOLUTE
    core\\quick_math.c                       0x00000000   Number         0  quick_math.o ABSOLUTE
    core\\servo.c                            0x00000000   Number         0  servo.o ABSOLUTE
    core\\tm_stm32f4_gpio.c                  0x00000000   Number         0  tm_stm32f4_gpio.o ABSOLUTE
    core\\tm_stm32f4_i2c.c                   0x00000000   Number         0  tm_stm32f4_i2c.o ABSOLUTE
    core\\tm_stm32f4_stdio.c                 0x00000000   Number         0  tm_stm32f4_stdio.o ABSOLUTE
    core\\tm_stm32f4_timer_properties.c      0x00000000   Number         0  tm_stm32f4_timer_properties.o ABSOLUTE
    core\\usart.c                            0x00000000   Number         0  usart.o ABSOLUTE
    core\angle_range.c                       0x00000000   Number         0  angle_range.o ABSOLUTE
    core\approx_math.c                       0x00000000   Number         0  approx_math.o ABSOLUTE
    core\ardu_imu.c                          0x00000000   Number         0  ardu_imu.o ABSOLUTE
    core\button.c                            0x00000000   Number         0  button.o ABSOLUTE
    core\buzzer.c                            0x00000000   Number         0  buzzer.o ABSOLUTE
    core\can_protocol.c                      0x00000000   Number         0  can_protocol.o ABSOLUTE
    core\encoder.c                           0x00000000   Number         0  encoder.o ABSOLUTE
    core\lcd_main.c                          0x00000000   Number         0  lcd_main.o ABSOLUTE
    core\led.c                               0x00000000   Number         0  led.o ABSOLUTE
    core\quick_math.c                        0x00000000   Number         0  quick_math.o ABSOLUTE
    core\servo.c                             0x00000000   Number         0  servo.o ABSOLUTE
    core\tm_stm32f4_gpio.c                   0x00000000   Number         0  tm_stm32f4_gpio.o ABSOLUTE
    core\tm_stm32f4_i2c.c                    0x00000000   Number         0  tm_stm32f4_i2c.o ABSOLUTE
    core\tm_stm32f4_stdio.c                  0x00000000   Number         0  tm_stm32f4_stdio.o ABSOLUTE
    core\tm_stm32f4_timer_properties.c       0x00000000   Number         0  tm_stm32f4_timer_properties.o ABSOLUTE
    core\usart.c                             0x00000000   Number         0  usart.o ABSOLUTE
    dc.s                                     0x00000000   Number         0  dc.o ABSOLUTE
    handlers.s                               0x00000000   Number         0  handlers.o ABSOLUTE
    init.s                                   0x00000000   Number         0  init.o ABSOLUTE
    ticks.c                                  0x00000000   Number         0  ticks.o ABSOLUTE
    ticks.c                                  0x00000000   Number         0  ticks.o ABSOLUTE
    user\\ardu_imu_adp.c                     0x00000000   Number         0  ardu_imu_adp.o ABSOLUTE
    user\\buzzer_song.c                      0x00000000   Number         0  buzzer_song.o ABSOLUTE
    user\\imu_targeting.c                    0x00000000   Number         0  imu_targeting.o ABSOLUTE
    user\\main.c                             0x00000000   Number         0  main.o ABSOLUTE
    user\\menu.c                             0x00000000   Number         0  menu.o ABSOLUTE
    user\\path_downslope.c                   0x00000000   Number         0  path_downslope.o ABSOLUTE
    user\\path_river.c                       0x00000000   Number         0  path_river.o ABSOLUTE
    user\\path_station.c                     0x00000000   Number         0  path_station.o ABSOLUTE
    user\\path_upslope_imu.c                 0x00000000   Number         0  path_upslope_imu.o ABSOLUTE
    user\\path_upslope_sb.c                  0x00000000   Number         0  path_upslope_sb.o ABSOLUTE
    user\\sb_cali.c                          0x00000000   Number         0  sb_cali.o ABSOLUTE
    user\\sensor_bar.c                       0x00000000   Number         0  sensor_bar.o ABSOLUTE
    user\\servo_interface.c                  0x00000000   Number         0  servo_interface.o ABSOLUTE
    user\ardu_imu_adp.c                      0x00000000   Number         0  ardu_imu_adp.o ABSOLUTE
    user\buzzer_song.c                       0x00000000   Number         0  buzzer_song.o ABSOLUTE
    user\imu_targeting.c                     0x00000000   Number         0  imu_targeting.o ABSOLUTE
    user\main.c                              0x00000000   Number         0  main.o ABSOLUTE
    user\menu.c                              0x00000000   Number         0  menu.o ABSOLUTE
    user\path_downslope.c                    0x00000000   Number         0  path_downslope.o ABSOLUTE
    user\path_river.c                        0x00000000   Number         0  path_river.o ABSOLUTE
    user\path_station.c                      0x00000000   Number         0  path_station.o ABSOLUTE
    user\path_upslope_imu.c                  0x00000000   Number         0  path_upslope_imu.o ABSOLUTE
    user\path_upslope_sb.c                   0x00000000   Number         0  path_upslope_sb.o ABSOLUTE
    user\sb_cali.c                           0x00000000   Number         0  sb_cali.o ABSOLUTE
    user\sensor_bar.c                        0x00000000   Number         0  sensor_bar.o ABSOLUTE
    user\servo_interface.c                   0x00000000   Number         0  servo_interface.o ABSOLUTE
    RESET                                    0x08000000   Section      392  startup_stm32f40_41xxx.o(RESET)
    .ARM.Collect$$$$00000000                 0x08000188   Section        0  entry.o(.ARM.Collect$$$$00000000)
    .ARM.Collect$$$$00000001                 0x08000188   Section        4  entry2.o(.ARM.Collect$$$$00000001)
    .ARM.Collect$$$$00000004                 0x0800018c   Section        4  entry5.o(.ARM.Collect$$$$00000004)
    .ARM.Collect$$$$00000008                 0x08000190   Section        0  entry7b.o(.ARM.Collect$$$$00000008)
    .ARM.Collect$$$$0000000A                 0x08000190   Section        0  entry8b.o(.ARM.Collect$$$$0000000A)
    .ARM.Collect$$$$0000000B                 0x08000190   Section        8  entry9a.o(.ARM.Collect$$$$0000000B)
    .ARM.Collect$$$$0000000D                 0x08000198   Section        0  entry10a.o(.ARM.Collect$$$$0000000D)
    .ARM.Collect$$$$0000000F                 0x08000198   Section        0  entry11a.o(.ARM.Collect$$$$0000000F)
    .ARM.Collect$$$$00002712                 0x08000198   Section        4  entry2.o(.ARM.Collect$$$$00002712)
    __lit__00000000                          0x08000198   Data           4  entry2.o(.ARM.Collect$$$$00002712)
    .emb_text                                0x0800019c   Section       14  ticks.o(.emb_text)
    $v0                                      0x0800019c   Number         0  ticks.o(.emb_text)
    .text                                    0x080001ac   Section       36  startup_stm32f40_41xxx.o(.text)
    $v0                                      0x080001ac   Number         0  startup_stm32f40_41xxx.o(.text)
    .text                                    0x080001d0   Section        0  ddiv.o(.text)
    .text                                    0x080002ae   Section        0  f2d.o(.text)
    .text                                    0x080002d4   Section        0  uidiv.o(.text)
    .text                                    0x08000300   Section        0  uldiv.o(.text)
    .text                                    0x08000362   Section        0  llushr.o(.text)
    .text                                    0x08000382   Section        0  iusefp.o(.text)
    .text                                    0x08000382   Section        0  depilogue.o(.text)
    .text                                    0x0800043c   Section        0  dadd.o(.text)
    .text                                    0x0800058a   Section        0  dmul.o(.text)
    .text                                    0x0800066e   Section        0  dfixul.o(.text)
    .text                                    0x080006a0   Section       48  cdrcmple.o(.text)
    .text                                    0x080006d0   Section       36  init.o(.text)
    .text                                    0x080006f4   Section        0  llshl.o(.text)
    .text                                    0x08000712   Section        0  llsshr.o(.text)
    .text                                    0x08000736   Section        0  __dczerorl2.o(.text)
    i.BusFault_Handler                       0x0800078c   Section        0  stm32f4xx_it.o(i.BusFault_Handler)
    i.CAN1_RX0_IRQHandler                    0x08000790   Section        0  can_protocol.o(i.CAN1_RX0_IRQHandler)
    i.CAN1_TX_IRQHandler                     0x08000834   Section        0  can_protocol.o(i.CAN1_TX_IRQHandler)
    i.CAN_ClearITPendingBit                  0x0800085c   Section        0  stm32f4xx_can.o(i.CAN_ClearITPendingBit)
    i.CAN_DeInit                             0x080008f8   Section        0  stm32f4xx_can.o(i.CAN_DeInit)
    i.CAN_FilterInit                         0x08000934   Section        0  stm32f4xx_can.o(i.CAN_FilterInit)
    i.CAN_GetITStatus                        0x08000a20   Section        0  stm32f4xx_can.o(i.CAN_GetITStatus)
    i.CAN_ITConfig                           0x08000b2c   Section        0  stm32f4xx_can.o(i.CAN_ITConfig)
    i.CAN_Init                               0x08000b3c   Section        0  stm32f4xx_can.o(i.CAN_Init)
    i.CAN_Receive                            0x08000c24   Section        0  stm32f4xx_can.o(i.CAN_Receive)
    i.CAN_StructInit                         0x08000cd8   Section        0  stm32f4xx_can.o(i.CAN_StructInit)
    i.CAN_Transmit                           0x08000cf8   Section        0  stm32f4xx_can.o(i.CAN_Transmit)
    i.DebugMon_Handler                       0x08000db8   Section        0  stm32f4xx_it.o(i.DebugMon_Handler)
    i.GPIO_Init                              0x08000dba   Section        0  stm32f4xx_gpio.o(i.GPIO_Init)
    i.GPIO_PinAFConfig                       0x08000e50   Section        0  stm32f4xx_gpio.o(i.GPIO_PinAFConfig)
    i.GPIO_ReadInputDataBit                  0x08000e72   Section        0  stm32f4xx_gpio.o(i.GPIO_ReadInputDataBit)
    i.GPIO_ResetBits                         0x08000e80   Section        0  stm32f4xx_gpio.o(i.GPIO_ResetBits)
    i.GPIO_SetBits                           0x08000e84   Section        0  stm32f4xx_gpio.o(i.GPIO_SetBits)
    i.GPIO_StructInit                        0x08000e88   Section        0  stm32f4xx_gpio.o(i.GPIO_StructInit)
    i.HardFault_Handler                      0x08000e9a   Section        0  stm32f4xx_it.o(i.HardFault_Handler)
    i.MTi_1_UART_Rx                          0x08000e9c   Section        0  mti-1_uart.o(i.MTi_1_UART_Rx)
    i.MTi_1_UART_init                        0x08001048   Section        0  mti-1_uart.o(i.MTi_1_UART_init)
    i.MemManage_Handler                      0x080010c4   Section        0  stm32f4xx_it.o(i.MemManage_Handler)
    i.NMI_Handler                            0x080010c6   Section        0  stm32f4xx_it.o(i.NMI_Handler)
    i.NVIC_Init                              0x080010c8   Section        0  misc.o(i.NVIC_Init)
    i.NVIC_SetVectorTable                    0x0800113c   Section        0  misc.o(i.NVIC_SetVectorTable)
    i.PendSV_Handler                         0x08001150   Section        0  stm32f4xx_it.o(i.PendSV_Handler)
    i.RCC_AHB1PeriphClockCmd                 0x08001154   Section        0  stm32f4xx_rcc.o(i.RCC_AHB1PeriphClockCmd)
    i.RCC_APB1PeriphClockCmd                 0x0800116c   Section        0  stm32f4xx_rcc.o(i.RCC_APB1PeriphClockCmd)
    i.RCC_APB1PeriphClockLPModeCmd           0x08001184   Section        0  stm32f4xx_rcc.o(i.RCC_APB1PeriphClockLPModeCmd)
    i.RCC_APB1PeriphResetCmd                 0x0800119c   Section        0  stm32f4xx_rcc.o(i.RCC_APB1PeriphResetCmd)
    i.RCC_APB2PeriphClockCmd                 0x080011b4   Section        0  stm32f4xx_rcc.o(i.RCC_APB2PeriphClockCmd)
    i.RCC_APB2PeriphResetCmd                 0x080011cc   Section        0  stm32f4xx_rcc.o(i.RCC_APB2PeriphResetCmd)
    i.RCC_GetClocksFreq                      0x080011e4   Section        0  stm32f4xx_rcc.o(i.RCC_GetClocksFreq)
    i.SPI_CalculateCRC                       0x08001284   Section        0  stm32f4xx_spi.o(i.SPI_CalculateCRC)
    i.SPI_Cmd                                0x08001296   Section        0  stm32f4xx_spi.o(i.SPI_Cmd)
    i.SPI_I2S_GetFlagStatus                  0x080012a8   Section        0  stm32f4xx_spi.o(i.SPI_I2S_GetFlagStatus)
    i.SPI_I2S_ReceiveData                    0x080012b6   Section        0  stm32f4xx_spi.o(i.SPI_I2S_ReceiveData)
    i.SPI_I2S_SendData                       0x080012ba   Section        0  stm32f4xx_spi.o(i.SPI_I2S_SendData)
    i.SPI_Init                               0x080012be   Section        0  stm32f4xx_spi.o(i.SPI_Init)
    i.SPI_SSOutputCmd                        0x08001312   Section        0  stm32f4xx_spi.o(i.SPI_SSOutputCmd)
    i.SVC_Handler                            0x08001324   Section        0  stm32f4xx_it.o(i.SVC_Handler)
    i.SysTick_Handler                        0x08001326   Section        0  stm32f4xx_it.o(i.SysTick_Handler)
    i.SystemCoreClockUpdate                  0x08001328   Section        0  system_stm32f4xx.o(i.SystemCoreClockUpdate)
    i.SystemInit                             0x080013ac   Section        0  system_stm32f4xx.o(i.SystemInit)
    i.TIM5_IRQHandler                        0x080014c8   Section        0  ticks.o(i.TIM5_IRQHandler)
    i.TIM_ARRPreloadConfig                   0x08001510   Section        0  stm32f4xx_tim.o(i.TIM_ARRPreloadConfig)
    i.TIM_ClearFlag                          0x08001522   Section        0  stm32f4xx_tim.o(i.TIM_ClearFlag)
    i.TIM_ClearITPendingBit                  0x08001528   Section        0  stm32f4xx_tim.o(i.TIM_ClearITPendingBit)
    i.TIM_Cmd                                0x0800152e   Section        0  stm32f4xx_tim.o(i.TIM_Cmd)
    i.TIM_CtrlPWMOutputs                     0x08001540   Section        0  stm32f4xx_tim.o(i.TIM_CtrlPWMOutputs)
    i.TIM_DeInit                             0x08001556   Section        0  stm32f4xx_tim.o(i.TIM_DeInit)
    i.TIM_EncoderInterfaceConfig             0x080016d8   Section        0  stm32f4xx_tim.o(i.TIM_EncoderInterfaceConfig)
    i.TIM_GetITStatus                        0x08001714   Section        0  stm32f4xx_tim.o(i.TIM_GetITStatus)
    i.TIM_ITConfig                           0x0800172a   Section        0  stm32f4xx_tim.o(i.TIM_ITConfig)
    i.TIM_OC1Init                            0x0800173a   Section        0  stm32f4xx_tim.o(i.TIM_OC1Init)
    i.TIM_OC1PreloadConfig                   0x080017a2   Section        0  stm32f4xx_tim.o(i.TIM_OC1PreloadConfig)
    i.TIM_SetAutoreload                      0x080017ae   Section        0  stm32f4xx_tim.o(i.TIM_SetAutoreload)
    i.TIM_SetCompare1                        0x080017b2   Section        0  stm32f4xx_tim.o(i.TIM_SetCompare1)
    i.TIM_SetCounter                         0x080017b6   Section        0  stm32f4xx_tim.o(i.TIM_SetCounter)
    i.TIM_TimeBaseInit                       0x080017bc   Section        0  stm32f4xx_tim.o(i.TIM_TimeBaseInit)
    i.TM_GPIO_INT_Init                       0x0800183c   Section        0  tm_stm32f4_gpio.o(i.TM_GPIO_INT_Init)
    i.TM_GPIO_Init                           0x080018dc   Section        0  tm_stm32f4_gpio.o(i.TM_GPIO_Init)
    i.USART1_IRQHandler                      0x0800190c   Section        0  usart.o(i.USART1_IRQHandler)
    i.USART2_IRQHandler                      0x08001948   Section        0  usart.o(i.USART2_IRQHandler)
    i.USART3_IRQHandler                      0x08001984   Section        0  usart.o(i.USART3_IRQHandler)
    i.USART_ClearITPendingBit                0x080019c0   Section        0  stm32f4xx_usart.o(i.USART_ClearITPendingBit)
    i.USART_Cmd                              0x080019ce   Section        0  stm32f4xx_usart.o(i.USART_Cmd)
    i.USART_GetFlagStatus                    0x080019e0   Section        0  stm32f4xx_usart.o(i.USART_GetFlagStatus)
    i.USART_GetITStatus                      0x080019ee   Section        0  stm32f4xx_usart.o(i.USART_GetITStatus)
    i.USART_ITConfig                         0x08001a30   Section        0  stm32f4xx_usart.o(i.USART_ITConfig)
    i.USART_Init                             0x08001a60   Section        0  stm32f4xx_usart.o(i.USART_Init)
    i.USART_ReceiveData                      0x08001b18   Section        0  stm32f4xx_usart.o(i.USART_ReceiveData)
    i.USART_SendData                         0x08001b20   Section        0  stm32f4xx_usart.o(i.USART_SendData)
    i.UsageFault_Handler                     0x08001b28   Section        0  stm32f4xx_it.o(i.UsageFault_Handler)
    i.__0vsprintf                            0x08001b2c   Section        0  printfa.o(i.__0vsprintf)
    i.__scatterload_copy                     0x08001b50   Section       14  handlers.o(i.__scatterload_copy)
    i.__scatterload_null                     0x08001b5e   Section        2  handlers.o(i.__scatterload_null)
    i.__scatterload_zeroinit                 0x08001b60   Section       14  handlers.o(i.__scatterload_zeroinit)
    i._delay_ms                              0x08001b70   Section        0  ticks.o(i._delay_ms)
    i._fp_digits                             0x08001be4   Section        0  printfa.o(i._fp_digits)
    _fp_digits                               0x08001be5   Thumb Code   334  printfa.o(i._fp_digits)
    i._printf_core                           0x08001d48   Section        0  printfa.o(i._printf_core)
    _printf_core                             0x08001d49   Thumb Code  1744  printfa.o(i._printf_core)
    i._printf_post_padding                   0x08002424   Section        0  printfa.o(i._printf_post_padding)
    _printf_post_padding                     0x08002425   Thumb Code    36  printfa.o(i._printf_post_padding)
    i._printf_pre_padding                    0x08002448   Section        0  printfa.o(i._printf_pre_padding)
    _printf_pre_padding                      0x08002449   Thumb Code    46  printfa.o(i._printf_pre_padding)
    i._sputc                                 0x08002476   Section        0  printfa.o(i._sputc)
    _sputc                                   0x08002477   Thumb Code    10  printfa.o(i._sputc)
    i.button_init                            0x08002480   Section        0  button.o(i.button_init)
    i.buzzer_check                           0x080024a0   Section        0  buzzer.o(i.buzzer_check)
    i.buzzer_init                            0x080025c0   Section        0  buzzer.o(i.buzzer_init)
    i.buzzer_on                              0x080026cc   Section        0  buzzer.o(i.buzzer_on)
    i.buzzer_play_song                       0x080026f8   Section        0  buzzer.o(i.buzzer_play_song)
    i.can_init                               0x08002770   Section        0  can_protocol.o(i.can_init)
    i.can_rx_add_filter                      0x08002844   Section        0  can_protocol.o(i.can_rx_add_filter)
    i.can_rx_init                            0x080028a4   Section        0  can_protocol.o(i.can_rx_init)
    i.can_tx_dequeue                         0x080028d4   Section        0  can_protocol.o(i.can_tx_dequeue)
    i.clear_buffer                           0x080029a0   Section        0  mti-1_uart.o(i.clear_buffer)
    i.encoder_init                           0x080029b4   Section        0  encoder.o(i.encoder_init)
    i.flt_cal                                0x08002b20   Section        0  mti-1_uart.o(i.flt_cal)
    i.free                                   0x08002b88   Section        0  malloc.o(i.free)
    i.get_MTi_acc                            0x08002bd8   Section        0  mti-1_uart.o(i.get_MTi_acc)
    i.get_MTi_ang                            0x08002be8   Section        0  mti-1_uart.o(i.get_MTi_ang)
    i.get_ticks                              0x08002bf8   Section        0  ticks.o(i.get_ticks)
    i.led_init                               0x08002c04   Section        0  led.o(i.led_init)
    i.main                                   0x08002c30   Section        0  main.o(i.main)
    i.malloc                                 0x08002d10   Section        0  malloc.o(i.malloc)
    i.s16_cap                                0x08002d7c   Section        0  quick_math.o(i.s16_cap)
    i.send_MTi_1_UART_msg                    0x08002d8c   Section        0  mti-1_uart.o(i.send_MTi_1_UART_msg)
    i.sensor_bar_receiver_a                  0x08002e18   Section        0  sensor_bar.o(i.sensor_bar_receiver_a)
    sensor_bar_receiver_a                    0x08002e19   Thumb Code    44  sensor_bar.o(i.sensor_bar_receiver_a)
    i.sensor_bar_receiver_b                  0x08002e48   Section        0  sensor_bar.o(i.sensor_bar_receiver_b)
    sensor_bar_receiver_b                    0x08002e49   Thumb Code    48  sensor_bar.o(i.sensor_bar_receiver_b)
    i.sensor_bar_receiver_c                  0x08002e7c   Section        0  sensor_bar.o(i.sensor_bar_receiver_c)
    sensor_bar_receiver_c                    0x08002e7d   Thumb Code     8  sensor_bar.o(i.sensor_bar_receiver_c)
    i.sensor_bar_receiver_d                  0x08002e88   Section        0  sensor_bar.o(i.sensor_bar_receiver_d)
    sensor_bar_receiver_d                    0x08002e89   Thumb Code     8  sensor_bar.o(i.sensor_bar_receiver_d)
    i.sensorbar_init                         0x08002e94   Section        0  sensor_bar.o(i.sensorbar_init)
    i.servo_control                          0x08002ee4   Section        0  servo.o(i.servo_control)
    i.servo_init                             0x08002efc   Section        0  servo.o(i.servo_init)
    i.si_init                                0x08002fcc   Section        0  servo_interface.o(i.si_init)
    i.tft_char_is_changed                    0x0800300c   Section        0  lcd_main.o(i.tft_char_is_changed)
    i.tft_clear                              0x080030a8   Section        0  lcd_main.o(i.tft_clear)
    i.tft_config                             0x0800311c   Section        0  lcd_main.o(i.tft_config)
    i.tft_fill_color                         0x08003332   Section        0  lcd_main.o(i.tft_fill_color)
    i.tft_init                               0x08003394   Section        0  lcd_main.o(i.tft_init)
    i.tft_println                            0x08003490   Section        0  lcd_main.o(i.tft_println)
    i.tft_put_logo                           0x0800356c   Section        0  lcd_main.o(i.tft_put_logo)
    i.tft_put_pixel                          0x08004844   Section        0  lcd_main.o(i.tft_put_pixel)
    i.tft_set_pixel_pos                      0x080048a0   Section        0  lcd_main.o(i.tft_set_pixel_pos)
    i.tft_spi_init                           0x080048f0   Section        0  lcd_main.o(i.tft_spi_init)
    i.tft_update                             0x08004a04   Section        0  lcd_main.o(i.tft_update)
    i.tft_write_command                      0x08004ff8   Section        0  lcd_main.o(i.tft_write_command)
    i.tft_write_data                         0x08005050   Section        0  lcd_main.o(i.tft_write_data)
    i.ticks_init                             0x080050a8   Section        0  ticks.o(i.ticks_init)
    i.uart_init                              0x08005114   Section        0  usart.o(i.uart_init)
    i.uart_interrupt_init                    0x08005220   Section        0  usart.o(i.uart_interrupt_init)
    i.uart_tx_byte                           0x08005290   Section        0  usart.o(i.uart_tx_byte)
    .constdata                               0x080052b8   Section        8  buzzer_song.o(.constdata)
    .constdata                               0x080052c0   Section       72  usart.o(.constdata)
    .data                                    0x20000000   Section       16  stm32f4xx_rcc.o(.data)
    APBAHBPrescTable                         0x20000000   Data          16  stm32f4xx_rcc.o(.data)
    .data                                    0x20000010   Section       20  system_stm32f4xx.o(.data)
    .data                                    0x20000024   Section        3  sensor_bar.o(.data)
    .data                                    0x20000028   Section        6  servo_interface.o(.data)
    .data                                    0x2000002e   Section       22  mti-1_uart.o(.data)
    ANG_COUNT                                0x2000002e   Data           1  mti-1_uart.o(.data)
    ACC_COUNT                                0x2000002f   Data           1  mti-1_uart.o(.data)
    MID                                      0x20000030   Data           1  mti-1_uart.o(.data)
    data_length                              0x20000032   Data           2  mti-1_uart.o(.data)
    header_count                             0x20000034   Data           2  mti-1_uart.o(.data)
    rx_count                                 0x20000036   Data           2  mti-1_uart.o(.data)
    .data                                    0x20000044   Section       20  can_protocol.o(.data)
    can_rx_count                             0x20000048   Data           4  can_protocol.o(.data)
    .data                                    0x20000058   Section       56  encoder.o(.data)
    encoder                                  0x20000068   Data          40  encoder.o(.data)
    .data                                    0x20000090   Section     1550  lcd_main.o(.data)
    .data                                    0x200006a0   Section       48  usart.o(.data)
    .data                                    0x200006d0   Section       36  buzzer.o(.data)
    buzzer_on_flag                           0x200006d0   Data           1  buzzer.o(.data)
    buzzer_count                             0x200006d1   Data           1  buzzer.o(.data)
    buzzer_volume                            0x200006d2   Data           1  buzzer.o(.data)
    buzzer_song_flag                         0x200006d3   Data           1  buzzer.o(.data)
    buzzer_song_note_break_flag              0x200006d4   Data           1  buzzer.o(.data)
    buzzer_period                            0x200006d6   Data           2  buzzer.o(.data)
    buzzer_time_ms                           0x200006d8   Data           2  buzzer.o(.data)
    buzzer_note_period                       0x200006da   Data           2  buzzer.o(.data)
    buzzer_current_song_note_id              0x200006dc   Data           2  buzzer.o(.data)
    buzzer_song_note_length                  0x200006de   Data           2  buzzer.o(.data)
    buzzer_song_note_length_left             0x200006e0   Data           2  buzzer.o(.data)
    buzzer_song_note_break                   0x200006e2   Data           2  buzzer.o(.data)
    buzzer_current_song                      0x200006e4   Data           4  buzzer.o(.data)
    .data                                    0x200006f4   Section       24  servo.o(.data)
    servo_pwm                                0x200006f4   Data          24  servo.o(.data)
    .data                                    0x2000070c   Section        6  ticks.o(.data)
    .data                                    0x20000714   Section        4  mvars.o(.data)
    .data                                    0x20000718   Section        4  mvars.o(.data)
    .bss                                     0x2000071c   Section       64  sensor_bar.o(.bss)
    .bss                                     0x2000075c   Section       24  mti-1_uart.o(.bss)
    .bss                                     0x20000774   Section    32000  can_protocol.o(.bss)
    .bss                                     0x20008474   Section      128  can_protocol.o(.bss)
    can_recent_rx                            0x20008474   Data          16  can_protocol.o(.bss)
    .bss                                     0x200084f4   Section     2000  lcd_main.o(.bss)
    .bss                                     0x20008cc4   Section       22  tm_stm32f4_gpio.o(.bss)
    GPIO_UsedPins                            0x20008cc4   Data          22  tm_stm32f4_gpio.o(.bss)
    .bss                                     0x20008cda   Section       26  buzzer.o(.bss)
    NOTE0_PERIOD                             0x20008cda   Data          26  buzzer.o(.bss)
    .bss                                     0x20008cf4   Section       24  buzzer.o(.bss)
    BUZZER_QUEUE_ARRAY                       0x20008cf4   Data          24  buzzer.o(.bss)
    HEAP                                     0x20008d10   Section      512  startup_stm32f40_41xxx.o(HEAP)
    STACK                                    0x20008f10   Section     1024  startup_stm32f40_41xxx.o(STACK)

    Global Symbols

    Symbol Name                              Value     Ov Type        Size  Object(Section)

    BuildAttributes$$THM_ISAv4$E$P$D$K$B$S$7EM$VFPi3$EXTD16$VFPS$VFMA$PE$A:L22UL41UL21$X:L11$S22US41US21$IEEE1$IW$USESV6$~STKCKD$USESV7$~SHL$OTIME$ROPI$IEEEJ$EBA8$MICROLIB$REQ8$PRES8$EABIv2 0x00000000   Number         0  anon$$obj.o ABSOLUTE
    __ARM_use_no_argv                        0x00000000   Number         0  main.o ABSOLUTE
    TM_I2C_InitCustomPinsCallback             - Undefined Weak Reference
    __cpp_initialize__aeabi_                  - Undefined Weak Reference
    __cxa_finalize                            - Undefined Weak Reference
    _clock_init                               - Undefined Weak Reference
    _microlib_exit                            - Undefined Weak Reference
    __Vectors_Size                           0x00000188   Number         0  startup_stm32f40_41xxx.o ABSOLUTE
    __Vectors                                0x08000000   Data           4  startup_stm32f40_41xxx.o(RESET)
    __Vectors_End                            0x08000188   Data           0  startup_stm32f40_41xxx.o(RESET)
    __main                                   0x08000189   Thumb Code     0  entry.o(.ARM.Collect$$$$00000000)
    _main_stk                                0x08000189   Thumb Code     0  entry2.o(.ARM.Collect$$$$00000001)
    _main_scatterload                        0x0800018d   Thumb Code     0  entry5.o(.ARM.Collect$$$$00000004)
    __main_after_scatterload                 0x08000191   Thumb Code     0  entry5.o(.ARM.Collect$$$$00000004)
    _main_clock                              0x08000191   Thumb Code     0  entry7b.o(.ARM.Collect$$$$00000008)
    _main_cpp_init                           0x08000191   Thumb Code     0  entry8b.o(.ARM.Collect$$$$0000000A)
    _main_init                               0x08000191   Thumb Code     0  entry9a.o(.ARM.Collect$$$$0000000B)
    __rt_final_cpp                           0x08000199   Thumb Code     0  entry10a.o(.ARM.Collect$$$$0000000D)
    __rt_final_exit                          0x08000199   Thumb Code     0  entry11a.o(.ARM.Collect$$$$0000000F)
    simple_delay10_us                        0x0800019d   Thumb Code    14  ticks.o(.emb_text)
    Reset_Handler                            0x080001ad   Thumb Code     8  startup_stm32f40_41xxx.o(.text)
    ADC_IRQHandler                           0x080001c7   Thumb Code     0  startup_stm32f40_41xxx.o(.text)
    CAN1_RX1_IRQHandler                      0x080001c7   Thumb Code     0  startup_stm32f40_41xxx.o(.text)
    CAN1_SCE_IRQHandler                      0x080001c7   Thumb Code     0  startup_stm32f40_41xxx.o(.text)
    CAN2_RX0_IRQHandler                      0x080001c7   Thumb Code     0  startup_stm32f40_41xxx.o(.text)
    CAN2_RX1_IRQHandler                      0x080001c7   Thumb Code     0  startup_stm32f40_41xxx.o(.text)
    CAN2_SCE_IRQHandler                      0x080001c7   Thumb Code     0  startup_stm32f40_41xxx.o(.text)
    CAN2_TX_IRQHandler                       0x080001c7   Thumb Code     0  startup_stm32f40_41xxx.o(.text)
    CRYP_IRQHandler                          0x080001c7   Thumb Code     0  startup_stm32f40_41xxx.o(.text)
    DCMI_IRQHandler                          0x080001c7   Thumb Code     0  startup_stm32f40_41xxx.o(.text)
    DMA1_Stream0_IRQHandler                  0x080001c7   Thumb Code     0  startup_stm32f40_41xxx.o(.text)
    DMA1_Stream1_IRQHandler                  0x080001c7   Thumb Code     0  startup_stm32f40_41xxx.o(.text)
    DMA1_Stream2_IRQHandler                  0x080001c7   Thumb Code     0  startup_stm32f40_41xxx.o(.text)
    DMA1_Stream3_IRQHandler                  0x080001c7   Thumb Code     0  startup_stm32f40_41xxx.o(.text)
    DMA1_Stream4_IRQHandler                  0x080001c7   Thumb Code     0  startup_stm32f40_41xxx.o(.text)
    DMA1_Stream5_IRQHandler                  0x080001c7   Thumb Code     0  startup_stm32f40_41xxx.o(.text)
    DMA1_Stream6_IRQHandler                  0x080001c7   Thumb Code     0  startup_stm32f40_41xxx.o(.text)
    DMA1_Stream7_IRQHandler                  0x080001c7   Thumb Code     0  startup_stm32f40_41xxx.o(.text)
    DMA2_Stream0_IRQHandler                  0x080001c7   Thumb Code     0  startup_stm32f40_41xxx.o(.text)
    DMA2_Stream1_IRQHandler                  0x080001c7   Thumb Code     0  startup_stm32f40_41xxx.o(.text)
    DMA2_Stream2_IRQHandler                  0x080001c7   Thumb Code     0  startup_stm32f40_41xxx.o(.text)
    DMA2_Stream3_IRQHandler                  0x080001c7   Thumb Code     0  startup_stm32f40_41xxx.o(.text)
    DMA2_Stream4_IRQHandler                  0x080001c7   Thumb Code     0  startup_stm32f40_41xxx.o(.text)
    DMA2_Stream5_IRQHandler                  0x080001c7   Thumb Code     0  startup_stm32f40_41xxx.o(.text)
    DMA2_Stream6_IRQHandler                  0x080001c7   Thumb Code     0  startup_stm32f40_41xxx.o(.text)
    DMA2_Stream7_IRQHandler                  0x080001c7   Thumb Code     0  startup_stm32f40_41xxx.o(.text)
    ETH_IRQHandler                           0x080001c7   Thumb Code     0  startup_stm32f40_41xxx.o(.text)
    ETH_WKUP_IRQHandler                      0x080001c7   Thumb Code     0  startup_stm32f40_41xxx.o(.text)
    EXTI0_IRQHandler                         0x080001c7   Thumb Code     0  startup_stm32f40_41xxx.o(.text)
    EXTI15_10_IRQHandler                     0x080001c7   Thumb Code     0  startup_stm32f40_41xxx.o(.text)
    EXTI1_IRQHandler                         0x080001c7   Thumb Code     0  startup_stm32f40_41xxx.o(.text)
    EXTI2_IRQHandler                         0x080001c7   Thumb Code     0  startup_stm32f40_41xxx.o(.text)
    EXTI3_IRQHandler                         0x080001c7   Thumb Code     0  startup_stm32f40_41xxx.o(.text)
    EXTI4_IRQHandler                         0x080001c7   Thumb Code     0  startup_stm32f40_41xxx.o(.text)
    EXTI9_5_IRQHandler                       0x080001c7   Thumb Code     0  startup_stm32f40_41xxx.o(.text)
    FLASH_IRQHandler                         0x080001c7   Thumb Code     0  startup_stm32f40_41xxx.o(.text)
    FPU_IRQHandler                           0x080001c7   Thumb Code     0  startup_stm32f40_41xxx.o(.text)
    FSMC_IRQHandler                          0x080001c7   Thumb Code     0  startup_stm32f40_41xxx.o(.text)
    HASH_RNG_IRQHandler                      0x080001c7   Thumb Code     0  startup_stm32f40_41xxx.o(.text)
    I2C1_ER_IRQHandler                       0x080001c7   Thumb Code     0  startup_stm32f40_41xxx.o(.text)
    I2C1_EV_IRQHandler                       0x080001c7   Thumb Code     0  startup_stm32f40_41xxx.o(.text)
    I2C2_ER_IRQHandler                       0x080001c7   Thumb Code     0  startup_stm32f40_41xxx.o(.text)
    I2C2_EV_IRQHandler                       0x080001c7   Thumb Code     0  startup_stm32f40_41xxx.o(.text)
    I2C3_ER_IRQHandler                       0x080001c7   Thumb Code     0  startup_stm32f40_41xxx.o(.text)
    I2C3_EV_IRQHandler                       0x080001c7   Thumb Code     0  startup_stm32f40_41xxx.o(.text)
    OTG_FS_IRQHandler                        0x080001c7   Thumb Code     0  startup_stm32f40_41xxx.o(.text)
    OTG_FS_WKUP_IRQHandler                   0x080001c7   Thumb Code     0  startup_stm32f40_41xxx.o(.text)
    OTG_HS_EP1_IN_IRQHandler                 0x080001c7   Thumb Code     0  startup_stm32f40_41xxx.o(.text)
    OTG_HS_EP1_OUT_IRQHandler                0x080001c7   Thumb Code     0  startup_stm32f40_41xxx.o(.text)
    OTG_HS_IRQHandler                        0x080001c7   Thumb Code     0  startup_stm32f40_41xxx.o(.text)
    OTG_HS_WKUP_IRQHandler                   0x080001c7   Thumb Code     0  startup_stm32f40_41xxx.o(.text)
    PVD_IRQHandler                           0x080001c7   Thumb Code     0  startup_stm32f40_41xxx.o(.text)
    RCC_IRQHandler                           0x080001c7   Thumb Code     0  startup_stm32f40_41xxx.o(.text)
    RTC_Alarm_IRQHandler                     0x080001c7   Thumb Code     0  startup_stm32f40_41xxx.o(.text)
    RTC_WKUP_IRQHandler                      0x080001c7   Thumb Code     0  startup_stm32f40_41xxx.o(.text)
    SDIO_IRQHandler                          0x080001c7   Thumb Code     0  startup_stm32f40_41xxx.o(.text)
    SPI1_IRQHandler                          0x080001c7   Thumb Code     0  startup_stm32f40_41xxx.o(.text)
    SPI2_IRQHandler                          0x080001c7   Thumb Code     0  startup_stm32f40_41xxx.o(.text)
    SPI3_IRQHandler                          0x080001c7   Thumb Code     0  startup_stm32f40_41xxx.o(.text)
    TAMP_STAMP_IRQHandler                    0x080001c7   Thumb Code     0  startup_stm32f40_41xxx.o(.text)
    TIM1_BRK_TIM9_IRQHandler                 0x080001c7   Thumb Code     0  startup_stm32f40_41xxx.o(.text)
    TIM1_CC_IRQHandler                       0x080001c7   Thumb Code     0  startup_stm32f40_41xxx.o(.text)
    TIM1_TRG_COM_TIM11_IRQHandler            0x080001c7   Thumb Code     0  startup_stm32f40_41xxx.o(.text)
    TIM1_UP_TIM10_IRQHandler                 0x080001c7   Thumb Code     0  startup_stm32f40_41xxx.o(.text)
    TIM2_IRQHandler                          0x080001c7   Thumb Code     0  startup_stm32f40_41xxx.o(.text)
    TIM3_IRQHandler                          0x080001c7   Thumb Code     0  startup_stm32f40_41xxx.o(.text)
    TIM4_IRQHandler                          0x080001c7   Thumb Code     0  startup_stm32f40_41xxx.o(.text)
    TIM6_DAC_IRQHandler                      0x080001c7   Thumb Code     0  startup_stm32f40_41xxx.o(.text)
    TIM7_IRQHandler                          0x080001c7   Thumb Code     0  startup_stm32f40_41xxx.o(.text)
    TIM8_BRK_TIM12_IRQHandler                0x080001c7   Thumb Code     0  startup_stm32f40_41xxx.o(.text)
    TIM8_CC_IRQHandler                       0x080001c7   Thumb Code     0  startup_stm32f40_41xxx.o(.text)
    TIM8_TRG_COM_TIM14_IRQHandler            0x080001c7   Thumb Code     0  startup_stm32f40_41xxx.o(.text)
    TIM8_UP_TIM13_IRQHandler                 0x080001c7   Thumb Code     0  startup_stm32f40_41xxx.o(.text)
    UART4_IRQHandler                         0x080001c7   Thumb Code     0  startup_stm32f40_41xxx.o(.text)
    UART5_IRQHandler                         0x080001c7   Thumb Code     0  startup_stm32f40_41xxx.o(.text)
    USART6_IRQHandler                        0x080001c7   Thumb Code     0  startup_stm32f40_41xxx.o(.text)
    WWDG_IRQHandler                          0x080001c7   Thumb Code     0  startup_stm32f40_41xxx.o(.text)
    __aeabi_ddiv                             0x080001d1   Thumb Code   222  ddiv.o(.text)
    __aeabi_f2d                              0x080002af   Thumb Code    38  f2d.o(.text)
    __aeabi_uidiv                            0x080002d5   Thumb Code     0  uidiv.o(.text)
    __aeabi_uidivmod                         0x080002d5   Thumb Code    44  uidiv.o(.text)
    __aeabi_uldivmod                         0x08000301   Thumb Code    98  uldiv.o(.text)
    __aeabi_llsr                             0x08000363   Thumb Code    32  llushr.o(.text)
    _ll_ushift_r                             0x08000363   Thumb Code     0  llushr.o(.text)
    __I$use$fp                               0x08000383   Thumb Code     0  iusefp.o(.text)
    _double_round                            0x08000383   Thumb Code    30  depilogue.o(.text)
    _double_epilogue                         0x080003a1   Thumb Code   156  depilogue.o(.text)
    __aeabi_dadd                             0x0800043d   Thumb Code   322  dadd.o(.text)
    __aeabi_dsub                             0x0800057f   Thumb Code     6  dadd.o(.text)
    __aeabi_drsub                            0x08000585   Thumb Code     6  dadd.o(.text)
    __aeabi_dmul                             0x0800058b   Thumb Code   228  dmul.o(.text)
    __aeabi_d2ulz                            0x0800066f   Thumb Code    48  dfixul.o(.text)
    __aeabi_cdrcmple                         0x080006a1   Thumb Code    48  cdrcmple.o(.text)
    __scatterload                            0x080006d1   Thumb Code    28  init.o(.text)
    __scatterload_rt2                        0x080006d1   Thumb Code     0  init.o(.text)
    __aeabi_llsl                             0x080006f5   Thumb Code    30  llshl.o(.text)
    _ll_shift_l                              0x080006f5   Thumb Code     0  llshl.o(.text)
    __aeabi_lasr                             0x08000713   Thumb Code    36  llsshr.o(.text)
    _ll_sshift_r                             0x08000713   Thumb Code     0  llsshr.o(.text)
    __decompress                             0x08000737   Thumb Code     0  __dczerorl2.o(.text)
    __decompress1                            0x08000737   Thumb Code    86  __dczerorl2.o(.text)
    BusFault_Handler                         0x0800078d   Thumb Code     2  stm32f4xx_it.o(i.BusFault_Handler)
    CAN1_RX0_IRQHandler                      0x08000791   Thumb Code   148  can_protocol.o(i.CAN1_RX0_IRQHandler)
    CAN1_TX_IRQHandler                       0x08000835   Thumb Code    34  can_protocol.o(i.CAN1_TX_IRQHandler)
    CAN_ClearITPendingBit                    0x0800085d   Thumb Code   152  stm32f4xx_can.o(i.CAN_ClearITPendingBit)
    CAN_DeInit                               0x080008f9   Thumb Code    58  stm32f4xx_can.o(i.CAN_DeInit)
    CAN_FilterInit                           0x08000935   Thumb Code   216  stm32f4xx_can.o(i.CAN_FilterInit)
    CAN_GetITStatus                          0x08000a21   Thumb Code   264  stm32f4xx_can.o(i.CAN_GetITStatus)
    CAN_ITConfig                             0x08000b2d   Thumb Code    16  stm32f4xx_can.o(i.CAN_ITConfig)
    CAN_Init                                 0x08000b3d   Thumb Code   232  stm32f4xx_can.o(i.CAN_Init)
    CAN_Receive                              0x08000c25   Thumb Code   180  stm32f4xx_can.o(i.CAN_Receive)
    CAN_StructInit                           0x08000cd9   Thumb Code    32  stm32f4xx_can.o(i.CAN_StructInit)
    CAN_Transmit                             0x08000cf9   Thumb Code   192  stm32f4xx_can.o(i.CAN_Transmit)
    DebugMon_Handler                         0x08000db9   Thumb Code     2  stm32f4xx_it.o(i.DebugMon_Handler)
    GPIO_Init                                0x08000dbb   Thumb Code   150  stm32f4xx_gpio.o(i.GPIO_Init)
    GPIO_PinAFConfig                         0x08000e51   Thumb Code    34  stm32f4xx_gpio.o(i.GPIO_PinAFConfig)
    GPIO_ReadInputDataBit                    0x08000e73   Thumb Code    14  stm32f4xx_gpio.o(i.GPIO_ReadInputDataBit)
    GPIO_ResetBits                           0x08000e81   Thumb Code     4  stm32f4xx_gpio.o(i.GPIO_ResetBits)
    GPIO_SetBits                             0x08000e85   Thumb Code     4  stm32f4xx_gpio.o(i.GPIO_SetBits)
    GPIO_StructInit                          0x08000e89   Thumb Code    18  stm32f4xx_gpio.o(i.GPIO_StructInit)
    HardFault_Handler                        0x08000e9b   Thumb Code     2  stm32f4xx_it.o(i.HardFault_Handler)
    MTi_1_UART_Rx                            0x08000e9d   Thumb Code   412  mti-1_uart.o(i.MTi_1_UART_Rx)
    MTi_1_UART_init                          0x08001049   Thumb Code   112  mti-1_uart.o(i.MTi_1_UART_init)
    MemManage_Handler                        0x080010c5   Thumb Code     2  stm32f4xx_it.o(i.MemManage_Handler)
    NMI_Handler                              0x080010c7   Thumb Code     2  stm32f4xx_it.o(i.NMI_Handler)
    NVIC_Init                                0x080010c9   Thumb Code   110  misc.o(i.NVIC_Init)
    NVIC_SetVectorTable                      0x0800113d   Thumb Code    16  misc.o(i.NVIC_SetVectorTable)
    PendSV_Handler                           0x08001151   Thumb Code     2  stm32f4xx_it.o(i.PendSV_Handler)
    RCC_AHB1PeriphClockCmd                   0x08001155   Thumb Code    18  stm32f4xx_rcc.o(i.RCC_AHB1PeriphClockCmd)
    RCC_APB1PeriphClockCmd                   0x0800116d   Thumb Code    18  stm32f4xx_rcc.o(i.RCC_APB1PeriphClockCmd)
    RCC_APB1PeriphClockLPModeCmd             0x08001185   Thumb Code    18  stm32f4xx_rcc.o(i.RCC_APB1PeriphClockLPModeCmd)
    RCC_APB1PeriphResetCmd                   0x0800119d   Thumb Code    18  stm32f4xx_rcc.o(i.RCC_APB1PeriphResetCmd)
    RCC_APB2PeriphClockCmd                   0x080011b5   Thumb Code    18  stm32f4xx_rcc.o(i.RCC_APB2PeriphClockCmd)
    RCC_APB2PeriphResetCmd                   0x080011cd   Thumb Code    18  stm32f4xx_rcc.o(i.RCC_APB2PeriphResetCmd)
    RCC_GetClocksFreq                        0x080011e5   Thumb Code   144  stm32f4xx_rcc.o(i.RCC_GetClocksFreq)
    SPI_CalculateCRC                         0x08001285   Thumb Code    18  stm32f4xx_spi.o(i.SPI_CalculateCRC)
    SPI_Cmd                                  0x08001297   Thumb Code    18  stm32f4xx_spi.o(i.SPI_Cmd)
    SPI_I2S_GetFlagStatus                    0x080012a9   Thumb Code    14  stm32f4xx_spi.o(i.SPI_I2S_GetFlagStatus)
    SPI_I2S_ReceiveData                      0x080012b7   Thumb Code     4  stm32f4xx_spi.o(i.SPI_I2S_ReceiveData)
    SPI_I2S_SendData                         0x080012bb   Thumb Code     4  stm32f4xx_spi.o(i.SPI_I2S_SendData)
    SPI_Init                                 0x080012bf   Thumb Code    84  stm32f4xx_spi.o(i.SPI_Init)
    SPI_SSOutputCmd                          0x08001313   Thumb Code    18  stm32f4xx_spi.o(i.SPI_SSOutputCmd)
    SVC_Handler                              0x08001325   Thumb Code     2  stm32f4xx_it.o(i.SVC_Handler)
    SysTick_Handler                          0x08001327   Thumb Code     2  stm32f4xx_it.o(i.SysTick_Handler)
    SystemCoreClockUpdate                    0x08001329   Thumb Code   110  system_stm32f4xx.o(i.SystemCoreClockUpdate)
    SystemInit                               0x080013ad   Thumb Code   242  system_stm32f4xx.o(i.SystemInit)
    TIM5_IRQHandler                          0x080014c9   Thumb Code    62  ticks.o(i.TIM5_IRQHandler)
    TIM_ARRPreloadConfig                     0x08001511   Thumb Code    18  stm32f4xx_tim.o(i.TIM_ARRPreloadConfig)
    TIM_ClearFlag                            0x08001523   Thumb Code     6  stm32f4xx_tim.o(i.TIM_ClearFlag)
    TIM_ClearITPendingBit                    0x08001529   Thumb Code     6  stm32f4xx_tim.o(i.TIM_ClearITPendingBit)
    TIM_Cmd                                  0x0800152f   Thumb Code    18  stm32f4xx_tim.o(i.TIM_Cmd)
    TIM_CtrlPWMOutputs                       0x08001541   Thumb Code    22  stm32f4xx_tim.o(i.TIM_CtrlPWMOutputs)
    TIM_DeInit                               0x08001557   Thumb Code   386  stm32f4xx_tim.o(i.TIM_DeInit)
    TIM_EncoderInterfaceConfig               0x080016d9   Thumb Code    60  stm32f4xx_tim.o(i.TIM_EncoderInterfaceConfig)
    TIM_GetITStatus                          0x08001715   Thumb Code    22  stm32f4xx_tim.o(i.TIM_GetITStatus)
    TIM_ITConfig                             0x0800172b   Thumb Code    16  stm32f4xx_tim.o(i.TIM_ITConfig)
    TIM_OC1Init                              0x0800173b   Thumb Code   104  stm32f4xx_tim.o(i.TIM_OC1Init)
    TIM_OC1PreloadConfig                     0x080017a3   Thumb Code    12  stm32f4xx_tim.o(i.TIM_OC1PreloadConfig)
    TIM_SetAutoreload                        0x080017af   Thumb Code     4  stm32f4xx_tim.o(i.TIM_SetAutoreload)
    TIM_SetCompare1                          0x080017b3   Thumb Code     4  stm32f4xx_tim.o(i.TIM_SetCompare1)
    TIM_SetCounter                           0x080017b7   Thumb Code     4  stm32f4xx_tim.o(i.TIM_SetCounter)
    TIM_TimeBaseInit                         0x080017bd   Thumb Code   118  stm32f4xx_tim.o(i.TIM_TimeBaseInit)
    TM_GPIO_INT_Init                         0x0800183d   Thumb Code   156  tm_stm32f4_gpio.o(i.TM_GPIO_INT_Init)
    TM_GPIO_Init                             0x080018dd   Thumb Code    44  tm_stm32f4_gpio.o(i.TM_GPIO_Init)
    USART1_IRQHandler                        0x0800190d   Thumb Code    52  usart.o(i.USART1_IRQHandler)
    USART2_IRQHandler                        0x08001949   Thumb Code    52  usart.o(i.USART2_IRQHandler)
    USART3_IRQHandler                        0x08001985   Thumb Code    52  usart.o(i.USART3_IRQHandler)
    USART_ClearITPendingBit                  0x080019c1   Thumb Code    14  stm32f4xx_usart.o(i.USART_ClearITPendingBit)
    USART_Cmd                                0x080019cf   Thumb Code    18  stm32f4xx_usart.o(i.USART_Cmd)
    USART_GetFlagStatus                      0x080019e1   Thumb Code    14  stm32f4xx_usart.o(i.USART_GetFlagStatus)
    USART_GetITStatus                        0x080019ef   Thumb Code    66  stm32f4xx_usart.o(i.USART_GetITStatus)
    USART_ITConfig                           0x08001a31   Thumb Code    48  stm32f4xx_usart.o(i.USART_ITConfig)
    USART_Init                               0x08001a61   Thumb Code   180  stm32f4xx_usart.o(i.USART_Init)
    USART_ReceiveData                        0x08001b19   Thumb Code     8  stm32f4xx_usart.o(i.USART_ReceiveData)
    USART_SendData                           0x08001b21   Thumb Code     8  stm32f4xx_usart.o(i.USART_SendData)
    UsageFault_Handler                       0x08001b29   Thumb Code     2  stm32f4xx_it.o(i.UsageFault_Handler)
    __0vsprintf                              0x08001b2d   Thumb Code    30  printfa.o(i.__0vsprintf)
    __1vsprintf                              0x08001b2d   Thumb Code     0  printfa.o(i.__0vsprintf)
    __2vsprintf                              0x08001b2d   Thumb Code     0  printfa.o(i.__0vsprintf)
    __c89vsprintf                            0x08001b2d   Thumb Code     0  printfa.o(i.__0vsprintf)
    vsprintf                                 0x08001b2d   Thumb Code     0  printfa.o(i.__0vsprintf)
    __scatterload_copy                       0x08001b51   Thumb Code    14  handlers.o(i.__scatterload_copy)
    __scatterload_null                       0x08001b5f   Thumb Code     2  handlers.o(i.__scatterload_null)
    __scatterload_zeroinit                   0x08001b61   Thumb Code    14  handlers.o(i.__scatterload_zeroinit)
    _delay_ms                                0x08001b71   Thumb Code   112  ticks.o(i._delay_ms)
    button_init                              0x08002481   Thumb Code    28  button.o(i.button_init)
    buzzer_check                             0x080024a1   Thumb Code   274  buzzer.o(i.buzzer_check)
    buzzer_init                              0x080025c1   Thumb Code   242  buzzer.o(i.buzzer_init)
    buzzer_on                                0x080026cd   Thumb Code    30  buzzer.o(i.buzzer_on)
    buzzer_play_song                         0x080026f9   Thumb Code   108  buzzer.o(i.buzzer_play_song)
    can_init                                 0x08002771   Thumb Code   202  can_protocol.o(i.can_init)
    can_rx_add_filter                        0x08002845   Thumb Code    86  can_protocol.o(i.can_rx_add_filter)
    can_rx_init                              0x080028a5   Thumb Code    44  can_protocol.o(i.can_rx_init)
    can_tx_dequeue                           0x080028d5   Thumb Code   190  can_protocol.o(i.can_tx_dequeue)
    clear_buffer                             0x080029a1   Thumb Code    14  mti-1_uart.o(i.clear_buffer)
    encoder_init                             0x080029b5   Thumb Code   342  encoder.o(i.encoder_init)
    flt_cal                                  0x08002b21   Thumb Code   102  mti-1_uart.o(i.flt_cal)
    free                                     0x08002b89   Thumb Code    76  malloc.o(i.free)
    get_MTi_acc                              0x08002bd9   Thumb Code    12  mti-1_uart.o(i.get_MTi_acc)
    get_MTi_ang                              0x08002be9   Thumb Code    12  mti-1_uart.o(i.get_MTi_ang)
    get_ticks                                0x08002bf9   Thumb Code     6  ticks.o(i.get_ticks)
    led_init                                 0x08002c05   Thumb Code    40  led.o(i.led_init)
    main                                     0x08002c31   Thumb Code   188  main.o(i.main)
    malloc                                   0x08002d11   Thumb Code    92  malloc.o(i.malloc)
    s16_cap                                  0x08002d7d   Thumb Code    16  quick_math.o(i.s16_cap)
    send_MTi_1_UART_msg                      0x08002d8d   Thumb Code   136  mti-1_uart.o(i.send_MTi_1_UART_msg)
    sensorbar_init                           0x08002e95   Thumb Code    62  sensor_bar.o(i.sensorbar_init)
    servo_control                            0x08002ee5   Thumb Code    14  servo.o(i.servo_control)
    servo_init                               0x08002efd   Thumb Code   200  servo.o(i.servo_init)
    si_init                                  0x08002fcd   Thumb Code    60  servo_interface.o(i.si_init)
    tft_char_is_changed                      0x0800300d   Thumb Code   138  lcd_main.o(i.tft_char_is_changed)
    tft_clear                                0x080030a9   Thumb Code   106  lcd_main.o(i.tft_clear)
    tft_config                               0x0800311d   Thumb Code   534  lcd_main.o(i.tft_config)
    tft_fill_color                           0x08003333   Thumb Code    98  lcd_main.o(i.tft_fill_color)
    tft_init                                 0x08003395   Thumb Code   234  lcd_main.o(i.tft_init)
    tft_println                              0x08003491   Thumb Code   210  lcd_main.o(i.tft_println)
    tft_put_logo                             0x0800356d   Thumb Code  4824  lcd_main.o(i.tft_put_logo)
    tft_put_pixel                            0x08004845   Thumb Code    86  lcd_main.o(i.tft_put_pixel)
    tft_set_pixel_pos                        0x080048a1   Thumb Code    80  lcd_main.o(i.tft_set_pixel_pos)
    tft_spi_init                             0x080048f1   Thumb Code   262  lcd_main.o(i.tft_spi_init)
    tft_update                               0x08004a05   Thumb Code  1502  lcd_main.o(i.tft_update)
    tft_write_command                        0x08004ff9   Thumb Code    80  lcd_main.o(i.tft_write_command)
    tft_write_data                           0x08005051   Thumb Code    80  lcd_main.o(i.tft_write_data)
    ticks_init                               0x080050a9   Thumb Code    98  ticks.o(i.ticks_init)
    uart_init                                0x08005115   Thumb Code   232  usart.o(i.uart_init)
    uart_interrupt_init                      0x08005221   Thumb Code   100  usart.o(i.uart_interrupt_init)
    uart_tx_byte                             0x08005291   Thumb Code    36  usart.o(i.uart_tx_byte)
    SUCCESSFUL_SOUND                         0x080052b8   Data           8  buzzer_song.o(.constdata)
    COM_TX_PIN                               0x080052c0   Data           8  usart.o(.constdata)
    COM_RX_PIN                               0x080052c8   Data           8  usart.o(.constdata)
    COM_IRQ                                  0x080052d0   Data           8  usart.o(.constdata)
    COM_USART_CLK                            0x080052d8   Data          16  usart.o(.constdata)
    COM_TX_PORT_CLK                          0x080052e8   Data          16  usart.o(.constdata)
    COM_RX_PORT_CLK                          0x080052f8   Data          16  usart.o(.constdata)
    Region$$Table$$Base                      0x08005308   Number         0  anon$$obj.o(Region$$Table)
    Region$$Table$$Limit                     0x08005328   Number         0  anon$$obj.o(Region$$Table)
    SystemCoreClock                          0x20000010   Data           4  system_stm32f4xx.o(.data)
    AHBPrescTable                            0x20000014   Data          16  system_stm32f4xx.o(.data)
    sensor_bar_mid                           0x20000024   Data           1  sensor_bar.o(.data)
    sensorbar_region                         0x20000025   Data           1  sensor_bar.o(.data)
    sensorbar_cali                           0x20000026   Data           1  sensor_bar.o(.data)
    current_servo_pwm                        0x20000028   Data           2  servo_interface.o(.data)
    pending_servo_pwm                        0x2000002a   Data           2  servo_interface.o(.data)
    static_pwm_bias                          0x2000002c   Data           2  servo_interface.o(.data)
    raw_buffer                               0x20000038   Data           4  mti-1_uart.o(.data)
    MTi_msg                                  0x2000003c   Data           8  mti-1_uart.o(.data)
    CAN_FilterCount                          0x20000044   Data           1  can_protocol.o(.data)
    CAN_Tx_Queue                             0x2000004c   Data          12  can_protocol.o(.data)
    encoder_cycles                           0x20000058   Data           8  encoder.o(.data)
    encoder_cur_cycle                        0x20000060   Data           8  encoder.o(.data)
    tft_orientation                          0x20000090   Data           1  lcd_main.o(.data)
    tft_enabled                              0x20000091   Data           1  lcd_main.o(.data)
    tft_width                                0x20000092   Data           1  lcd_main.o(.data)
    tft_height                               0x20000093   Data           1  lcd_main.o(.data)
    tft_y_index                              0x20000094   Data           1  lcd_main.o(.data)
    pointer_to_curr_screen                   0x20000095   Data           1  lcd_main.o(.data)
    char_max_x                               0x20000096   Data           1  lcd_main.o(.data)
    char_max_y                               0x20000097   Data           1  lcd_main.o(.data)
    curr_bg_color                            0x20000098   Data           2  lcd_main.o(.data)
    curr_text_color                          0x2000009a   Data           2  lcd_main.o(.data)
    curr_text_color_sp                       0x2000009c   Data           2  lcd_main.o(.data)
    ascii_8x16                               0x2000009e   Data        1536  lcd_main.o(.data)
    uart1_listener_empty                     0x200006a0   Data           1  usart.o(.data)
    uart2_listener_empty                     0x200006a1   Data           1  usart.o(.data)
    uart3_listener_empty                     0x200006a2   Data           1  usart.o(.data)
    printf_COMx                              0x200006a3   Data           1  usart.o(.data)
    uart1_rx_listener                        0x200006a4   Data           4  usart.o(.data)
    uart2_rx_listener                        0x200006a8   Data           4  usart.o(.data)
    uart3_rx_listener                        0x200006ac   Data           4  usart.o(.data)
    COM_USART                                0x200006b0   Data          16  usart.o(.data)
    COM_TX_PORT                              0x200006c0   Data          16  usart.o(.data)
    Buzzer_Queue                             0x200006e8   Data          12  buzzer.o(.data)
    using_delay                              0x2000070c   Data           1  ticks.o(.data)
    ticks                                    0x2000070e   Data           2  ticks.o(.data)
    seconds                                  0x20000710   Data           2  ticks.o(.data)
    __microlib_freelist                      0x20000714   Data           4  mvars.o(.data)
    __microlib_freelist_initialised          0x20000718   Data           4  mvars.o(.data)
    sensor_bar_filtered                      0x2000071c   Data          32  sensor_bar.o(.bss)
    sensor_bar_raw                           0x2000073c   Data          32  sensor_bar.o(.bss)
    MTi_ang                                  0x2000075c   Data          12  mti-1_uart.o(.bss)
    MTi_acc                                  0x20000768   Data          12  mti-1_uart.o(.bss)
    CAN_Tx_Queue_Array                       0x20000774   Data       32000  can_protocol.o(.bss)
    CAN_Rx_Handlers                          0x20008484   Data         112  can_protocol.o(.bss)
    text                                     0x200084f4   Data         400  lcd_main.o(.bss)
    text_color                               0x20008684   Data         800  lcd_main.o(.bss)
    bg_color                                 0x200089a4   Data         800  lcd_main.o(.bss)
    __heap_base                              0x20008d10   Data           0  startup_stm32f40_41xxx.o(HEAP)
    __heap_limit                             0x20008f10   Data           0  startup_stm32f40_41xxx.o(HEAP)
    __initial_sp                             0x20009310   Data           0  startup_stm32f40_41xxx.o(STACK)



==============================================================================

Memory Map of the image

  Image Entry point : 0x08000189

  Load Region LR_IROM1 (Base: 0x08000000, Size: 0x00005a44, Max: 0x00100000, ABSOLUTE, COMPRESSED[0x00005650])

    Execution Region ER_IROM1 (Base: 0x08000000, Size: 0x00005328, Max: 0x00100000, ABSOLUTE)

    Base Addr    Size         Type   Attr      Idx    E Section Name        Object

    0x08000000   0x00000188   Data   RO          818    RESET               startup_stm32f40_41xxx.o
    0x08000188   0x00000000   Code   RO         1198  * .ARM.Collect$$$$00000000  mc_w.l(entry.o)
    0x08000188   0x00000004   Code   RO         1235    .ARM.Collect$$$$00000001  mc_w.l(entry2.o)
    0x0800018c   0x00000004   Code   RO         1238    .ARM.Collect$$$$00000004  mc_w.l(entry5.o)
    0x08000190   0x00000000   Code   RO         1240    .ARM.Collect$$$$00000008  mc_w.l(entry7b.o)
    0x08000190   0x00000000   Code   RO         1242    .ARM.Collect$$$$0000000A  mc_w.l(entry8b.o)
    0x08000190   0x00000008   Code   RO         1243    .ARM.Collect$$$$0000000B  mc_w.l(entry9a.o)
    0x08000198   0x00000000   Code   RO         1245    .ARM.Collect$$$$0000000D  mc_w.l(entry10a.o)
    0x08000198   0x00000000   Code   RO         1247    .ARM.Collect$$$$0000000F  mc_w.l(entry11a.o)
    0x08000198   0x00000004   Code   RO         1236    .ARM.Collect$$$$00002712  mc_w.l(entry2.o)
    0x0800019c   0x0000000e   Code   RO         1180    .emb_text           ticks.o
    0x080001aa   0x00000002   PAD
    0x080001ac   0x00000024   Code   RO          819    .text               startup_stm32f40_41xxx.o
    0x080001d0   0x000000de   Code   RO         1230    .text               mf_w.l(ddiv.o)
    0x080002ae   0x00000026   Code   RO         1233    .text               mf_w.l(f2d.o)
    0x080002d4   0x0000002c   Code   RO         1249    .text               mc_w.l(uidiv.o)
    0x08000300   0x00000062   Code   RO         1250    .text               mc_w.l(uldiv.o)
    0x08000362   0x00000020   Code   RO         1251    .text               mc_w.l(llushr.o)
    0x08000382   0x00000000   Code   RO         1256    .text               mc_w.l(iusefp.o)
    0x08000382   0x000000ba   Code   RO         1258    .text               mf_w.l(depilogue.o)
    0x0800043c   0x0000014e   Code   RO         1259    .text               mf_w.l(dadd.o)
    0x0800058a   0x000000e4   Code   RO         1260    .text               mf_w.l(dmul.o)
    0x0800066e   0x00000030   Code   RO         1261    .text               mf_w.l(dfixul.o)
    0x0800069e   0x00000002   PAD
    0x080006a0   0x00000030   Code   RO         1262    .text               mf_w.l(cdrcmple.o)
    0x080006d0   0x00000024   Code   RO         1263    .text               mc_w.l(init.o)
    0x080006f4   0x0000001e   Code   RO         1264    .text               mc_w.l(llshl.o)
    0x08000712   0x00000024   Code   RO         1265    .text               mc_w.l(llsshr.o)
    0x08000736   0x00000056   Code   RO         1272    .text               mc_w.l(__dczerorl2.o)
    0x0800078c   0x00000002   Code   RO          823    i.BusFault_Handler  stm32f4xx_it.o
    0x0800078e   0x00000002   PAD
    0x08000790   0x000000a4   Code   RO          988    i.CAN1_RX0_IRQHandler  can_protocol.o
    0x08000834   0x00000028   Code   RO          989    i.CAN1_TX_IRQHandler  can_protocol.o
    0x0800085c   0x0000009c   Code   RO          459    i.CAN_ClearITPendingBit  stm32f4xx_can.o
    0x080008f8   0x0000003a   Code   RO          461    i.CAN_DeInit        stm32f4xx_can.o
    0x08000932   0x00000002   PAD
    0x08000934   0x000000ec   Code   RO          463    i.CAN_FilterInit    stm32f4xx_can.o
    0x08000a20   0x0000010c   Code   RO          465    i.CAN_GetITStatus   stm32f4xx_can.o
    0x08000b2c   0x00000010   Code   RO          469    i.CAN_ITConfig      stm32f4xx_can.o
    0x08000b3c   0x000000e8   Code   RO          470    i.CAN_Init          stm32f4xx_can.o
    0x08000c24   0x000000b4   Code   RO          473    i.CAN_Receive       stm32f4xx_can.o
    0x08000cd8   0x00000020   Code   RO          476    i.CAN_StructInit    stm32f4xx_can.o
    0x08000cf8   0x000000c0   Code   RO          478    i.CAN_Transmit      stm32f4xx_can.o
    0x08000db8   0x00000002   Code   RO          824    i.DebugMon_Handler  stm32f4xx_it.o
    0x08000dba   0x00000096   Code   RO          734    i.GPIO_Init         stm32f4xx_gpio.o
    0x08000e50   0x00000022   Code   RO          735    i.GPIO_PinAFConfig  stm32f4xx_gpio.o
    0x08000e72   0x0000000e   Code   RO          738    i.GPIO_ReadInputDataBit  stm32f4xx_gpio.o
    0x08000e80   0x00000004   Code   RO          741    i.GPIO_ResetBits    stm32f4xx_gpio.o
    0x08000e84   0x00000004   Code   RO          742    i.GPIO_SetBits      stm32f4xx_gpio.o
    0x08000e88   0x00000012   Code   RO          743    i.GPIO_StructInit   stm32f4xx_gpio.o
    0x08000e9a   0x00000002   Code   RO          825    i.HardFault_Handler  stm32f4xx_it.o
    0x08000e9c   0x000001ac   Code   RO          961    i.MTi_1_UART_Rx     mti-1_uart.o
    0x08001048   0x0000007c   Code   RO          962    i.MTi_1_UART_init   mti-1_uart.o
    0x080010c4   0x00000002   Code   RO          826    i.MemManage_Handler  stm32f4xx_it.o
    0x080010c6   0x00000002   Code   RO          827    i.NMI_Handler       stm32f4xx_it.o
    0x080010c8   0x00000074   Code   RO          288    i.NVIC_Init         misc.o
    0x0800113c   0x00000014   Code   RO          290    i.NVIC_SetVectorTable  misc.o
    0x08001150   0x00000002   Code   RO          828    i.PendSV_Handler    stm32f4xx_it.o
    0x08001152   0x00000002   PAD
    0x08001154   0x00000018   Code   RO           32    i.RCC_AHB1PeriphClockCmd  stm32f4xx_rcc.o
    0x0800116c   0x00000018   Code   RO           41    i.RCC_APB1PeriphClockCmd  stm32f4xx_rcc.o
    0x08001184   0x00000018   Code   RO           42    i.RCC_APB1PeriphClockLPModeCmd  stm32f4xx_rcc.o
    0x0800119c   0x00000018   Code   RO           43    i.RCC_APB1PeriphResetCmd  stm32f4xx_rcc.o
    0x080011b4   0x00000018   Code   RO           44    i.RCC_APB2PeriphClockCmd  stm32f4xx_rcc.o
    0x080011cc   0x00000018   Code   RO           46    i.RCC_APB2PeriphResetCmd  stm32f4xx_rcc.o
    0x080011e4   0x000000a0   Code   RO           53    i.RCC_GetClocksFreq  stm32f4xx_rcc.o
    0x08001284   0x00000012   Code   RO          755    i.SPI_CalculateCRC  stm32f4xx_spi.o
    0x08001296   0x00000012   Code   RO          756    i.SPI_Cmd           stm32f4xx_spi.o
    0x080012a8   0x0000000e   Code   RO          764    i.SPI_I2S_GetFlagStatus  stm32f4xx_spi.o
    0x080012b6   0x00000004   Code   RO          767    i.SPI_I2S_ReceiveData  stm32f4xx_spi.o
    0x080012ba   0x00000004   Code   RO          768    i.SPI_I2S_SendData  stm32f4xx_spi.o
    0x080012be   0x00000054   Code   RO          769    i.SPI_Init          stm32f4xx_spi.o
    0x08001312   0x00000012   Code   RO          771    i.SPI_SSOutputCmd   stm32f4xx_spi.o
    0x08001324   0x00000002   Code   RO          829    i.SVC_Handler       stm32f4xx_it.o
    0x08001326   0x00000002   Code   RO          830    i.SysTick_Handler   stm32f4xx_it.o
    0x08001328   0x00000084   Code   RO          813    i.SystemCoreClockUpdate  system_stm32f4xx.o
    0x080013ac   0x0000011c   Code   RO          814    i.SystemInit        system_stm32f4xx.o
    0x080014c8   0x00000048   Code   RO         1181    i.TIM5_IRQHandler   ticks.o
    0x08001510   0x00000012   Code   RO          642    i.TIM_ARRPreloadConfig  stm32f4xx_tim.o
    0x08001522   0x00000006   Code   RO          648    i.TIM_ClearFlag     stm32f4xx_tim.o
    0x08001528   0x00000006   Code   RO          649    i.TIM_ClearITPendingBit  stm32f4xx_tim.o
    0x0800152e   0x00000012   Code   RO          654    i.TIM_Cmd           stm32f4xx_tim.o
    0x08001540   0x00000016   Code   RO          656    i.TIM_CtrlPWMOutputs  stm32f4xx_tim.o
    0x08001556   0x00000182   Code   RO          659    i.TIM_DeInit        stm32f4xx_tim.o
    0x080016d8   0x0000003c   Code   RO          663    i.TIM_EncoderInterfaceConfig  stm32f4xx_tim.o
    0x08001714   0x00000016   Code   RO          675    i.TIM_GetITStatus   stm32f4xx_tim.o
    0x0800172a   0x00000010   Code   RO          679    i.TIM_ITConfig      stm32f4xx_tim.o
    0x0800173a   0x00000068   Code   RO          683    i.TIM_OC1Init       stm32f4xx_tim.o
    0x080017a2   0x0000000c   Code   RO          686    i.TIM_OC1PreloadConfig  stm32f4xx_tim.o
    0x080017ae   0x00000004   Code   RO          714    i.TIM_SetAutoreload  stm32f4xx_tim.o
    0x080017b2   0x00000004   Code   RO          716    i.TIM_SetCompare1   stm32f4xx_tim.o
    0x080017b6   0x00000004   Code   RO          720    i.TIM_SetCounter    stm32f4xx_tim.o
    0x080017ba   0x00000002   PAD
    0x080017bc   0x00000080   Code   RO          726    i.TIM_TimeBaseInit  stm32f4xx_tim.o
    0x0800183c   0x000000a0   Code   RO         1072    i.TM_GPIO_INT_Init  tm_stm32f4_gpio.o
    0x080018dc   0x00000030   Code   RO         1073    i.TM_GPIO_Init      tm_stm32f4_gpio.o
    0x0800190c   0x0000003c   Code   RO         1118    i.USART1_IRQHandler  usart.o
    0x08001948   0x0000003c   Code   RO         1119    i.USART2_IRQHandler  usart.o
    0x08001984   0x0000003c   Code   RO         1120    i.USART3_IRQHandler  usart.o
    0x080019c0   0x0000000e   Code   RO          340    i.USART_ClearITPendingBit  stm32f4xx_usart.o
    0x080019ce   0x00000012   Code   RO          343    i.USART_Cmd         stm32f4xx_usart.o
    0x080019e0   0x0000000e   Code   RO          346    i.USART_GetFlagStatus  stm32f4xx_usart.o
    0x080019ee   0x00000042   Code   RO          347    i.USART_GetITStatus  stm32f4xx_usart.o
    0x08001a30   0x00000030   Code   RO          349    i.USART_ITConfig    stm32f4xx_usart.o
    0x08001a60   0x000000b8   Code   RO          350    i.USART_Init        stm32f4xx_usart.o
    0x08001b18   0x00000008   Code   RO          357    i.USART_ReceiveData  stm32f4xx_usart.o
    0x08001b20   0x00000008   Code   RO          360    i.USART_SendData    stm32f4xx_usart.o
    0x08001b28   0x00000002   Code   RO          831    i.UsageFault_Handler  stm32f4xx_it.o
    0x08001b2a   0x00000002   PAD
    0x08001b2c   0x00000024   Code   RO         1209    i.__0vsprintf       mc_w.l(printfa.o)
    0x08001b50   0x0000000e   Code   RO         1269    i.__scatterload_copy  mc_w.l(handlers.o)
    0x08001b5e   0x00000002   Code   RO         1270    i.__scatterload_null  mc_w.l(handlers.o)
    0x08001b60   0x0000000e   Code   RO         1271    i.__scatterload_zeroinit  mc_w.l(handlers.o)
    0x08001b6e   0x00000002   PAD
    0x08001b70   0x00000074   Code   RO         1182    i._delay_ms         ticks.o
    0x08001be4   0x00000164   Code   RO         1210    i._fp_digits        mc_w.l(printfa.o)
    0x08001d48   0x000006dc   Code   RO         1211    i._printf_core      mc_w.l(printfa.o)
    0x08002424   0x00000024   Code   RO         1212    i._printf_post_padding  mc_w.l(printfa.o)
    0x08002448   0x0000002e   Code   RO         1213    i._printf_pre_padding  mc_w.l(printfa.o)
    0x08002476   0x0000000a   Code   RO         1215    i._sputc            mc_w.l(printfa.o)
    0x08002480   0x00000020   Code   RO         1021    i.button_init       button.o
    0x080024a0   0x00000120   Code   RO         1137    i.buzzer_check      buzzer.o
    0x080025c0   0x0000010c   Code   RO         1142    i.buzzer_init       buzzer.o
    0x080026cc   0x0000002c   Code   RO         1144    i.buzzer_on         buzzer.o
    0x080026f8   0x00000078   Code   RO         1145    i.buzzer_play_song  buzzer.o
    0x08002770   0x000000d4   Code   RO          993    i.can_init          can_protocol.o
    0x08002844   0x00000060   Code   RO          994    i.can_rx_add_filter  can_protocol.o
    0x080028a4   0x00000030   Code   RO          995    i.can_rx_init       can_protocol.o
    0x080028d4   0x000000cc   Code   RO          996    i.can_tx_dequeue    can_protocol.o
    0x080029a0   0x00000014   Code   RO          963    i.clear_buffer      mti-1_uart.o
    0x080029b4   0x0000016c   Code   RO         1011    i.encoder_init      encoder.o
    0x08002b20   0x00000066   Code   RO          964    i.flt_cal           mti-1_uart.o
    0x08002b86   0x00000002   PAD
    0x08002b88   0x00000050   Code   RO         1216    i.free              mc_w.l(malloc.o)
    0x08002bd8   0x00000010   Code   RO          965    i.get_MTi_acc       mti-1_uart.o
    0x08002be8   0x00000010   Code   RO          966    i.get_MTi_ang       mti-1_uart.o
    0x08002bf8   0x0000000c   Code   RO         1186    i.get_ticks         ticks.o
    0x08002c04   0x0000002c   Code   RO         1060    i.led_init          led.o
    0x08002c30   0x000000e0   Code   RO          835    i.main              main.o
    0x08002d10   0x0000006c   Code   RO         1217    i.malloc            mc_w.l(malloc.o)
    0x08002d7c   0x00000010   Code   RO         1160    i.s16_cap           quick_math.o
    0x08002d8c   0x0000008c   Code   RO          967    i.send_MTi_1_UART_msg  mti-1_uart.o
    0x08002e18   0x00000030   Code   RO          878    i.sensor_bar_receiver_a  sensor_bar.o
    0x08002e48   0x00000034   Code   RO          879    i.sensor_bar_receiver_b  sensor_bar.o
    0x08002e7c   0x0000000c   Code   RO          880    i.sensor_bar_receiver_c  sensor_bar.o
    0x08002e88   0x0000000c   Code   RO          881    i.sensor_bar_receiver_d  sensor_bar.o
    0x08002e94   0x00000050   Code   RO          883    i.sensorbar_init    sensor_bar.o
    0x08002ee4   0x00000018   Code   RO         1167    i.servo_control     servo.o
    0x08002efc   0x000000d0   Code   RO         1168    i.servo_init        servo.o
    0x08002fcc   0x00000040   Code   RO          928    i.si_init           servo_interface.o
    0x0800300c   0x0000009c   Code   RO         1026    i.tft_char_is_changed  lcd_main.o
    0x080030a8   0x00000074   Code   RO         1027    i.tft_clear         lcd_main.o
    0x0800311c   0x00000216   Code   RO         1029    i.tft_config        lcd_main.o
    0x08003332   0x00000062   Code   RO         1032    i.tft_fill_color    lcd_main.o
    0x08003394   0x000000fc   Code   RO         1035    i.tft_init          lcd_main.o
    0x08003490   0x000000dc   Code   RO         1036    i.tft_println       lcd_main.o
    0x0800356c   0x000012d8   Code   RO         1038    i.tft_put_logo      lcd_main.o
    0x08004844   0x0000005c   Code   RO         1039    i.tft_put_pixel     lcd_main.o
    0x080048a0   0x00000050   Code   RO         1043    i.tft_set_pixel_pos  lcd_main.o
    0x080048f0   0x00000114   Code   RO         1046    i.tft_spi_init      lcd_main.o
    0x08004a04   0x000005f4   Code   RO         1048    i.tft_update        lcd_main.o
    0x08004ff8   0x00000058   Code   RO         1049    i.tft_write_command  lcd_main.o
    0x08005050   0x00000058   Code   RO         1050    i.tft_write_data    lcd_main.o
    0x080050a8   0x0000006c   Code   RO         1188    i.ticks_init        ticks.o
    0x08005114   0x0000010c   Code   RO         1121    i.uart_init         usart.o
    0x08005220   0x00000070   Code   RO         1123    i.uart_interrupt_init  usart.o
    0x08005290   0x00000028   Code   RO         1128    i.uart_tx_byte      usart.o
    0x080052b8   0x00000008   Data   RO          898    .constdata          buzzer_song.o
    0x080052c0   0x00000048   Data   RO         1130    .constdata          usart.o
    0x08005308   0x00000020   Data   RO         1267    Region$$Table       anon$$obj.o


    Execution Region RW_IRAM1 (Base: 0x20000000, Size: 0x00009310, Max: 0x00020000, ABSOLUTE, COMPRESSED[0x00000328])

    Base Addr    Size         Type   Attr      Idx    E Section Name        Object

    0x20000000   0x00000010   Data   RW           85    .data               stm32f4xx_rcc.o
    0x20000010   0x00000014   Data   RW          815    .data               system_stm32f4xx.o
    0x20000024   0x00000003   Data   RW          885    .data               sensor_bar.o
    0x20000027   0x00000001   PAD
    0x20000028   0x00000006   Data   RW          933    .data               servo_interface.o
    0x2000002e   0x00000016   Data   RW          969    .data               mti-1_uart.o
    0x20000044   0x00000014   Data   RW         1007    .data               can_protocol.o
    0x20000058   0x00000038   Data   RW         1017    .data               encoder.o
    0x20000090   0x0000060e   Data   RW         1052    .data               lcd_main.o
    0x2000069e   0x00000002   PAD
    0x200006a0   0x00000030   Data   RW         1132    .data               usart.o
    0x200006d0   0x00000024   Data   RW         1154    .data               buzzer.o
    0x200006f4   0x00000018   Data   RW         1169    .data               servo.o
    0x2000070c   0x00000006   Data   RW         1189    .data               ticks.o
    0x20000712   0x00000002   PAD
    0x20000714   0x00000004   Data   RW         1254    .data               mc_w.l(mvars.o)
    0x20000718   0x00000004   Data   RW         1255    .data               mc_w.l(mvars.o)
    0x2000071c   0x00000040   Zero   RW          884    .bss                sensor_bar.o
    0x2000075c   0x00000018   Zero   RW          968    .bss                mti-1_uart.o
    0x20000774   0x00007d00   Zero   RW         1005    .bss                can_protocol.o
    0x20008474   0x00000080   Zero   RW         1006    .bss                can_protocol.o
    0x200084f4   0x000007d0   Zero   RW         1051    .bss                lcd_main.o
    0x20008cc4   0x00000016   Zero   RW         1081    .bss                tm_stm32f4_gpio.o
    0x20008cda   0x0000001a   Zero   RW         1151    .bss                buzzer.o
    0x20008cf4   0x00000018   Zero   RW         1152    .bss                buzzer.o
    0x20008d0c   0x00000004   PAD
    0x20008d10   0x00000200   Zero   RW          817    HEAP                startup_stm32f40_41xxx.o
    0x20008f10   0x00000400   Zero   RW          816    STACK               startup_stm32f40_41xxx.o


==============================================================================

Image component sizes


      Code (inc. data)   RO Data    RW Data    ZI Data      Debug   Object Name

        32          4          0          0          0          0   button.o
       720         66          0         36         50          0   buzzer.o
         0          0          8          0          0          0   buzzer_song.o
       764         60          0         20      32128          0   can_protocol.o
       364         22          0         56          0          0   encoder.o
      8348        134          0       1550       2000          0   lcd_main.o
        44          4          0          0          0          0   led.o
       224         36          0          0          0          0   main.o
       136         10          0          0          0          0   misc.o
       846         46          0         22         24          0   mti-1_uart.o
        16          0          0          0          0          0   quick_math.o
       204         34          0          3         64          0   sensor_bar.o
       232         18          0         24          0          0   servo.o
        64          4          0          6          0          0   servo_interface.o
        36          8        392          0       1536          0   startup_stm32f40_41xxx.o
      1370         28          0          0          0          0   stm32f4xx_can.o
       224          0          0          0          0          0   stm32f4xx_gpio.o
        18          0          0          0          0          0   stm32f4xx_it.o
       304         52          0         16          0          0   stm32f4xx_rcc.o
       160          0          0          0          0          0   stm32f4xx_spi.o
       810         10          0          0          0          0   stm32f4xx_tim.o
       360          4          0          0          0          0   stm32f4xx_usart.o
       416         64          0         20          0          0   system_stm32f4xx.o
       322         30          0          6          0          0   ticks.o
       208          8          0          0         22          0   tm_stm32f4_gpio.o
       600         76         72         48          0          0   usart.o

    ----------------------------------------------------------------------
     16836        718        504       1812      35828          0   Object Totals
         0          0         32          0          0          0   (incl. Generated)
        14          0          0          5          4          0   (incl. Padding)

    ----------------------------------------------------------------------

      Code (inc. data)   RO Data    RW Data    ZI Data      Debug   Library Member Name

        86          0          0          0          0          0   __dczerorl2.o
         0          0          0          0          0          0   entry.o
         0          0          0          0          0          0   entry10a.o
         0          0          0          0          0          0   entry11a.o
         8          4          0          0          0          0   entry2.o
         4          0          0          0          0          0   entry5.o
         0          0          0          0          0          0   entry7b.o
         0          0          0          0          0          0   entry8b.o
         8          4          0          0          0          0   entry9a.o
        30          0          0          0          0          0   handlers.o
        36          8          0          0          0          0   init.o
         0          0          0          0          0          0   iusefp.o
        30          0          0          0          0          0   llshl.o
        36          0          0          0          0          0   llsshr.o
        32          0          0          0          0          0   llushr.o
       188         20          0          0          0          0   malloc.o
         0          0          0          8          0          0   mvars.o
      2240         86          0          0          0          0   printfa.o
        44          0          0          0          0          0   uidiv.o
        98          0          0          0          0          0   uldiv.o
        48          0          0          0          0          0   cdrcmple.o
       334          0          0          0          0          0   dadd.o
       222          0          0          0          0          0   ddiv.o
       186          0          0          0          0          0   depilogue.o
        48          0          0          0          0          0   dfixul.o
       228          0          0          0          0          0   dmul.o
        38          0          0          0          0          0   f2d.o

    ----------------------------------------------------------------------
      3948        122          0          8          0          0   Library Totals
         4          0          0          0          0          0   (incl. Padding)

    ----------------------------------------------------------------------

      Code (inc. data)   RO Data    RW Data    ZI Data      Debug   Library Name

      2840        122          0          8          0          0   mc_w.l
      1104          0          0          0          0          0   mf_w.l

    ----------------------------------------------------------------------
      3948        122          0          8          0          0   Library Totals

    ----------------------------------------------------------------------

==============================================================================


      Code (inc. data)   RO Data    RW Data    ZI Data      Debug   

     20784        840        504       1820      35828          0   Grand Totals
     20784        840        504        808      35828          0   ELF Image Totals (compressed)
     20784        840        504        808          0          0   ROM Totals

==============================================================================

    Total RO  Size (Code + RO Data)                21288 (  20.79kB)
    Total RW  Size (RW Data + ZI Data)             37648 (  36.77kB)
    Total ROM Size (Code + RO Data + RW Data)      22096 (  21.58kB)

==============================================================================

