<html>
<body>
<pre>
<h1>µVision Build Log</h1>
<h2>Tool Versions:</h2>
IDE-Version: £gVision V5.16a
Copyright (C) 2015 ARM Ltd and ARM Germany GmbH. All rights reserved.
License Information: Yui Ting Mok, Ust ELEC, LIC=IK19U-S5JTG-62SLB-2LCVY-42UW1-3JLP9
 
Tool Versions:
Toolchain:       MDK-ARM Standard  Version: 5.16a
Toolchain Path:  C:\Keil_v5\ARM\ARMCC\Bin
C Compiler:      Armcc.exe V5.06 (build 20)
Assembler:       Armasm.exe V5.06 (build 20)
Linker/Locator:  ArmLink.exe V5.06 (build 20)
Library Manager: ArmAr.exe V5.06 (build 20)
Hex Converter:   FromElf.exe V5.06 (build 20)
CPU DLL:         SARMCM3.DLL V5.16a
Dialog DLL:      DCM.DLL V1.13.2.0
Target DLL:      UL2CM3.DLL V1.155.12.0
Dialog DLL:      TCM.DLL V1.14.5.0
 
<h2>Project:</h2>
D:\HKUST\Robotics\Robocon\git\robocon-2016\hkust-robocon-mb\Light_sensor_bar_V2\Project.uvprojx
Project File Date:  01/20/2016

<h2>Output:</h2>
*** Using Compiler 'V5.06 (build 20)', folder: 'C:\Keil_v5\ARM\ARMCC\Bin'
Build target 'stm32_template'
compiling main.c...
.\src\ustrobo_min_system\inc\led.h(38): warning:  #1295-D: Deprecated declaration get_led_state - give arg types
  u8 get_led_state();
src\user\can.h(29): warning:  #1295-D: Deprecated declaration adc_value - give arg types
  void adc_value();
src\user\button.h(7): warning:  #1295-D: Deprecated declaration button_init - give arg types
  void button_init();
src\user\button.h(8): warning:  #1295-D: Deprecated declaration button_1 - give arg types
  u8 button_1();
src\user\button.h(9): warning:  #1295-D: Deprecated declaration button_2 - give arg types
  u8 button_2();
src\user\main.c(43): warning:  #188-D: enumerated type mixed with another type
  			led_control(LED_RED,1);
src\user\main.c(47): warning:  #188-D: enumerated type mixed with another type
  			led_control(LED_RED,0);
src\user\main.c(50): warning:  #1-D: last line of file ends without a newline
  }
src\user\main.c: 8 warnings, 0 errors
linking...
Program Size: Code=9724 RO-data=360 RW-data=64 ZI-data=9136  
FromELF: creating hex file...
".\output\stm32_template.axf" - 0 Error(s), 8 Warning(s).

<h2>Collection of Component include folders:</h2>
  D:\HKUST\Robotics\Robocon\git\robocon-2016\hkust-robocon-mb\Light_sensor_bar_V2\RTE
  C:\Keil_v5\ARM\PACK\Keil\STM32F1xx_DFP\1.1.0\Device\Include

<h2>Collection of Component Files used:</h2>
Build Time Elapsed:  00:00:08
</pre>
</body>
</html>
