<html>
<body>
<pre>
<h1>µVision Build Log</h1>
<h2>Tool Versions:</h2>
IDE-Version: µVision V5.17.0.0
Copyright (C) 2015 ARM Ltd and ARM Germany GmbH. All rights reserved.
License Information: Kristian Suhartono, HKUST, LIC=TIVAR-K9JL0-M9RGG-V1PIX-ZDPA0-KMKNR
 
Tool Versions:
Toolchain:       MDK-ARM Standard  Version: 5.17
Toolchain Path:  C:\Keil_v5\ARM\ARMCC\Bin
C Compiler:      Armcc.exe V5.06 update 1 (build 61)
Assembler:       Armasm.exe V5.06 update 1 (build 61)
Linker/Locator:  ArmLink.exe V5.06 update 1 (build 61)
Library Manager: ArmAr.exe V5.06 update 1 (build 61)
Hex Converter:   FromElf.exe V5.06 update 1 (build 61)
CPU DLL:         SARMCM3.DLL V5.17
Dialog DLL:      DCM.DLL V1.13.4.0
Target DLL:      UL2CM3.DLL V1.156.1.0
Dialog DLL:      TCM.DLL V1.14.6.0
 
<h2>Project:</h2>
C:\Users\user\Documents\GitHub\roboco-2016\hkust-robocon-mb\sensor_bar_mainboard_number_2\Project.uvprojx
Project File Date:  01/23/2016

<h2>Output:</h2>
*** Using Compiler 'V5.06 update 1 (build 61)', folder: 'C:\Keil_v5\ARM\ARMCC\Bin'
Build target 'stm32_template'
compiling main.c...
.\src\ustrobo_min_system\inc\led.h(38): warning:  #1295-D: Deprecated declaration get_led_state - give arg types
  u8 get_led_state();
.\src\ustrobo_min_system\inc\lcd_main.h(76): warning:  #1295-D: Deprecated declaration tft_easy_init - give arg types
  void tft_easy_init();
src\user\can_motor.h(52): warning:  #1-D: last line of file ends without a newline
  #endif
.\src\ustrobo_min_system\inc\gyro.h(44): warning:  #1-D: last line of file ends without a newline
  #endif		/* __GYRO_H */
src\user\main.c(49): warning:  #188-D: enumerated type mixed with another type
  	tft_init(0,
LACK,
HITE,
HITE);
src\user\main.c(111): warning:  #111-D: statement is unreachable
      return 0;
src\user\main.c(47): warning:  #177-D: variable "val" was declared but never referenced
  	u16 val = SERVO_MED;
src\user\main.c(58): warning:  #177-D: variable "averageX" was declared but never referenced
    u16 averageX = 0;
src\user\main.c(59): warning:  #177-D: variable "count" was declared but never referenced
    u16 count = 0;
src\user\main.c: 9 warnings, 0 errors
linking...
Program Size: Code=22960 RO-data=460 RW-data=2208 ZI-data=35472  
FromELF: creating hex file...
".\output\stm32_template.axf" - 0 Error(s), 9 Warning(s).

<h2>Collection of Component include folders:</h2>
  C:\Users\user\Documents\GitHub\roboco-2016\hkust-robocon-mb\sensor_bar_mainboard_number_2\RTE
  C:\Keil_v5\ARM\PACK\Keil\STM32F1xx_DFP\2.0.0\Device\Include

<h2>Collection of Component Files used:</h2>
Build Time Elapsed:  00:00:02
</pre>
</body>
</html>
