<html>
<body>
<pre>
<h1>µVision Build Log</h1>
<h2>Tool Versions:</h2>
IDE-Version: µVision V5.16a
Copyright (C) 2015 ARM Ltd and ARM Germany GmbH. All rights reserved.
License Information: Rex Cheng, HKUST, LIC=8VRKP-M50WX-45FT5-G7R8Y-EZBPK-K7WBI
 
Tool Versions:
Toolchain:       MDK-ARM Standard  Version: 5.16a
Toolchain Path:  C:\WorkBench\IDE\Keil_v5\ARM\ARMCC\Bin
C Compiler:      Armcc.exe V5.06 (build 20)
Assembler:       Armasm.exe V5.06 (build 20)
Linker/Locator:  ArmLink.exe V5.06 (build 20)
Library Manager: ArmAr.exe V5.06 (build 20)
Hex Converter:   FromElf.exe V5.06 (build 20)
CPU DLL:         SARMCM3.DLL V5.16a
Dialog DLL:      DCM.DLL V1.13.2.0
Target DLL:      UL2CM3.DLL V1.155.12.0
Dialog DLL:      TCM.DLL V1.14.5.0
 
<h2>Project:</h2>
C:\WorkBench\Robo\robocon-2016\hkust-robocon-mb\GEN1_HYBIRD\Project.uvprojx
Project File Date:  01/31/2016

<h2>Output:</h2>
*** Using Compiler 'V5.06 (build 20)', folder: 'C:\WorkBench\IDE\Keil_v5\ARM\ARMCC\Bin'
Build target 'stm32_template'
compiling manual_move.c...
src\user\can_motor.h(55): warning:  #1-D: last line of file ends without a newline
  #endif
.\src\ustrobo_min_system\inc\lcd_main.h(89): warning:  #1295-D: Deprecated declaration tft_easy_init - give arg types
  void tft_easy_init();
.\src\ustrobo_min_system\inc\lcd_main.h(110): warning:  #1295-D: Deprecated declaration tft_mega_update - give arg types
  void tft_mega_update();
src\user\pneumatic.h(7): warning:  #1295-D: Deprecated declaration pneumatic_init - give arg types
  void pneumatic_init();
src\user\pneumatic.h(10): warning:  #1-D: last line of file ends without a newline
  #endif
src\user\manual_move.h(32): warning:  #1295-D: Deprecated declaration manual_init - give arg types
  void manual_init();
src\user\manual_move.h(33): warning:  #1295-D: Deprecated declaration climb_continue - give arg types
  void climb_continue();
src\user\manual_move.h(34): warning:  #1295-D: Deprecated declaration stop_climbing - give arg types
  void stop_climbing();
src\user\manual_move.h(35): warning:  #1295-D: Deprecated declaration manual_control_update - give arg types
  CONTROL_STATE manual_control_update();
src\user\manual_move.h(38): warning:  #1-D: last line of file ends without a newline
  #endif
src\user\manual_move.c(100): warning:  #188-D: enumerated type mixed with another type
  			motor_set_vel(MOTOR1 + i, motor_vel[i], CLOSE_LOOP);
src\user\manual_move.c(109): warning:  #188-D: enumerated type mixed with another type
  		tft_append_line("%d %d %d", get_pwm_value(0), get_pwm_value(1), get_pwm_value(2));
src\user\manual_move.c(109): warning:  #188-D: enumerated type mixed with another type
  		tft_append_line("%d %d %d", get_pwm_value(0), get_pwm_value(1), get_pwm_value(2));
src\user\manual_move.c(109): warning:  #188-D: enumerated type mixed with another type
  		tft_append_line("%d %d %d", get_pwm_value(0), get_pwm_value(1), get_pwm_value(2));
src\user\manual_move.c(183): warning:  #188-D: enumerated type mixed with another type
  			pneumatic_state = !pneumatic_state;
src\user\manual_move.c: 15 warnings, 0 errors
linking...
Program Size: Code=31176 RO-data=508 RW-data=2280 ZI-data=40712  
FromELF: creating hex file...
".\output\stm32_template.axf" - 0 Error(s), 15 Warning(s).

<h2>Collection of Component include folders:</h2>
  C:\WorkBench\Robo\robocon-2016\hkust-robocon-mb\GEN1_HYBIRD\RTE
  C:\WorkBench\IDE\Keil_v5\ARM\PACK\Keil\STM32F1xx_DFP\1.1.0\Device\Include

<h2>Collection of Component Files used:</h2>
Build Time Elapsed:  00:00:02
</pre>
</body>
</html>
