<html>
<body>
<pre>
<h1>µVision Build Log</h1>
<h2>Tool Versions:</h2>
IDE-Version: µVision V5.16a
Copyright (C) 2015 ARM Ltd and ARM Germany GmbH. All rights reserved.
License Information: Rex Cheng, HKUST, LIC=8VRKP-M50WX-45FT5-G7R8Y-EZBPK-K7WBI
 
Tool Versions:
Toolchain:       MDK-ARM Standard  Version: 5.16a
Toolchain Path:  C:\WorkBench\IDE\Keil_v5\ARM\ARMCC\Bin
C Compiler:      Armcc.exe V5.06 (build 20)
Assembler:       Armasm.exe V5.06 (build 20)
Linker/Locator:  ArmLink.exe V5.06 (build 20)
Library Manager: ArmAr.exe V5.06 (build 20)
Hex Converter:   FromElf.exe V5.06 (build 20)
CPU DLL:         SARMCM3.DLL V5.16a
Dialog DLL:      DCM.DLL V1.13.2.0
Target DLL:      UL2CM3.DLL V1.155.12.0
Dialog DLL:      TCM.DLL V1.14.5.0
 
<h2>Project:</h2>
C:\WorkBench\Robo\robocon-2016\hkust-robocon-mb\CAN_program\Project.uvprojx
Project File Date:  12/28/2015

<h2>Output:</h2>
*** Using Compiler 'V5.06 (build 20)', folder: 'C:\WorkBench\IDE\Keil_v5\ARM\ARMCC\Bin'
Build target 'stm32_template'
compiling can_chat.c...
src\user\can_chat.h(13): warning:  #1-D: last line of file ends without a newline
  #endif
src\user\can_chat.c(9): warning:  #188-D: enumerated type mixed with another type
  	led_control(
ED_D2_Pin, 1);
src\user\can_chat.c(9): warning:  #188-D: enumerated type mixed with another type
  	led_control(
ED_D2_Pin, 1);
src\user\can_chat.c(28): warning:  #188-D: enumerated type mixed with another type
  	led_control(
ED_D2_Pin, 0);
src\user\can_chat.c(28): warning:  #188-D: enumerated type mixed with another type
  	led_control(
ED_D2_Pin, 0);
src\user\can_chat.c(42): warning:  #188-D: enumerated type mixed with another type
  	led_control(
ED_D2_Pin, 1);
src\user\can_chat.c(42): warning:  #188-D: enumerated type mixed with another type
  	led_control(
ED_D2_Pin, 1);
src\user\can_chat.c(73): warning:  #188-D: enumerated type mixed with another type
  	led_control(
ED_D2_Pin, 0);
src\user\can_chat.c(73): warning:  #188-D: enumerated type mixed with another type
  	led_control(
ED_D2_Pin, 0);
src\user\can_chat.c: 9 warnings, 0 errors
linking...
Program Size: Code=22148 RO-data=480 RW-data=2160 ZI-data=35864  
FromELF: creating hex file...
".\output\stm32_template.axf" - 0 Error(s), 9 Warning(s).

<h2>Collection of Component include folders:</h2>
  C:\WorkBench\Robo\robocon-2016\hkust-robocon-mb\CAN_program\RTE
  C:\WorkBench\IDE\Keil_v5\ARM\PACK\Keil\STM32F1xx_DFP\1.1.0\Device\Include

<h2>Collection of Component Files used:</h2>
Build Time Elapsed:  00:00:01
</pre>
</body>
</html>
