<html>
<body>
<pre>
<h1>µVision Build Log</h1>
<h2>Tool Versions:</h2>
IDE-Version: µVision V5.16a
Copyright (C) 2015 ARM Ltd and ARM Germany GmbH. All rights reserved.
License Information: Budi Ryan, HKUST, LIC=KRMKP-M1WFP-0N5AM-XE8XD-E2BWY-06LVZ
 
Tool Versions:
Toolchain:       MDK-ARM Standard  Version: 5.16a
Toolchain Path:  C:\Keil_v5\ARM\ARMCC\Bin
C Compiler:      Armcc.exe V5.06 (build 20)
Assembler:       Armasm.exe V5.06 (build 20)
Linker/Locator:  ArmLink.exe V5.06 (build 20)
Library Manager: ArmAr.exe V5.06 (build 20)
Hex Converter:   FromElf.exe V5.06 (build 20)
CPU DLL:         SARMCM3.DLL V5.16a
Dialog DLL:      DCM.DLL V1.13.2.0
Target DLL:      STLink\ST-LINKIII-KEIL_SWO.dll V2.0.17.0
Dialog DLL:      TCM.DLL V1.14.5.0
 
<h2>Project:</h2>
C:\Users\BudiRyan\Documents\GitHub\robocon-2016\hkust-robocon-mb\eco_gen_1\Project\project.uvprojx
Project File Date:  03/02/2016

<h2>Output:</h2>
*** Using Compiler 'V5.06 (build 20)', folder: 'C:\Keil_v5\ARM\ARMCC\Bin'
Build target 'STM32F4_ROBOCON'
compiling main.c...
.\inc\led.h(20): warning:  #1-D: last line of file ends without a newline
  #endif
..\Project\gyro.h(61): warning:  #1-D: last line of file ends without a newline
  #endif		/* __GYRO_H */
..\Project\can_protocol.h(82): warning:  #1295-D: Deprecated declaration testing - give arg types
  void testing();
..\Project\line_sensor.h(31): warning:  #1295-D: Deprecated declaration get_line_sensor_all - give arg types
  u8 get_line_sensor_all();
..\Project\line_sensor.h(33): warning:  #1-D: last line of file ends without a newline
  #endif
src\main.c(134): warning:  #111-D: statement is unreachable
  	return 0;
src\main.c(56): warning:  #177-D: variable "ticks_ms_img" was declared but never referenced
      u32 ticks_ms_img = 0;
src\main.c(64): warning:  #177-D: variable "length_state" was declared but never referenced
      int length_state = 0;
src\main.c(70): warning:  #177-D: variable "factor" was declared but never referenced
      float factor = 0;
src\main.c(141): warning:  #1-D: last line of file ends without a newline
  }
src\main.c: 10 warnings, 0 errors
linking...
Program Size: Code=23556 RO-data=992 RW-data=2116 ZI-data=36092  
FromELF: creating hex file...
".\Output\project.hex" - 0 Error(s), 10 Warning(s).

<h2>Software Packages used:</h2>

Package Vendor: ARM
                http://www.keil.com/pack/ARM.CMSIS.4.5.0.pack
                ARM::CMSIS:CORE:4.3.0
                CMSIS (Cortex Microcontroller Software Interface Standard)
   * Component: CORE Version: 4.3.0

Package Vendor: Keil
                http://www.keil.com/pack/Keil.STM32F4xx_DFP.2.7.0.pack
                Keil::Device:Startup:2.4.2
                STMicroelectronics STM32F4 Series Device Support, Drivers and Examples
   * Component: Startup Version: 2.4.2

<h2>Collection of Component include folders:</h2>
  C:\Users\BudiRyan\Documents\GitHub\robocon-2016\hkust-robocon-mb\eco_gen_1\Project\RTE
  C:\Keil_v5\ARM\PACK\ARM\CMSIS\4.5.0\CMSIS\Include
  C:\Keil_v5\ARM\PACK\Keil\STM32F4xx_DFP\2.7.0\Drivers\CMSIS\Device\ST\STM32F4xx\Include

<h2>Collection of Component Files used:</h2>

   * Component: ARM::CMSIS:CORE:4.3.0

   * Component: Keil::Device:Startup:2.4.2
      Include file:  Drivers\CMSIS\Device\ST\STM32F4xx\Include\stm32f4xx.h
      Source file:   Drivers\CMSIS\Device\ST\STM32F4xx\Source\Templates\arm\startup_stm32f405xx.s
      Source file:   MDK\Device\Source\ARM\STM32F40xxx_41xxx_OPT.s
      Source file:   MDK\Device\Source\ARM\STM32F4xx_OTP.s
      Source file:   Drivers\CMSIS\Device\ST\STM32F4xx\Source\Templates\system_stm32f4xx.c
Build Time Elapsed:  00:00:04
</pre>
</body>
</html>
