<html>
<body>
<pre>
<h1>µVision Build Log</h1>
<h2>Tool Versions:</h2>
IDE-Version: µVision V5.16a
Copyright (C) 2015 ARM Ltd and ARM Germany GmbH. All rights reserved.
License Information: Rex Cheng, HKUST, LIC=8VRKP-M50WX-45FT5-G7R8Y-EZBPK-K7WBI
 
Tool Versions:
Toolchain:       MDK-ARM Standard  Version: 5.16a
Toolchain Path:  C:\WorkBench\IDE\Keil_v5\ARM\ARMCC\Bin
C Compiler:      Armcc.exe V5.06 (build 20)
Assembler:       Armasm.exe V5.06 (build 20)
Linker/Locator:  ArmLink.exe V5.06 (build 20)
Library Manager: ArmAr.exe V5.06 (build 20)
Hex Converter:   FromElf.exe V5.06 (build 20)
CPU DLL:         SARMCM3.DLL V5.16a
Dialog DLL:      DCM.DLL V1.13.2.0
Target DLL:      UL2CM3.DLL V1.155.12.0
Dialog DLL:      TCM.DLL V1.14.5.0
 
<h2>Project:</h2>
C:\WorkBench\Robo\robocon-2016\develop\motor_driver_3.2_with_debug_message\STM32-FD-ADC.uvprojx
Project File Date:  02/14/2016

<h2>Output:</h2>
*** Using Compiler 'V5.06 (build 20)', folder: 'C:\WorkBench\IDE\Keil_v5\ARM\ARMCC\Bin'
Build target 'STM32-FD-ADC'
assembling startup_stm32f10x_md.s...
compiling main.c...
compiling system.c...
compiling stm32f10x_it.c...
compiling ticks.c...
compiling uart.c...
compiling approx_math.c...
compiling can.c...
compiling can_motor.c...
user\can_motor.c(167): warning:  #546-D: transfer of control bypasses initialization of:
            variable "received_ticks" (declared at line 243)
  	switch (msg.Data[0]) {
  	^
user\can_motor.c(4): warning:  #177-D: variable "can_motor_encoder_value" was declared but never referenced
  static s32 can_motor_encoder_value[CAN_MOTOR_COUNT] = {0};
user\can_motor.c(5): warning:  #177-D: variable "can_motor_pwm_value" was declared but never referenced
  static s32 can_motor_pwm_value[CAN_MOTOR_COUNT] = {0};
user\can_motor.c: 3 warnings, 0 errors
compiling can_protocol.c...
compiling velocity.c...
user\velocity.c(297): warning:  #1-D: last line of file ends without a newline
  }
user\velocity.c: 1 warning, 0 errors
compiling led.c...
compiling encoder.c...
compiling motor.c...
compiling debug.c...
compiling stm32f10x_adc.c...
compiling stm32f10x_dma.c...
compiling stm32f10x_gpio.c...
compiling stm32f10x_rcc.c...
compiling misc.c...
compiling stm32f10x_usart.c...
compiling stm32f10x_flash.c...
compiling stm32f10x_spi.c...
compiling stm32f10x_can.c...
compiling stm32f10x_tim.c...
compiling core_cm3.c...
compiling stm32f10x_exti.c...
compiling system_stm32f10x.c...
linking...
Program Size: Code=9256 RO-data=272 RW-data=128 ZI-data=20336  
FromELF: creating hex file...
".\obj\STM32-FD-ADC.axf" - 0 Error(s), 4 Warning(s).

<h2>Collection of Component include folders:</h2>
  C:\WorkBench\Robo\robocon-2016\develop\motor_driver_3.2_with_debug_message\RTE
  C:\WorkBench\IDE\Keil_v5\ARM\PACK\Keil\STM32F1xx_DFP\1.1.0\Device\Include

<h2>Collection of Component Files used:</h2>
Build Time Elapsed:  00:00:08
</pre>
</body>
</html>
