Component: ARM Compiler 5.06 (build 20) Tool: armlink [4d35a3]

==============================================================================

Section Cross References

    stm32f4xx_adc.o(i.ADC_DeInit) refers to stm32f4xx_rcc.o(i.RCC_APB2PeriphResetCmd) for RCC_APB2PeriphResetCmd
    stm32f4xx_can.o(i.CAN_DeInit) refers to stm32f4xx_rcc.o(i.RCC_APB1PeriphResetCmd) for RCC_APB1PeriphResetCmd
    stm32f4xx_can.o(i.CAN_GetITStatus) refers to stm32f4xx_can.o(i.CheckITStatus) for CheckITStatus
    stm32f4xx_cryp.o(i.CRYP_DeInit) refers to stm32f4xx_rcc.o(i.RCC_AHB2PeriphResetCmd) for RCC_AHB2PeriphResetCmd
    stm32f4xx_cryp_aes.o(i.CRYP_AES_CBC) refers to stm32f4xx_cryp.o(i.CRYP_KeyStructInit) for CRYP_KeyStructInit
    stm32f4xx_cryp_aes.o(i.CRYP_AES_CBC) refers to stm32f4xx_cryp.o(i.CRYP_KeyInit) for CRYP_KeyInit
    stm32f4xx_cryp_aes.o(i.CRYP_AES_CBC) refers to stm32f4xx_cryp.o(i.CRYP_Init) for CRYP_Init
    stm32f4xx_cryp_aes.o(i.CRYP_AES_CBC) refers to stm32f4xx_cryp.o(i.CRYP_IVInit) for CRYP_IVInit
    stm32f4xx_cryp_aes.o(i.CRYP_AES_CBC) refers to stm32f4xx_cryp.o(i.CRYP_FIFOFlush) for CRYP_FIFOFlush
    stm32f4xx_cryp_aes.o(i.CRYP_AES_CBC) refers to stm32f4xx_cryp.o(i.CRYP_Cmd) for CRYP_Cmd
    stm32f4xx_cryp_aes.o(i.CRYP_AES_CBC) refers to stm32f4xx_cryp.o(i.CRYP_GetCmdStatus) for CRYP_GetCmdStatus
    stm32f4xx_cryp_aes.o(i.CRYP_AES_CBC) refers to stm32f4xx_cryp.o(i.CRYP_GetFlagStatus) for CRYP_GetFlagStatus
    stm32f4xx_cryp_aes.o(i.CRYP_AES_CBC) refers to stm32f4xx_cryp.o(i.CRYP_DataIn) for CRYP_DataIn
    stm32f4xx_cryp_aes.o(i.CRYP_AES_CBC) refers to stm32f4xx_cryp.o(i.CRYP_DataOut) for CRYP_DataOut
    stm32f4xx_cryp_aes.o(i.CRYP_AES_CCM) refers to stm32f4xx_cryp.o(i.CRYP_KeyStructInit) for CRYP_KeyStructInit
    stm32f4xx_cryp_aes.o(i.CRYP_AES_CCM) refers to stm32f4xx_cryp.o(i.CRYP_FIFOFlush) for CRYP_FIFOFlush
    stm32f4xx_cryp_aes.o(i.CRYP_AES_CCM) refers to stm32f4xx_cryp.o(i.CRYP_KeyInit) for CRYP_KeyInit
    stm32f4xx_cryp_aes.o(i.CRYP_AES_CCM) refers to stm32f4xx_cryp.o(i.CRYP_IVInit) for CRYP_IVInit
    stm32f4xx_cryp_aes.o(i.CRYP_AES_CCM) refers to stm32f4xx_cryp.o(i.CRYP_Init) for CRYP_Init
    stm32f4xx_cryp_aes.o(i.CRYP_AES_CCM) refers to stm32f4xx_cryp.o(i.CRYP_PhaseConfig) for CRYP_PhaseConfig
    stm32f4xx_cryp_aes.o(i.CRYP_AES_CCM) refers to stm32f4xx_cryp.o(i.CRYP_DataIn) for CRYP_DataIn
    stm32f4xx_cryp_aes.o(i.CRYP_AES_CCM) refers to stm32f4xx_cryp.o(i.CRYP_Cmd) for CRYP_Cmd
    stm32f4xx_cryp_aes.o(i.CRYP_AES_CCM) refers to stm32f4xx_cryp.o(i.CRYP_GetCmdStatus) for CRYP_GetCmdStatus
    stm32f4xx_cryp_aes.o(i.CRYP_AES_CCM) refers to stm32f4xx_cryp.o(i.CRYP_GetFlagStatus) for CRYP_GetFlagStatus
    stm32f4xx_cryp_aes.o(i.CRYP_AES_CCM) refers to stm32f4xx_cryp.o(i.CRYP_DataOut) for CRYP_DataOut
    stm32f4xx_cryp_aes.o(i.CRYP_AES_CTR) refers to stm32f4xx_cryp.o(i.CRYP_KeyStructInit) for CRYP_KeyStructInit
    stm32f4xx_cryp_aes.o(i.CRYP_AES_CTR) refers to stm32f4xx_cryp.o(i.CRYP_KeyInit) for CRYP_KeyInit
    stm32f4xx_cryp_aes.o(i.CRYP_AES_CTR) refers to stm32f4xx_cryp.o(i.CRYP_Init) for CRYP_Init
    stm32f4xx_cryp_aes.o(i.CRYP_AES_CTR) refers to stm32f4xx_cryp.o(i.CRYP_IVInit) for CRYP_IVInit
    stm32f4xx_cryp_aes.o(i.CRYP_AES_CTR) refers to stm32f4xx_cryp.o(i.CRYP_FIFOFlush) for CRYP_FIFOFlush
    stm32f4xx_cryp_aes.o(i.CRYP_AES_CTR) refers to stm32f4xx_cryp.o(i.CRYP_Cmd) for CRYP_Cmd
    stm32f4xx_cryp_aes.o(i.CRYP_AES_CTR) refers to stm32f4xx_cryp.o(i.CRYP_GetCmdStatus) for CRYP_GetCmdStatus
    stm32f4xx_cryp_aes.o(i.CRYP_AES_CTR) refers to stm32f4xx_cryp.o(i.CRYP_DataIn) for CRYP_DataIn
    stm32f4xx_cryp_aes.o(i.CRYP_AES_CTR) refers to stm32f4xx_cryp.o(i.CRYP_GetFlagStatus) for CRYP_GetFlagStatus
    stm32f4xx_cryp_aes.o(i.CRYP_AES_CTR) refers to stm32f4xx_cryp.o(i.CRYP_DataOut) for CRYP_DataOut
    stm32f4xx_cryp_aes.o(i.CRYP_AES_ECB) refers to stm32f4xx_cryp.o(i.CRYP_KeyStructInit) for CRYP_KeyStructInit
    stm32f4xx_cryp_aes.o(i.CRYP_AES_ECB) refers to stm32f4xx_cryp.o(i.CRYP_KeyInit) for CRYP_KeyInit
    stm32f4xx_cryp_aes.o(i.CRYP_AES_ECB) refers to stm32f4xx_cryp.o(i.CRYP_Init) for CRYP_Init
    stm32f4xx_cryp_aes.o(i.CRYP_AES_ECB) refers to stm32f4xx_cryp.o(i.CRYP_FIFOFlush) for CRYP_FIFOFlush
    stm32f4xx_cryp_aes.o(i.CRYP_AES_ECB) refers to stm32f4xx_cryp.o(i.CRYP_Cmd) for CRYP_Cmd
    stm32f4xx_cryp_aes.o(i.CRYP_AES_ECB) refers to stm32f4xx_cryp.o(i.CRYP_GetCmdStatus) for CRYP_GetCmdStatus
    stm32f4xx_cryp_aes.o(i.CRYP_AES_ECB) refers to stm32f4xx_cryp.o(i.CRYP_GetFlagStatus) for CRYP_GetFlagStatus
    stm32f4xx_cryp_aes.o(i.CRYP_AES_ECB) refers to stm32f4xx_cryp.o(i.CRYP_DataIn) for CRYP_DataIn
    stm32f4xx_cryp_aes.o(i.CRYP_AES_ECB) refers to stm32f4xx_cryp.o(i.CRYP_DataOut) for CRYP_DataOut
    stm32f4xx_cryp_aes.o(i.CRYP_AES_GCM) refers to stm32f4xx_cryp.o(i.CRYP_KeyStructInit) for CRYP_KeyStructInit
    stm32f4xx_cryp_aes.o(i.CRYP_AES_GCM) refers to stm32f4xx_cryp.o(i.CRYP_FIFOFlush) for CRYP_FIFOFlush
[...]
    Removing stm32f4xx_usart.o(i.USART_SetPrescaler), (16 bytes).
    Removing stm32f4xx_usart.o(i.USART_SmartCardCmd), (20 bytes).
    Removing stm32f4xx_usart.o(i.USART_SmartCardNACKCmd), (20 bytes).
    Removing stm32f4xx_usart.o(i.USART_StructInit), (22 bytes).
    Removing stm32f4xx_usart.o(i.USART_WakeUpConfig), (16 bytes).
    Removing stm32f4xx_wwdg.o(.rev16_text), (4 bytes).
    Removing stm32f4xx_wwdg.o(.revsh_text), (4 bytes).
    Removing stm32f4xx_wwdg.o(.rrx_text), (6 bytes).
    Removing stm32f4xx_wwdg.o(i.WWDG_ClearFlag), (12 bytes).
    Removing stm32f4xx_wwdg.o(i.WWDG_DeInit), (24 bytes).
    Removing stm32f4xx_wwdg.o(i.WWDG_Enable), (16 bytes).
    Removing stm32f4xx_wwdg.o(i.WWDG_EnableIT), (16 bytes).
    Removing stm32f4xx_wwdg.o(i.WWDG_GetFlagStatus), (20 bytes).
    Removing stm32f4xx_wwdg.o(i.WWDG_SetCounter), (16 bytes).
    Removing stm32f4xx_wwdg.o(i.WWDG_SetPrescaler), (20 bytes).
    Removing stm32f4xx_wwdg.o(i.WWDG_SetWindowValue), (28 bytes).
    Removing stm32f4xx_it.o(.rev16_text), (4 bytes).
    Removing stm32f4xx_it.o(.revsh_text), (4 bytes).
    Removing stm32f4xx_it.o(.rrx_text), (6 bytes).
    Removing system_stm32f4xx.o(.rev16_text), (4 bytes).
    Removing system_stm32f4xx.o(.revsh_text), (4 bytes).
    Removing system_stm32f4xx.o(.rrx_text), (6 bytes).
    Removing startup_stm32f40_41xxx.o(HEAP), (512 bytes).
    Removing main.o(.rev16_text), (4 bytes).
    Removing main.o(.revsh_text), (4 bytes).
    Removing main.o(.rrx_text), (6 bytes).
    Removing approx_math.o(.rev16_text), (4 bytes).
    Removing approx_math.o(.revsh_text), (4 bytes).
    Removing approx_math.o(.rrx_text), (6 bytes).
    Removing approx_math.o(i.Abs), (8 bytes).
    Removing approx_math.o(i.Sqr), (4 bytes).
    Removing approx_math.o(i.Sqrt), (74 bytes).
    Removing approx_math.o(i.int_arc_cos), (14 bytes).
    Removing approx_math.o(i.int_arc_sin), (94 bytes).
    Removing approx_math.o(i.int_arc_tan), (72 bytes).
    Removing approx_math.o(i.int_arc_tan2), (74 bytes).
    Removing approx_math.o(i.int_tan), (76 bytes).
    Removing approx_math.o(i.p_mod), (18 bytes).
    Removing approx_math.o(i.xy_rotate), (78 bytes).
    Removing buzzer.o(.rev16_text), (4 bytes).
    Removing buzzer.o(.revsh_text), (4 bytes).
    Removing buzzer.o(.rrx_text), (6 bytes).
    Removing buzzer.o(i.buzzer_check), (248 bytes).
    Removing buzzer.o(i.buzzer_control), (36 bytes).
    Removing buzzer.o(i.buzzer_control_note), (30 bytes).
    Removing buzzer.o(i.buzzer_dequeue), (60 bytes).
    Removing buzzer.o(i.buzzer_enqueue), (56 bytes).
    Removing buzzer.o(i.buzzer_on), (36 bytes).
    Removing buzzer.o(i.buzzer_play_song), (60 bytes).
    Removing buzzer.o(i.buzzer_set_note_period), (28 bytes).
    Removing buzzer.o(i.buzzer_set_volume), (16 bytes).
    Removing buzzer.o(i.buzzer_stop_song), (12 bytes).
    Removing buzzer.o(i.get_note_period), (36 bytes).
    Removing buzzer.o(i.print_queue_status), (84 bytes).
    Removing buzzer.o(.constdata), (2 bytes).
    Removing buzzer_song.o(.rev16_text), (4 bytes).
    Removing buzzer_song.o(.revsh_text), (4 bytes).
    Removing buzzer_song.o(.rrx_text), (6 bytes).
    Removing buzzer_song.o(.constdata), (12 bytes).
    Removing buzzer_song.o(.constdata), (12 bytes).
    Removing buzzer_song.o(.constdata), (8 bytes).
    Removing buzzer_song.o(.constdata), (6 bytes).
    Removing buzzer_song.o(.constdata), (4 bytes).
    Removing buzzer_song.o(.constdata), (56 bytes).
    Removing buzzer_song.o(.constdata), (258 bytes).
    Removing buzzer_song.o(.constdata), (258 bytes).
    Removing buzzer_song.o(.constdata), (54 bytes).
    Removing buzzer_song.o(.constdata), (144 bytes).
    Removing can_motor.o(.rev16_text), (4 bytes).
    Removing can_motor.o(.revsh_text), (4 bytes).
    Removing can_motor.o(.rrx_text), (6 bytes).
    Removing can_motor.o(i.can_motor_feedback), (140 bytes).
    Removing can_motor.o(i.can_motor_feedback_encoder), (64 bytes).
    Removing can_motor.o(i.can_motor_init), (16 bytes).
    Removing can_motor.o(i.display_value), (28 bytes).
    Removing can_motor.o(i.display_value2), (24 bytes).
    Removing can_motor.o(i.get_can_motor_id), (4 bytes).
    Removing can_motor.o(i.get_encoder_value), (12 bytes).
    Removing can_motor.o(i.get_pwm_value), (12 bytes).
    Removing can_motor.o(i.motor_lock), (22 bytes).
    Removing can_motor.o(i.motor_set_acceleration), (60 bytes).
    Removing can_motor.o(i.motor_set_pos), (112 bytes).
    Removing can_motor.o(i.motor_set_vel), (92 bytes).
    Removing can_motor.o(i.send_encoder), (86 bytes).
    Removing can_motor.o(.bss), (128 bytes).
    Removing can_protocol.o(.rev16_text), (4 bytes).
    Removing can_protocol.o(.revsh_text), (4 bytes).
    Removing can_protocol.o(.rrx_text), (6 bytes).
    Removing can_protocol.o(i.can_get_recent_rx), (16 bytes).
    Removing can_protocol.o(i.can_get_rx_count), (12 bytes).
    Removing can_protocol.o(i.can_init), (212 bytes).
    Removing can_protocol.o(i.can_rx_add_filter), (92 bytes).
    Removing can_protocol.o(i.can_rx_init), (48 bytes).
    Removing can_protocol.o(i.can_tx_enqueue), (76 bytes).
    Removing can_protocol.o(i.can_tx_queue_clear), (16 bytes).
    Removing can_protocol.o(i.can_tx_queue_head), (12 bytes).
    Removing can_protocol.o(i.can_tx_queue_size), (28 bytes).
    Removing can_protocol.o(i.can_tx_queue_tail), (12 bytes).
    Removing can_protocol.o(i.n_bytes_to_one), (28 bytes).
    Removing can_protocol.o(i.one_to_n_bytes), (14 bytes).
    Removing encoder.o(.rev16_text), (4 bytes).
    Removing encoder.o(.revsh_text), (4 bytes).
    Removing encoder.o(.rrx_text), (6 bytes).
    Removing encoder.o(i.encoder_init), (272 bytes).
    Removing encoder.o(i.get_count), (20 bytes).
    Removing encoder.o(.data), (40 bytes).
    Removing gyro.o(.rev16_text), (4 bytes).
    Removing gyro.o(.revsh_text), (4 bytes).
    Removing gyro.o(.rrx_text), (6 bytes).
    Removing gyro.o(i.get_X), (72 bytes).
    Removing gyro.o(i.get_Y), (68 bytes).
    Removing gyro.o(i.get_angle), (12 bytes).
    Removing gyro.o(i.get_pos), (8 bytes).
    Removing gyro.o(i.get_pos_raw), (8 bytes).
    Removing gyro.o(i.gyro_cal), (88 bytes).
    Removing gyro.o(i.gyro_get_shift_x), (12 bytes).
    Removing gyro.o(i.gyro_get_shift_y), (12 bytes).
    Removing gyro.o(i.gyro_init), (22 bytes).
    Removing gyro.o(i.gyro_pos_set), (132 bytes).
    Removing gyro.o(i.gyro_pos_update), (30 bytes).
    Removing gyro.o(i.minus_x), (16 bytes).
    Removing gyro.o(i.minus_y), (16 bytes).
    Removing gyro.o(i.plus_x), (16 bytes).
    Removing gyro.o(i.plus_y), (16 bytes).
    Removing gyro.o(.data), (2 bytes).
    Removing gyro.o(.data), (2 bytes).
    Removing gyro.o(.data), (2 bytes).
    Removing infrared_sensor.o(.rev16_text), (4 bytes).
    Removing infrared_sensor.o(.revsh_text), (4 bytes).
    Removing infrared_sensor.o(.rrx_text), (6 bytes).
    Removing infrared_sensor.o(i.infrared_sensor_init), (44 bytes).
    Removing infrared_sensor.o(i.read_infrared_sensor), (20 bytes).
    Removing infrared_sensor.o(.data), (4 bytes).
    Removing led.o(.rev16_text), (4 bytes).
    Removing led.o(.revsh_text), (4 bytes).
    Removing led.o(.rrx_text), (6 bytes).
    Removing led.o(i.LED_OFF), (12 bytes).
    Removing led.o(i.LED_ON), (12 bytes).
    Removing led.o(i.LED_ON_ALL), (12 bytes).
    Removing line_sensor.o(.rev16_text), (4 bytes).
    Removing line_sensor.o(.revsh_text), (4 bytes).
    Removing line_sensor.o(.rrx_text), (6 bytes).
    Removing line_sensor.o(i.get_line_sensor_all), (52 bytes).
    Removing line_sensor.o(i.line_sensor_init), (52 bytes).
    Removing line_sensor.o(i.read_line_sensor), (20 bytes).
    Removing line_sensor.o(.data), (6 bytes).
    Removing sensor_bar.o(.rev16_text), (4 bytes).
    Removing sensor_bar.o(.revsh_text), (4 bytes).
    Removing sensor_bar.o(.rrx_text), (6 bytes).
    Removing sensor_bar.o(i.fill_sensorbar_array), (64 bytes).
    Removing sensor_bar.o(i.print_sensorbar_array), (64 bytes).
    Removing sensor_bar.o(i.receive), (32 bytes).
    Removing sensor_bar.o(i.receive2), (32 bytes).
    Removing sensor_bar.o(i.sensorbar_init), (48 bytes).
    Removing sensor_bar.o(.bss), (64 bytes).
    Removing servo.o(.rev16_text), (4 bytes).
    Removing servo.o(.revsh_text), (4 bytes).
    Removing servo.o(.rrx_text), (6 bytes).
    Removing ticks.o(.rev16_text), (4 bytes).
    Removing ticks.o(.revsh_text), (4 bytes).
    Removing ticks.o(.rrx_text), (6 bytes).
    Removing ticks.o(i._delay_us), (72 bytes).
    Removing ticks.o(i.get_full_ticks), (24 bytes).
    Removing usart.o(.rev16_text), (4 bytes).
    Removing usart.o(.revsh_text), (4 bytes).
    Removing usart.o(.rrx_text), (6 bytes).
    Removing usart.o(i.uart_init), (220 bytes).
    Removing usart.o(i.uart_interrupt), (72 bytes).
    Removing usart.o(i.uart_interrupt_init), (40 bytes).
    Removing usart.o(i.uart_printf_disable), (12 bytes).
    Removing usart.o(i.uart_printf_enable), (12 bytes).
    Removing usart.o(i.uart_rx_byte), (40 bytes).
    Removing usart.o(i.uart_tx), (44 bytes).
    Removing usart.o(i.uart_tx_byte), (40 bytes).
    Removing usart.o(.bss), (256 bytes).
    Removing usart.o(.constdata), (56 bytes).
    Removing usart.o(.data), (1 bytes).
    Removing usart.o(.data), (12 bytes).
    Removing tft_display.o(.rev16_text), (4 bytes).
    Removing tft_display.o(.revsh_text), (4 bytes).
    Removing tft_display.o(.rrx_text), (6 bytes).
    Removing tft_display.o(i.tft_clear_row), (32 bytes).
    Removing tft_display.o(i.tft_disable), (12 bytes).
    Removing tft_display.o(i.tft_enable), (12 bytes).
    Removing tft_display.o(i.tft_force_clear), (88 bytes).
    Removing tft_display.o(i.tft_get_bg_color), (12 bytes).
    Removing tft_display.o(i.tft_get_max_x_char), (20 bytes).
    Removing tft_display.o(i.tft_get_max_y_char), (20 bytes).
    Removing tft_display.o(i.tft_get_orientation), (12 bytes).
    Removing tft_display.o(i.tft_get_special_text_color), (12 bytes).
    Removing tft_display.o(i.tft_get_text_color), (12 bytes).
    Removing tft_display.o(i.tft_prints_enable), (12 bytes).
    Removing tft_display.o(i.tft_put_logo), (4650 bytes).
    Removing tft_display.o(i.tft_put_pixel), (88 bytes).
    Removing tft_display.o(i.tft_set_bg_color), (12 bytes).
    Removing tft_display.o(i.tft_set_orientation), (16 bytes).
    Removing tft_display.o(i.tft_set_pixel_pos), (80 bytes).
    Removing tft_display.o(i.tft_set_special_color), (12 bytes).
    Removing tft_display.o(i.tft_set_text_color), (12 bytes).
    Removing tft_display.o(i.tft_toggle), (28 bytes).
    Removing tft_display.o(.data), (2 bytes).

965 unused section(s) (total 38387 bytes) removed from the image.

==============================================================================

Image Symbol Table

    Local Symbols

    Symbol Name                              Value     Ov Type        Size  Object(Section)

    ../clib/../cmprslib/zerorunl2.c          0x00000000   Number         0  __dczerorl2.o ABSOLUTE
    ../clib/microlib/division.c              0x00000000   Number         0  uldiv.o ABSOLUTE
    ../clib/microlib/division.c              0x00000000   Number         0  uidiv.o ABSOLUTE
    ../clib/microlib/init/entry.s            0x00000000   Number         0  entry8b.o ABSOLUTE
    ../clib/microlib/init/entry.s            0x00000000   Number         0  entry9b.o ABSOLUTE
    ../clib/microlib/init/entry.s            0x00000000   Number         0  entry2.o ABSOLUTE
    ../clib/microlib/init/entry.s            0x00000000   Number         0  entry5.o ABSOLUTE
    ../clib/microlib/init/entry.s            0x00000000   Number         0  entry10b.o ABSOLUTE
    ../clib/microlib/init/entry.s            0x00000000   Number         0  entry7a.o ABSOLUTE
    ../clib/microlib/init/entry.s            0x00000000   Number         0  entry11b.o ABSOLUTE
    ../clib/microlib/init/entry.s            0x00000000   Number         0  entry7b.o ABSOLUTE
    ../clib/microlib/init/entry.s            0x00000000   Number         0  entry8a.o ABSOLUTE
    ../clib/microlib/init/entry.s            0x00000000   Number         0  entry.o ABSOLUTE
    ../clib/microlib/init/entry.s            0x00000000   Number         0  entry11a.o ABSOLUTE
    ../clib/microlib/init/entry.s            0x00000000   Number         0  entry9a.o ABSOLUTE
    ../clib/microlib/init/entry.s            0x00000000   Number         0  entry10a.o ABSOLUTE
    ../clib/microlib/longlong.c              0x00000000   Number         0  llshl.o ABSOLUTE
    ../clib/microlib/longlong.c              0x00000000   Number         0  llsshr.o ABSOLUTE
    ../clib/microlib/longlong.c              0x00000000   Number         0  llushr.o ABSOLUTE
    ../clib/microlib/printf/printf.c         0x00000000   Number         0  printfa.o ABSOLUTE
    ../clib/microlib/stdio/fputc.c           0x00000000   Number         0  fputc.o ABSOLUTE
    ../clib/microlib/stdio/semi.s            0x00000000   Number         0  semi.o ABSOLUTE
    ../clib/microlib/stdio/streams.c         0x00000000   Number         0  stdout.o ABSOLUTE
    ../clib/microlib/stdlib/abort.c          0x00000000   Number         0  abort.o ABSOLUTE
    ../clib/microlib/string/memcpy.c         0x00000000   Number         0  memcpya.o ABSOLUTE
    ../clib/microlib/string/memcpy.c         0x00000000   Number         0  memcpyb.o ABSOLUTE
    ../clib/microlib/stubs.s                 0x00000000   Number         0  iusefp.o ABSOLUTE
    ../clib/microlib/stubs.s                 0x00000000   Number         0  iusesemip.o ABSOLUTE
    ../fplib/microlib/fpadd.c                0x00000000   Number         0  dadd.o ABSOLUTE
    ../fplib/microlib/fpdiv.c                0x00000000   Number         0  ddiv.o ABSOLUTE
    ../fplib/microlib/fpepilogue.c           0x00000000   Number         0  depilogue.o ABSOLUTE
    ../fplib/microlib/fpfix.c                0x00000000   Number         0  dfixul.o ABSOLUTE
    ../fplib/microlib/fpmul.c                0x00000000   Number         0  dmul.o ABSOLUTE
    Libraries\CMSIS\Device\ST\STM32F4xx\Source\Templates\arm\startup_stm32f40_41xxx.s 0x00000000   Number         0  startup_stm32f40_41xxx.o ABSOLUTE
    Libraries\CMSIS\Device\ST\STM32F4xx\Source\Templates\system_stm32f4xx.c 0x00000000   Number         0  system_stm32f4xx.o ABSOLUTE
    Libraries\STM32F4xx_StdPeriph_Driver\src\misc.c 0x00000000   Number         0  misc.o ABSOLUTE
    Libraries\STM32F4xx_StdPeriph_Driver\src\stm32f4xx_adc.c 0x00000000   Number         0  stm32f4xx_adc.o ABSOLUTE
    Libraries\STM32F4xx_StdPeriph_Driver\src\stm32f4xx_can.c 0x00000000   Number         0  stm32f4xx_can.o ABSOLUTE
    Libraries\STM32F4xx_StdPeriph_Driver\src\stm32f4xx_cec.c 0x00000000   Number         0  stm32f4xx_cec.o ABSOLUTE
    Libraries\STM32F4xx_StdPeriph_Driver\src\stm32f4xx_crc.c 0x00000000   Number         0  stm32f4xx_crc.o ABSOLUTE
    Libraries\STM32F4xx_StdPeriph_Driver\src\stm32f4xx_cryp.c 0x00000000   Number         0  stm32f4xx_cryp.o ABSOLUTE
    Libraries\STM32F4xx_StdPeriph_Driver\src\stm32f4xx_cryp_aes.c 0x00000000   Number         0  stm32f4xx_cryp_aes.o ABSOLUTE
    Libraries\STM32F4xx_StdPeriph_Driver\src\stm32f4xx_cryp_des.c 0x00000000   Number         0  stm32f4xx_cryp_des.o ABSOLUTE
    Libraries\STM32F4xx_StdPeriph_Driver\src\stm32f4xx_cryp_tdes.c 0x00000000   Number         0  stm32f4xx_cryp_tdes.o ABSOLUTE
    Libraries\STM32F4xx_StdPeriph_Driver\src\stm32f4xx_dac.c 0x00000000   Number         0  stm32f4xx_dac.o ABSOLUTE
    Libraries\STM32F4xx_StdPeriph_Driver\src\stm32f4xx_dbgmcu.c 0x00000000   Number         0  stm32f4xx_dbgmcu.o ABSOLUTE
    Libraries\STM32F4xx_StdPeriph_Driver\src\stm32f4xx_dcmi.c 0x00000000   Number         0  stm32f4xx_dcmi.o ABSOLUTE
    Libraries\STM32F4xx_StdPeriph_Driver\src\stm32f4xx_dma.c 0x00000000   Number         0  stm32f4xx_dma.o ABSOLUTE
    Libraries\STM32F4xx_StdPeriph_Driver\src\stm32f4xx_dma2d.c 0x00000000   Number         0  stm32f4xx_dma2d.o ABSOLUTE
    Libraries\STM32F4xx_StdPeriph_Driver\src\stm32f4xx_dsi.c 0x00000000   Number         0  stm32f4xx_dsi.o ABSOLUTE
    Libraries\STM32F4xx_StdPeriph_Driver\src\stm32f4xx_exti.c 0x00000000   Number         0  stm32f4xx_exti.o ABSOLUTE
    Libraries\STM32F4xx_StdPeriph_Driver\src\stm32f4xx_flash.c 0x00000000   Number         0  stm32f4xx_flash.o ABSOLUTE
    Libraries\STM32F4xx_StdPeriph_Driver\src\stm32f4xx_flash_ramfunc.c 0x00000000   Number         0  stm32f4xx_flash_ramfunc.o ABSOLUTE
    Libraries\STM32F4xx_StdPeriph_Driver\src\stm32f4xx_fmpi2c.c 0x00000000   Number         0  stm32f4xx_fmpi2c.o ABSOLUTE
    Libraries\STM32F4xx_StdPeriph_Driver\src\stm32f4xx_fsmc.c 0x00000000   Number         0  stm32f4xx_fsmc.o ABSOLUTE
    Libraries\STM32F4xx_StdPeriph_Driver\src\stm32f4xx_gpio.c 0x00000000   Number         0  stm32f4xx_gpio.o ABSOLUTE
    Libraries\STM32F4xx_StdPeriph_Driver\src\stm32f4xx_hash.c 0x00000000   Number         0  stm32f4xx_hash.o ABSOLUTE
    Libraries\STM32F4xx_StdPeriph_Driver\src\stm32f4xx_hash_md5.c 0x00000000   Number         0  stm32f4xx_hash_md5.o ABSOLUTE
    Libraries\STM32F4xx_StdPeriph_Driver\src\stm32f4xx_hash_sha1.c 0x00000000   Number         0  stm32f4xx_hash_sha1.o ABSOLUTE
    Libraries\STM32F4xx_StdPeriph_Driver\src\stm32f4xx_i2c.c 0x00000000   Number         0  stm32f4xx_i2c.o ABSOLUTE
    Libraries\STM32F4xx_StdPeriph_Driver\src\stm32f4xx_iwdg.c 0x00000000   Number         0  stm32f4xx_iwdg.o ABSOLUTE
    Libraries\STM32F4xx_StdPeriph_Driver\src\stm32f4xx_lptim.c 0x00000000   Number         0  stm32f4xx_lptim.o ABSOLUTE
    Libraries\STM32F4xx_StdPeriph_Driver\src\stm32f4xx_ltdc.c 0x00000000   Number         0  stm32f4xx_ltdc.o ABSOLUTE
    Libraries\STM32F4xx_StdPeriph_Driver\src\stm32f4xx_pwr.c 0x00000000   Number         0  stm32f4xx_pwr.o ABSOLUTE
    Libraries\STM32F4xx_StdPeriph_Driver\src\stm32f4xx_qspi.c 0x00000000   Number         0  stm32f4xx_qspi.o ABSOLUTE
    Libraries\STM32F4xx_StdPeriph_Driver\src\stm32f4xx_rcc.c 0x00000000   Number         0  stm32f4xx_rcc.o ABSOLUTE
    Libraries\STM32F4xx_StdPeriph_Driver\src\stm32f4xx_rng.c 0x00000000   Number         0  stm32f4xx_rng.o ABSOLUTE
    Libraries\STM32F4xx_StdPeriph_Driver\src\stm32f4xx_rtc.c 0x00000000   Number         0  stm32f4xx_rtc.o ABSOLUTE
    Libraries\STM32F4xx_StdPeriph_Driver\src\stm32f4xx_sai.c 0x00000000   Number         0  stm32f4xx_sai.o ABSOLUTE
    Libraries\STM32F4xx_StdPeriph_Driver\src\stm32f4xx_sdio.c 0x00000000   Number         0  stm32f4xx_sdio.o ABSOLUTE
    Libraries\STM32F4xx_StdPeriph_Driver\src\stm32f4xx_spdifrx.c 0x00000000   Number         0  stm32f4xx_spdifrx.o ABSOLUTE
    Libraries\STM32F4xx_StdPeriph_Driver\src\stm32f4xx_spi.c 0x00000000   Number         0  stm32f4xx_spi.o ABSOLUTE
    Libraries\STM32F4xx_StdPeriph_Driver\src\stm32f4xx_syscfg.c 0x00000000   Number         0  stm32f4xx_syscfg.o ABSOLUTE
    Libraries\STM32F4xx_StdPeriph_Driver\src\stm32f4xx_tim.c 0x00000000   Number         0  stm32f4xx_tim.o ABSOLUTE
    Libraries\STM32F4xx_StdPeriph_Driver\src\stm32f4xx_usart.c 0x00000000   Number         0  stm32f4xx_usart.o ABSOLUTE
    Libraries\STM32F4xx_StdPeriph_Driver\src\stm32f4xx_wwdg.c 0x00000000   Number         0  stm32f4xx_wwdg.o ABSOLUTE
    Libraries\STM32F4xx_StdPeriph_Driver\stm32f4xx_it.c 0x00000000   Number         0  stm32f4xx_it.o ABSOLUTE
    Libraries\\CMSIS\\Device\\ST\\STM32F4xx\\Source\\Templates\\system_stm32f4xx.c 0x00000000   Number         0  system_stm32f4xx.o ABSOLUTE
    Libraries\\STM32F4xx_StdPeriph_Driver\\src\\misc.c 0x00000000   Number         0  misc.o ABSOLUTE
    Libraries\\STM32F4xx_StdPeriph_Driver\\src\\stm32f4xx_adc.c 0x00000000   Number         0  stm32f4xx_adc.o ABSOLUTE
    Libraries\\STM32F4xx_StdPeriph_Driver\\src\\stm32f4xx_can.c 0x00000000   Number         0  stm32f4xx_can.o ABSOLUTE
    Libraries\\STM32F4xx_StdPeriph_Driver\\src\\stm32f4xx_cec.c 0x00000000   Number         0  stm32f4xx_cec.o ABSOLUTE
    Libraries\\STM32F4xx_StdPeriph_Driver\\src\\stm32f4xx_crc.c 0x00000000   Number         0  stm32f4xx_crc.o ABSOLUTE
    Libraries\\STM32F4xx_StdPeriph_Driver\\src\\stm32f4xx_cryp.c 0x00000000   Number         0  stm32f4xx_cryp.o ABSOLUTE
    Libraries\\STM32F4xx_StdPeriph_Driver\\src\\stm32f4xx_cryp_aes.c 0x00000000   Number         0  stm32f4xx_cryp_aes.o ABSOLUTE
    Libraries\\STM32F4xx_StdPeriph_Driver\\src\\stm32f4xx_cryp_des.c 0x00000000   Number         0  stm32f4xx_cryp_des.o ABSOLUTE
    Libraries\\STM32F4xx_StdPeriph_Driver\\src\\stm32f4xx_cryp_tdes.c 0x00000000   Number         0  stm32f4xx_cryp_tdes.o ABSOLUTE
    Libraries\\STM32F4xx_StdPeriph_Driver\\src\\stm32f4xx_dac.c 0x00000000   Number         0  stm32f4xx_dac.o ABSOLUTE
    Libraries\\STM32F4xx_StdPeriph_Driver\\src\\stm32f4xx_dbgmcu.c 0x00000000   Number         0  stm32f4xx_dbgmcu.o ABSOLUTE
    Libraries\\STM32F4xx_StdPeriph_Driver\\src\\stm32f4xx_dcmi.c 0x00000000   Number         0  stm32f4xx_dcmi.o ABSOLUTE
    Libraries\\STM32F4xx_StdPeriph_Driver\\src\\stm32f4xx_dma.c 0x00000000   Number         0  stm32f4xx_dma.o ABSOLUTE
    Libraries\\STM32F4xx_StdPeriph_Driver\\src\\stm32f4xx_dma2d.c 0x00000000   Number         0  stm32f4xx_dma2d.o ABSOLUTE
    Libraries\\STM32F4xx_StdPeriph_Driver\\src\\stm32f4xx_dsi.c 0x00000000   Number         0  stm32f4xx_dsi.o ABSOLUTE
    Libraries\\STM32F4xx_StdPeriph_Driver\\src\\stm32f4xx_exti.c 0x00000000   Number         0  stm32f4xx_exti.o ABSOLUTE
    Libraries\\STM32F4xx_StdPeriph_Driver\\src\\stm32f4xx_flash.c 0x00000000   Number         0  stm32f4xx_flash.o ABSOLUTE
    Libraries\\STM32F4xx_StdPeriph_Driver\\src\\stm32f4xx_flash_ramfunc.c 0x00000000   Number         0  stm32f4xx_flash_ramfunc.o ABSOLUTE
    Libraries\\STM32F4xx_StdPeriph_Driver\\src\\stm32f4xx_fmpi2c.c 0x00000000   Number         0  stm32f4xx_fmpi2c.o ABSOLUTE
    Libraries\\STM32F4xx_StdPeriph_Driver\\src\\stm32f4xx_fsmc.c 0x00000000   Number         0  stm32f4xx_fsmc.o ABSOLUTE
    Libraries\\STM32F4xx_StdPeriph_Driver\\src\\stm32f4xx_gpio.c 0x00000000   Number         0  stm32f4xx_gpio.o ABSOLUTE
    Libraries\\STM32F4xx_StdPeriph_Driver\\src\\stm32f4xx_hash.c 0x00000000   Number         0  stm32f4xx_hash.o ABSOLUTE
    Libraries\\STM32F4xx_StdPeriph_Driver\\src\\stm32f4xx_hash_md5.c 0x00000000   Number         0  stm32f4xx_hash_md5.o ABSOLUTE
    Libraries\\STM32F4xx_StdPeriph_Driver\\src\\stm32f4xx_hash_sha1.c 0x00000000   Number         0  stm32f4xx_hash_sha1.o ABSOLUTE
    Libraries\\STM32F4xx_StdPeriph_Driver\\src\\stm32f4xx_i2c.c 0x00000000   Number         0  stm32f4xx_i2c.o ABSOLUTE
    Libraries\\STM32F4xx_StdPeriph_Driver\\src\\stm32f4xx_iwdg.c 0x00000000   Number         0  stm32f4xx_iwdg.o ABSOLUTE
    Libraries\\STM32F4xx_StdPeriph_Driver\\src\\stm32f4xx_lptim.c 0x00000000   Number         0  stm32f4xx_lptim.o ABSOLUTE
    Libraries\\STM32F4xx_StdPeriph_Driver\\src\\stm32f4xx_ltdc.c 0x00000000   Number         0  stm32f4xx_ltdc.o ABSOLUTE
    Libraries\\STM32F4xx_StdPeriph_Driver\\src\\stm32f4xx_pwr.c 0x00000000   Number         0  stm32f4xx_pwr.o ABSOLUTE
    Libraries\\STM32F4xx_StdPeriph_Driver\\src\\stm32f4xx_qspi.c 0x00000000   Number         0  stm32f4xx_qspi.o ABSOLUTE
    Libraries\\STM32F4xx_StdPeriph_Driver\\src\\stm32f4xx_rcc.c 0x00000000   Number         0  stm32f4xx_rcc.o ABSOLUTE
    Libraries\\STM32F4xx_StdPeriph_Driver\\src\\stm32f4xx_rng.c 0x00000000   Number         0  stm32f4xx_rng.o ABSOLUTE
    Libraries\\STM32F4xx_StdPeriph_Driver\\src\\stm32f4xx_rtc.c 0x00000000   Number         0  stm32f4xx_rtc.o ABSOLUTE
    Libraries\\STM32F4xx_StdPeriph_Driver\\src\\stm32f4xx_sai.c 0x00000000   Number         0  stm32f4xx_sai.o ABSOLUTE
    Libraries\\STM32F4xx_StdPeriph_Driver\\src\\stm32f4xx_sdio.c 0x00000000   Number         0  stm32f4xx_sdio.o ABSOLUTE
    Libraries\\STM32F4xx_StdPeriph_Driver\\src\\stm32f4xx_spdifrx.c 0x00000000   Number         0  stm32f4xx_spdifrx.o ABSOLUTE
    Libraries\\STM32F4xx_StdPeriph_Driver\\src\\stm32f4xx_spi.c 0x00000000   Number         0  stm32f4xx_spi.o ABSOLUTE
    Libraries\\STM32F4xx_StdPeriph_Driver\\src\\stm32f4xx_syscfg.c 0x00000000   Number         0  stm32f4xx_syscfg.o ABSOLUTE
    Libraries\\STM32F4xx_StdPeriph_Driver\\src\\stm32f4xx_tim.c 0x00000000   Number         0  stm32f4xx_tim.o ABSOLUTE
    Libraries\\STM32F4xx_StdPeriph_Driver\\src\\stm32f4xx_usart.c 0x00000000   Number         0  stm32f4xx_usart.o ABSOLUTE
    Libraries\\STM32F4xx_StdPeriph_Driver\\src\\stm32f4xx_wwdg.c 0x00000000   Number         0  stm32f4xx_wwdg.o ABSOLUTE
    Libraries\\STM32F4xx_StdPeriph_Driver\\stm32f4xx_it.c 0x00000000   Number         0  stm32f4xx_it.o ABSOLUTE
    cdrcmple.s                               0x00000000   Number         0  cdrcmple.o ABSOLUTE
    dc.s                                     0x00000000   Number         0  dc.o ABSOLUTE
    handlers.s                               0x00000000   Number         0  handlers.o ABSOLUTE
    init.s                                   0x00000000   Number         0  init.o ABSOLUTE
    src\\approx_math.c                       0x00000000   Number         0  approx_math.o ABSOLUTE
    src\\buzzer.c                            0x00000000   Number         0  buzzer.o ABSOLUTE
    src\\buzzer_song.c                       0x00000000   Number         0  buzzer_song.o ABSOLUTE
    src\\can_motor.c                         0x00000000   Number         0  can_motor.o ABSOLUTE
    src\\can_protocol.c                      0x00000000   Number         0  can_protocol.o ABSOLUTE
    src\\encoder.c                           0x00000000   Number         0  encoder.o ABSOLUTE
    src\\gyro.c                              0x00000000   Number         0  gyro.o ABSOLUTE
    src\\infrared_sensor.c                   0x00000000   Number         0  infrared_sensor.o ABSOLUTE
    src\\led.c                               0x00000000   Number         0  led.o ABSOLUTE
    src\\line_sensor.c                       0x00000000   Number         0  line_sensor.o ABSOLUTE
    src\\main.c                              0x00000000   Number         0  main.o ABSOLUTE
    src\\sensor_bar.c                        0x00000000   Number         0  sensor_bar.o ABSOLUTE
    src\\servo.c                             0x00000000   Number         0  servo.o ABSOLUTE
    src\\tft_display.c                       0x00000000   Number         0  tft_display.o ABSOLUTE
    src\\ticks.c                             0x00000000   Number         0  ticks.o ABSOLUTE
    src\\usart.c                             0x00000000   Number         0  usart.o ABSOLUTE
    src\approx_math.c                        0x00000000   Number         0  approx_math.o ABSOLUTE
    src\buzzer.c                             0x00000000   Number         0  buzzer.o ABSOLUTE
    src\buzzer_song.c                        0x00000000   Number         0  buzzer_song.o ABSOLUTE
    src\can_motor.c                          0x00000000   Number         0  can_motor.o ABSOLUTE
    src\can_protocol.c                       0x00000000   Number         0  can_protocol.o ABSOLUTE
    src\encoder.c                            0x00000000   Number         0  encoder.o ABSOLUTE
    src\gyro.c                               0x00000000   Number         0  gyro.o ABSOLUTE
    src\infrared_sensor.c                    0x00000000   Number         0  infrared_sensor.o ABSOLUTE
    src\led.c                                0x00000000   Number         0  led.o ABSOLUTE
    src\line_sensor.c                        0x00000000   Number         0  line_sensor.o ABSOLUTE
    src\main.c                               0x00000000   Number         0  main.o ABSOLUTE
    src\sensor_bar.c                         0x00000000   Number         0  sensor_bar.o ABSOLUTE
    src\servo.c                              0x00000000   Number         0  servo.o ABSOLUTE
    src\tft_display.c                        0x00000000   Number         0  tft_display.o ABSOLUTE
    src\ticks.c                              0x00000000   Number         0  ticks.o ABSOLUTE
    src\usart.c                              0x00000000   Number         0  usart.o ABSOLUTE
    RESET                                    0x08000000   Section      392  startup_stm32f40_41xxx.o(RESET)
    .ARM.Collect$$$$00000000                 0x08000188   Section        0  entry.o(.ARM.Collect$$$$00000000)
    .ARM.Collect$$$$00000001                 0x08000188   Section        4  entry2.o(.ARM.Collect$$$$00000001)
    .ARM.Collect$$$$00000004                 0x0800018c   Section        4  entry5.o(.ARM.Collect$$$$00000004)
    .ARM.Collect$$$$00000008                 0x08000190   Section        0  entry7b.o(.ARM.Collect$$$$00000008)
    .ARM.Collect$$$$0000000A                 0x08000190   Section        0  entry8b.o(.ARM.Collect$$$$0000000A)
    .ARM.Collect$$$$0000000B                 0x08000190   Section        8  entry9a.o(.ARM.Collect$$$$0000000B)
    .ARM.Collect$$$$0000000D                 0x08000198   Section        0  entry10a.o(.ARM.Collect$$$$0000000D)
    .ARM.Collect$$$$0000000F                 0x08000198   Section        0  entry11a.o(.ARM.Collect$$$$0000000F)
    .ARM.Collect$$$$00002712                 0x08000198   Section        4  entry2.o(.ARM.Collect$$$$00002712)
    __lit__00000000                          0x08000198   Data           4  entry2.o(.ARM.Collect$$$$00002712)
    .emb_text                                0x0800019c   Section       14  ticks.o(.emb_text)
    $v0                                      0x0800019c   Number         0  ticks.o(.emb_text)
    .text                                    0x080001ac   Section       36  startup_stm32f40_41xxx.o(.text)
    $v0                                      0x080001ac   Number         0  startup_stm32f40_41xxx.o(.text)
    .text                                    0x080001d0   Section        0  memcpya.o(.text)
    .text                                    0x080001f4   Section        0  uidiv.o(.text)
    .text                                    0x08000220   Section        0  uldiv.o(.text)
    .text                                    0x08000282   Section        0  iusefp.o(.text)
    .text                                    0x08000282   Section        0  dadd.o(.text)
    .text                                    0x080003d0   Section        0  dmul.o(.text)
    .text                                    0x080004b4   Section        0  ddiv.o(.text)
    .text                                    0x08000592   Section        0  dfixul.o(.text)
    .text                                    0x080005c4   Section       48  cdrcmple.o(.text)
    .text                                    0x080005f4   Section       36  init.o(.text)
    .text                                    0x08000618   Section        0  llshl.o(.text)
    .text                                    0x08000636   Section        0  llushr.o(.text)
    .text                                    0x08000656   Section        0  llsshr.o(.text)
    .text                                    0x0800067a   Section        0  depilogue.o(.text)
    .text                                    0x08000734   Section        0  __dczerorl2.o(.text)
    i.BusFault_Handler                       0x0800078a   Section        0  stm32f4xx_it.o(i.BusFault_Handler)
    i.CAN1_RX0_IRQHandler                    0x0800078c   Section        0  can_protocol.o(i.CAN1_RX0_IRQHandler)
    i.CAN1_TX_IRQHandler                     0x0800081c   Section        0  can_protocol.o(i.CAN1_TX_IRQHandler)
    i.CAN_ClearITPendingBit                  0x08000844   Section        0  stm32f4xx_can.o(i.CAN_ClearITPendingBit)
    i.CAN_GetITStatus                        0x080008bc   Section        0  stm32f4xx_can.o(i.CAN_GetITStatus)
    i.CAN_Receive                            0x08000964   Section        0  stm32f4xx_can.o(i.CAN_Receive)
    i.CAN_Transmit                           0x080009f4   Section        0  stm32f4xx_can.o(i.CAN_Transmit)
    i.CheckITStatus                          0x08000a98   Section        0  stm32f4xx_can.o(i.CheckITStatus)
    CheckITStatus                            0x08000a99   Thumb Code    12  stm32f4xx_can.o(i.CheckITStatus)
    i.DebugMon_Handler                       0x08000aa4   Section        0  stm32f4xx_it.o(i.DebugMon_Handler)
    i.GPIO_Init                              0x08000aa6   Section        0  stm32f4xx_gpio.o(i.GPIO_Init)
    i.GPIO_PinAFConfig                       0x08000b48   Section        0  stm32f4xx_gpio.o(i.GPIO_PinAFConfig)
    i.GPIO_ResetBits                         0x08000b68   Section        0  stm32f4xx_gpio.o(i.GPIO_ResetBits)
    i.GPIO_SetBits                           0x08000b6c   Section        0  stm32f4xx_gpio.o(i.GPIO_SetBits)
    i.HardFault_Handler                      0x08000b70   Section        0  stm32f4xx_it.o(i.HardFault_Handler)
    i.LED_OFF_ALL                            0x08000b74   Section        0  led.o(i.LED_OFF_ALL)
    i.MemManage_Handler                      0x08000b80   Section        0  stm32f4xx_it.o(i.MemManage_Handler)
    i.NMI_Handler                            0x08000b82   Section        0  stm32f4xx_it.o(i.NMI_Handler)
    i.NVIC_Init                              0x08000b84   Section        0  misc.o(i.NVIC_Init)
    i.PendSV_Handler                         0x08000be8   Section        0  stm32f4xx_it.o(i.PendSV_Handler)
    i.RCC_AHB1PeriphClockCmd                 0x08000bec   Section        0  stm32f4xx_rcc.o(i.RCC_AHB1PeriphClockCmd)
    i.RCC_APB1PeriphClockCmd                 0x08000c04   Section        0  stm32f4xx_rcc.o(i.RCC_APB1PeriphClockCmd)
    i.RCC_APB1PeriphClockLPModeCmd           0x08000c1c   Section        0  stm32f4xx_rcc.o(i.RCC_APB1PeriphClockLPModeCmd)
    i.RCC_APB2PeriphClockCmd                 0x08000c34   Section        0  stm32f4xx_rcc.o(i.RCC_APB2PeriphClockCmd)
    i.RCC_GetClocksFreq                      0x08000c4c   Section        0  stm32f4xx_rcc.o(i.RCC_GetClocksFreq)
    i.SPI_CalculateCRC                       0x08000cdc   Section        0  stm32f4xx_spi.o(i.SPI_CalculateCRC)
    i.SPI_Cmd                                0x08000cf0   Section        0  stm32f4xx_spi.o(i.SPI_Cmd)
    i.SPI_I2S_GetFlagStatus                  0x08000d04   Section        0  stm32f4xx_spi.o(i.SPI_I2S_GetFlagStatus)
    i.SPI_I2S_ReceiveData                    0x08000d12   Section        0  stm32f4xx_spi.o(i.SPI_I2S_ReceiveData)
    i.SPI_I2S_SendData                       0x08000d16   Section        0  stm32f4xx_spi.o(i.SPI_I2S_SendData)
    i.SPI_Init                               0x08000d1a   Section        0  stm32f4xx_spi.o(i.SPI_Init)
    i.SPI_SSOutputCmd                        0x08000d52   Section        0  stm32f4xx_spi.o(i.SPI_SSOutputCmd)
    i.SVC_Handler                            0x08000d66   Section        0  stm32f4xx_it.o(i.SVC_Handler)
    i.SetSysClock                            0x08000d68   Section        0  system_stm32f4xx.o(i.SetSysClock)
    SetSysClock                              0x08000d69   Thumb Code   168  system_stm32f4xx.o(i.SetSysClock)
    i.SysTick_Handler                        0x08000e24   Section        0  stm32f4xx_it.o(i.SysTick_Handler)
    i.SystemCoreClockUpdate                  0x08000e28   Section        0  system_stm32f4xx.o(i.SystemCoreClockUpdate)
    i.SystemInit                             0x08000ea0   Section        0  system_stm32f4xx.o(i.SystemInit)
    i.TIM2_IRQHandler                        0x08000efc   Section        0  ticks.o(i.TIM2_IRQHandler)
    i.TIM_ARRPreloadConfig                   0x08000f38   Section        0  stm32f4xx_tim.o(i.TIM_ARRPreloadConfig)
    i.TIM_ClearFlag                          0x08000f4c   Section        0  stm32f4xx_tim.o(i.TIM_ClearFlag)
    i.TIM_ClearITPendingBit                  0x08000f52   Section        0  stm32f4xx_tim.o(i.TIM_ClearITPendingBit)
    i.TIM_Cmd                                0x08000f58   Section        0  stm32f4xx_tim.o(i.TIM_Cmd)
    i.TIM_CtrlPWMOutputs                     0x08000f6c   Section        0  stm32f4xx_tim.o(i.TIM_CtrlPWMOutputs)
    i.TIM_GetITStatus                        0x08000f82   Section        0  stm32f4xx_tim.o(i.TIM_GetITStatus)
    i.TIM_ITConfig                           0x08000f9a   Section        0  stm32f4xx_tim.o(i.TIM_ITConfig)
    i.TIM_OC1Init                            0x08000fac   Section        0  stm32f4xx_tim.o(i.TIM_OC1Init)
    i.TIM_OC1PreloadConfig                   0x0800100c   Section        0  stm32f4xx_tim.o(i.TIM_OC1PreloadConfig)
    i.TIM_OC2Init                            0x08001018   Section        0  stm32f4xx_tim.o(i.TIM_OC2Init)
    i.TIM_OC2PreloadConfig                   0x08001098   Section        0  stm32f4xx_tim.o(i.TIM_OC2PreloadConfig)
    i.TIM_OC3Init                            0x080010ac   Section        0  stm32f4xx_tim.o(i.TIM_OC3Init)
    i.TIM_OC3PreloadConfig                   0x08001128   Section        0  stm32f4xx_tim.o(i.TIM_OC3PreloadConfig)
    i.TIM_OC4Init                            0x08001134   Section        0  stm32f4xx_tim.o(i.TIM_OC4Init)
    i.TIM_OC4PreloadConfig                   0x08001194   Section        0  stm32f4xx_tim.o(i.TIM_OC4PreloadConfig)
    i.TIM_SetCompare1                        0x080011a8   Section        0  stm32f4xx_tim.o(i.TIM_SetCompare1)
    i.TIM_SetCompare2                        0x080011ac   Section        0  stm32f4xx_tim.o(i.TIM_SetCompare2)
    i.TIM_SetCompare3                        0x080011b0   Section        0  stm32f4xx_tim.o(i.TIM_SetCompare3)
    i.TIM_SetCompare4                        0x080011b4   Section        0  stm32f4xx_tim.o(i.TIM_SetCompare4)
    i.TIM_TimeBaseInit                       0x080011b8   Section        0  stm32f4xx_tim.o(i.TIM_TimeBaseInit)
    i.USART1_IRQHandler                      0x08001234   Section        0  usart.o(i.USART1_IRQHandler)
    i.USART3_IRQHandler                      0x08001270   Section        0  gyro.o(i.USART3_IRQHandler)
    i.USART_ClearITPendingBit                0x080013e4   Section        0  stm32f4xx_usart.o(i.USART_ClearITPendingBit)
    i.USART_GetITStatus                      0x080013f0   Section        0  stm32f4xx_usart.o(i.USART_GetITStatus)
    i.USART_ReceiveData                      0x0800142e   Section        0  stm32f4xx_usart.o(i.USART_ReceiveData)
    i.UsageFault_Handler                     0x08001436   Section        0  stm32f4xx_it.o(i.UsageFault_Handler)
    i.__0vsprintf                            0x08001438   Section        0  printfa.o(i.__0vsprintf)
    i.__scatterload_copy                     0x0800145c   Section       14  handlers.o(i.__scatterload_copy)
    i.__scatterload_null                     0x0800146a   Section        2  handlers.o(i.__scatterload_null)
    i.__scatterload_zeroinit                 0x0800146c   Section       14  handlers.o(i.__scatterload_zeroinit)
    i._delay_ms                              0x0800147c   Section        0  ticks.o(i._delay_ms)
    i._fp_digits                             0x080014e0   Section        0  printfa.o(i._fp_digits)
    _fp_digits                               0x080014e1   Thumb Code   334  printfa.o(i._fp_digits)
    i._printf_core                           0x08001644   Section        0  printfa.o(i._printf_core)
    _printf_core                             0x08001645   Thumb Code  1744  printfa.o(i._printf_core)
    i._printf_post_padding                   0x08001d20   Section        0  printfa.o(i._printf_post_padding)
    _printf_post_padding                     0x08001d21   Thumb Code    36  printfa.o(i._printf_post_padding)
    i._printf_pre_padding                    0x08001d44   Section        0  printfa.o(i._printf_pre_padding)
    _printf_pre_padding                      0x08001d45   Thumb Code    46  printfa.o(i._printf_pre_padding)
    i._sputc                                 0x08001d72   Section        0  printfa.o(i._sputc)
    _sputc                                   0x08001d73   Thumb Code    10  printfa.o(i._sputc)
    i.buzzer_init                            0x08001d7c   Section        0  buzzer.o(i.buzzer_init)
    i.buzzer_off                             0x08001e74   Section        0  buzzer.o(i.buzzer_off)
    i.can_empty_mailbox                      0x08001e80   Section        0  can_protocol.o(i.can_empty_mailbox)
    i.can_tx_dequeue                         0x08001ea0   Section        0  can_protocol.o(i.can_tx_dequeue)
    i.can_tx_queue_empty                     0x08001f34   Section        0  can_protocol.o(i.can_tx_queue_empty)
    i.get_seconds                            0x08001f4c   Section        0  ticks.o(i.get_seconds)
    i.get_ticks                              0x08001f58   Section        0  ticks.o(i.get_ticks)
    i.int_cos                                0x08001f64   Section        0  approx_math.o(i.int_cos)
    i.int_sin                                0x08001f6c   Section        0  approx_math.o(i.int_sin)
    i.led_init                               0x08001fe8   Section        0  led.o(i.led_init)
    i.main                                   0x08002020   Section        0  main.o(i.main)
    i.servo_control                          0x0800212c   Section        0  servo.o(i.servo_control)
    i.servo_init                             0x0800214c   Section        0  servo.o(i.servo_init)
    i.simple_delay1_ms                       0x0800224c   Section        0  ticks.o(i.simple_delay1_ms)
    i.tft_char_is_changed                    0x08002260   Section        0  tft_display.o(i.tft_char_is_changed)
    i.tft_clear                              0x080022d0   Section        0  tft_display.o(i.tft_clear)
    i.tft_clear_line                         0x080022e4   Section        0  tft_display.o(i.tft_clear_line)
    i.tft_config                             0x0800232c   Section        0  tft_display.o(i.tft_config)
    i.tft_fill_color                         0x08002530   Section        0  tft_display.o(i.tft_fill_color)
    i.tft_init                               0x08002598   Section        0  tft_display.o(i.tft_init)
    i.tft_prints                             0x0800263c   Section        0  tft_display.o(i.tft_prints)
    i.tft_reset                              0x08002710   Section        0  tft_display.o(i.tft_reset)
    i.tft_set_char_pos                       0x0800273c   Section        0  tft_display.o(i.tft_set_char_pos)
    i.tft_spi_init                           0x08002790   Section        0  tft_display.o(i.tft_spi_init)
    i.tft_update                             0x080028b0   Section        0  tft_display.o(i.tft_update)
    i.tft_write_command                      0x08002cf0   Section        0  tft_display.o(i.tft_write_command)
    i.tft_write_data                         0x08002d4c   Section        0  tft_display.o(i.tft_write_data)
    i.ticks_init                             0x08002da8   Section        0  ticks.o(i.ticks_init)
    .data                                    0x20000000   Section       16  stm32f4xx_rcc.o(.data)
    APBAHBPrescTable                         0x20000000   Data          16  stm32f4xx_rcc.o(.data)
    .data                                    0x20000010   Section       20  system_stm32f4xx.o(.data)
    .data                                    0x20000024   Section      364  approx_math.o(.data)
    .data                                    0x20000190   Section       36  buzzer.o(.data)
    buzzer_on_flag                           0x20000190   Data           1  buzzer.o(.data)
    buzzer_count                             0x20000191   Data           1  buzzer.o(.data)
    buzzer_volume                            0x20000192   Data           1  buzzer.o(.data)
    buzzer_song_flag                         0x20000193   Data           1  buzzer.o(.data)
    buzzer_song_note_break_flag              0x20000194   Data           1  buzzer.o(.data)
    buzzer_period                            0x20000196   Data           2  buzzer.o(.data)
    buzzer_time_ms                           0x20000198   Data           2  buzzer.o(.data)
    buzzer_note_period                       0x2000019a   Data           2  buzzer.o(.data)
    buzzer_current_song_note_id              0x2000019c   Data           2  buzzer.o(.data)
    buzzer_song_note_length                  0x2000019e   Data           2  buzzer.o(.data)
    buzzer_song_note_length_left             0x200001a0   Data           2  buzzer.o(.data)
    buzzer_song_note_break                   0x200001a2   Data           2  buzzer.o(.data)
    buzzer_current_song                      0x200001a4   Data           4  buzzer.o(.data)
    .data                                    0x200001b4   Section       20  can_protocol.o(.data)
    can_rx_count                             0x200001b8   Data           4  can_protocol.o(.data)
    .data                                    0x200001c8   Section       36  gyro.o(.data)
    rx_state                                 0x200001c8   Data           1  gyro.o(.data)
    rx_command                               0x200001c9   Data           1  gyro.o(.data)
    buf_rec                                  0x200001ca   Data           1  gyro.o(.data)
    rx_command_arr                           0x200001d4   Data           2  gyro.o(.data)
    buf_len                                  0x200001d6   Data           2  gyro.o(.data)
    gyro_pos                                 0x200001e0   Data           6  gyro.o(.data)
    gyro_pos_raw                             0x200001e6   Data           6  gyro.o(.data)
    .data                                    0x200001ec   Section       96  servo.o(.data)
    servo_pwm                                0x200001ec   Data          96  servo.o(.data)
    .data                                    0x2000024c   Section        6  ticks.o(.data)
    .data                                    0x20000254   Section       36  usart.o(.data)
    .data                                    0x20000278   Section     4106  tft_display.o(.data)
    ascii_8x16                               0x20000282   Data        4096  tft_display.o(.data)
    .bss                                     0x20001284   Section       26  buzzer.o(.bss)
    NOTE0_PERIOD                             0x20001284   Data          26  buzzer.o(.bss)
    .bss                                     0x2000129e   Section       24  buzzer.o(.bss)
    BUZZER_QUEUE_ARRAY                       0x2000129e   Data          24  buzzer.o(.bss)
    .bss                                     0x200012b8   Section    32000  can_protocol.o(.bss)
    .bss                                     0x20008fb8   Section      128  can_protocol.o(.bss)
    can_recent_rx                            0x20008fb8   Data          16  can_protocol.o(.bss)
    .bss                                     0x20009038   Section       10  gyro.o(.bss)
    buf_data                                 0x20009038   Data          10  gyro.o(.bss)
    .bss                                     0x20009042   Section     2200  tft_display.o(.bss)
    STACK                                    0x200098e0   Section     1024  startup_stm32f40_41xxx.o(STACK)

    Global Symbols

    Symbol Name                              Value     Ov Type        Size  Object(Section)

    BuildAttributes$$THM_ISAv4$E$P$D$K$B$S$7EM$VFPi3$EXTD16$VFPS$VFMA$PE$A:L22UL41UL21$X:L11$S22US41US21$IEEE1$IW$USESV6$~STKCKD$USESV7$~SHL$OSPACE$ROPI$EBA8$MICROLIB$REQ8$PRES8$EABIv2 0x00000000   Number         0  anon$$obj.o ABSOLUTE
    __ARM_use_no_argv                        0x00000000   Number         0  main.o ABSOLUTE
    __cpp_initialize__aeabi_                  - Undefined Weak Reference
    __cxa_finalize                            - Undefined Weak Reference
    _clock_init                               - Undefined Weak Reference
    _microlib_exit                            - Undefined Weak Reference
    __Vectors_Size                           0x00000188   Number         0  startup_stm32f40_41xxx.o ABSOLUTE
    __Vectors                                0x08000000   Data           4  startup_stm32f40_41xxx.o(RESET)
    __Vectors_End                            0x08000188   Data           0  startup_stm32f40_41xxx.o(RESET)
    __main                                   0x08000189   Thumb Code     0  entry.o(.ARM.Collect$$$$00000000)
    _main_stk                                0x08000189   Thumb Code     0  entry2.o(.ARM.Collect$$$$00000001)
    _main_scatterload                        0x0800018d   Thumb Code     0  entry5.o(.ARM.Collect$$$$00000004)
    __main_after_scatterload                 0x08000191   Thumb Code     0  entry5.o(.ARM.Collect$$$$00000004)
    _main_clock                              0x08000191   Thumb Code     0  entry7b.o(.ARM.Collect$$$$00000008)
    _main_cpp_init                           0x08000191   Thumb Code     0  entry8b.o(.ARM.Collect$$$$0000000A)
    _main_init                               0x08000191   Thumb Code     0  entry9a.o(.ARM.Collect$$$$0000000B)
    __rt_final_cpp                           0x08000199   Thumb Code     0  entry10a.o(.ARM.Collect$$$$0000000D)
    __rt_final_exit                          0x08000199   Thumb Code     0  entry11a.o(.ARM.Collect$$$$0000000F)
    simple_delay10_us                        0x0800019d   Thumb Code    14  ticks.o(.emb_text)
    Reset_Handler                            0x080001ad   Thumb Code     8  startup_stm32f40_41xxx.o(.text)
    ADC_IRQHandler                           0x080001c7   Thumb Code     0  startup_stm32f40_41xxx.o(.text)
    CAN1_RX1_IRQHandler                      0x080001c7   Thumb Code     0  startup_stm32f40_41xxx.o(.text)
    CAN1_SCE_IRQHandler                      0x080001c7   Thumb Code     0  startup_stm32f40_41xxx.o(.text)
    CAN2_RX0_IRQHandler                      0x080001c7   Thumb Code     0  startup_stm32f40_41xxx.o(.text)
    CAN2_RX1_IRQHandler                      0x080001c7   Thumb Code     0  startup_stm32f40_41xxx.o(.text)
    CAN2_SCE_IRQHandler                      0x080001c7   Thumb Code     0  startup_stm32f40_41xxx.o(.text)
    CAN2_TX_IRQHandler                       0x080001c7   Thumb Code     0  startup_stm32f40_41xxx.o(.text)
    CRYP_IRQHandler                          0x080001c7   Thumb Code     0  startup_stm32f40_41xxx.o(.text)
    DCMI_IRQHandler                          0x080001c7   Thumb Code     0  startup_stm32f40_41xxx.o(.text)
    DMA1_Stream0_IRQHandler                  0x080001c7   Thumb Code     0  startup_stm32f40_41xxx.o(.text)
    DMA1_Stream1_IRQHandler                  0x080001c7   Thumb Code     0  startup_stm32f40_41xxx.o(.text)
    DMA1_Stream2_IRQHandler                  0x080001c7   Thumb Code     0  startup_stm32f40_41xxx.o(.text)
    DMA1_Stream3_IRQHandler                  0x080001c7   Thumb Code     0  startup_stm32f40_41xxx.o(.text)
    DMA1_Stream4_IRQHandler                  0x080001c7   Thumb Code     0  startup_stm32f40_41xxx.o(.text)
    DMA1_Stream5_IRQHandler                  0x080001c7   Thumb Code     0  startup_stm32f40_41xxx.o(.text)
    DMA1_Stream6_IRQHandler                  0x080001c7   Thumb Code     0  startup_stm32f40_41xxx.o(.text)
    DMA1_Stream7_IRQHandler                  0x080001c7   Thumb Code     0  startup_stm32f40_41xxx.o(.text)
    DMA2_Stream0_IRQHandler                  0x080001c7   Thumb Code     0  startup_stm32f40_41xxx.o(.text)
    DMA2_Stream1_IRQHandler                  0x080001c7   Thumb Code     0  startup_stm32f40_41xxx.o(.text)
    DMA2_Stream2_IRQHandler                  0x080001c7   Thumb Code     0  startup_stm32f40_41xxx.o(.text)
    DMA2_Stream3_IRQHandler                  0x080001c7   Thumb Code     0  startup_stm32f40_41xxx.o(.text)
    DMA2_Stream4_IRQHandler                  0x080001c7   Thumb Code     0  startup_stm32f40_41xxx.o(.text)
    DMA2_Stream5_IRQHandler                  0x080001c7   Thumb Code     0  startup_stm32f40_41xxx.o(.text)
    DMA2_Stream6_IRQHandler                  0x080001c7   Thumb Code     0  startup_stm32f40_41xxx.o(.text)
    DMA2_Stream7_IRQHandler                  0x080001c7   Thumb Code     0  startup_stm32f40_41xxx.o(.text)
    ETH_IRQHandler                           0x080001c7   Thumb Code     0  startup_stm32f40_41xxx.o(.text)
    ETH_WKUP_IRQHandler                      0x080001c7   Thumb Code     0  startup_stm32f40_41xxx.o(.text)
    EXTI0_IRQHandler                         0x080001c7   Thumb Code     0  startup_stm32f40_41xxx.o(.text)
    EXTI15_10_IRQHandler                     0x080001c7   Thumb Code     0  startup_stm32f40_41xxx.o(.text)
    EXTI1_IRQHandler                         0x080001c7   Thumb Code     0  startup_stm32f40_41xxx.o(.text)
    EXTI2_IRQHandler                         0x080001c7   Thumb Code     0  startup_stm32f40_41xxx.o(.text)
    EXTI3_IRQHandler                         0x080001c7   Thumb Code     0  startup_stm32f40_41xxx.o(.text)
    EXTI4_IRQHandler                         0x080001c7   Thumb Code     0  startup_stm32f40_41xxx.o(.text)
    EXTI9_5_IRQHandler                       0x080001c7   Thumb Code     0  startup_stm32f40_41xxx.o(.text)
    FLASH_IRQHandler                         0x080001c7   Thumb Code     0  startup_stm32f40_41xxx.o(.text)
    FPU_IRQHandler                           0x080001c7   Thumb Code     0  startup_stm32f40_41xxx.o(.text)
    FSMC_IRQHandler                          0x080001c7   Thumb Code     0  startup_stm32f40_41xxx.o(.text)
    HASH_RNG_IRQHandler                      0x080001c7   Thumb Code     0  startup_stm32f40_41xxx.o(.text)
    I2C1_ER_IRQHandler                       0x080001c7   Thumb Code     0  startup_stm32f40_41xxx.o(.text)
    I2C1_EV_IRQHandler                       0x080001c7   Thumb Code     0  startup_stm32f40_41xxx.o(.text)
    I2C2_ER_IRQHandler                       0x080001c7   Thumb Code     0  startup_stm32f40_41xxx.o(.text)
    I2C2_EV_IRQHandler                       0x080001c7   Thumb Code     0  startup_stm32f40_41xxx.o(.text)
    I2C3_ER_IRQHandler                       0x080001c7   Thumb Code     0  startup_stm32f40_41xxx.o(.text)
    I2C3_EV_IRQHandler                       0x080001c7   Thumb Code     0  startup_stm32f40_41xxx.o(.text)
    OTG_FS_IRQHandler                        0x080001c7   Thumb Code     0  startup_stm32f40_41xxx.o(.text)
    OTG_FS_WKUP_IRQHandler                   0x080001c7   Thumb Code     0  startup_stm32f40_41xxx.o(.text)
    OTG_HS_EP1_IN_IRQHandler                 0x080001c7   Thumb Code     0  startup_stm32f40_41xxx.o(.text)
    OTG_HS_EP1_OUT_IRQHandler                0x080001c7   Thumb Code     0  startup_stm32f40_41xxx.o(.text)
    OTG_HS_IRQHandler                        0x080001c7   Thumb Code     0  startup_stm32f40_41xxx.o(.text)
    OTG_HS_WKUP_IRQHandler                   0x080001c7   Thumb Code     0  startup_stm32f40_41xxx.o(.text)
    PVD_IRQHandler                           0x080001c7   Thumb Code     0  startup_stm32f40_41xxx.o(.text)
    RCC_IRQHandler                           0x080001c7   Thumb Code     0  startup_stm32f40_41xxx.o(.text)
    RTC_Alarm_IRQHandler                     0x080001c7   Thumb Code     0  startup_stm32f40_41xxx.o(.text)
    RTC_WKUP_IRQHandler                      0x080001c7   Thumb Code     0  startup_stm32f40_41xxx.o(.text)
    SDIO_IRQHandler                          0x080001c7   Thumb Code     0  startup_stm32f40_41xxx.o(.text)
    SPI1_IRQHandler                          0x080001c7   Thumb Code     0  startup_stm32f40_41xxx.o(.text)
    SPI2_IRQHandler                          0x080001c7   Thumb Code     0  startup_stm32f40_41xxx.o(.text)
    SPI3_IRQHandler                          0x080001c7   Thumb Code     0  startup_stm32f40_41xxx.o(.text)
    TAMP_STAMP_IRQHandler                    0x080001c7   Thumb Code     0  startup_stm32f40_41xxx.o(.text)
    TIM1_BRK_TIM9_IRQHandler                 0x080001c7   Thumb Code     0  startup_stm32f40_41xxx.o(.text)
    TIM1_CC_IRQHandler                       0x080001c7   Thumb Code     0  startup_stm32f40_41xxx.o(.text)
    TIM1_TRG_COM_TIM11_IRQHandler            0x080001c7   Thumb Code     0  startup_stm32f40_41xxx.o(.text)
    TIM1_UP_TIM10_IRQHandler                 0x080001c7   Thumb Code     0  startup_stm32f40_41xxx.o(.text)
    TIM3_IRQHandler                          0x080001c7   Thumb Code     0  startup_stm32f40_41xxx.o(.text)
    TIM4_IRQHandler                          0x080001c7   Thumb Code     0  startup_stm32f40_41xxx.o(.text)
    TIM5_IRQHandler                          0x080001c7   Thumb Code     0  startup_stm32f40_41xxx.o(.text)
    TIM6_DAC_IRQHandler                      0x080001c7   Thumb Code     0  startup_stm32f40_41xxx.o(.text)
    TIM7_IRQHandler                          0x080001c7   Thumb Code     0  startup_stm32f40_41xxx.o(.text)
    TIM8_BRK_TIM12_IRQHandler                0x080001c7   Thumb Code     0  startup_stm32f40_41xxx.o(.text)
    TIM8_CC_IRQHandler                       0x080001c7   Thumb Code     0  startup_stm32f40_41xxx.o(.text)
    TIM8_TRG_COM_TIM14_IRQHandler            0x080001c7   Thumb Code     0  startup_stm32f40_41xxx.o(.text)
    TIM8_UP_TIM13_IRQHandler                 0x080001c7   Thumb Code     0  startup_stm32f40_41xxx.o(.text)
    UART4_IRQHandler                         0x080001c7   Thumb Code     0  startup_stm32f40_41xxx.o(.text)
    UART5_IRQHandler                         0x080001c7   Thumb Code     0  startup_stm32f40_41xxx.o(.text)
    USART2_IRQHandler                        0x080001c7   Thumb Code     0  startup_stm32f40_41xxx.o(.text)
    USART6_IRQHandler                        0x080001c7   Thumb Code     0  startup_stm32f40_41xxx.o(.text)
    WWDG_IRQHandler                          0x080001c7   Thumb Code     0  startup_stm32f40_41xxx.o(.text)
    __aeabi_memcpy                           0x080001d1   Thumb Code    36  memcpya.o(.text)
    __aeabi_memcpy4                          0x080001d1   Thumb Code     0  memcpya.o(.text)
    __aeabi_memcpy8                          0x080001d1   Thumb Code     0  memcpya.o(.text)
    __aeabi_uidiv                            0x080001f5   Thumb Code     0  uidiv.o(.text)
    __aeabi_uidivmod                         0x080001f5   Thumb Code    44  uidiv.o(.text)
    __aeabi_uldivmod                         0x08000221   Thumb Code    98  uldiv.o(.text)
    __I$use$fp                               0x08000283   Thumb Code     0  iusefp.o(.text)
    __aeabi_dadd                             0x08000283   Thumb Code   322  dadd.o(.text)
    __aeabi_dsub                             0x080003c5   Thumb Code     6  dadd.o(.text)
    __aeabi_drsub                            0x080003cb   Thumb Code     6  dadd.o(.text)
    __aeabi_dmul                             0x080003d1   Thumb Code   228  dmul.o(.text)
    __aeabi_ddiv                             0x080004b5   Thumb Code   222  ddiv.o(.text)
    __aeabi_d2ulz                            0x08000593   Thumb Code    48  dfixul.o(.text)
    __aeabi_cdrcmple                         0x080005c5   Thumb Code    48  cdrcmple.o(.text)
    __scatterload                            0x080005f5   Thumb Code    28  init.o(.text)
    __scatterload_rt2                        0x080005f5   Thumb Code     0  init.o(.text)
    __aeabi_llsl                             0x08000619   Thumb Code    30  llshl.o(.text)
    _ll_shift_l                              0x08000619   Thumb Code     0  llshl.o(.text)
    __aeabi_llsr                             0x08000637   Thumb Code    32  llushr.o(.text)
    _ll_ushift_r                             0x08000637   Thumb Code     0  llushr.o(.text)
    __aeabi_lasr                             0x08000657   Thumb Code    36  llsshr.o(.text)
    _ll_sshift_r                             0x08000657   Thumb Code     0  llsshr.o(.text)
    _double_round                            0x0800067b   Thumb Code    30  depilogue.o(.text)
    _double_epilogue                         0x08000699   Thumb Code   156  depilogue.o(.text)
    __decompress                             0x08000735   Thumb Code     0  __dczerorl2.o(.text)
    __decompress1                            0x08000735   Thumb Code    86  __dczerorl2.o(.text)
    BusFault_Handler                         0x0800078b   Thumb Code     2  stm32f4xx_it.o(i.BusFault_Handler)
    CAN1_RX0_IRQHandler                      0x0800078d   Thumb Code   130  can_protocol.o(i.CAN1_RX0_IRQHandler)
    CAN1_TX_IRQHandler                       0x0800081d   Thumb Code    34  can_protocol.o(i.CAN1_TX_IRQHandler)
    CAN_ClearITPendingBit                    0x08000845   Thumb Code   116  stm32f4xx_can.o(i.CAN_ClearITPendingBit)
    CAN_GetITStatus                          0x080008bd   Thumb Code   162  stm32f4xx_can.o(i.CAN_GetITStatus)
    CAN_Receive                              0x08000965   Thumb Code   144  stm32f4xx_can.o(i.CAN_Receive)
    CAN_Transmit                             0x080009f5   Thumb Code   164  stm32f4xx_can.o(i.CAN_Transmit)
    DebugMon_Handler                         0x08000aa5   Thumb Code     2  stm32f4xx_it.o(i.DebugMon_Handler)
    GPIO_Init                                0x08000aa7   Thumb Code   162  stm32f4xx_gpio.o(i.GPIO_Init)
    GPIO_PinAFConfig                         0x08000b49   Thumb Code    32  stm32f4xx_gpio.o(i.GPIO_PinAFConfig)
    GPIO_ResetBits                           0x08000b69   Thumb Code     4  stm32f4xx_gpio.o(i.GPIO_ResetBits)
    GPIO_SetBits                             0x08000b6d   Thumb Code     4  stm32f4xx_gpio.o(i.GPIO_SetBits)
    HardFault_Handler                        0x08000b71   Thumb Code     2  stm32f4xx_it.o(i.HardFault_Handler)
    LED_OFF_ALL                              0x08000b75   Thumb Code     8  led.o(i.LED_OFF_ALL)
    MemManage_Handler                        0x08000b81   Thumb Code     2  stm32f4xx_it.o(i.MemManage_Handler)
    NMI_Handler                              0x08000b83   Thumb Code     2  stm32f4xx_it.o(i.NMI_Handler)
    NVIC_Init                                0x08000b85   Thumb Code    96  misc.o(i.NVIC_Init)
    PendSV_Handler                           0x08000be9   Thumb Code     2  stm32f4xx_it.o(i.PendSV_Handler)
    RCC_AHB1PeriphClockCmd                   0x08000bed   Thumb Code    18  stm32f4xx_rcc.o(i.RCC_AHB1PeriphClockCmd)
    RCC_APB1PeriphClockCmd                   0x08000c05   Thumb Code    18  stm32f4xx_rcc.o(i.RCC_APB1PeriphClockCmd)
    RCC_APB1PeriphClockLPModeCmd             0x08000c1d   Thumb Code    18  stm32f4xx_rcc.o(i.RCC_APB1PeriphClockLPModeCmd)
    RCC_APB2PeriphClockCmd                   0x08000c35   Thumb Code    18  stm32f4xx_rcc.o(i.RCC_APB2PeriphClockCmd)
    RCC_GetClocksFreq                        0x08000c4d   Thumb Code   132  stm32f4xx_rcc.o(i.RCC_GetClocksFreq)
    SPI_CalculateCRC                         0x08000cdd   Thumb Code    20  stm32f4xx_spi.o(i.SPI_CalculateCRC)
    SPI_Cmd                                  0x08000cf1   Thumb Code    20  stm32f4xx_spi.o(i.SPI_Cmd)
    SPI_I2S_GetFlagStatus                    0x08000d05   Thumb Code    14  stm32f4xx_spi.o(i.SPI_I2S_GetFlagStatus)
    SPI_I2S_ReceiveData                      0x08000d13   Thumb Code     4  stm32f4xx_spi.o(i.SPI_I2S_ReceiveData)
    SPI_I2S_SendData                         0x08000d17   Thumb Code     4  stm32f4xx_spi.o(i.SPI_I2S_SendData)
    SPI_Init                                 0x08000d1b   Thumb Code    56  stm32f4xx_spi.o(i.SPI_Init)
    SPI_SSOutputCmd                          0x08000d53   Thumb Code    20  stm32f4xx_spi.o(i.SPI_SSOutputCmd)
    SVC_Handler                              0x08000d67   Thumb Code     2  stm32f4xx_it.o(i.SVC_Handler)
    SysTick_Handler                          0x08000e25   Thumb Code     2  stm32f4xx_it.o(i.SysTick_Handler)
    SystemCoreClockUpdate                    0x08000e29   Thumb Code   106  system_stm32f4xx.o(i.SystemCoreClockUpdate)
    SystemInit                               0x08000ea1   Thumb Code    74  system_stm32f4xx.o(i.SystemInit)
    TIM2_IRQHandler                          0x08000efd   Thumb Code    56  ticks.o(i.TIM2_IRQHandler)
    TIM_ARRPreloadConfig                     0x08000f39   Thumb Code    20  stm32f4xx_tim.o(i.TIM_ARRPreloadConfig)
    TIM_ClearFlag                            0x08000f4d   Thumb Code     6  stm32f4xx_tim.o(i.TIM_ClearFlag)
    TIM_ClearITPendingBit                    0x08000f53   Thumb Code     6  stm32f4xx_tim.o(i.TIM_ClearITPendingBit)
    TIM_Cmd                                  0x08000f59   Thumb Code    20  stm32f4xx_tim.o(i.TIM_Cmd)
    TIM_CtrlPWMOutputs                       0x08000f6d   Thumb Code    22  stm32f4xx_tim.o(i.TIM_CtrlPWMOutputs)
    TIM_GetITStatus                          0x08000f83   Thumb Code    24  stm32f4xx_tim.o(i.TIM_GetITStatus)
    TIM_ITConfig                             0x08000f9b   Thumb Code    16  stm32f4xx_tim.o(i.TIM_ITConfig)
    TIM_OC1Init                              0x08000fad   Thumb Code    88  stm32f4xx_tim.o(i.TIM_OC1Init)
    TIM_OC1PreloadConfig                     0x0800100d   Thumb Code    12  stm32f4xx_tim.o(i.TIM_OC1PreloadConfig)
    TIM_OC2Init                              0x08001019   Thumb Code   120  stm32f4xx_tim.o(i.TIM_OC2Init)
    TIM_OC2PreloadConfig                     0x08001099   Thumb Code    20  stm32f4xx_tim.o(i.TIM_OC2PreloadConfig)
    TIM_OC3Init                              0x080010ad   Thumb Code   116  stm32f4xx_tim.o(i.TIM_OC3Init)
    TIM_OC3PreloadConfig                     0x08001129   Thumb Code    12  stm32f4xx_tim.o(i.TIM_OC3PreloadConfig)
    TIM_OC4Init                              0x08001135   Thumb Code    88  stm32f4xx_tim.o(i.TIM_OC4Init)
    TIM_OC4PreloadConfig                     0x08001195   Thumb Code    20  stm32f4xx_tim.o(i.TIM_OC4PreloadConfig)
    TIM_SetCompare1                          0x080011a9   Thumb Code     4  stm32f4xx_tim.o(i.TIM_SetCompare1)
    TIM_SetCompare2                          0x080011ad   Thumb Code     4  stm32f4xx_tim.o(i.TIM_SetCompare2)
    TIM_SetCompare3                          0x080011b1   Thumb Code     4  stm32f4xx_tim.o(i.TIM_SetCompare3)
    TIM_SetCompare4                          0x080011b5   Thumb Code     4  stm32f4xx_tim.o(i.TIM_SetCompare4)
    TIM_TimeBaseInit                         0x080011b9   Thumb Code    96  stm32f4xx_tim.o(i.TIM_TimeBaseInit)
    USART1_IRQHandler                        0x08001235   Thumb Code    52  usart.o(i.USART1_IRQHandler)
    USART3_IRQHandler                        0x08001271   Thumb Code   360  gyro.o(i.USART3_IRQHandler)
    USART_ClearITPendingBit                  0x080013e5   Thumb Code    12  stm32f4xx_usart.o(i.USART_ClearITPendingBit)
    USART_GetITStatus                        0x080013f1   Thumb Code    62  stm32f4xx_usart.o(i.USART_GetITStatus)
    USART_ReceiveData                        0x0800142f   Thumb Code     8  stm32f4xx_usart.o(i.USART_ReceiveData)
    UsageFault_Handler                       0x08001437   Thumb Code     2  stm32f4xx_it.o(i.UsageFault_Handler)
    __0vsprintf                              0x08001439   Thumb Code    30  printfa.o(i.__0vsprintf)
    __1vsprintf                              0x08001439   Thumb Code     0  printfa.o(i.__0vsprintf)
    __2vsprintf                              0x08001439   Thumb Code     0  printfa.o(i.__0vsprintf)
    __c89vsprintf                            0x08001439   Thumb Code     0  printfa.o(i.__0vsprintf)
    vsprintf                                 0x08001439   Thumb Code     0  printfa.o(i.__0vsprintf)
    __scatterload_copy                       0x0800145d   Thumb Code    14  handlers.o(i.__scatterload_copy)
    __scatterload_null                       0x0800146b   Thumb Code     2  handlers.o(i.__scatterload_null)
    __scatterload_zeroinit                   0x0800146d   Thumb Code    14  handlers.o(i.__scatterload_zeroinit)
    _delay_ms                                0x0800147d   Thumb Code    96  ticks.o(i._delay_ms)
    buzzer_init                              0x08001d7d   Thumb Code   230  buzzer.o(i.buzzer_init)
    buzzer_off                               0x08001e75   Thumb Code     8  buzzer.o(i.buzzer_off)
    can_empty_mailbox                        0x08001e81   Thumb Code    26  can_protocol.o(i.can_empty_mailbox)
    can_tx_dequeue                           0x08001ea1   Thumb Code   138  can_protocol.o(i.can_tx_dequeue)
    can_tx_queue_empty                       0x08001f35   Thumb Code    18  can_protocol.o(i.can_tx_queue_empty)
    get_seconds                              0x08001f4d   Thumb Code     6  ticks.o(i.get_seconds)
    get_ticks                                0x08001f59   Thumb Code     6  ticks.o(i.get_ticks)
    int_cos                                  0x08001f65   Thumb Code     8  approx_math.o(i.int_cos)
    int_sin                                  0x08001f6d   Thumb Code   120  approx_math.o(i.int_sin)
    led_init                                 0x08001fe9   Thumb Code    50  led.o(i.led_init)
    main                                     0x08002021   Thumb Code   184  main.o(i.main)
    servo_control                            0x0800212d   Thumb Code    22  servo.o(i.servo_control)
    servo_init                               0x0800214d   Thumb Code   248  servo.o(i.servo_init)
    simple_delay1_ms                         0x0800224d   Thumb Code    18  ticks.o(i.simple_delay1_ms)
    tft_char_is_changed                      0x08002261   Thumb Code    96  tft_display.o(i.tft_char_is_changed)
    tft_clear                                0x080022d1   Thumb Code    20  tft_display.o(i.tft_clear)
    tft_clear_line                           0x080022e5   Thumb Code    62  tft_display.o(i.tft_clear_line)
    tft_config                               0x0800232d   Thumb Code   516  tft_display.o(i.tft_config)
    tft_fill_color                           0x08002531   Thumb Code   104  tft_display.o(i.tft_fill_color)
    tft_init                                 0x08002599   Thumb Code   152  tft_display.o(i.tft_init)
    tft_prints                               0x0800263d   Thumb Code   194  tft_display.o(i.tft_prints)
    tft_reset                                0x08002711   Thumb Code    40  tft_display.o(i.tft_reset)
    tft_set_char_pos                         0x0800273d   Thumb Code    82  tft_display.o(i.tft_set_char_pos)
    tft_spi_init                             0x08002791   Thumb Code   274  tft_display.o(i.tft_spi_init)
    tft_update                               0x080028b1   Thumb Code  1088  tft_display.o(i.tft_update)
    tft_write_command                        0x08002cf1   Thumb Code    80  tft_display.o(i.tft_write_command)
    tft_write_data                           0x08002d4d   Thumb Code    80  tft_display.o(i.tft_write_data)
    ticks_init                               0x08002da9   Thumb Code    96  ticks.o(i.ticks_init)
    Region$$Table$$Base                      0x08002e0c   Number         0  anon$$obj.o(Region$$Table)
    Region$$Table$$Limit                     0x08002e2c   Number         0  anon$$obj.o(Region$$Table)
    SystemCoreClock                          0x20000010   Data           4  system_stm32f4xx.o(.data)
    AHBPrescTable                            0x20000014   Data          16  system_stm32f4xx.o(.data)
    tan_val                                  0x20000024   Data         182  approx_math.o(.data)
    cos_val                                  0x200000da   Data         182  approx_math.o(.data)
    Buzzer_Queue                             0x200001a8   Data          12  buzzer.o(.data)
    CAN_FilterCount                          0x200001b4   Data           1  can_protocol.o(.data)
    CAN_Tx_Queue                             0x200001bc   Data          12  can_protocol.o(.data)
    reply_flag                               0x200001cb   Data           1  gyro.o(.data)
    gyro_available                           0x200001cc   Data           1  gyro.o(.data)
    angle                                    0x200001ce   Data           2  gyro.o(.data)
    real_x                                   0x200001d0   Data           2  gyro.o(.data)
    real_y                                   0x200001d2   Data           2  gyro.o(.data)
    SHIFT_X                                  0x200001d8   Data           4  gyro.o(.data)
    SHIFT_Y                                  0x200001dc   Data           4  gyro.o(.data)
    using_delay                              0x2000024c   Data           1  ticks.o(.data)
    ticks                                    0x2000024e   Data           2  ticks.o(.data)
    seconds                                  0x20000250   Data           2  ticks.o(.data)
    uart1_listener_empty                     0x20000254   Data           1  usart.o(.data)
    uart3_listener_empty                     0x20000255   Data           1  usart.o(.data)
    printf_COMx                              0x20000256   Data           1  usart.o(.data)
    uart1_rx_listener                        0x20000258   Data           4  usart.o(.data)
    uart3_rx_listener                        0x2000025c   Data           4  usart.o(.data)
    COM_USART                                0x20000260   Data          12  usart.o(.data)
    COM_TX_PORT                              0x2000026c   Data          12  usart.o(.data)
    tft_orientation                          0x20000278   Data           1  tft_display.o(.data)
    tft_enabled                              0x20000279   Data           1  tft_display.o(.data)
    prints_enabled                           0x2000027a   Data           1  tft_display.o(.data)
    curr_bg_color                            0x2000027c   Data           2  tft_display.o(.data)
    curr_text_color                          0x2000027e   Data           2  tft_display.o(.data)
    curr_text_color_sp                       0x20000280   Data           2  tft_display.o(.data)
    CAN_Tx_Queue_Array                       0x200012b8   Data       32000  can_protocol.o(.bss)
    CAN_Rx_Handlers                          0x20008fc8   Data         112  can_protocol.o(.bss)
    text                                     0x20009042   Data         200  tft_display.o(.bss)
    text_prev                                0x2000910a   Data         200  tft_display.o(.bss)
    text_color                               0x200091d2   Data         400  tft_display.o(.bss)
    text_color_prev                          0x20009362   Data         400  tft_display.o(.bss)
    bg_color                                 0x200094f2   Data         400  tft_display.o(.bss)
    bg_color_prev                            0x20009682   Data         400  tft_display.o(.bss)
    text_bg_color_prev                       0x20009812   Data         200  tft_display.o(.bss)
    __initial_sp                             0x20009ce0   Data           0  startup_stm32f40_41xxx.o(STACK)



==============================================================================

Memory Map of the image

  Image Entry point : 0x08000189

  Load Region LR_IROM1 (Base: 0x08000000, Size: 0x000040b0, Max: 0x00100000, ABSOLUTE, COMPRESSED[0x000036a0])

    Execution Region ER_IROM1 (Base: 0x08000000, Size: 0x00002e2c, Max: 0x00100000, ABSOLUTE)

    Base Addr    Size         Type   Attr      Idx    E Section Name        Object

    0x08000000   0x00000188   Data   RO         5399    RESET               startup_stm32f40_41xxx.o
    0x08000188   0x00000000   Code   RO         6623  * .ARM.Collect$$$$00000000  mc_w.l(entry.o)
    0x08000188   0x00000004   Code   RO         6660    .ARM.Collect$$$$00000001  mc_w.l(entry2.o)
    0x0800018c   0x00000004   Code   RO         6663    .ARM.Collect$$$$00000004  mc_w.l(entry5.o)
    0x08000190   0x00000000   Code   RO         6665    .ARM.Collect$$$$00000008  mc_w.l(entry7b.o)
    0x08000190   0x00000000   Code   RO         6667    .ARM.Collect$$$$0000000A  mc_w.l(entry8b.o)
    0x08000190   0x00000008   Code   RO         6668    .ARM.Collect$$$$0000000B  mc_w.l(entry9a.o)
    0x08000198   0x00000000   Code   RO         6670    .ARM.Collect$$$$0000000D  mc_w.l(entry10a.o)
    0x08000198   0x00000000   Code   RO         6672    .ARM.Collect$$$$0000000F  mc_w.l(entry11a.o)
    0x08000198   0x00000004   Code   RO         6661    .ARM.Collect$$$$00002712  mc_w.l(entry2.o)
    0x0800019c   0x0000000e   Code   RO         6247    .emb_text           ticks.o
    0x080001aa   0x00000002   PAD
    0x080001ac   0x00000024   Code   RO         5400    .text               startup_stm32f40_41xxx.o
    0x080001d0   0x00000024   Code   RO         6628    .text               mc_w.l(memcpya.o)
    0x080001f4   0x0000002c   Code   RO         6677    .text               mc_w.l(uidiv.o)
    0x08000220   0x00000062   Code   RO         6679    .text               mc_w.l(uldiv.o)
    0x08000282   0x00000000   Code   RO         6681    .text               mc_w.l(iusefp.o)
    0x08000282   0x0000014e   Code   RO         6682    .text               mf_w.l(dadd.o)
    0x080003d0   0x000000e4   Code   RO         6684    .text               mf_w.l(dmul.o)
    0x080004b4   0x000000de   Code   RO         6686    .text               mf_w.l(ddiv.o)
    0x08000592   0x00000030   Code   RO         6688    .text               mf_w.l(dfixul.o)
    0x080005c2   0x00000002   PAD
    0x080005c4   0x00000030   Code   RO         6690    .text               mf_w.l(cdrcmple.o)
    0x080005f4   0x00000024   Code   RO         6692    .text               mc_w.l(init.o)
    0x08000618   0x0000001e   Code   RO         6695    .text               mc_w.l(llshl.o)
    0x08000636   0x00000020   Code   RO         6697    .text               mc_w.l(llushr.o)
    0x08000656   0x00000024   Code   RO         6699    .text               mc_w.l(llsshr.o)
    0x0800067a   0x000000ba   Code   RO         6702    .text               mf_w.l(depilogue.o)
    0x08000734   0x00000056   Code   RO         6712    .text               mc_w.l(__dczerorl2.o)
    0x0800078a   0x00000002   Code   RO         5158    i.BusFault_Handler  stm32f4xx_it.o
    0x0800078c   0x00000090   Code   RO         5762    i.CAN1_RX0_IRQHandler  can_protocol.o
    0x0800081c   0x00000028   Code   RO         5763    i.CAN1_TX_IRQHandler  can_protocol.o
    0x08000844   0x00000078   Code   RO          413    i.CAN_ClearITPendingBit  stm32f4xx_can.o
    0x080008bc   0x000000a8   Code   RO          419    i.CAN_GetITStatus   stm32f4xx_can.o
    0x08000964   0x00000090   Code   RO          427    i.CAN_Receive       stm32f4xx_can.o
    0x080009f4   0x000000a4   Code   RO          432    i.CAN_Transmit      stm32f4xx_can.o
    0x08000a98   0x0000000c   Code   RO          435    i.CheckITStatus     stm32f4xx_can.o
    0x08000aa4   0x00000002   Code   RO         5159    i.DebugMon_Handler  stm32f4xx_it.o
    0x08000aa6   0x000000a2   Code   RO         2001    i.GPIO_Init         stm32f4xx_gpio.o
    0x08000b48   0x00000020   Code   RO         2002    i.GPIO_PinAFConfig  stm32f4xx_gpio.o
    0x08000b68   0x00000004   Code   RO         2008    i.GPIO_ResetBits    stm32f4xx_gpio.o
    0x08000b6c   0x00000004   Code   RO         2009    i.GPIO_SetBits      stm32f4xx_gpio.o
    0x08000b70   0x00000002   Code   RO         5160    i.HardFault_Handler  stm32f4xx_it.o
    0x08000b72   0x00000002   PAD
    0x08000b74   0x0000000c   Code   RO         6078    i.LED_OFF_ALL       led.o
    0x08000b80   0x00000002   Code   RO         5161    i.MemManage_Handler  stm32f4xx_it.o
    0x08000b82   0x00000002   Code   RO         5162    i.NMI_Handler       stm32f4xx_it.o
    0x08000b84   0x00000064   Code   RO            4    i.NVIC_Init         misc.o
    0x08000be8   0x00000002   Code   RO         5163    i.PendSV_Handler    stm32f4xx_it.o
    0x08000bea   0x00000002   PAD
    0x08000bec   0x00000018   Code   RO         2942    i.RCC_AHB1PeriphClockCmd  stm32f4xx_rcc.o
    0x08000c04   0x00000018   Code   RO         2951    i.RCC_APB1PeriphClockCmd  stm32f4xx_rcc.o
    0x08000c1c   0x00000018   Code   RO         2952    i.RCC_APB1PeriphClockLPModeCmd  stm32f4xx_rcc.o
    0x08000c34   0x00000018   Code   RO         2954    i.RCC_APB2PeriphClockCmd  stm32f4xx_rcc.o
    0x08000c4c   0x00000090   Code   RO         2963    i.RCC_GetClocksFreq  stm32f4xx_rcc.o
    0x08000cdc   0x00000014   Code   RO         4111    i.SPI_CalculateCRC  stm32f4xx_spi.o
    0x08000cf0   0x00000014   Code   RO         4112    i.SPI_Cmd           stm32f4xx_spi.o
    0x08000d04   0x0000000e   Code   RO         4120    i.SPI_I2S_GetFlagStatus  stm32f4xx_spi.o
    0x08000d12   0x00000004   Code   RO         4123    i.SPI_I2S_ReceiveData  stm32f4xx_spi.o
    0x08000d16   0x00000004   Code   RO         4124    i.SPI_I2S_SendData  stm32f4xx_spi.o
    0x08000d1a   0x00000038   Code   RO         4125    i.SPI_Init          stm32f4xx_spi.o
    0x08000d52   0x00000014   Code   RO         4127    i.SPI_SSOutputCmd   stm32f4xx_spi.o
    0x08000d66   0x00000002   Code   RO         5164    i.SVC_Handler       stm32f4xx_it.o
    0x08000d68   0x000000bc   Code   RO         5359    i.SetSysClock       system_stm32f4xx.o
    0x08000e24   0x00000002   Code   RO         5165    i.SysTick_Handler   stm32f4xx_it.o
    0x08000e26   0x00000002   PAD
    0x08000e28   0x00000078   Code   RO         5360    i.SystemCoreClockUpdate  system_stm32f4xx.o
    0x08000ea0   0x0000005c   Code   RO         5361    i.SystemInit        system_stm32f4xx.o
    0x08000efc   0x0000003c   Code   RO         6248    i.TIM2_IRQHandler   ticks.o
    0x08000f38   0x00000014   Code   RO         4342    i.TIM_ARRPreloadConfig  stm32f4xx_tim.o
    0x08000f4c   0x00000006   Code   RO         4348    i.TIM_ClearFlag     stm32f4xx_tim.o
    0x08000f52   0x00000006   Code   RO         4349    i.TIM_ClearITPendingBit  stm32f4xx_tim.o
    0x08000f58   0x00000014   Code   RO         4354    i.TIM_Cmd           stm32f4xx_tim.o
    0x08000f6c   0x00000016   Code   RO         4356    i.TIM_CtrlPWMOutputs  stm32f4xx_tim.o
    0x08000f82   0x00000018   Code   RO         4375    i.TIM_GetITStatus   stm32f4xx_tim.o
    0x08000f9a   0x00000010   Code   RO         4379    i.TIM_ITConfig      stm32f4xx_tim.o
    0x08000faa   0x00000002   PAD
    0x08000fac   0x00000060   Code   RO         4383    i.TIM_OC1Init       stm32f4xx_tim.o
    0x0800100c   0x0000000c   Code   RO         4386    i.TIM_OC1PreloadConfig  stm32f4xx_tim.o
    0x08001018   0x00000080   Code   RO         4388    i.TIM_OC2Init       stm32f4xx_tim.o
    0x08001098   0x00000014   Code   RO         4391    i.TIM_OC2PreloadConfig  stm32f4xx_tim.o
    0x080010ac   0x0000007c   Code   RO         4393    i.TIM_OC3Init       stm32f4xx_tim.o
    0x08001128   0x0000000c   Code   RO         4396    i.TIM_OC3PreloadConfig  stm32f4xx_tim.o
    0x08001134   0x00000060   Code   RO         4398    i.TIM_OC4Init       stm32f4xx_tim.o
    0x08001194   0x00000014   Code   RO         4400    i.TIM_OC4PreloadConfig  stm32f4xx_tim.o
    0x080011a8   0x00000004   Code   RO         4416    i.TIM_SetCompare1   stm32f4xx_tim.o
    0x080011ac   0x00000004   Code   RO         4417    i.TIM_SetCompare2   stm32f4xx_tim.o
    0x080011b0   0x00000004   Code   RO         4418    i.TIM_SetCompare3   stm32f4xx_tim.o
    0x080011b4   0x00000004   Code   RO         4419    i.TIM_SetCompare4   stm32f4xx_tim.o
    0x080011b8   0x0000007c   Code   RO         4426    i.TIM_TimeBaseInit  stm32f4xx_tim.o
    0x08001234   0x0000003c   Code   RO         6320    i.USART1_IRQHandler  usart.o
    0x08001270   0x00000174   Code   RO         5920    i.USART3_IRQHandler  gyro.o
    0x080013e4   0x0000000c   Code   RO         4895    i.USART_ClearITPendingBit  stm32f4xx_usart.o
    0x080013f0   0x0000003e   Code   RO         4902    i.USART_GetITStatus  stm32f4xx_usart.o
    0x0800142e   0x00000008   Code   RO         4912    i.USART_ReceiveData  stm32f4xx_usart.o
    0x08001436   0x00000002   Code   RO         5166    i.UsageFault_Handler  stm32f4xx_it.o
    0x08001438   0x00000024   Code   RO         6639    i.__0vsprintf       mc_w.l(printfa.o)
    0x0800145c   0x0000000e   Code   RO         6706    i.__scatterload_copy  mc_w.l(handlers.o)
    0x0800146a   0x00000002   Code   RO         6707    i.__scatterload_null  mc_w.l(handlers.o)
    0x0800146c   0x0000000e   Code   RO         6708    i.__scatterload_zeroinit  mc_w.l(handlers.o)
    0x0800147a   0x00000002   PAD
    0x0800147c   0x00000064   Code   RO         6249    i._delay_ms         ticks.o
    0x080014e0   0x00000164   Code   RO         6640    i._fp_digits        mc_w.l(printfa.o)
    0x08001644   0x000006dc   Code   RO         6641    i._printf_core      mc_w.l(printfa.o)
    0x08001d20   0x00000024   Code   RO         6642    i._printf_post_padding  mc_w.l(printfa.o)
    0x08001d44   0x0000002e   Code   RO         6643    i._printf_pre_padding  mc_w.l(printfa.o)
    0x08001d72   0x0000000a   Code   RO         6645    i._sputc            mc_w.l(printfa.o)
    0x08001d7c   0x000000f8   Code   RO         5531    i.buzzer_init       buzzer.o
    0x08001e74   0x0000000c   Code   RO         5532    i.buzzer_off        buzzer.o
    0x08001e80   0x00000020   Code   RO         5764    i.can_empty_mailbox  can_protocol.o
    0x08001ea0   0x00000094   Code   RO         5770    i.can_tx_dequeue    can_protocol.o
    0x08001f34   0x00000018   Code   RO         5773    i.can_tx_queue_empty  can_protocol.o
    0x08001f4c   0x0000000c   Code   RO         6252    i.get_seconds       ticks.o
    0x08001f58   0x0000000c   Code   RO         6253    i.get_ticks         ticks.o
    0x08001f64   0x00000008   Code   RO         5438    i.int_cos           approx_math.o
    0x08001f6c   0x0000007c   Code   RO         5439    i.int_sin           approx_math.o
    0x08001fe8   0x00000038   Code   RO         6081    i.led_init          led.o
    0x08002020   0x0000010c   Code   RO         5407    i.main              main.o
    0x0800212c   0x00000020   Code   RO         6215    i.servo_control     servo.o
    0x0800214c   0x00000100   Code   RO         6216    i.servo_init        servo.o
    0x0800224c   0x00000012   Code   RO         6254    i.simple_delay1_ms  ticks.o
    0x0800225e   0x00000002   PAD
    0x08002260   0x00000070   Code   RO         6409    i.tft_char_is_changed  tft_display.o
    0x080022d0   0x00000014   Code   RO         6410    i.tft_clear         tft_display.o
    0x080022e4   0x00000048   Code   RO         6411    i.tft_clear_line    tft_display.o
    0x0800232c   0x00000204   Code   RO         6413    i.tft_config        tft_display.o
    0x08002530   0x00000068   Code   RO         6416    i.tft_fill_color    tft_display.o
    0x08002598   0x000000a4   Code   RO         6424    i.tft_init          tft_display.o
    0x0800263c   0x000000d4   Code   RO         6425    i.tft_prints        tft_display.o
    0x08002710   0x0000002c   Code   RO         6429    i.tft_reset         tft_display.o
    0x0800273c   0x00000052   Code   RO         6431    i.tft_set_char_pos  tft_display.o
    0x0800278e   0x00000002   PAD
    0x08002790   0x00000120   Code   RO         6436    i.tft_spi_init      tft_display.o
    0x080028b0   0x00000440   Code   RO         6438    i.tft_update        tft_display.o
    0x08002cf0   0x0000005c   Code   RO         6439    i.tft_write_command  tft_display.o
    0x08002d4c   0x0000005c   Code   RO         6440    i.tft_write_data    tft_display.o
    0x08002da8   0x00000064   Code   RO         6255    i.ticks_init        ticks.o
    0x08002e0c   0x00000020   Data   RO         6704    Region$$Table       anon$$obj.o


    Execution Region RW_IRAM1 (Base: 0x20000000, Size: 0x00009ce0, Max: 0x00020000, ABSOLUTE, COMPRESSED[0x00000874])

    Base Addr    Size         Type   Attr      Idx    E Section Name        Object

    0x20000000   0x00000010   Data   RW         2995    .data               stm32f4xx_rcc.o
    0x20000010   0x00000014   Data   RW         5362    .data               system_stm32f4xx.o
    0x20000024   0x0000016c   Data   RW         5443    .data               approx_math.o
    0x20000190   0x00000024   Data   RW         5543    .data               buzzer.o
    0x200001b4   0x00000014   Data   RW         5781    .data               can_protocol.o
    0x200001c8   0x00000024   Data   RW         5937    .data               gyro.o
    0x200001ec   0x00000060   Data   RW         6217    .data               servo.o
    0x2000024c   0x00000006   Data   RW         6256    .data               ticks.o
    0x20000252   0x00000002   PAD
    0x20000254   0x00000024   Data   RW         6332    .data               usart.o
    0x20000278   0x0000100a   Data   RW         6442    .data               tft_display.o
    0x20001282   0x00000002   PAD
    0x20001284   0x0000001a   Zero   RW         5540    .bss                buzzer.o
    0x2000129e   0x00000018   Zero   RW         5541    .bss                buzzer.o
    0x200012b6   0x00000002   PAD
    0x200012b8   0x00007d00   Zero   RW         5779    .bss                can_protocol.o
    0x20008fb8   0x00000080   Zero   RW         5780    .bss                can_protocol.o
    0x20009038   0x0000000a   Zero   RW         5936    .bss                gyro.o
    0x20009042   0x00000898   Zero   RW         6441    .bss                tft_display.o
    0x200098da   0x00000006   PAD
    0x200098e0   0x00000400   Zero   RW         5397    STACK               startup_stm32f40_41xxx.o


==============================================================================

Image component sizes


      Code (inc. data)   RO Data    RW Data    ZI Data      Debug   Object Name

       132          4          0        364          0       1902   approx_math.o
       260         22          0         36         50       2676   buzzer.o
       388         42          0         20      32128       4479   can_protocol.o
       372         18          0         36         10       2767   gyro.o
        68         10          0          0          0       1329   led.o
       268         84          0          0          0        683   main.o
       100          4          0          0          0     256420   misc.o
       288         18          0         96          0       2005   servo.o
        36          8        392          0       1024        988   startup_stm32f40_41xxx.o
         0          0          0          0          0       1792   stm32f4xx_adc.o
       608         10          0          0          0      13623   stm32f4xx_can.o
       202          0          0          0          0      10659   stm32f4xx_gpio.o
        18          0          0          0          0      67366   stm32f4xx_it.o
       240         36          0         16          0      21590   stm32f4xx_rcc.o
       138          0          0          0          0      13915   stm32f4xx_spi.o
       762         60          0          0          0      36009   stm32f4xx_tim.o
        82          0          0          0          0       9242   stm32f4xx_usart.o
       400         52          0         20          0       3289   system_stm32f4xx.o
      2886        114          0       4106       2200      12345   tft_display.o
       316         24          0          6          0       4564   ticks.o
        60          8          0         36          0       3647   usart.o

    ----------------------------------------------------------------------
      7638        514        424       4740      35420     471290   Object Totals
         0          0         32          0          0          0   (incl. Generated)
        14          0          0          4          8          0   (incl. Padding)

    ----------------------------------------------------------------------

      Code (inc. data)   RO Data    RW Data    ZI Data      Debug   Library Member Name

        86          0          0          0          0          0   __dczerorl2.o
         0          0          0          0          0          0   entry.o
         0          0          0          0          0          0   entry10a.o
         0          0          0          0          0          0   entry11a.o
         8          4          0          0          0          0   entry2.o
         4          0          0          0          0          0   entry5.o
         0          0          0          0          0          0   entry7b.o
         0          0          0          0          0          0   entry8b.o
         8          4          0          0          0          0   entry9a.o
        30          0          0          0          0          0   handlers.o
        36          8          0          0          0         68   init.o
         0          0          0          0          0          0   iusefp.o
        30          0          0          0          0         68   llshl.o
        36          0          0          0          0         68   llsshr.o
        32          0          0          0          0         68   llushr.o
        36          0          0          0          0         68   memcpya.o
      2240         86          0          0          0        508   printfa.o
        44          0          0          0          0         80   uidiv.o
        98          0          0          0          0         92   uldiv.o
        48          0          0          0          0         68   cdrcmple.o
       334          0          0          0          0        148   dadd.o
       222          0          0          0          0        100   ddiv.o
       186          0          0          0          0        176   depilogue.o
        48          0          0          0          0         68   dfixul.o
       228          0          0          0          0         96   dmul.o

    ----------------------------------------------------------------------
      3758        102          0          0          0       1676   Library Totals
         4          0          0          0          0          0   (incl. Padding)

    ----------------------------------------------------------------------

      Code (inc. data)   RO Data    RW Data    ZI Data      Debug   Library Name

      2688        102          0          0          0       1020   mc_w.l
      1066          0          0          0          0        656   mf_w.l

    ----------------------------------------------------------------------
      3758        102          0          0          0       1676   Library Totals

    ----------------------------------------------------------------------

==============================================================================


      Code (inc. data)   RO Data    RW Data    ZI Data      Debug   

     11396        616        424       4740      35420     463766   Grand Totals
     11396        616        424       2164      35420     463766   ELF Image Totals (compressed)
     11396        616        424       2164          0          0   ROM Totals

==============================================================================

    Total RO  Size (Code + RO Data)                11820 (  11.54kB)
    Total RW  Size (RW Data + ZI Data)             40160 (  39.22kB)
    Total ROM Size (Code + RO Data + RW Data)      13984 (  13.66kB)

==============================================================================

