<html>
<body>
<pre>
<h1>µVision Build Log</h1>
<h2>Tool Versions:</h2>
IDE-Version: £gVision V5.16a
Copyright (C) 2015 ARM Ltd and ARM Germany GmbH. All rights reserved.
License Information: Simon Tam, --, LIC=585FW-QI7SR-NNDAF-6R8U5-0JQCG-MB672
 
Tool Versions:
Toolchain:       MDK-ARM Standard  Version: 5.16a
Toolchain Path:  C:\Keil_v5\ARM\ARMCC\Bin
C Compiler:      Armcc.exe V5.06 (build 20)
Assembler:       Armasm.exe V5.06 (build 20)
Linker/Locator:  ArmLink.exe V5.06 (build 20)
Library Manager: ArmAr.exe V5.06 (build 20)
Hex Converter:   FromElf.exe V5.06 (build 20)
CPU DLL:         SARMCM3.DLL V5.16a
Dialog DLL:      DCM.DLL V1.13.2.0
Target DLL:      STLink\ST-LINKIII-KEIL_SWO.dll V2.0.17.0
Dialog DLL:      TCM.DLL V1.14.5.0
 
<h2>Project:</h2>
C:\Users\Simon\Desktop\Github\robocon-2016_F4Lib\hkust-robocon-mb\STM32F405_Library\stm32f405VG_template_STD_without_TM\Project.uvprojx
Project File Date:  04/01/2016

<h2>Output:</h2>
*** Using Compiler 'V5.06 (build 20)', folder: 'C:\Keil_v5\ARM\ARMCC\Bin'
Build target 'STM32F4_Robocon'
compiling main.c...
.\inc\ultra_sonic.h(35): warning:  #1295-D: Deprecated declaration us_init - give arg types
  void us_init();
.\inc\ultra_sonic.h(39): warning:  #1-D: last line of file ends without a newline
  #endif
src\main.c: 2 warnings, 0 errors
linking...
Program Size: Code=11044 RO-data=480 RW-data=4648 ZI-data=35416  
FromELF: creating hex file...
".\Output\project.hex" - 0 Error(s), 2 Warning(s).

<h2>Software Packages used:</h2>

Package Vendor: ARM
                http://www.keil.com/pack/ARM.CMSIS.4.3.0.pack
                ARM::CMSIS:CORE:4.1.0
                CMSIS (Cortex Microcontroller Software Interface Standard)
   * Component: CORE Version: 4.1.0

<h2>Collection of Component include folders:</h2>
  C:\Users\Simon\Desktop\Github\robocon-2016_F4Lib\hkust-robocon-mb\STM32F405_Library\stm32f405VG_template_STD_without_TM\RTE
  C:\Keil_v5\ARM\PACK\ARM\CMSIS\4.3.0\CMSIS\Include
  C:\Keil_v5\ARM\PACK\Keil\STM32F4xx_DFP\2.6.0\Drivers\CMSIS\Device\ST\STM32F4xx\Include

<h2>Collection of Component Files used:</h2>

   * Component: ARM::CMSIS:CORE:4.1.0
Build Time Elapsed:  00:00:05
</pre>
</body>
</html>
