<html>
<body>
<pre>
<h1>µVision Build Log</h1>
<h2>Tool Versions:</h2>
IDE-Version: µVision V5.16a
Copyright (C) 2015 ARM Ltd and ARM Germany GmbH. All rights reserved.
License Information: Rex Cheng, HKUST, LIC=8VRKP-M50WX-45FT5-G7R8Y-EZBPK-K7WBI
 
Tool Versions:
Toolchain:       MDK-ARM Standard  Version: 5.16a
Toolchain Path:  C:\WorkBench\IDE\Keil_v5\ARM\ARMCC\Bin
C Compiler:      Armcc.exe V5.06 (build 20)
Assembler:       Armasm.exe V5.06 (build 20)
Linker/Locator:  ArmLink.exe V5.06 (build 20)
Library Manager: ArmAr.exe V5.06 (build 20)
Hex Converter:   FromElf.exe V5.06 (build 20)
CPU DLL:         SARMCM3.DLL V5.16a
Dialog DLL:      DCM.DLL V1.13.2.0
Target DLL:      STLink\ST-LINKIII-KEIL_SWO.dll V2.0.17.0
Dialog DLL:      TCM.DLL V1.14.5.0
 
<h2>Project:</h2>
C:\WorkBench\Robo\robocon-2016\Eco\develop\Eco_MobileCastle_1.0\STM32F405VG\Project\MDK-ARM\Project.uvprojx
Project File Date:  04/29/2016

<h2>Output:</h2>
*** Using Compiler 'V5.06 (build 20)', folder: 'C:\WorkBench\IDE\Keil_v5\ARM\ARMCC\Bin'
Build target 'STM32F40_41xxx'
compiling main.c...
compiling stm32f4xx_it.c...
compiling path_downslope.c...
user\path_downslope.c(3): warning:  #550-D: variable "down_state" was set but never used
  static u8 down_state = 0;
user\path_downslope.c: 1 warning, 0 errors
compiling path_upslope_sb.c...
user\path_upslope_sb.c(3): warning:  #550-D: variable "up_slope_line_count" was set but never used
  static u8 up_slope_line_count = 0;
user\path_upslope_sb.c: 1 warning, 0 errors
compiling path_river.c...
compiling path_upslope_imu.c...
compiling sensor_bar.c...
compiling menu.c...
user\menu.c(39): warning:  #223-D: function "path_up_sb_init" declared implicitly
  						path_up_sb_init(0);
user\menu.c: 1 warning, 0 errors
compiling imu_targeting.c...
compiling button.c...
compiling ardu_imu_adp.c...
user\ardu_imu_adp.c(35): warning:  #223-D: function "path_up_sb_init" declared implicitly
  			path_up_sb_init(0);
user\ardu_imu_adp.c: 1 warning, 0 errors
linking...
Program Size: Code=22464 RO-data=648 RW-data=1824 ZI-data=35736  
FromELF: creating hex file...
"STM32F40_41xxx\STM32F40_41xxx.axf" - 0 Error(s), 4 Warning(s).

<h2>Software Packages used:</h2>

Package Vendor: ARM
                http://www.keil.com/pack/ARM.CMSIS.4.4.0.pack
                ARM::CMSIS:CORE:4.2.0
                CMSIS (Cortex Microcontroller Software Interface Standard)
   * Component: CORE Version: 4.2.0

<h2>Collection of Component include folders:</h2>
  C:\WorkBench\Robo\robocon-2016\Eco\develop\Eco_MobileCastle_1.0\STM32F405VG\Project\MDK-ARM\RTE
  C:\WorkBench\IDE\Keil_v5\ARM\PACK\ARM\CMSIS\4.4.0\CMSIS\Include
  C:\WorkBench\IDE\Keil_v5\ARM\PACK\Keil\STM32F4xx_DFP\2.6.0\Drivers\CMSIS\Device\ST\STM32F4xx\Include

<h2>Collection of Component Files used:</h2>

   * Component: ARM::CMSIS:CORE:4.2.0
Build Time Elapsed:  00:00:11
</pre>
</body>
</html>
