<html>
<body>
<pre>
<h1>µVision Build Log</h1>
<h2>Tool Versions:</h2>
IDE-Version: µVision V5.16a
Copyright (C) 2015 ARM Ltd and ARM Germany GmbH. All rights reserved.
License Information: Rex Cheng, HKUST, LIC=8VRKP-M50WX-45FT5-G7R8Y-EZBPK-K7WBI
 
Tool Versions:
Toolchain:       MDK-ARM Standard  Version: 5.16a
Toolchain Path:  C:\WorkBench\IDE\Keil_v5\ARM\ARMCC\Bin
C Compiler:      Armcc.exe V5.06 (build 20)
Assembler:       Armasm.exe V5.06 (build 20)
Linker/Locator:  ArmLink.exe V5.06 (build 20)
Library Manager: ArmAr.exe V5.06 (build 20)
Hex Converter:   FromElf.exe V5.06 (build 20)
CPU DLL:         SARMCM3.DLL V5.16a
Dialog DLL:      DCM.DLL V1.13.2.0
Target DLL:      UL2CM3.DLL V1.155.12.0
Dialog DLL:      TCM.DLL V1.14.5.0
 
<h2>Project:</h2>
C:\WorkBench\Robo\robocon-2016\hkust-robocon-mb\V4mainboard_STM32F103VG_template\Project.uvprojx
Project File Date:  01/28/2016

<h2>Output:</h2>
*** Using Compiler 'V5.06 (build 20)', folder: 'C:\WorkBench\IDE\Keil_v5\ARM\ARMCC\Bin'
Build target 'stm32_template'
compiling main.c...
.\src\ustrobo_min_system\inc\led.h(38): warning:  #1295-D: Deprecated declaration get_led_state - give arg types
  u8 get_led_state();
.\src\ustrobo_min_system\inc\lcd_main.h(89): warning:  #1295-D: Deprecated declaration tft_easy_init - give arg types
  void tft_easy_init();
.\src\ustrobo_min_system\inc\lcd_main.h(110): warning:  #1295-D: Deprecated declaration tft_mega_update - give arg types
  void tft_mega_update();
src\user\can_motor.h(52): warning:  #1-D: last line of file ends without a newline
  #endif
.\src\ustrobo_min_system\inc\gyro.h(44): warning:  #1-D: last line of file ends without a newline
  #endif		/* __GYRO_H */
src\user\main.c(34): warning:  #188-D: enumerated type mixed with another type
  	motor_set_vel(
OTOR1, int_sin(curr_angle)*curr_speed*(-1)/10000 + curr_rotate, CLOSE_LOOP);
src\user\main.c(35): warning:  #188-D: enumerated type mixed with another type
  	motor_set_vel(
OTOR2, int_sin(curr_angle+1200)*curr_speed*(-1)/10000 + curr_rotate, CLOSE_LOOP);
src\user\main.c(36): warning:  #188-D: enumerated type mixed with another type
  	motor_set_vel(
OTOR3, int_sin(curr_angle+2400)*curr_speed*(-1)/10000 + curr_rotate, CLOSE_LOOP);
src\user\main.c(88): warning:  #1-D: last line of file ends without a newline
  }
src\user\main.c: 9 warnings, 0 errors
linking...
Program Size: Code=30744 RO-data=516 RW-data=2284 ZI-data=40644  
FromELF: creating hex file...
".\output\stm32_template.axf" - 0 Error(s), 9 Warning(s).

<h2>Collection of Component include folders:</h2>
  C:\WorkBench\Robo\robocon-2016\hkust-robocon-mb\V4mainboard_STM32F103VG_template\RTE
  C:\WorkBench\IDE\Keil_v5\ARM\PACK\Keil\STM32F1xx_DFP\1.1.0\Device\Include

<h2>Collection of Component Files used:</h2>
Build Time Elapsed:  00:00:06
</pre>
</body>
</html>
