<html>
<body>
<pre>
<h1>µVision Build Log</h1>
<h2>Tool Versions:</h2>
IDE-Version: µVision V5.16a
Copyright (C) 2015 ARM Ltd and ARM Germany GmbH. All rights reserved.
License Information: Budi Ryan, HKUST, LIC=KRMKP-M1WFP-0N5AM-XE8XD-E2BWY-06LVZ
 
Tool Versions:
Toolchain:       MDK-ARM Standard  Version: 5.16a
Toolchain Path:  C:\Keil_v5\ARM\ARMCC\Bin
C Compiler:      Armcc.exe V5.06 (build 20)
Assembler:       Armasm.exe V5.06 (build 20)
Linker/Locator:  ArmLink.exe V5.06 (build 20)
Library Manager: ArmAr.exe V5.06 (build 20)
Hex Converter:   FromElf.exe V5.06 (build 20)
CPU DLL:         SARMCM3.DLL V5.16a
Dialog DLL:      DCM.DLL V1.13.2.0
Target DLL:      UL2CM3.DLL V1.155.12.0
Dialog DLL:      TCM.DLL V1.14.5.0
 
<h2>Project:</h2>
C:\Users\BudiRyan\Documents\GitHub\robocon-2016\hkust-robocon-mb\eco_gen_1_f1\Project.uvprojx
Project File Date:  03/04/2016

<h2>Output:</h2>
*** Using Compiler 'V5.06 (build 20)', folder: 'C:\Keil_v5\ARM\ARMCC\Bin'
Build target 'stm32_template'
compiling battery.c...
compiling can_protocol.c...
src\user\can_protocol.c(270): warning:  #1-D: last line of file ends without a newline
  }
src\user\can_protocol.c: 1 warning, 0 errors
compiling main.c...
.\src\ustrobo_min_system\inc\led.h(38): warning:  #1295-D: Deprecated declaration get_led_state - give arg types
  u8 get_led_state();
.\src\ustrobo_min_system\inc\lcd_main.h(76): warning:  #1295-D: Deprecated declaration tft_easy_init - give arg types
  void tft_easy_init();
src\user\can_motor.h(52): warning:  #1-D: last line of file ends without a newline
  #endif
.\src\ustrobo_min_system\inc\gyro.h(44): warning:  #1-D: last line of file ends without a newline
  #endif		/* __GYRO_H */
src\user\main.c(48): warning:  #188-D: enumerated type mixed with another type
      tft_init(3,
LACK,
HITE,
ED); //Init LCD
src\user\main.c(117): warning:  #111-D: statement is unreachable
  	return 0;
src\user\main.c(59): warning:  #177-D: variable "length_state" was declared but never referenced
      int length_state = 0;
src\user\main.c(65): warning:  #177-D: variable "factor" was declared but never referenced
      float factor = 0;
src\user\main.c(124): warning:  #1-D: last line of file ends without a newline
  }
src\user\main.c: 9 warnings, 0 errors
compiling can.c...
compiling can_motor.c...
src\user\can_motor.h(52): warning:  #1-D: last line of file ends without a newline
  #endif
src\user\can_motor.c: 1 warning, 0 errors
compiling bluetooth.c...
compiling crc.c...
compiling button.c...
.\src\ustrobo_min_system\inc\lcd_main.h(76): warning:  #1295-D: Deprecated declaration tft_easy_init - give arg types
  void tft_easy_init();
src\user\button.c(44): warning:  #177-D: variable "xbox_tmp" was declared but never referenced
    u32 xbox_tmp = 1;
src\user\button.c: 2 warnings, 0 errors
compiling line_sensor.c...
src\user\line_sensor.h(31): warning:  #1295-D: Deprecated declaration get_line_sensor_all - give arg types
  u8 get_line_sensor_all();
src\user\line_sensor.h(33): warning:  #1-D: last line of file ends without a newline
  #endif
src\user\line_sensor.c(34): warning:  #1-D: last line of file ends without a newline
  }
src\user\line_sensor.c: 3 warnings, 0 errors
compiling approx_math.c...
compiling buzzer.c...
compiling delay.c...
compiling gyro.c...
.\src\ustrobo_min_system\inc\gyro.h(44): warning:  #1-D: last line of file ends without a newline
  #endif		/* __GYRO_H */
src\ustrobo_min_system\src\gyro.c: 1 warning, 0 errors
compiling motor_pwm.c...
compiling servo.c...
src\ustrobo_min_system\src\servo.c(107): warning:  #1-D: last line of file ends without a newline
  }
src\ustrobo_min_system\src\servo.c: 1 warning, 0 errors
compiling ticks.c...
compiling uart.c...
compiling xbc_mb.c...
.\src\ustrobo_min_system\inc\lcd_main.h(76): warning:  #1295-D: Deprecated declaration tft_easy_init - give arg types
  void tft_easy_init();
.\src\ustrobo_min_system\inc\led.h(38): warning:  #1295-D: Deprecated declaration get_led_state - give arg types
  u8 get_led_state();
src\ustrobo_min_system\src\xbc_mb.c(458): warning:  #550-D: variable "pre_pressed_cnt" was set but never used
  	u8  pre_pressed_cnt = 0;
src\ustrobo_min_system\src\xbc_mb.c: 3 warnings, 0 errors
compiling led.c...
.\src\ustrobo_min_system\inc\led.h(38): warning:  #1295-D: Deprecated declaration get_led_state - give arg types
  u8 get_led_state();
src\ustrobo_min_system\src\led.c(49): warning:  #188-D: enumerated type mixed with another type
  		led_control(LED_D1, !(led_state&LED_D1));
src\ustrobo_min_system\src\led.c(52): warning:  #188-D: enumerated type mixed with another type
  		led_control(LED_D2, !(led_state&LED_D2));
src\ustrobo_min_system\src\led.c(55): warning:  #188-D: enumerated type mixed with another type
  		led_control(LED_D3, !(led_state&LED_D3));
src\ustrobo_min_system\src\led.c(57): warning:  #1-D: last line of file ends without a newline
  }
src\ustrobo_min_system\src\led.c: 5 warnings, 0 errors
compiling gpio.c...
compiling encoder.c...
compiling adc.c...
src\ustrobo_min_system\src\adc.c(72): warning:  #1-D: last line of file ends without a newline
  }
src\ustrobo_min_system\src\adc.c: 1 warning, 0 errors
compiling lcd_main.c...
.\src\ustrobo_min_system\inc\lcd_main.h(76): warning:  #1295-D: Deprecated declaration tft_easy_init - give arg types
  void tft_easy_init();
src\ustrobo_min_system\src\lcd_main.c(570): warning:  #186-D: pointless comparison of unsigned integer with zero
  	if (tft_y_index<0 || tft_y_index>(char_max_y-1)){
src\ustrobo_min_system\src\lcd_main.c: 2 warnings, 0 errors
compiling core_cm3.c...
compiling linear_ccd.c...
.\src\ustrobo_min_system\inc\lcd_main.h(76): warning:  #1295-D: Deprecated declaration tft_easy_init - give arg types
  void tft_easy_init();
src\ustrobo_min_system\src\linear_ccd.c(110): warning:  #1-D: last line of file ends without a newline
  }
src\ustrobo_min_system\src\linear_ccd.c: 2 warnings, 0 errors
compiling misc.c...
compiling stm32f10x_bkp.c...
compiling stm32f10x_adc.c...
compiling stm32f10x_can.c...
compiling stm32f10x_cec.c...
compiling stm32f10x_crc.c...
compiling stm32f10x_dbgmcu.c...
compiling stm32f10x_dac.c...
compiling stm32f10x_dma.c...
compiling stm32f10x_exti.c...
compiling stm32f10x_fsmc.c...
compiling stm32f10x_flash.c...
compiling stm32f10x_gpio.c...
compiling stm32f10x_iwdg.c...
compiling stm32f10x_i2c.c...
compiling stm32f10x_pwr.c...
compiling stm32f10x_rcc.c...
compiling stm32f10x_rtc.c...
compiling stm32f10x_sdio.c...
compiling stm32f10x_spi.c...
compiling stm32f10x_tim.c...
compiling stm32f10x_usart.c...
assembling startup_stm32f10x_xl.s...
compiling stm32f10x_wwdg.c...
compiling system_stm32f10x.c...
linking...
Program Size: Code=23600 RO-data=460 RW-data=2204 ZI-data=35420  
FromELF: creating hex file...
".\output\stm32_template.axf" - 0 Error(s), 31 Warning(s).

<h2>Collection of Component include folders:</h2>
  C:\Users\BudiRyan\Documents\GitHub\robocon-2016\hkust-robocon-mb\eco_gen_1_f1\RTE
  C:\Keil_v5\ARM\PACK\Keil\STM32F1xx_DFP\1.1.0\Device\Include

<h2>Collection of Component Files used:</h2>
Build Time Elapsed:  00:00:11
</pre>
</body>
</html>
