<html>
<body>
<pre>
<h1>µVision Build Log</h1>
<h2>Tool Versions:</h2>
IDE-Version: µVision V5.16a
Copyright (C) 2015 ARM Ltd and ARM Germany GmbH. All rights reserved.
License Information: Rex Cheng, HKUST, LIC=8VRKP-M50WX-45FT5-G7R8Y-EZBPK-K7WBI
 
Tool Versions:
Toolchain:       MDK-ARM Standard  Version: 5.16a
Toolchain Path:  C:\WorkBench\IDE\Keil_v5\ARM\ARMCC\Bin
C Compiler:      Armcc.exe V5.06 (build 20)
Assembler:       Armasm.exe V5.06 (build 20)
Linker/Locator:  ArmLink.exe V5.06 (build 20)
Library Manager: ArmAr.exe V5.06 (build 20)
Hex Converter:   FromElf.exe V5.06 (build 20)
CPU DLL:         SARMCM3.DLL V5.16a
Dialog DLL:      DCM.DLL V1.13.2.0
Target DLL:      UL2CM3.DLL V1.155.12.0
Dialog DLL:      TCM.DLL V1.14.5.0
 
<h2>Project:</h2>
C:\WorkBench\Robo\robocon-2016\hkust-robocon-mb\motor_control_test\Project.uvprojx
Project File Date:  01/06/2016

<h2>Output:</h2>
*** Using Compiler 'V5.06 (build 20)', folder: 'C:\WorkBench\IDE\Keil_v5\ARM\ARMCC\Bin'
Build target 'stm32_template'
compiling can.c...
compiling can_protocol.c...
compiling main.c...
.\src\ustrobo_min_system\inc\gyro.h(44): warning:  #1-D: last line of file ends without a newline
  #endif		/* __GYRO_H */
src\user\strike.h(7): warning:  #1-D: last line of file ends without a newline
  void map();
src\user\strike.h(7): warning:  #1295-D: Deprecated declaration map - give arg types
  void map();
src\user\main.c(17): warning:  #188-D: enumerated type mixed with another type
  	motor_set_vel(
OTOR1, sin((angle)*
I/180)*
AXVEL*(-1), CLOSE_LOOP);
src\user\main.c(18): warning:  #188-D: enumerated type mixed with another type
  	motor_set_vel(
OTOR2, sin((angle+120)*
I/180)*
AXVEL*(-1), CLOSE_LOOP);
src\user\main.c(19): warning:  #188-D: enumerated type mixed with another type
  	motor_set_vel(
OTOR3, sin((angle+240)*
I/180)*
AXVEL*(-1), CLOSE_LOOP);
src\user\main.c(23): warning:  #188-D: enumerated type mixed with another type
  	motor_set_vel(
OTOR1, 0, CLOSE_LOOP);
src\user\main.c(24): warning:  #188-D: enumerated type mixed with another type
  	motor_set_vel(
OTOR2, 0, CLOSE_LOOP);
src\user\main.c(25): warning:  #188-D: enumerated type mixed with another type
  	motor_set_vel(
OTOR3, 0, CLOSE_LOOP);
src\user\main.c: 9 warnings, 0 errors
compiling can_motor.c...
compiling crc.c...
compiling bluetooth.c...
compiling button.c...
compiling approx_math.c...
compiling strike.c...
.\src\ustrobo_min_system\inc\gyro.h(44): warning:  #1-D: last line of file ends without a newline
  #endif		/* __GYRO_H */
src\user\strike.h(7): warning:  #1-D: last line of file ends without a newline
  void map();
src\user\strike.h(7): warning:  #1295-D: Deprecated declaration map - give arg types
  void map();
src\user\strike.c(47): warning:  #1-D: last line of file ends without a newline
  }
src\user\strike.c: 4 warnings, 0 errors
compiling battery.c...
compiling buzzer.c...
compiling delay.c...
compiling lcd_red.c...
compiling motor_pwm.c...
compiling gyro.c...
.\src\ustrobo_min_system\inc\gyro.h(44): warning:  #1-D: last line of file ends without a newline
  #endif		/* __GYRO_H */
src\ustrobo_min_system\src\gyro.c: 1 warning, 0 errors
compiling servo.c...
compiling uart.c...
compiling ticks.c...
compiling xbc_mb.c...
compiling led.c...
compiling encoder.c...
compiling gpio.c...
compiling core_cm3.c...
compiling misc.c...
compiling stm32f10x_bkp.c...
compiling stm32f10x_adc.c...
compiling stm32f10x_crc.c...
compiling stm32f10x_cec.c...
compiling stm32f10x_can.c...
compiling stm32f10x_dbgmcu.c...
compiling stm32f10x_dac.c...
compiling stm32f10x_dma.c...
compiling stm32f10x_exti.c...
compiling stm32f10x_fsmc.c...
compiling stm32f10x_flash.c...
compiling stm32f10x_gpio.c...
compiling stm32f10x_iwdg.c...
compiling stm32f10x_i2c.c...
compiling stm32f10x_pwr.c...
compiling stm32f10x_rtc.c...
compiling stm32f10x_rcc.c...
compiling stm32f10x_sdio.c...
compiling stm32f10x_spi.c...
compiling stm32f10x_tim.c...
compiling stm32f10x_usart.c...
compiling stm32f10x_wwdg.c...
assembling startup_stm32f10x_xl.s...
compiling system_stm32f10x.c...
linking...
Program Size: Code=22012 RO-data=724 RW-data=2120 ZI-data=35664  
FromELF: creating hex file...
".\output\stm32_template.axf" - 0 Error(s), 14 Warning(s).

<h2>Collection of Component include folders:</h2>
  C:\WorkBench\Robo\robocon-2016\hkust-robocon-mb\motor_control_test\RTE
  C:\WorkBench\IDE\Keil_v5\ARM\PACK\Keil\STM32F1xx_DFP\1.1.0\Device\Include

<h2>Collection of Component Files used:</h2>
Build Time Elapsed:  00:00:12
</pre>
</body>
</html>
