<html>
<body>
<pre>
<h1>µVision Build Log</h1>
<h2>Tool Versions:</h2>
IDE-Version: µVision V5.16a
Copyright (C) 2015 ARM Ltd and ARM Germany GmbH. All rights reserved.
License Information: Budi Ryan, HKUST, LIC=KRMKP-M1WFP-0N5AM-XE8XD-E2BWY-06LVZ
 
Tool Versions:
Toolchain:       MDK-ARM Standard  Version: 5.16a
Toolchain Path:  C:\Keil_v5\ARM\ARMCC\Bin
C Compiler:      Armcc.exe V5.06 (build 20)
Assembler:       Armasm.exe V5.06 (build 20)
Linker/Locator:  ArmLink.exe V5.06 (build 20)
Library Manager: ArmAr.exe V5.06 (build 20)
Hex Converter:   FromElf.exe V5.06 (build 20)
CPU DLL:         SARMCM3.DLL V5.16a
Dialog DLL:      DCM.DLL V1.13.2.0
Target DLL:      STLink\ST-LINKIII-KEIL_SWO.dll V2.0.17.0
Dialog DLL:      TCM.DLL V1.14.5.0
 
<h2>Project:</h2>
C:\Users\BudiRyan\Documents\GitHub\robocon-2016\hkust-robocon-mb\eco_gen_2\bajaj\Project.uvprojx
Project File Date:  04/23/2016

<h2>Output:</h2>
*** Using Compiler 'V5.06 (build 20)', folder: 'C:\Keil_v5\ARM\ARMCC\Bin'
Build target 'STM32F4_Robocon'
compiling stm32f4xx_it.c...
.\inc\buzzer.h(85): warning:  #1-D: last line of file ends without a newline
  #endif	/* __BUZZER_H */
.\inc\ultra_sonic.h(35): warning:  #1295-D: Deprecated declaration us_init - give arg types
  void us_init();
.\inc\ultra_sonic.h(39): warning:  #1-D: last line of file ends without a newline
  #endif
.\inc\button.h(14): warning:  #1295-D: Deprecated declaration button_pressed - give arg types
  u8 button_pressed( );
.\inc\button.h(16): warning:  #1-D: last line of file ends without a newline
  #endif
.\inc\imu_math.h(11): warning:  #1-D: last line of file ends without a newline
  #endif
.\inc\ardu_imu.h(30): warning:  #1-D: last line of file ends without a newline
  #endif
Libraries\STM32F4xx_StdPeriph_Driver\stm32f4xx_it.c: 7 warnings, 0 errors
compiling main.c...
.\inc\buzzer.h(85): warning:  #1-D: last line of file ends without a newline
  #endif	/* __BUZZER_H */
.\inc\ultra_sonic.h(35): warning:  #1295-D: Deprecated declaration us_init - give arg types
  void us_init();
.\inc\ultra_sonic.h(39): warning:  #1-D: last line of file ends without a newline
  #endif
.\inc\button.h(14): warning:  #1295-D: Deprecated declaration button_pressed - give arg types
  u8 button_pressed( );
.\inc\button.h(16): warning:  #1-D: last line of file ends without a newline
  #endif
.\inc\imu_math.h(11): warning:  #1-D: last line of file ends without a newline
  #endif
.\inc\ardu_imu.h(30): warning:  #1-D: last line of file ends without a newline
  #endif
src\main.c(75): warning:  #111-D: statement is unreachable
      return 0;
src\main.c(77): warning:  #1-D: last line of file ends without a newline
  	
src\main.c: 9 warnings, 0 errors
compiling bajaj.c...
.\inc\buzzer.h(85): warning:  #1-D: last line of file ends without a newline
  #endif	/* __BUZZER_H */
.\inc\ultra_sonic.h(35): warning:  #1295-D: Deprecated declaration us_init - give arg types
  void us_init();
.\inc\ultra_sonic.h(39): warning:  #1-D: last line of file ends without a newline
  #endif
.\inc\button.h(16): warning:  #1-D: last line of file ends without a newline
  #endif
.\inc\imu_math.h(11): warning:  #1-D: last line of file ends without a newline
  #endif
.\inc\ardu_imu.h(30): warning:  #1-D: last line of file ends without a newline
  #endif
.\inc\button.h(14): warning:  #1295-D: Deprecated declaration button_pressed - give arg types
  u8 button_pressed( );
.\inc\button.h(16): warning:  #1-D: last line of file ends without a newline
  #endif
src\bajaj.c(181): warning:  #1035-D: single-precision operand implicitly converted to double-precision
      imuFactor = (float)yaw_of_imu / 180.0;
src\bajaj.c: 9 warnings, 0 errors
compiling button.c...
.\inc\buzzer.h(85): warning:  #1-D: last line of file ends without a newline
  #endif	/* __BUZZER_H */
.\inc\ultra_sonic.h(35): warning:  #1295-D: Deprecated declaration us_init - give arg types
  void us_init();
.\inc\ultra_sonic.h(39): warning:  #1-D: last line of file ends without a newline
  #endif
.\inc\button.h(16): warning:  #1-D: last line of file ends without a newline
  #endif
.\inc\imu_math.h(11): warning:  #1-D: last line of file ends without a newline
  #endif
.\inc\ardu_imu.h(30): warning:  #1-D: last line of file ends without a newline
  #endif
.\inc\button.h(14): warning:  #1295-D: Deprecated declaration button_pressed - give arg types
  u8 button_pressed( );
.\inc\button.h(16): warning:  #1-D: last line of file ends without a newline
  #endif
src\button.c(15): warning:  #1-D: last line of file ends without a newline
  }
src\button.c: 9 warnings, 0 errors
linking...
Program Size: Code=15948 RO-data=536 RW-data=4828 ZI-data=35772  
FromELF: creating hex file...
".\Output\project.hex" - 0 Error(s), 34 Warning(s).

<h2>Software Packages used:</h2>

Package Vendor: ARM
                http://www.keil.com/pack/ARM.CMSIS.4.5.0.pack
                ARM::CMSIS:CORE:4.3.0
                CMSIS (Cortex Microcontroller Software Interface Standard)
   * Component: CORE Version: 4.3.0

<h2>Collection of Component include folders:</h2>
  C:\Users\BudiRyan\Documents\GitHub\robocon-2016\hkust-robocon-mb\eco_gen_2\bajaj\RTE
  C:\Keil_v5\ARM\PACK\ARM\CMSIS\4.5.0\CMSIS\Include
  C:\Keil_v5\ARM\PACK\Keil\STM32F4xx_DFP\2.7.0\Drivers\CMSIS\Device\ST\STM32F4xx\Include

<h2>Collection of Component Files used:</h2>

   * Component: ARM::CMSIS:CORE:4.3.0
Build Time Elapsed:  00:00:03
</pre>
</body>
</html>
